Archive member included because of file (symbol)

c:/freescale/kds_3.0.0/toolchain/bin/../lib/gcc/arm-none-eabi/4.8.4/../../../../arm-none-eabi/lib/armv7e-m/fpu\libg_s.a(lib_a-exit.o)
                              c:/freescale/kds_3.0.0/toolchain/bin/../lib/gcc/arm-none-eabi/4.8.4/../../../../arm-none-eabi/lib/armv7e-m/fpu/crt0.o (exit)
c:/freescale/kds_3.0.0/toolchain/bin/../lib/gcc/arm-none-eabi/4.8.4/../../../../arm-none-eabi/lib/armv7e-m/fpu\libg_s.a(lib_a-impure.o)
                              c:/freescale/kds_3.0.0/toolchain/bin/../lib/gcc/arm-none-eabi/4.8.4/../../../../arm-none-eabi/lib/armv7e-m/fpu\libg_s.a(lib_a-exit.o) (_global_impure_ptr)
c:/freescale/kds_3.0.0/toolchain/bin/../lib/gcc/arm-none-eabi/4.8.4/../../../../arm-none-eabi/lib/armv7e-m/fpu\libg_s.a(lib_a-init.o)
                              c:/freescale/kds_3.0.0/toolchain/bin/../lib/gcc/arm-none-eabi/4.8.4/../../../../arm-none-eabi/lib/armv7e-m/fpu/crt0.o (__libc_init_array)
c:/freescale/kds_3.0.0/toolchain/bin/../lib/gcc/arm-none-eabi/4.8.4/../../../../arm-none-eabi/lib/armv7e-m/fpu\libg_s.a(lib_a-memset.o)
                              c:/freescale/kds_3.0.0/toolchain/bin/../lib/gcc/arm-none-eabi/4.8.4/../../../../arm-none-eabi/lib/armv7e-m/fpu/crt0.o (memset)
c:/freescale/kds_3.0.0/toolchain/bin/../lib/gcc/arm-none-eabi/4.8.4/../../../../arm-none-eabi/lib/armv7e-m/fpu\libnosys.a(_exit.o)
                              c:/freescale/kds_3.0.0/toolchain/bin/../lib/gcc/arm-none-eabi/4.8.4/../../../../arm-none-eabi/lib/armv7e-m/fpu\libg_s.a(lib_a-exit.o) (_exit)

Allocating common symbols
Common symbol       size              file

NvTowerMd           0x4               ./Sources/main.o
NvTowerNb           0x4               ./Sources/main.o
Packet              0x5               ./Sources/Packet.o
CallBackArgument    0x4               ./Sources/RTC.o
CallBack            0x4               ./Sources/RTC.o
SR_reg              0x1               ./Generated_Code/Cpu.o

Discarded input sections

 .text          0x00000000        0x0 c:/freescale/kds_3.0.0/toolchain/bin/../lib/gcc/arm-none-eabi/4.8.4/armv7e-m/fpu/crti.o
 .data          0x00000000        0x0 c:/freescale/kds_3.0.0/toolchain/bin/../lib/gcc/arm-none-eabi/4.8.4/armv7e-m/fpu/crti.o
 .bss           0x00000000        0x0 c:/freescale/kds_3.0.0/toolchain/bin/../lib/gcc/arm-none-eabi/4.8.4/armv7e-m/fpu/crti.o
 .data          0x00000000        0x4 c:/freescale/kds_3.0.0/toolchain/bin/../lib/gcc/arm-none-eabi/4.8.4/armv7e-m/fpu/crtbegin.o
 .data          0x00000000        0x0 c:/freescale/kds_3.0.0/toolchain/bin/../lib/gcc/arm-none-eabi/4.8.4/../../../../arm-none-eabi/lib/armv7e-m/fpu/crt0.o
 .bss           0x00000000        0x0 c:/freescale/kds_3.0.0/toolchain/bin/../lib/gcc/arm-none-eabi/4.8.4/../../../../arm-none-eabi/lib/armv7e-m/fpu/crt0.o
 .ARM.extab     0x00000000        0x0 c:/freescale/kds_3.0.0/toolchain/bin/../lib/gcc/arm-none-eabi/4.8.4/../../../../arm-none-eabi/lib/armv7e-m/fpu/crt0.o
 .group         0x00000000        0x8 ./Sources/Events.o
 .group         0x00000000        0x8 ./Sources/Events.o
 .group         0x00000000        0x8 ./Sources/Events.o
 .group         0x00000000        0x8 ./Sources/Events.o
 .group         0x00000000        0x8 ./Sources/Events.o
 .group         0x00000000        0x8 ./Sources/Events.o
 .group         0x00000000        0x8 ./Sources/Events.o
 .group         0x00000000        0x8 ./Sources/Events.o
 .group         0x00000000        0x8 ./Sources/Events.o
 .text          0x00000000        0x0 ./Sources/Events.o
 .data          0x00000000        0x0 ./Sources/Events.o
 .bss           0x00000000        0x0 ./Sources/Events.o
 .debug_info    0x00000000       0x7d ./Sources/Events.o
 .debug_abbrev  0x00000000       0x29 ./Sources/Events.o
 .debug_aranges
                0x00000000       0x18 ./Sources/Events.o
 .debug_macro   0x00000000       0x9f ./Sources/Events.o
 .debug_macro   0x00000000      0x850 ./Sources/Events.o
 .debug_macro   0x00000000       0x16 ./Sources/Events.o
 .debug_macro   0x00000000       0x44 ./Sources/Events.o
 .debug_macro   0x00000000      0x209 ./Sources/Events.o
 .debug_macro   0x00000000     0x17fa ./Sources/Events.o
 .debug_macro   0x00000000      0x14e ./Sources/Events.o
 .debug_macro   0x00000000       0x64 ./Sources/Events.o
 .debug_macro   0x00000000    0x174c1 ./Sources/Events.o
 .debug_macro   0x00000000       0x94 ./Sources/Events.o
 .debug_line    0x00000000      0x208 ./Sources/Events.o
 .debug_str     0x00000000    0x8a5cc ./Sources/Events.o
 .comment       0x00000000       0x71 ./Sources/Events.o
 .ARM.attributes
                0x00000000       0x39 ./Sources/Events.o
 .group         0x00000000        0x8 ./Sources/FIFO.o
 .group         0x00000000        0x8 ./Sources/FIFO.o
 .group         0x00000000        0x8 ./Sources/FIFO.o
 .group         0x00000000        0x8 ./Sources/FIFO.o
 .group         0x00000000        0x8 ./Sources/FIFO.o
 .group         0x00000000        0x8 ./Sources/FIFO.o
 .text          0x00000000        0x0 ./Sources/FIFO.o
 .data          0x00000000        0x0 ./Sources/FIFO.o
 .bss           0x00000000        0x0 ./Sources/FIFO.o
 .debug_macro   0x00000000      0x850 ./Sources/FIFO.o
 .debug_macro   0x00000000       0x16 ./Sources/FIFO.o
 .debug_macro   0x00000000       0x44 ./Sources/FIFO.o
 .debug_macro   0x00000000      0x209 ./Sources/FIFO.o
 .group         0x00000000        0x8 ./Sources/LEDs.o
 .group         0x00000000        0x8 ./Sources/LEDs.o
 .group         0x00000000        0x8 ./Sources/LEDs.o
 .group         0x00000000        0x8 ./Sources/LEDs.o
 .group         0x00000000        0x8 ./Sources/LEDs.o
 .group         0x00000000        0x8 ./Sources/LEDs.o
 .group         0x00000000        0x8 ./Sources/LEDs.o
 .text          0x00000000        0x0 ./Sources/LEDs.o
 .data          0x00000000        0x0 ./Sources/LEDs.o
 .bss           0x00000000        0x0 ./Sources/LEDs.o
 .text.LEDs_Off
                0x00000000       0x24 ./Sources/LEDs.o
 .text.LEDs_Toggle
                0x00000000       0x24 ./Sources/LEDs.o
 .debug_macro   0x00000000      0x850 ./Sources/LEDs.o
 .debug_macro   0x00000000       0x16 ./Sources/LEDs.o
 .debug_macro   0x00000000       0x44 ./Sources/LEDs.o
 .debug_macro   0x00000000      0x209 ./Sources/LEDs.o
 .debug_macro   0x00000000       0x22 ./Sources/LEDs.o
 .debug_macro   0x00000000    0x174c1 ./Sources/LEDs.o
 .group         0x00000000        0x8 ./Sources/Packet.o
 .group         0x00000000        0x8 ./Sources/Packet.o
 .group         0x00000000        0x8 ./Sources/Packet.o
 .group         0x00000000        0x8 ./Sources/Packet.o
 .group         0x00000000        0x8 ./Sources/Packet.o
 .group         0x00000000        0x8 ./Sources/Packet.o
 .group         0x00000000        0x8 ./Sources/Packet.o
 .text          0x00000000        0x0 ./Sources/Packet.o
 .data          0x00000000        0x0 ./Sources/Packet.o
 .bss           0x00000000        0x0 ./Sources/Packet.o
 .debug_macro   0x00000000      0x850 ./Sources/Packet.o
 .debug_macro   0x00000000       0x16 ./Sources/Packet.o
 .debug_macro   0x00000000       0x44 ./Sources/Packet.o
 .debug_macro   0x00000000      0x209 ./Sources/Packet.o
 .debug_macro   0x00000000     0x17fa ./Sources/Packet.o
 .debug_macro   0x00000000       0x22 ./Sources/Packet.o
 .group         0x00000000        0x8 ./Sources/RTC.o
 .group         0x00000000        0x8 ./Sources/RTC.o
 .group         0x00000000        0x8 ./Sources/RTC.o
 .group         0x00000000        0x8 ./Sources/RTC.o
 .group         0x00000000        0x8 ./Sources/RTC.o
 .group         0x00000000        0x8 ./Sources/RTC.o
 .group         0x00000000        0x8 ./Sources/RTC.o
 .text          0x00000000        0x0 ./Sources/RTC.o
 .data          0x00000000        0x0 ./Sources/RTC.o
 .bss           0x00000000        0x0 ./Sources/RTC.o
 .bss.Hours     0x00000000        0x1 ./Sources/RTC.o
 .bss.Minutes   0x00000000        0x1 ./Sources/RTC.o
 .bss.Seconds   0x00000000        0x1 ./Sources/RTC.o
 .text.RTC_Init
                0x00000000       0x84 ./Sources/RTC.o
 .text.RTC_Set  0x00000000       0x1c ./Sources/RTC.o
 .text.RTC_Get  0x00000000       0x18 ./Sources/RTC.o
 .debug_macro   0x00000000      0x850 ./Sources/RTC.o
 .debug_macro   0x00000000       0x16 ./Sources/RTC.o
 .debug_macro   0x00000000       0x44 ./Sources/RTC.o
 .debug_macro   0x00000000      0x209 ./Sources/RTC.o
 .debug_macro   0x00000000       0x22 ./Sources/RTC.o
 .debug_macro   0x00000000    0x174c1 ./Sources/RTC.o
 .debug_macro   0x00000000     0x1800 ./Sources/RTC.o
 .group         0x00000000        0x8 ./Sources/UART.o
 .group         0x00000000        0x8 ./Sources/UART.o
 .group         0x00000000        0x8 ./Sources/UART.o
 .group         0x00000000        0x8 ./Sources/UART.o
 .group         0x00000000        0x8 ./Sources/UART.o
 .group         0x00000000        0x8 ./Sources/UART.o
 .group         0x00000000        0x8 ./Sources/UART.o
 .group         0x00000000        0x8 ./Sources/UART.o
 .group         0x00000000        0x8 ./Sources/UART.o
 .text          0x00000000        0x0 ./Sources/UART.o
 .data          0x00000000        0x0 ./Sources/UART.o
 .bss           0x00000000        0x0 ./Sources/UART.o
 .debug_macro   0x00000000      0x850 ./Sources/UART.o
 .debug_macro   0x00000000       0x16 ./Sources/UART.o
 .debug_macro   0x00000000       0x44 ./Sources/UART.o
 .debug_macro   0x00000000      0x209 ./Sources/UART.o
 .debug_macro   0x00000000     0x1800 ./Sources/UART.o
 .debug_macro   0x00000000       0x22 ./Sources/UART.o
 .group         0x00000000        0x8 ./Sources/flash.o
 .group         0x00000000        0x8 ./Sources/flash.o
 .group         0x00000000        0x8 ./Sources/flash.o
 .group         0x00000000        0x8 ./Sources/flash.o
 .group         0x00000000        0x8 ./Sources/flash.o
 .group         0x00000000        0x8 ./Sources/flash.o
 .group         0x00000000        0x8 ./Sources/flash.o
 .group         0x00000000        0x8 ./Sources/flash.o
 .text          0x00000000        0x0 ./Sources/flash.o
 .data          0x00000000        0x0 ./Sources/flash.o
 .bss           0x00000000        0x0 ./Sources/flash.o
 .debug_macro   0x00000000      0x850 ./Sources/flash.o
 .debug_macro   0x00000000       0x16 ./Sources/flash.o
 .debug_macro   0x00000000       0x44 ./Sources/flash.o
 .debug_macro   0x00000000      0x209 ./Sources/flash.o
 .debug_macro   0x00000000       0x22 ./Sources/flash.o
 .debug_macro   0x00000000    0x174c1 ./Sources/flash.o
 .debug_macro   0x00000000     0x1800 ./Sources/flash.o
 .group         0x00000000        0x8 ./Sources/main.o
 .group         0x00000000        0x8 ./Sources/main.o
 .group         0x00000000        0x8 ./Sources/main.o
 .group         0x00000000        0x8 ./Sources/main.o
 .group         0x00000000        0x8 ./Sources/main.o
 .group         0x00000000        0x8 ./Sources/main.o
 .group         0x00000000        0x8 ./Sources/main.o
 .group         0x00000000        0x8 ./Sources/main.o
 .group         0x00000000        0x8 ./Sources/main.o
 .group         0x00000000        0x8 ./Sources/main.o
 .group         0x00000000        0x8 ./Sources/main.o
 .group         0x00000000        0x8 ./Sources/main.o
 .text          0x00000000        0x0 ./Sources/main.o
 .data          0x00000000        0x0 ./Sources/main.o
 .bss           0x00000000        0x0 ./Sources/main.o
 .rodata.BaudRate
                0x00000000        0x4 ./Sources/main.o
 .rodata.MajorTowerVersion
                0x00000000        0x1 ./Sources/main.o
 .rodata.MinorTowerVersion
                0x00000000        0x1 ./Sources/main.o
 .debug_macro   0x00000000      0x850 ./Sources/main.o
 .debug_macro   0x00000000       0x16 ./Sources/main.o
 .debug_macro   0x00000000       0x44 ./Sources/main.o
 .debug_macro   0x00000000      0x209 ./Sources/main.o
 .debug_macro   0x00000000       0x22 ./Sources/main.o
 .debug_macro   0x00000000     0x1800 ./Sources/main.o
 .debug_macro   0x00000000      0x14e ./Sources/main.o
 .debug_macro   0x00000000       0x64 ./Sources/main.o
 .debug_macro   0x00000000    0x174c1 ./Sources/main.o
 .debug_macro   0x00000000       0x94 ./Sources/main.o
 .group         0x00000000        0x8 ./Project_Settings/Startup_Code/startup.o
 .group         0x00000000        0x8 ./Project_Settings/Startup_Code/startup.o
 .group         0x00000000        0x8 ./Project_Settings/Startup_Code/startup.o
 .group         0x00000000        0x8 ./Project_Settings/Startup_Code/startup.o
 .group         0x00000000        0x8 ./Project_Settings/Startup_Code/startup.o
 .group         0x00000000        0x8 ./Project_Settings/Startup_Code/startup.o
 .group         0x00000000        0x8 ./Project_Settings/Startup_Code/startup.o
 .group         0x00000000        0x8 ./Project_Settings/Startup_Code/startup.o
 .group         0x00000000        0x8 ./Project_Settings/Startup_Code/startup.o
 .group         0x00000000        0x8 ./Project_Settings/Startup_Code/startup.o
 .group         0x00000000        0x8 ./Project_Settings/Startup_Code/startup.o
 .group         0x00000000        0x8 ./Project_Settings/Startup_Code/startup.o
 .group         0x00000000        0x8 ./Project_Settings/Startup_Code/startup.o
 .group         0x00000000        0x8 ./Project_Settings/Startup_Code/startup.o
 .group         0x00000000        0x8 ./Project_Settings/Startup_Code/startup.o
 .group         0x00000000        0x8 ./Project_Settings/Startup_Code/startup.o
 .group         0x00000000        0x8 ./Project_Settings/Startup_Code/startup.o
 .group         0x00000000        0x8 ./Project_Settings/Startup_Code/startup.o
 .group         0x00000000        0x8 ./Project_Settings/Startup_Code/startup.o
 .text          0x00000000        0x0 ./Project_Settings/Startup_Code/startup.o
 .data          0x00000000        0x0 ./Project_Settings/Startup_Code/startup.o
 .bss           0x00000000        0x0 ./Project_Settings/Startup_Code/startup.o
 .text.__init_hardware
                0x00000000        0xc ./Project_Settings/Startup_Code/startup.o
 .text.__iar_program_start
                0x00000000        0xc ./Project_Settings/Startup_Code/startup.o
 .debug_macro   0x00000000      0x850 ./Project_Settings/Startup_Code/startup.o
 .debug_macro   0x00000000       0x16 ./Project_Settings/Startup_Code/startup.o
 .debug_macro   0x00000000       0x16 ./Project_Settings/Startup_Code/startup.o
 .debug_macro   0x00000000    0x174af ./Project_Settings/Startup_Code/startup.o
 .group         0x00000000        0x8 ./Generated_Code/Cpu.o
 .group         0x00000000        0x8 ./Generated_Code/Cpu.o
 .group         0x00000000        0x8 ./Generated_Code/Cpu.o
 .group         0x00000000        0x8 ./Generated_Code/Cpu.o
 .group         0x00000000        0x8 ./Generated_Code/Cpu.o
 .group         0x00000000        0x8 ./Generated_Code/Cpu.o
 .group         0x00000000        0x8 ./Generated_Code/Cpu.o
 .group         0x00000000        0x8 ./Generated_Code/Cpu.o
 .group         0x00000000        0x8 ./Generated_Code/Cpu.o
 .text          0x00000000        0x0 ./Generated_Code/Cpu.o
 .data          0x00000000        0x0 ./Generated_Code/Cpu.o
 .bss           0x00000000        0x0 ./Generated_Code/Cpu.o
 .bss.SR_lock   0x00000000        0x1 ./Generated_Code/Cpu.o
 .debug_macro   0x00000000      0x850 ./Generated_Code/Cpu.o
 .debug_macro   0x00000000       0x16 ./Generated_Code/Cpu.o
 .debug_macro   0x00000000       0x44 ./Generated_Code/Cpu.o
 .debug_macro   0x00000000      0x209 ./Generated_Code/Cpu.o
 .debug_macro   0x00000000     0x17fa ./Generated_Code/Cpu.o
 .debug_macro   0x00000000      0x14e ./Generated_Code/Cpu.o
 .debug_macro   0x00000000       0x64 ./Generated_Code/Cpu.o
 .debug_macro   0x00000000    0x174c1 ./Generated_Code/Cpu.o
 COMMON         0x00000000        0x1 ./Generated_Code/Cpu.o
 .group         0x00000000        0x8 ./Generated_Code/PE_LDD.o
 .group         0x00000000        0x8 ./Generated_Code/PE_LDD.o
 .group         0x00000000        0x8 ./Generated_Code/PE_LDD.o
 .group         0x00000000        0x8 ./Generated_Code/PE_LDD.o
 .group         0x00000000        0x8 ./Generated_Code/PE_LDD.o
 .group         0x00000000        0x8 ./Generated_Code/PE_LDD.o
 .group         0x00000000        0x8 ./Generated_Code/PE_LDD.o
 .group         0x00000000        0x8 ./Generated_Code/PE_LDD.o
 .group         0x00000000        0x8 ./Generated_Code/PE_LDD.o
 .text          0x00000000        0x0 ./Generated_Code/PE_LDD.o
 .data          0x00000000        0x0 ./Generated_Code/PE_LDD.o
 .bss           0x00000000        0x0 ./Generated_Code/PE_LDD.o
 .rodata.PE_CpuClockConfigurations
                0x00000000       0x28 ./Generated_Code/PE_LDD.o
 .text.PE_FillMemory
                0x00000000       0x24 ./Generated_Code/PE_LDD.o
 .text.PE_PeripheralUsed
                0x00000000       0x18 ./Generated_Code/PE_LDD.o
 .text.LDD_SetClockConfiguration
                0x00000000       0x14 ./Generated_Code/PE_LDD.o
 .debug_info    0x00000000      0x215 ./Generated_Code/PE_LDD.o
 .debug_abbrev  0x00000000       0xf3 ./Generated_Code/PE_LDD.o
 .debug_aranges
                0x00000000       0x30 ./Generated_Code/PE_LDD.o
 .debug_ranges  0x00000000       0x20 ./Generated_Code/PE_LDD.o
 .debug_macro   0x00000000       0x8f ./Generated_Code/PE_LDD.o
 .debug_macro   0x00000000      0x850 ./Generated_Code/PE_LDD.o
 .debug_macro   0x00000000       0x16 ./Generated_Code/PE_LDD.o
 .debug_macro   0x00000000       0x44 ./Generated_Code/PE_LDD.o
 .debug_macro   0x00000000      0x209 ./Generated_Code/PE_LDD.o
 .debug_macro   0x00000000     0x17fa ./Generated_Code/PE_LDD.o
 .debug_macro   0x00000000      0x14e ./Generated_Code/PE_LDD.o
 .debug_macro   0x00000000       0x64 ./Generated_Code/PE_LDD.o
 .debug_macro   0x00000000    0x174c1 ./Generated_Code/PE_LDD.o
 .debug_macro   0x00000000       0x94 ./Generated_Code/PE_LDD.o
 .debug_line    0x00000000      0x228 ./Generated_Code/PE_LDD.o
 .debug_str     0x00000000    0x8a761 ./Generated_Code/PE_LDD.o
 .comment       0x00000000       0x71 ./Generated_Code/PE_LDD.o
 .ARM.attributes
                0x00000000       0x39 ./Generated_Code/PE_LDD.o
 .debug_frame   0x00000000       0x64 ./Generated_Code/PE_LDD.o
 .group         0x00000000        0x8 ./Generated_Code/Vectors.o
 .group         0x00000000        0x8 ./Generated_Code/Vectors.o
 .group         0x00000000        0x8 ./Generated_Code/Vectors.o
 .group         0x00000000        0x8 ./Generated_Code/Vectors.o
 .group         0x00000000        0x8 ./Generated_Code/Vectors.o
 .group         0x00000000        0x8 ./Generated_Code/Vectors.o
 .group         0x00000000        0x8 ./Generated_Code/Vectors.o
 .group         0x00000000        0x8 ./Generated_Code/Vectors.o
 .group         0x00000000        0x8 ./Generated_Code/Vectors.o
 .group         0x00000000        0x8 ./Generated_Code/Vectors.o
 .text          0x00000000        0x0 ./Generated_Code/Vectors.o
 .data          0x00000000        0x0 ./Generated_Code/Vectors.o
 .bss           0x00000000        0x0 ./Generated_Code/Vectors.o
 .bss.Hours     0x00000000        0x1 ./Generated_Code/Vectors.o
 .bss.Minutes   0x00000000        0x1 ./Generated_Code/Vectors.o
 .bss.Seconds   0x00000000        0x1 ./Generated_Code/Vectors.o
 .text.RTC_Init
                0x00000000       0x84 ./Generated_Code/Vectors.o
 .text.RTC_Set  0x00000000       0x1c ./Generated_Code/Vectors.o
 .text.RTC_Get  0x00000000       0x18 ./Generated_Code/Vectors.o
 .text.RTC_ISR  0x00000000       0x2c ./Generated_Code/Vectors.o
 .debug_macro   0x00000000      0x850 ./Generated_Code/Vectors.o
 .debug_macro   0x00000000       0x16 ./Generated_Code/Vectors.o
 .debug_macro   0x00000000       0x44 ./Generated_Code/Vectors.o
 .debug_macro   0x00000000      0x209 ./Generated_Code/Vectors.o
 .debug_macro   0x00000000     0x17fa ./Generated_Code/Vectors.o
 .debug_macro   0x00000000      0x14e ./Generated_Code/Vectors.o
 .debug_macro   0x00000000       0x64 ./Generated_Code/Vectors.o
 .debug_macro   0x00000000    0x174c1 ./Generated_Code/Vectors.o
 .debug_macro   0x00000000       0x94 ./Generated_Code/Vectors.o
 .debug_macro   0x00000000       0x22 ./Generated_Code/Vectors.o
 .text          0x00000000        0x0 c:/freescale/kds_3.0.0/toolchain/bin/../lib/gcc/arm-none-eabi/4.8.4/../../../../arm-none-eabi/lib/armv7e-m/fpu\libg_s.a(lib_a-exit.o)
 .data          0x00000000        0x0 c:/freescale/kds_3.0.0/toolchain/bin/../lib/gcc/arm-none-eabi/4.8.4/../../../../arm-none-eabi/lib/armv7e-m/fpu\libg_s.a(lib_a-exit.o)
 .bss           0x00000000        0x0 c:/freescale/kds_3.0.0/toolchain/bin/../lib/gcc/arm-none-eabi/4.8.4/../../../../arm-none-eabi/lib/armv7e-m/fpu\libg_s.a(lib_a-exit.o)
 .text          0x00000000        0x0 c:/freescale/kds_3.0.0/toolchain/bin/../lib/gcc/arm-none-eabi/4.8.4/../../../../arm-none-eabi/lib/armv7e-m/fpu\libg_s.a(lib_a-impure.o)
 .data          0x00000000        0x0 c:/freescale/kds_3.0.0/toolchain/bin/../lib/gcc/arm-none-eabi/4.8.4/../../../../arm-none-eabi/lib/armv7e-m/fpu\libg_s.a(lib_a-impure.o)
 .bss           0x00000000        0x0 c:/freescale/kds_3.0.0/toolchain/bin/../lib/gcc/arm-none-eabi/4.8.4/../../../../arm-none-eabi/lib/armv7e-m/fpu\libg_s.a(lib_a-impure.o)
 .data._impure_ptr
                0x00000000        0x4 c:/freescale/kds_3.0.0/toolchain/bin/../lib/gcc/arm-none-eabi/4.8.4/../../../../arm-none-eabi/lib/armv7e-m/fpu\libg_s.a(lib_a-impure.o)
 .text          0x00000000        0x0 c:/freescale/kds_3.0.0/toolchain/bin/../lib/gcc/arm-none-eabi/4.8.4/../../../../arm-none-eabi/lib/armv7e-m/fpu\libg_s.a(lib_a-init.o)
 .data          0x00000000        0x0 c:/freescale/kds_3.0.0/toolchain/bin/../lib/gcc/arm-none-eabi/4.8.4/../../../../arm-none-eabi/lib/armv7e-m/fpu\libg_s.a(lib_a-init.o)
 .bss           0x00000000        0x0 c:/freescale/kds_3.0.0/toolchain/bin/../lib/gcc/arm-none-eabi/4.8.4/../../../../arm-none-eabi/lib/armv7e-m/fpu\libg_s.a(lib_a-init.o)
 .text          0x00000000        0x0 c:/freescale/kds_3.0.0/toolchain/bin/../lib/gcc/arm-none-eabi/4.8.4/../../../../arm-none-eabi/lib/armv7e-m/fpu\libg_s.a(lib_a-memset.o)
 .data          0x00000000        0x0 c:/freescale/kds_3.0.0/toolchain/bin/../lib/gcc/arm-none-eabi/4.8.4/../../../../arm-none-eabi/lib/armv7e-m/fpu\libg_s.a(lib_a-memset.o)
 .bss           0x00000000        0x0 c:/freescale/kds_3.0.0/toolchain/bin/../lib/gcc/arm-none-eabi/4.8.4/../../../../arm-none-eabi/lib/armv7e-m/fpu\libg_s.a(lib_a-memset.o)
 .text          0x00000000        0x0 c:/freescale/kds_3.0.0/toolchain/bin/../lib/gcc/arm-none-eabi/4.8.4/../../../../arm-none-eabi/lib/armv7e-m/fpu\libnosys.a(_exit.o)
 .data          0x00000000        0x0 c:/freescale/kds_3.0.0/toolchain/bin/../lib/gcc/arm-none-eabi/4.8.4/../../../../arm-none-eabi/lib/armv7e-m/fpu\libnosys.a(_exit.o)
 .bss           0x00000000        0x0 c:/freescale/kds_3.0.0/toolchain/bin/../lib/gcc/arm-none-eabi/4.8.4/../../../../arm-none-eabi/lib/armv7e-m/fpu\libnosys.a(_exit.o)
 .text          0x00000000        0x0 c:/freescale/kds_3.0.0/toolchain/bin/../lib/gcc/arm-none-eabi/4.8.4/armv7e-m/fpu/crtend.o
 .data          0x00000000        0x0 c:/freescale/kds_3.0.0/toolchain/bin/../lib/gcc/arm-none-eabi/4.8.4/armv7e-m/fpu/crtend.o
 .bss           0x00000000        0x0 c:/freescale/kds_3.0.0/toolchain/bin/../lib/gcc/arm-none-eabi/4.8.4/armv7e-m/fpu/crtend.o
 .eh_frame      0x00000000        0x4 c:/freescale/kds_3.0.0/toolchain/bin/../lib/gcc/arm-none-eabi/4.8.4/armv7e-m/fpu/crtend.o
 .jcr           0x00000000        0x4 c:/freescale/kds_3.0.0/toolchain/bin/../lib/gcc/arm-none-eabi/4.8.4/armv7e-m/fpu/crtend.o
 .ARM.attributes
                0x00000000       0x34 c:/freescale/kds_3.0.0/toolchain/bin/../lib/gcc/arm-none-eabi/4.8.4/armv7e-m/fpu/crtend.o
 .text          0x00000000        0x0 c:/freescale/kds_3.0.0/toolchain/bin/../lib/gcc/arm-none-eabi/4.8.4/armv7e-m/fpu/crtn.o
 .data          0x00000000        0x0 c:/freescale/kds_3.0.0/toolchain/bin/../lib/gcc/arm-none-eabi/4.8.4/armv7e-m/fpu/crtn.o
 .bss           0x00000000        0x0 c:/freescale/kds_3.0.0/toolchain/bin/../lib/gcc/arm-none-eabi/4.8.4/armv7e-m/fpu/crtn.o

Memory Configuration

Name             Origin             Length             Attributes
m_interrupts     0x00000000         0x000001e8         xr
m_text           0x00000410         0x0007fbf0         xr
m_data           0x1fff0000         0x00010000         rw
m_data_20000000  0x20000000         0x00010000         rw
m_cfmprotrom     0x00000400         0x00000010         xr
*default*        0x00000000         0xffffffff

Linker script and memory map

LOAD c:/freescale/kds_3.0.0/toolchain/bin/../lib/gcc/arm-none-eabi/4.8.4/armv7e-m/fpu/crti.o
LOAD c:/freescale/kds_3.0.0/toolchain/bin/../lib/gcc/arm-none-eabi/4.8.4/armv7e-m/fpu/crtbegin.o
LOAD c:/freescale/kds_3.0.0/toolchain/bin/../lib/gcc/arm-none-eabi/4.8.4/../../../../arm-none-eabi/lib/armv7e-m/fpu/crt0.o
LOAD ./Sources/Events.o
LOAD ./Sources/FIFO.o
LOAD ./Sources/LEDs.o
LOAD ./Sources/Packet.o
LOAD ./Sources/RTC.o
LOAD ./Sources/UART.o
LOAD ./Sources/flash.o
LOAD ./Sources/main.o
LOAD ./Project_Settings/Startup_Code/startup.o
LOAD ./Generated_Code/Cpu.o
LOAD ./Generated_Code/PE_LDD.o
LOAD ./Generated_Code/Vectors.o
LOAD c:/freescale/kds_3.0.0/toolchain/bin/../lib/gcc/arm-none-eabi/4.8.4/../../../../arm-none-eabi/lib/armv7e-m/fpu\libstdc++_s.a
LOAD c:/freescale/kds_3.0.0/toolchain/bin/../lib/gcc/arm-none-eabi/4.8.4/../../../../arm-none-eabi/lib/armv7e-m/fpu\libm.a
START GROUP
LOAD c:/freescale/kds_3.0.0/toolchain/bin/../lib/gcc/arm-none-eabi/4.8.4/armv7e-m/fpu\libgcc.a
LOAD c:/freescale/kds_3.0.0/toolchain/bin/../lib/gcc/arm-none-eabi/4.8.4/../../../../arm-none-eabi/lib/armv7e-m/fpu\libg_s.a
LOAD c:/freescale/kds_3.0.0/toolchain/bin/../lib/gcc/arm-none-eabi/4.8.4/../../../../arm-none-eabi/lib/armv7e-m/fpu\libc_s.a
END GROUP
START GROUP
LOAD c:/freescale/kds_3.0.0/toolchain/bin/../lib/gcc/arm-none-eabi/4.8.4/armv7e-m/fpu\libgcc.a
LOAD c:/freescale/kds_3.0.0/toolchain/bin/../lib/gcc/arm-none-eabi/4.8.4/../../../../arm-none-eabi/lib/armv7e-m/fpu\libc_s.a
LOAD c:/freescale/kds_3.0.0/toolchain/bin/../lib/gcc/arm-none-eabi/4.8.4/../../../../arm-none-eabi/lib/armv7e-m/fpu\libnosys.a
END GROUP
START GROUP
LOAD c:/freescale/kds_3.0.0/toolchain/bin/../lib/gcc/arm-none-eabi/4.8.4/armv7e-m/fpu\libgcc.a
LOAD c:/freescale/kds_3.0.0/toolchain/bin/../lib/gcc/arm-none-eabi/4.8.4/../../../../arm-none-eabi/lib/armv7e-m/fpu\libc_s.a
LOAD c:/freescale/kds_3.0.0/toolchain/bin/../lib/gcc/arm-none-eabi/4.8.4/../../../../arm-none-eabi/lib/armv7e-m/fpu\libnosys.a
END GROUP
LOAD c:/freescale/kds_3.0.0/toolchain/bin/../lib/gcc/arm-none-eabi/4.8.4/armv7e-m/fpu/crtend.o
LOAD c:/freescale/kds_3.0.0/toolchain/bin/../lib/gcc/arm-none-eabi/4.8.4/armv7e-m/fpu/crtn.o
                0x20000000                _estack = 0x20000000
                0x20000000                __SP_INIT = _estack
                0x20000000                __stack = _estack
                0x00000000                __heap_size = 0x0
                0x00000400                __stack_size = 0x400

.interrupts     0x00000000      0x1e8
                0x00000000                __vector_table = .
                0x00000000                . = ALIGN (0x4)
 *(.vectortable)
 .vectortable   0x00000000      0x1e8 ./Generated_Code/Vectors.o
                0x00000000                __vect_table
                0x000001e8                . = ALIGN (0x4)

.cfmprotect     0x00000400       0x10
                0x00000400                . = ALIGN (0x4)
 *(.cfmconfig)
 .cfmconfig     0x00000400       0x10 ./Generated_Code/Cpu.o
                0x00000400                _cfm
                0x00000410                . = ALIGN (0x4)

.text           0x00000410     0x14ac
                0x00000410                . = ALIGN (0x4)
 *(.text)
 .text          0x00000410       0x54 c:/freescale/kds_3.0.0/toolchain/bin/../lib/gcc/arm-none-eabi/4.8.4/armv7e-m/fpu/crtbegin.o
 .text          0x00000464       0x74 c:/freescale/kds_3.0.0/toolchain/bin/../lib/gcc/arm-none-eabi/4.8.4/../../../../arm-none-eabi/lib/armv7e-m/fpu/crt0.o
                0x00000464                _start
                0x00000464                _mainCRTStartup
 *(.text*)
 .text.FIFO_Init
                0x000004d8       0x34 ./Sources/FIFO.o
                0x000004d8                FIFO_Init
 .text.FIFO_Put
                0x0000050c       0x60 ./Sources/FIFO.o
                0x0000050c                FIFO_Put
 .text.FIFO_Get
                0x0000056c       0x5c ./Sources/FIFO.o
                0x0000056c                FIFO_Get
 .text.LEDs_Init
                0x000005c8       0xc8 ./Sources/LEDs.o
                0x000005c8                LEDs_Init
 .text.LEDs_On  0x00000690       0x1c ./Sources/LEDs.o
                0x00000690                LEDs_On
 .text.Packet_Init
                0x000006ac       0x1c ./Sources/Packet.o
                0x000006ac                Packet_Init
 .text.Packet_Get
                0x000006c8      0x128 ./Sources/Packet.o
                0x000006c8                Packet_Get
 .text.Packet_Put
                0x000007f0       0x74 ./Sources/Packet.o
                0x000007f0                Packet_Put
 .text.CalculateChecksum
                0x00000864       0x30 ./Sources/Packet.o
 .text.RTC_ISR  0x00000894       0x2c ./Sources/RTC.o
                0x00000894                RTC_ISR
 .text.UART_Init
                0x000008c0      0x130 ./Sources/UART.o
                0x000008c0                UART_Init
 .text.UART_InChar
                0x000009f0       0x20 ./Sources/UART.o
                0x000009f0                UART_InChar
 .text.UART_OutChar
                0x00000a10       0x24 ./Sources/UART.o
                0x00000a10                UART_OutChar
 .text.UART_Poll
                0x00000a34       0x4c ./Sources/UART.o
                0x00000a34                UART_Poll
 .text.Flash_Init
                0x00000a80       0x10 ./Sources/flash.o
                0x00000a80                Flash_Init
 .text.Flash_AllocateVar
                0x00000a90      0x164 ./Sources/flash.o
                0x00000a90                Flash_AllocateVar
 .text.Flash_Write32
                0x00000bf4       0x6c ./Sources/flash.o
                0x00000bf4                Flash_Write32
 .text.Flash_Write16
                0x00000c60       0x6c ./Sources/flash.o
                0x00000c60                Flash_Write16
 .text.Flash_Write8
                0x00000ccc       0x60 ./Sources/flash.o
                0x00000ccc                Flash_Write8
 .text.Flash_Erase
                0x00000d2c       0x10 ./Sources/flash.o
                0x00000d2c                Flash_Erase
 .text.ModifyPhrase
                0x00000d3c       0x30 ./Sources/flash.o
 .text.EraseSector
                0x00000d6c       0x2c ./Sources/flash.o
 .text.LaunchCommand
                0x00000d98       0xd0 ./Sources/flash.o
 .text.WritePhrase
                0x00000e68       0x40 ./Sources/flash.o
 .text.LoadAddress
                0x00000ea8       0x34 ./Sources/flash.o
 .text.LoadData
                0x00000edc       0x5c ./Sources/flash.o
 .text.HandleProgramPacket
                0x00000f38       0x58 ./Sources/main.o
 .text.HandleReadPacket
                0x00000f90       0x54 ./Sources/main.o
 .text.HandleVersionPacket
                0x00000fe4       0x48 ./Sources/main.o
 .text.HandleNumberPacket
                0x0000102c       0x7c ./Sources/main.o
 .text.HandleModePacket
                0x000010a8       0x7c ./Sources/main.o
 .text.HandleSpecialPacket
                0x00001124       0xd4 ./Sources/main.o
 .text.HandlePacket
                0x000011f8       0xe0 ./Sources/main.o
 .text.TowerNumberModeInit
                0x000012d8       0x78 ./Sources/main.o
 .text.main     0x00001350       0x54 ./Sources/main.o
                0x00001350                main
 .text.__copy_rom_section
                0x000013a4       0xe4 ./Project_Settings/Startup_Code/startup.o
                0x000013a4                __copy_rom_section
 .text.__copy_rom_sections_to_ram
                0x00001488       0x9c ./Project_Settings/Startup_Code/startup.o
                0x00001488                __copy_rom_sections_to_ram
 .text.__init_registers
                0x00001524       0x20 ./Project_Settings/Startup_Code/startup.o
                0x00001524                __init_registers
 .text.__init_user
                0x00001544        0xc ./Project_Settings/Startup_Code/startup.o
                0x00001544                __init_user
 .text.__thumb_startup
                0x00001550       0x34 ./Project_Settings/Startup_Code/startup.o
                0x00001550                __thumb_startup
 .text.Cpu_Interrupt
                0x00001584       0x18 ./Generated_Code/Cpu.o
                0x00001584                Cpu_Interrupt
 .text.__init_hardware
                0x0000159c      0x17c ./Generated_Code/Cpu.o
                0x0000159c                __init_hardware
 .text.Cpu_SetBASEPRI
                0x00001718       0x18 ./Generated_Code/Cpu.o
                0x00001718                Cpu_SetBASEPRI
 .text.PE_low_level_init
                0x00001730       0xe4 ./Generated_Code/Cpu.o
                0x00001730                PE_low_level_init
 .text.exit     0x00001814       0x28 c:/freescale/kds_3.0.0/toolchain/bin/../lib/gcc/arm-none-eabi/4.8.4/../../../../arm-none-eabi/lib/armv7e-m/fpu\libg_s.a(lib_a-exit.o)
                0x00001814                exit
 .text.__libc_init_array
                0x0000183c       0x4c c:/freescale/kds_3.0.0/toolchain/bin/../lib/gcc/arm-none-eabi/4.8.4/../../../../arm-none-eabi/lib/armv7e-m/fpu\libg_s.a(lib_a-init.o)
                0x0000183c                __libc_init_array
 .text.memset   0x00001888       0x10 c:/freescale/kds_3.0.0/toolchain/bin/../lib/gcc/arm-none-eabi/4.8.4/../../../../arm-none-eabi/lib/armv7e-m/fpu\libg_s.a(lib_a-memset.o)
                0x00001888                memset
 .text._exit    0x00001898        0x4 c:/freescale/kds_3.0.0/toolchain/bin/../lib/gcc/arm-none-eabi/4.8.4/../../../../arm-none-eabi/lib/armv7e-m/fpu\libnosys.a(_exit.o)
                0x00001898                _exit
 *(.rodata)
 *(.rodata*)
 .rodata.PACKET_ACK_MASK
                0x0000189c        0x1 ./Sources/Packet.o
                0x0000189c                PACKET_ACK_MASK
 .rodata.str1.1
                0x0000189d        0x2 c:/freescale/kds_3.0.0/toolchain/bin/../lib/gcc/arm-none-eabi/4.8.4/../../../../arm-none-eabi/lib/armv7e-m/fpu\libg_s.a(lib_a-impure.o)
 *fill*         0x0000189f        0x1 
 .rodata._global_impure_ptr
                0x000018a0        0x4 c:/freescale/kds_3.0.0/toolchain/bin/../lib/gcc/arm-none-eabi/4.8.4/../../../../arm-none-eabi/lib/armv7e-m/fpu\libg_s.a(lib_a-impure.o)
                0x000018a0                _global_impure_ptr
 *(.glue_7)
 .glue_7        0x00000000        0x0 linker stubs
 *(.glue_7t)
 .glue_7t       0x00000000        0x0 linker stubs
 *(.eh_frame)
 .eh_frame      0x000018a4        0x0 c:/freescale/kds_3.0.0/toolchain/bin/../lib/gcc/arm-none-eabi/4.8.4/armv7e-m/fpu/crtbegin.o
 *(.init)
 .init          0x000018a4        0x4 c:/freescale/kds_3.0.0/toolchain/bin/../lib/gcc/arm-none-eabi/4.8.4/armv7e-m/fpu/crti.o
                0x000018a4                _init
 .init          0x000018a8        0x8 c:/freescale/kds_3.0.0/toolchain/bin/../lib/gcc/arm-none-eabi/4.8.4/armv7e-m/fpu/crtn.o
 *(.fini)
 .fini          0x000018b0        0x4 c:/freescale/kds_3.0.0/toolchain/bin/../lib/gcc/arm-none-eabi/4.8.4/armv7e-m/fpu/crti.o
                0x000018b0                _fini
 .fini          0x000018b4        0x8 c:/freescale/kds_3.0.0/toolchain/bin/../lib/gcc/arm-none-eabi/4.8.4/armv7e-m/fpu/crtn.o
                0x000018bc                . = ALIGN (0x4)
                0x000018bc                _etext = .

.vfp11_veneer   0x000018bc        0x0
 .vfp11_veneer  0x00000000        0x0 linker stubs

.v4_bx          0x000018bc        0x0
 .v4_bx         0x00000000        0x0 linker stubs

.iplt           0x000018bc        0x0
 .iplt          0x00000000        0x0 c:/freescale/kds_3.0.0/toolchain/bin/../lib/gcc/arm-none-eabi/4.8.4/armv7e-m/fpu/crtbegin.o

.ARM.extab
 *(.ARM.extab* .gnu.linkonce.armextab.*)

.ARM            0x000018bc        0x8
                0x000018bc                __exidx_start = .
 *(.ARM.exidx*)
 .ARM.exidx     0x000018bc        0x8 c:/freescale/kds_3.0.0/toolchain/bin/../lib/gcc/arm-none-eabi/4.8.4/../../../../arm-none-eabi/lib/armv7e-m/fpu/crt0.o
                0x000018c4                __exidx_end = .

.rel.dyn        0x000018c4        0x0
 .rel.iplt      0x00000000        0x0 c:/freescale/kds_3.0.0/toolchain/bin/../lib/gcc/arm-none-eabi/4.8.4/armv7e-m/fpu/crtbegin.o

.ctors          0x000018c4        0x0
                0x000018c4                __CTOR_LIST__ = .
 *crtbegin.o(.ctors)
 *(EXCLUDE_FILE(*crtend.o) .ctors)
 *(SORT(.ctors.*))
 *(.ctors)
                0x000018c4                __CTOR_END__ = .

.dtors          0x000018c4        0x0
                0x000018c4                __DTOR_LIST__ = .
 *crtbegin.o(.dtors)
 *(EXCLUDE_FILE(*crtend.o) .dtors)
 *(SORT(.dtors.*))
 *(.dtors)
                0x000018c4                __DTOR_END__ = .

.preinit_array  0x000018c4        0x0
                0x000018c4                PROVIDE (__preinit_array_start, .)
 *(.preinit_array*)
                0x000018c4                PROVIDE (__preinit_array_end, .)

.init_array     0x000018c4        0x4
                0x000018c4                PROVIDE (__init_array_start, .)
 *(SORT(.init_array.*))
 *(.init_array*)
 .init_array    0x000018c4        0x4 c:/freescale/kds_3.0.0/toolchain/bin/../lib/gcc/arm-none-eabi/4.8.4/armv7e-m/fpu/crtbegin.o
                0x000018c8                PROVIDE (__init_array_end, .)

.fini_array     0x000018c8        0x4
                0x000018c8                PROVIDE (__fini_array_start, .)
 *(SORT(.fini_array.*))
 *(.fini_array*)
 .fini_array    0x000018c8        0x4 c:/freescale/kds_3.0.0/toolchain/bin/../lib/gcc/arm-none-eabi/4.8.4/armv7e-m/fpu/crtbegin.o
                0x000018cc                PROVIDE (__fini_array_end, .)
                0x000018cc                ___ROM_AT = .

.data           0x1fff0000       0x60 load address 0x000018cc
                0x1fff0000                . = ALIGN (0x4)
                0x1fff0000                _sdata = .
 *(.data)
 *(.data*)
 .data.impure_data
                0x1fff0000       0x60 c:/freescale/kds_3.0.0/toolchain/bin/../lib/gcc/arm-none-eabi/4.8.4/../../../../arm-none-eabi/lib/armv7e-m/fpu\libg_s.a(lib_a-impure.o)
                0x1fff0060                . = ALIGN (0x4)
                0x1fff0060                _edata = .
                0x00000060                ___data_size = (_edata - _sdata)
                0x0000192c                ___m_data_20000000_ROMStart = (___ROM_AT + SIZEOF (.data))

.jcr            0x1fff0060        0x0 load address 0x0000192c
 .jcr           0x1fff0060        0x0 c:/freescale/kds_3.0.0/toolchain/bin/../lib/gcc/arm-none-eabi/4.8.4/armv7e-m/fpu/crtbegin.o

.igot.plt       0x1fff0060        0x0 load address 0x0000192c
 .igot.plt      0x00000000        0x0 c:/freescale/kds_3.0.0/toolchain/bin/../lib/gcc/arm-none-eabi/4.8.4/armv7e-m/fpu/crtbegin.o

.m_data_20000000
                0x20000000        0x0 load address 0x0000192c
                0x20000000                . = ALIGN (0x4)
                0x20000000                ___m_data_20000000_RAMStart = .
 *(.m_data_20000000)
                0x20000000                ___m_data_20000000_RAMEnd = .
                0x20000000                . = ALIGN (0x4)
                0x00000000                ___m_data_20000000_ROMSize = (___m_data_20000000_RAMEnd - ___m_data_20000000_RAMStart)
                0x20000000                . = ALIGN (0x4)

.bss            0x1fff0060      0x24c load address 0x0000192c
                0x1fff0060                __START_BSS = .
                0x1fff0060                PROVIDE (__bss_start__, __START_BSS)
 *(.bss)
 .bss           0x1fff0060       0x1c c:/freescale/kds_3.0.0/toolchain/bin/../lib/gcc/arm-none-eabi/4.8.4/armv7e-m/fpu/crtbegin.o
 *(.bss*)
 .bss.state.4975
                0x1fff007c        0x1 ./Sources/Packet.o
 *fill*         0x1fff007d        0x3 
 .bss.TxFIFO    0x1fff0080      0x108 ./Sources/UART.o
 .bss.RxFIFO    0x1fff0188      0x108 ./Sources/UART.o
 .bss.addressAllocationStorage.6538
                0x1fff0290        0x1 ./Sources/flash.o
 *(COMMON)
 *fill*         0x1fff0291        0x3 
 COMMON         0x1fff0294        0x5 ./Sources/Packet.o
                0x1fff0294                Packet
 *fill*         0x1fff0299        0x3 
 COMMON         0x1fff029c        0x8 ./Sources/RTC.o
                0x1fff029c                CallBackArgument
                0x1fff02a0                CallBack
 COMMON         0x1fff02a4        0x8 ./Sources/main.o
                0x1fff02a4                NvTowerMd
                0x1fff02a8                NvTowerNb
                0x1fff02ac                . = ALIGN (0x4)
                0x1fff02ac                __END_BSS = .
                0x1fff02ac                PROVIDE (__bss_end__, __END_BSS)
                0x0000192c                _romp_at = ((___ROM_AT + SIZEOF (.data)) + SIZEOF (.m_data_20000000))

.romp           0x1fff02ac       0x24 load address 0x0000192c
                0x0000192c                __S_romp = _romp_at
                0x1fff02ac        0x4 LONG 0x18cc ___ROM_AT
                0x1fff02b0        0x4 LONG 0x1fff0000 _sdata
                0x1fff02b4        0x4 LONG 0x60 ___data_size
                0x1fff02b8        0x4 LONG 0x192c ___m_data_20000000_ROMStart
                0x1fff02bc        0x4 LONG 0x20000000 ___m_data_20000000_RAMStart
                0x1fff02c0        0x4 LONG 0x0 ___m_data_20000000_ROMSize
                0x1fff02c4        0x4 LONG 0x0
                0x1fff02c8        0x4 LONG 0x0
                0x1fff02cc        0x4 LONG 0x0

._user_heap_stack
                0x1fff02d0      0x400 load address 0x00001950
                0x1fff02d0                . = ALIGN (0x4)
                0x1fff02d0                PROVIDE (end, .)
                0x1fff02d0                PROVIDE (_end, .)
                0x1fff02d0                __heap_addr = .
                0x1fff02d0                __HeapBase = .
                0x1fff02d0                . = (. + __heap_size)
                0x1fff02d0                __HeapLimit = .
                0x1fff06d0                . = (. + __stack_size)
 *fill*         0x1fff02d0      0x400 
                0x1fff06d0                . = ALIGN (0x4)

.ARM.attributes
                0x00000000       0x30
 *(.ARM.attributes)
 .ARM.attributes
                0x00000000       0x22 c:/freescale/kds_3.0.0/toolchain/bin/../lib/gcc/arm-none-eabi/4.8.4/armv7e-m/fpu/crti.o
 .ARM.attributes
                0x00000022       0x34 c:/freescale/kds_3.0.0/toolchain/bin/../lib/gcc/arm-none-eabi/4.8.4/armv7e-m/fpu/crtbegin.o
 .ARM.attributes
                0x00000056       0x20 c:/freescale/kds_3.0.0/toolchain/bin/../lib/gcc/arm-none-eabi/4.8.4/../../../../arm-none-eabi/lib/armv7e-m/fpu/crt0.o
 .ARM.attributes
                0x00000076       0x39 ./Sources/FIFO.o
 .ARM.attributes
                0x000000af       0x39 ./Sources/LEDs.o
 .ARM.attributes
                0x000000e8       0x39 ./Sources/Packet.o
 .ARM.attributes
                0x00000121       0x39 ./Sources/RTC.o
 .ARM.attributes
                0x0000015a       0x39 ./Sources/UART.o
 .ARM.attributes
                0x00000193       0x39 ./Sources/flash.o
 .ARM.attributes
                0x000001cc       0x39 ./Sources/main.o
 .ARM.attributes
                0x00000205       0x39 ./Project_Settings/Startup_Code/startup.o
 .ARM.attributes
                0x0000023e       0x39 ./Generated_Code/Cpu.o
 .ARM.attributes
                0x00000277       0x39 ./Generated_Code/Vectors.o
 .ARM.attributes
                0x000002b0       0x34 c:/freescale/kds_3.0.0/toolchain/bin/../lib/gcc/arm-none-eabi/4.8.4/../../../../arm-none-eabi/lib/armv7e-m/fpu\libg_s.a(lib_a-exit.o)
 .ARM.attributes
                0x000002e4       0x34 c:/freescale/kds_3.0.0/toolchain/bin/../lib/gcc/arm-none-eabi/4.8.4/../../../../arm-none-eabi/lib/armv7e-m/fpu\libg_s.a(lib_a-impure.o)
 .ARM.attributes
                0x00000318       0x34 c:/freescale/kds_3.0.0/toolchain/bin/../lib/gcc/arm-none-eabi/4.8.4/../../../../arm-none-eabi/lib/armv7e-m/fpu\libg_s.a(lib_a-init.o)
 .ARM.attributes
                0x0000034c       0x34 c:/freescale/kds_3.0.0/toolchain/bin/../lib/gcc/arm-none-eabi/4.8.4/../../../../arm-none-eabi/lib/armv7e-m/fpu\libg_s.a(lib_a-memset.o)
 .ARM.attributes
                0x00000380       0x34 c:/freescale/kds_3.0.0/toolchain/bin/../lib/gcc/arm-none-eabi/4.8.4/../../../../arm-none-eabi/lib/armv7e-m/fpu\libnosys.a(_exit.o)
 .ARM.attributes
                0x000003b4       0x22 c:/freescale/kds_3.0.0/toolchain/bin/../lib/gcc/arm-none-eabi/4.8.4/armv7e-m/fpu/crtn.o
OUTPUT(Project.elf elf32-littlearm)

.debug_info     0x00000000     0x3225
 .debug_info    0x00000000      0x1c1 ./Sources/FIFO.o
 .debug_info    0x000001c1      0x497 ./Sources/LEDs.o
 .debug_info    0x00000658      0x2ff ./Sources/Packet.o
 .debug_info    0x00000957      0x306 ./Sources/RTC.o
 .debug_info    0x00000c5d      0x7a3 ./Sources/UART.o
 .debug_info    0x00001400      0x744 ./Sources/flash.o
 .debug_info    0x00001b44      0x428 ./Sources/main.o
 .debug_info    0x00001f6c      0x3b0 ./Project_Settings/Startup_Code/startup.o
 .debug_info    0x0000231c      0xb89 ./Generated_Code/Cpu.o
 .debug_info    0x00002ea5      0x380 ./Generated_Code/Vectors.o

.debug_abbrev   0x00000000      0xdf3
 .debug_abbrev  0x00000000       0xb9 ./Sources/FIFO.o
 .debug_abbrev  0x000000b9      0x144 ./Sources/LEDs.o
 .debug_abbrev  0x000001fd       0xee ./Sources/Packet.o
 .debug_abbrev  0x000002eb      0x158 ./Sources/RTC.o
 .debug_abbrev  0x00000443      0x184 ./Sources/UART.o
 .debug_abbrev  0x000005c7      0x232 ./Sources/flash.o
 .debug_abbrev  0x000007f9      0x157 ./Sources/main.o
 .debug_abbrev  0x00000950      0x189 ./Project_Settings/Startup_Code/startup.o
 .debug_abbrev  0x00000ad9      0x185 ./Generated_Code/Cpu.o
 .debug_abbrev  0x00000c5e      0x195 ./Generated_Code/Vectors.o

.debug_aranges  0x00000000      0x2a8
 .debug_aranges
                0x00000000       0x30 ./Sources/FIFO.o
 .debug_aranges
                0x00000030       0x38 ./Sources/LEDs.o
 .debug_aranges
                0x00000068       0x38 ./Sources/Packet.o
 .debug_aranges
                0x000000a0       0x38 ./Sources/RTC.o
 .debug_aranges
                0x000000d8       0x38 ./Sources/UART.o
 .debug_aranges
                0x00000110       0x78 ./Sources/flash.o
 .debug_aranges
                0x00000188       0x60 ./Sources/main.o
 .debug_aranges
                0x000001e8       0x50 ./Project_Settings/Startup_Code/startup.o
 .debug_aranges
                0x00000238       0x38 ./Generated_Code/Cpu.o
 .debug_aranges
                0x00000270       0x38 ./Generated_Code/Vectors.o

.debug_ranges   0x00000000      0x208
 .debug_ranges  0x00000000       0x20 ./Sources/FIFO.o
 .debug_ranges  0x00000020       0x28 ./Sources/LEDs.o
 .debug_ranges  0x00000048       0x28 ./Sources/Packet.o
 .debug_ranges  0x00000070       0x28 ./Sources/RTC.o
 .debug_ranges  0x00000098       0x28 ./Sources/UART.o
 .debug_ranges  0x000000c0       0x68 ./Sources/flash.o
 .debug_ranges  0x00000128       0x50 ./Sources/main.o
 .debug_ranges  0x00000178       0x40 ./Project_Settings/Startup_Code/startup.o
 .debug_ranges  0x000001b8       0x28 ./Generated_Code/Cpu.o
 .debug_ranges  0x000001e0       0x28 ./Generated_Code/Vectors.o

.debug_macro    0x00000000    0x1b6de
 .debug_macro   0x00000000       0x6e ./Sources/FIFO.o
 .debug_macro   0x0000006e       0x22 ./Sources/FIFO.o
 .debug_macro   0x00000090     0x1800 ./Sources/FIFO.o
 .debug_macro   0x00001890       0x71 ./Sources/LEDs.o
 .debug_macro   0x00001901     0x1800 ./Sources/LEDs.o
 .debug_macro   0x00003101       0x7d ./Sources/Packet.o
 .debug_macro   0x0000317e       0x34 ./Sources/Packet.o
 .debug_macro   0x000031b2       0x71 ./Sources/RTC.o
 .debug_macro   0x00003223       0x7f ./Sources/UART.o
 .debug_macro   0x000032a2       0x16 ./Sources/UART.o
 .debug_macro   0x000032b8    0x174af ./Sources/UART.o
 .debug_macro   0x0001a767       0x10 ./Sources/UART.o
 .debug_macro   0x0001a777       0x7c ./Sources/flash.o
 .debug_macro   0x0001a7f3       0x28 ./Sources/flash.o
 .debug_macro   0x0001a81b      0x100 ./Sources/main.o
 .debug_macro   0x0001a91b       0x3a ./Sources/main.o
 .debug_macro   0x0001a955       0x2e ./Sources/main.o
 .debug_macro   0x0001a983      0x121 ./Project_Settings/Startup_Code/startup.o
 .debug_macro   0x0001aaa4       0x58 ./Project_Settings/Startup_Code/startup.o
 .debug_macro   0x0001aafc       0x35 ./Project_Settings/Startup_Code/startup.o
 .debug_macro   0x0001ab31       0xa3 ./Project_Settings/Startup_Code/startup.o
 .debug_macro   0x0001abd4      0x166 ./Project_Settings/Startup_Code/startup.o
 .debug_macro   0x0001ad3a       0x4a ./Project_Settings/Startup_Code/startup.o
 .debug_macro   0x0001ad84       0x52 ./Project_Settings/Startup_Code/startup.o
 .debug_macro   0x0001add6       0x16 ./Project_Settings/Startup_Code/startup.o
 .debug_macro   0x0001adec       0x43 ./Project_Settings/Startup_Code/startup.o
 .debug_macro   0x0001ae2f      0x180 ./Project_Settings/Startup_Code/startup.o
 .debug_macro   0x0001afaf      0x2a6 ./Project_Settings/Startup_Code/startup.o
 .debug_macro   0x0001b255       0x10 ./Project_Settings/Startup_Code/startup.o
 .debug_macro   0x0001b265       0x35 ./Project_Settings/Startup_Code/startup.o
 .debug_macro   0x0001b29a       0x16 ./Project_Settings/Startup_Code/startup.o
 .debug_macro   0x0001b2b0       0x22 ./Project_Settings/Startup_Code/startup.o
 .debug_macro   0x0001b2d2      0x20f ./Project_Settings/Startup_Code/startup.o
 .debug_macro   0x0001b4e1       0x9f ./Generated_Code/Cpu.o
 .debug_macro   0x0001b580       0x9a ./Generated_Code/Cpu.o
 .debug_macro   0x0001b61a       0xc4 ./Generated_Code/Vectors.o

.debug_line     0x00000000     0x1bd0
 .debug_line    0x00000000      0x1fc ./Sources/FIFO.o
 .debug_line    0x000001fc      0x23d ./Sources/LEDs.o
 .debug_line    0x00000439      0x242 ./Sources/Packet.o
 .debug_line    0x0000067b      0x245 ./Sources/RTC.o
 .debug_line    0x000008c0      0x26d ./Sources/UART.o
 .debug_line    0x00000b2d      0x385 ./Sources/flash.o
 .debug_line    0x00000eb2      0x3a7 ./Sources/main.o
 .debug_line    0x00001259      0x3aa ./Project_Settings/Startup_Code/startup.o
 .debug_line    0x00001603      0x2e4 ./Generated_Code/Cpu.o
 .debug_line    0x000018e7      0x2e9 ./Generated_Code/Vectors.o

.debug_str      0x00000000    0x8d937
 .debug_str     0x00000000     0x9f0d ./Sources/FIFO.o
                               0xa077 (size before relaxing)
 .debug_str     0x00009f0d    0x7ff7d ./Sources/LEDs.o
                              0x89f78 (size before relaxing)
 .debug_str     0x00089e8a      0x29e ./Sources/Packet.o
                               0xa309 (size before relaxing)
 .debug_str     0x0008a128       0xc2 ./Sources/RTC.o
                              0x89e84 (size before relaxing)
 .debug_str     0x0008a1ea      0x10a ./Sources/UART.o
                              0x8a047 (size before relaxing)
 .debug_str     0x0008a2f4      0x357 ./Sources/flash.o
                              0x8a149 (size before relaxing)
 .debug_str     0x0008a64b      0xa1b ./Sources/main.o
                              0x8abe0 (size before relaxing)
 .debug_str     0x0008b066     0x2663 ./Project_Settings/Startup_Code/startup.o
                              0x853db (size before relaxing)
 .debug_str     0x0008d6c9      0x252 ./Generated_Code/Cpu.o
                              0x8a9d9 (size before relaxing)
 .debug_str     0x0008d91b       0x1c ./Generated_Code/Vectors.o
                              0x8a744 (size before relaxing)

.comment        0x00000000       0x70
 .comment       0x00000000       0x70 ./Sources/FIFO.o
                                 0x71 (size before relaxing)
 .comment       0x00000000       0x71 ./Sources/LEDs.o
 .comment       0x00000000       0x71 ./Sources/Packet.o
 .comment       0x00000000       0x71 ./Sources/RTC.o
 .comment       0x00000000       0x71 ./Sources/UART.o
 .comment       0x00000000       0x71 ./Sources/flash.o
 .comment       0x00000000       0x71 ./Sources/main.o
 .comment       0x00000000       0x71 ./Project_Settings/Startup_Code/startup.o
 .comment       0x00000000       0x71 ./Generated_Code/Cpu.o
 .comment       0x00000000       0x71 ./Generated_Code/Vectors.o

.debug_frame    0x00000000      0x784
 .debug_frame   0x00000000       0x64 ./Sources/FIFO.o
 .debug_frame   0x00000064       0x7c ./Sources/LEDs.o
 .debug_frame   0x000000e0       0x88 ./Sources/Packet.o
 .debug_frame   0x00000168       0x88 ./Sources/RTC.o
 .debug_frame   0x000001f0       0x90 ./Sources/UART.o
 .debug_frame   0x00000280      0x17c ./Sources/flash.o
 .debug_frame   0x000003fc      0x12c ./Sources/main.o
 .debug_frame   0x00000528       0xc0 ./Project_Settings/Startup_Code/startup.o
 .debug_frame   0x000005e8       0x80 ./Generated_Code/Cpu.o
 .debug_frame   0x00000668       0x88 ./Generated_Code/Vectors.o
 .debug_frame   0x000006f0       0x28 c:/freescale/kds_3.0.0/toolchain/bin/../lib/gcc/arm-none-eabi/4.8.4/../../../../arm-none-eabi/lib/armv7e-m/fpu\libg_s.a(lib_a-exit.o)
 .debug_frame   0x00000718       0x2c c:/freescale/kds_3.0.0/toolchain/bin/../lib/gcc/arm-none-eabi/4.8.4/../../../../arm-none-eabi/lib/armv7e-m/fpu\libg_s.a(lib_a-init.o)
 .debug_frame   0x00000744       0x20 c:/freescale/kds_3.0.0/toolchain/bin/../lib/gcc/arm-none-eabi/4.8.4/../../../../arm-none-eabi/lib/armv7e-m/fpu\libg_s.a(lib_a-memset.o)
 .debug_frame   0x00000764       0x20 c:/freescale/kds_3.0.0/toolchain/bin/../lib/gcc/arm-none-eabi/4.8.4/../../../../arm-none-eabi/lib/armv7e-m/fpu\libnosys.a(_exit.o)
