Archive member included because of file (symbol)

C:\Users\12544312\Documents\Embedded\lab 5\Library\libOS.a(OS.o)
                              ./Sources/main.o (OS_Init)
c:/freescale/kds_3.0.0/toolchain/bin/../lib/gcc/arm-none-eabi/4.8.4/../../../../arm-none-eabi/lib/armv7e-m/fpu\libg_s.a(lib_a-exit.o)
                              c:/freescale/kds_3.0.0/toolchain/bin/../lib/gcc/arm-none-eabi/4.8.4/../../../../arm-none-eabi/lib/armv7e-m/fpu/crt0.o (exit)
c:/freescale/kds_3.0.0/toolchain/bin/../lib/gcc/arm-none-eabi/4.8.4/../../../../arm-none-eabi/lib/armv7e-m/fpu\libg_s.a(lib_a-impure.o)
                              c:/freescale/kds_3.0.0/toolchain/bin/../lib/gcc/arm-none-eabi/4.8.4/../../../../arm-none-eabi/lib/armv7e-m/fpu\libg_s.a(lib_a-exit.o) (_global_impure_ptr)
c:/freescale/kds_3.0.0/toolchain/bin/../lib/gcc/arm-none-eabi/4.8.4/../../../../arm-none-eabi/lib/armv7e-m/fpu\libg_s.a(lib_a-init.o)
                              c:/freescale/kds_3.0.0/toolchain/bin/../lib/gcc/arm-none-eabi/4.8.4/../../../../arm-none-eabi/lib/armv7e-m/fpu/crt0.o (__libc_init_array)
c:/freescale/kds_3.0.0/toolchain/bin/../lib/gcc/arm-none-eabi/4.8.4/../../../../arm-none-eabi/lib/armv7e-m/fpu\libg_s.a(lib_a-memset.o)
                              c:/freescale/kds_3.0.0/toolchain/bin/../lib/gcc/arm-none-eabi/4.8.4/../../../../arm-none-eabi/lib/armv7e-m/fpu/crt0.o (memset)
c:/freescale/kds_3.0.0/toolchain/bin/../lib/gcc/arm-none-eabi/4.8.4/../../../../arm-none-eabi/lib/armv7e-m/fpu\libnosys.a(_exit.o)
                              c:/freescale/kds_3.0.0/toolchain/bin/../lib/gcc/arm-none-eabi/4.8.4/../../../../arm-none-eabi/lib/armv7e-m/fpu\libg_s.a(lib_a-exit.o) (_exit)

Allocating common symbols
Common symbol       size              file

NvTowerMd           0x4               ./Sources/main.o
NvTowerNb           0x4               ./Sources/main.o
Packet              0x5               ./Sources/Packet.o
Analog_Input        0x24              ./Sources/analog.o
SR_reg              0x1               ./Generated_Code/Cpu.o
PUSHR_DATA          0x4               ./Sources/SPI.o

Discarded input sections

 .text          0x00000000        0x0 c:/freescale/kds_3.0.0/toolchain/bin/../lib/gcc/arm-none-eabi/4.8.4/armv7e-m/fpu/crti.o
 .data          0x00000000        0x0 c:/freescale/kds_3.0.0/toolchain/bin/../lib/gcc/arm-none-eabi/4.8.4/armv7e-m/fpu/crti.o
 .bss           0x00000000        0x0 c:/freescale/kds_3.0.0/toolchain/bin/../lib/gcc/arm-none-eabi/4.8.4/armv7e-m/fpu/crti.o
 .data          0x00000000        0x4 c:/freescale/kds_3.0.0/toolchain/bin/../lib/gcc/arm-none-eabi/4.8.4/armv7e-m/fpu/crtbegin.o
 .data          0x00000000        0x0 c:/freescale/kds_3.0.0/toolchain/bin/../lib/gcc/arm-none-eabi/4.8.4/../../../../arm-none-eabi/lib/armv7e-m/fpu/crt0.o
 .bss           0x00000000        0x0 c:/freescale/kds_3.0.0/toolchain/bin/../lib/gcc/arm-none-eabi/4.8.4/../../../../arm-none-eabi/lib/armv7e-m/fpu/crt0.o
 .ARM.extab     0x00000000        0x0 c:/freescale/kds_3.0.0/toolchain/bin/../lib/gcc/arm-none-eabi/4.8.4/../../../../arm-none-eabi/lib/armv7e-m/fpu/crt0.o
 .group         0x00000000        0x8 ./Sources/Events.o
 .group         0x00000000        0x8 ./Sources/Events.o
 .group         0x00000000        0x8 ./Sources/Events.o
 .group         0x00000000        0x8 ./Sources/Events.o
 .group         0x00000000        0x8 ./Sources/Events.o
 .group         0x00000000        0x8 ./Sources/Events.o
 .group         0x00000000        0x8 ./Sources/Events.o
 .group         0x00000000        0x8 ./Sources/Events.o
 .group         0x00000000        0x8 ./Sources/Events.o
 .text          0x00000000        0x0 ./Sources/Events.o
 .data          0x00000000        0x0 ./Sources/Events.o
 .bss           0x00000000        0x0 ./Sources/Events.o
 .debug_info    0x00000000       0x7d ./Sources/Events.o
 .debug_abbrev  0x00000000       0x29 ./Sources/Events.o
 .debug_aranges
                0x00000000       0x18 ./Sources/Events.o
 .debug_macro   0x00000000       0xa3 ./Sources/Events.o
 .debug_macro   0x00000000      0x850 ./Sources/Events.o
 .debug_macro   0x00000000       0x16 ./Sources/Events.o
 .debug_macro   0x00000000       0x44 ./Sources/Events.o
 .debug_macro   0x00000000      0x209 ./Sources/Events.o
 .debug_macro   0x00000000     0x17fa ./Sources/Events.o
 .debug_macro   0x00000000      0x14e ./Sources/Events.o
 .debug_macro   0x00000000       0x64 ./Sources/Events.o
 .debug_macro   0x00000000    0x174c1 ./Sources/Events.o
 .debug_macro   0x00000000       0x9a ./Sources/Events.o
 .debug_line    0x00000000      0x234 ./Sources/Events.o
 .debug_str     0x00000000    0x8a5f9 ./Sources/Events.o
 .comment       0x00000000       0x71 ./Sources/Events.o
 .ARM.attributes
                0x00000000       0x39 ./Sources/Events.o
 .group         0x00000000        0x8 ./Sources/FIFO.o
 .group         0x00000000        0x8 ./Sources/FIFO.o
 .group         0x00000000        0x8 ./Sources/FIFO.o
 .group         0x00000000        0x8 ./Sources/FIFO.o
 .group         0x00000000        0x8 ./Sources/FIFO.o
 .group         0x00000000        0x8 ./Sources/FIFO.o
 .group         0x00000000        0x8 ./Sources/FIFO.o
 .group         0x00000000        0x8 ./Sources/FIFO.o
 .group         0x00000000        0x8 ./Sources/FIFO.o
 .group         0x00000000        0x8 ./Sources/FIFO.o
 .group         0x00000000        0x8 ./Sources/FIFO.o
 .group         0x00000000        0x8 ./Sources/FIFO.o
 .text          0x00000000        0x0 ./Sources/FIFO.o
 .data          0x00000000        0x0 ./Sources/FIFO.o
 .bss           0x00000000        0x0 ./Sources/FIFO.o
 .debug_macro   0x00000000      0x850 ./Sources/FIFO.o
 .debug_macro   0x00000000       0x16 ./Sources/FIFO.o
 .debug_macro   0x00000000       0x44 ./Sources/FIFO.o
 .debug_macro   0x00000000      0x209 ./Sources/FIFO.o
 .debug_macro   0x00000000      0x14e ./Sources/FIFO.o
 .debug_macro   0x00000000       0x64 ./Sources/FIFO.o
 .debug_macro   0x00000000    0x174c1 ./Sources/FIFO.o
 .debug_macro   0x00000000       0x9a ./Sources/FIFO.o
 .debug_macro   0x00000000     0x17fa ./Sources/FIFO.o
 .group         0x00000000        0x8 ./Sources/FTM.o
 .group         0x00000000        0x8 ./Sources/FTM.o
 .group         0x00000000        0x8 ./Sources/FTM.o
 .group         0x00000000        0x8 ./Sources/FTM.o
 .group         0x00000000        0x8 ./Sources/FTM.o
 .group         0x00000000        0x8 ./Sources/FTM.o
 .group         0x00000000        0x8 ./Sources/FTM.o
 .group         0x00000000        0x8 ./Sources/FTM.o
 .group         0x00000000        0x8 ./Sources/FTM.o
 .group         0x00000000        0x8 ./Sources/FTM.o
 .group         0x00000000        0x8 ./Sources/FTM.o
 .group         0x00000000        0x8 ./Sources/FTM.o
 .text          0x00000000        0x0 ./Sources/FTM.o
 .data          0x00000000        0x0 ./Sources/FTM.o
 .bss           0x00000000        0x0 ./Sources/FTM.o
 .debug_macro   0x00000000      0x850 ./Sources/FTM.o
 .debug_macro   0x00000000       0x16 ./Sources/FTM.o
 .debug_macro   0x00000000       0x44 ./Sources/FTM.o
 .debug_macro   0x00000000      0x209 ./Sources/FTM.o
 .debug_macro   0x00000000       0x22 ./Sources/FTM.o
 .debug_macro   0x00000000    0x174c1 ./Sources/FTM.o
 .debug_macro   0x00000000      0x14e ./Sources/FTM.o
 .debug_macro   0x00000000       0x64 ./Sources/FTM.o
 .debug_macro   0x00000000       0x9a ./Sources/FTM.o
 .debug_macro   0x00000000     0x17fa ./Sources/FTM.o
 .debug_macro   0x00000000       0x36 ./Sources/FTM.o
 .debug_macro   0x00000000       0x34 ./Sources/FTM.o
 .group         0x00000000        0x8 ./Sources/LEDs.o
 .group         0x00000000        0x8 ./Sources/LEDs.o
 .group         0x00000000        0x8 ./Sources/LEDs.o
 .group         0x00000000        0x8 ./Sources/LEDs.o
 .group         0x00000000        0x8 ./Sources/LEDs.o
 .group         0x00000000        0x8 ./Sources/LEDs.o
 .group         0x00000000        0x8 ./Sources/LEDs.o
 .group         0x00000000        0x8 ./Sources/LEDs.o
 .group         0x00000000        0x8 ./Sources/LEDs.o
 .group         0x00000000        0x8 ./Sources/LEDs.o
 .text          0x00000000        0x0 ./Sources/LEDs.o
 .data          0x00000000        0x0 ./Sources/LEDs.o
 .bss           0x00000000        0x0 ./Sources/LEDs.o
 .debug_macro   0x00000000      0x850 ./Sources/LEDs.o
 .debug_macro   0x00000000       0x16 ./Sources/LEDs.o
 .debug_macro   0x00000000       0x44 ./Sources/LEDs.o
 .debug_macro   0x00000000      0x209 ./Sources/LEDs.o
 .debug_macro   0x00000000       0x22 ./Sources/LEDs.o
 .debug_macro   0x00000000    0x174c1 ./Sources/LEDs.o
 .debug_macro   0x00000000      0x14e ./Sources/LEDs.o
 .debug_macro   0x00000000       0x64 ./Sources/LEDs.o
 .debug_macro   0x00000000       0x9a ./Sources/LEDs.o
 .group         0x00000000        0x8 ./Sources/PIT.o
 .group         0x00000000        0x8 ./Sources/PIT.o
 .group         0x00000000        0x8 ./Sources/PIT.o
 .group         0x00000000        0x8 ./Sources/PIT.o
 .group         0x00000000        0x8 ./Sources/PIT.o
 .group         0x00000000        0x8 ./Sources/PIT.o
 .group         0x00000000        0x8 ./Sources/PIT.o
 .group         0x00000000        0x8 ./Sources/PIT.o
 .group         0x00000000        0x8 ./Sources/PIT.o
 .group         0x00000000        0x8 ./Sources/PIT.o
 .group         0x00000000        0x8 ./Sources/PIT.o
 .group         0x00000000        0x8 ./Sources/PIT.o
 .text          0x00000000        0x0 ./Sources/PIT.o
 .data          0x00000000        0x0 ./Sources/PIT.o
 .bss           0x00000000        0x0 ./Sources/PIT.o
 .debug_macro   0x00000000      0x850 ./Sources/PIT.o
 .debug_macro   0x00000000       0x16 ./Sources/PIT.o
 .debug_macro   0x00000000       0x44 ./Sources/PIT.o
 .debug_macro   0x00000000      0x209 ./Sources/PIT.o
 .debug_macro   0x00000000       0x22 ./Sources/PIT.o
 .debug_macro   0x00000000      0x14e ./Sources/PIT.o
 .debug_macro   0x00000000       0x64 ./Sources/PIT.o
 .debug_macro   0x00000000    0x174c1 ./Sources/PIT.o
 .debug_macro   0x00000000       0x9a ./Sources/PIT.o
 .debug_macro   0x00000000     0x17fa ./Sources/PIT.o
 .debug_macro   0x00000000       0x36 ./Sources/PIT.o
 .debug_macro   0x00000000       0x34 ./Sources/PIT.o
 .group         0x00000000        0x8 ./Sources/Packet.o
 .group         0x00000000        0x8 ./Sources/Packet.o
 .group         0x00000000        0x8 ./Sources/Packet.o
 .group         0x00000000        0x8 ./Sources/Packet.o
 .group         0x00000000        0x8 ./Sources/Packet.o
 .group         0x00000000        0x8 ./Sources/Packet.o
 .group         0x00000000        0x8 ./Sources/Packet.o
 .group         0x00000000        0x8 ./Sources/Packet.o
 .group         0x00000000        0x8 ./Sources/Packet.o
 .group         0x00000000        0x8 ./Sources/Packet.o
 .group         0x00000000        0x8 ./Sources/Packet.o
 .group         0x00000000        0x8 ./Sources/Packet.o
 .group         0x00000000        0x8 ./Sources/Packet.o
 .text          0x00000000        0x0 ./Sources/Packet.o
 .data          0x00000000        0x0 ./Sources/Packet.o
 .bss           0x00000000        0x0 ./Sources/Packet.o
 .debug_macro   0x00000000      0x850 ./Sources/Packet.o
 .debug_macro   0x00000000       0x16 ./Sources/Packet.o
 .debug_macro   0x00000000       0x44 ./Sources/Packet.o
 .debug_macro   0x00000000      0x209 ./Sources/Packet.o
 .debug_macro   0x00000000      0x14e ./Sources/Packet.o
 .debug_macro   0x00000000       0x64 ./Sources/Packet.o
 .debug_macro   0x00000000    0x174c1 ./Sources/Packet.o
 .debug_macro   0x00000000       0x9a ./Sources/Packet.o
 .debug_macro   0x00000000     0x17fa ./Sources/Packet.o
 .debug_macro   0x00000000       0x22 ./Sources/Packet.o
 .debug_macro   0x00000000       0x36 ./Sources/Packet.o
 .debug_macro   0x00000000       0x34 ./Sources/Packet.o
 .group         0x00000000        0x8 ./Sources/RTC.o
 .group         0x00000000        0x8 ./Sources/RTC.o
 .group         0x00000000        0x8 ./Sources/RTC.o
 .group         0x00000000        0x8 ./Sources/RTC.o
 .group         0x00000000        0x8 ./Sources/RTC.o
 .group         0x00000000        0x8 ./Sources/RTC.o
 .group         0x00000000        0x8 ./Sources/RTC.o
 .group         0x00000000        0x8 ./Sources/RTC.o
 .group         0x00000000        0x8 ./Sources/RTC.o
 .group         0x00000000        0x8 ./Sources/RTC.o
 .group         0x00000000        0x8 ./Sources/RTC.o
 .group         0x00000000        0x8 ./Sources/RTC.o
 .text          0x00000000        0x0 ./Sources/RTC.o
 .data          0x00000000        0x0 ./Sources/RTC.o
 .bss           0x00000000        0x0 ./Sources/RTC.o
 .debug_macro   0x00000000      0x850 ./Sources/RTC.o
 .debug_macro   0x00000000       0x16 ./Sources/RTC.o
 .debug_macro   0x00000000       0x44 ./Sources/RTC.o
 .debug_macro   0x00000000      0x209 ./Sources/RTC.o
 .debug_macro   0x00000000       0x22 ./Sources/RTC.o
 .debug_macro   0x00000000    0x174c1 ./Sources/RTC.o
 .debug_macro   0x00000000      0x14e ./Sources/RTC.o
 .debug_macro   0x00000000       0x64 ./Sources/RTC.o
 .debug_macro   0x00000000       0x9a ./Sources/RTC.o
 .debug_macro   0x00000000     0x17fa ./Sources/RTC.o
 .debug_macro   0x00000000       0x36 ./Sources/RTC.o
 .debug_macro   0x00000000       0x34 ./Sources/RTC.o
 .group         0x00000000        0x8 ./Sources/SPI.o
 .group         0x00000000        0x8 ./Sources/SPI.o
 .group         0x00000000        0x8 ./Sources/SPI.o
 .group         0x00000000        0x8 ./Sources/SPI.o
 .group         0x00000000        0x8 ./Sources/SPI.o
 .group         0x00000000        0x8 ./Sources/SPI.o
 .group         0x00000000        0x8 ./Sources/SPI.o
 .group         0x00000000        0x8 ./Sources/SPI.o
 .group         0x00000000        0x8 ./Sources/SPI.o
 .group         0x00000000        0x8 ./Sources/SPI.o
 .text          0x00000000        0x0 ./Sources/SPI.o
 .data          0x00000000        0x0 ./Sources/SPI.o
 .bss           0x00000000        0x0 ./Sources/SPI.o
 .debug_macro   0x00000000      0x850 ./Sources/SPI.o
 .debug_macro   0x00000000       0x16 ./Sources/SPI.o
 .debug_macro   0x00000000       0x44 ./Sources/SPI.o
 .debug_macro   0x00000000      0x209 ./Sources/SPI.o
 .debug_macro   0x00000000       0x22 ./Sources/SPI.o
 .debug_macro   0x00000000      0x14e ./Sources/SPI.o
 .debug_macro   0x00000000       0x64 ./Sources/SPI.o
 .debug_macro   0x00000000    0x174c1 ./Sources/SPI.o
 .debug_macro   0x00000000       0x9a ./Sources/SPI.o
 .debug_macro   0x00000000     0x17fa ./Sources/SPI.o
 .group         0x00000000        0x8 ./Sources/UART.o
 .group         0x00000000        0x8 ./Sources/UART.o
 .group         0x00000000        0x8 ./Sources/UART.o
 .group         0x00000000        0x8 ./Sources/UART.o
 .group         0x00000000        0x8 ./Sources/UART.o
 .group         0x00000000        0x8 ./Sources/UART.o
 .group         0x00000000        0x8 ./Sources/UART.o
 .group         0x00000000        0x8 ./Sources/UART.o
 .group         0x00000000        0x8 ./Sources/UART.o
 .group         0x00000000        0x8 ./Sources/UART.o
 .group         0x00000000        0x8 ./Sources/UART.o
 .group         0x00000000        0x8 ./Sources/UART.o
 .group         0x00000000        0x8 ./Sources/UART.o
 .group         0x00000000        0x8 ./Sources/UART.o
 .text          0x00000000        0x0 ./Sources/UART.o
 .data          0x00000000        0x0 ./Sources/UART.o
 .bss           0x00000000        0x0 ./Sources/UART.o
 .bss.RxData    0x00000000        0x1 ./Sources/UART.o
 .debug_macro   0x00000000      0x850 ./Sources/UART.o
 .debug_macro   0x00000000       0x16 ./Sources/UART.o
 .debug_macro   0x00000000       0x44 ./Sources/UART.o
 .debug_macro   0x00000000      0x209 ./Sources/UART.o
 .debug_macro   0x00000000      0x14e ./Sources/UART.o
 .debug_macro   0x00000000       0x64 ./Sources/UART.o
 .debug_macro   0x00000000       0x9a ./Sources/UART.o
 .debug_macro   0x00000000     0x17fa ./Sources/UART.o
 .debug_macro   0x00000000       0x22 ./Sources/UART.o
 .debug_macro   0x00000000       0x36 ./Sources/UART.o
 .debug_macro   0x00000000       0x34 ./Sources/UART.o
 .group         0x00000000        0x8 ./Sources/analog.o
 .group         0x00000000        0x8 ./Sources/analog.o
 .group         0x00000000        0x8 ./Sources/analog.o
 .group         0x00000000        0x8 ./Sources/analog.o
 .group         0x00000000        0x8 ./Sources/analog.o
 .group         0x00000000        0x8 ./Sources/analog.o
 .group         0x00000000        0x8 ./Sources/analog.o
 .group         0x00000000        0x8 ./Sources/analog.o
 .group         0x00000000        0x8 ./Sources/analog.o
 .group         0x00000000        0x8 ./Sources/analog.o
 .group         0x00000000        0x8 ./Sources/analog.o
 .text          0x00000000        0x0 ./Sources/analog.o
 .data          0x00000000        0x0 ./Sources/analog.o
 .bss           0x00000000        0x0 ./Sources/analog.o
 .rodata.Channel_Mask
                0x00000000        0x2 ./Sources/analog.o
 .rodata.Analog_Address
                0x00000000        0x1 ./Sources/analog.o
 .debug_macro   0x00000000      0x850 ./Sources/analog.o
 .debug_macro   0x00000000       0x16 ./Sources/analog.o
 .debug_macro   0x00000000       0x44 ./Sources/analog.o
 .debug_macro   0x00000000      0x209 ./Sources/analog.o
 .debug_macro   0x00000000       0x22 ./Sources/analog.o
 .debug_macro   0x00000000      0x14e ./Sources/analog.o
 .debug_macro   0x00000000       0x64 ./Sources/analog.o
 .debug_macro   0x00000000    0x174c1 ./Sources/analog.o
 .debug_macro   0x00000000       0x9a ./Sources/analog.o
 .debug_macro   0x00000000     0x17fa ./Sources/analog.o
 .group         0x00000000        0x8 ./Sources/flash.o
 .group         0x00000000        0x8 ./Sources/flash.o
 .group         0x00000000        0x8 ./Sources/flash.o
 .group         0x00000000        0x8 ./Sources/flash.o
 .group         0x00000000        0x8 ./Sources/flash.o
 .group         0x00000000        0x8 ./Sources/flash.o
 .group         0x00000000        0x8 ./Sources/flash.o
 .group         0x00000000        0x8 ./Sources/flash.o
 .group         0x00000000        0x8 ./Sources/flash.o
 .group         0x00000000        0x8 ./Sources/flash.o
 .group         0x00000000        0x8 ./Sources/flash.o
 .text          0x00000000        0x0 ./Sources/flash.o
 .data          0x00000000        0x0 ./Sources/flash.o
 .bss           0x00000000        0x0 ./Sources/flash.o
 .debug_macro   0x00000000      0x850 ./Sources/flash.o
 .debug_macro   0x00000000       0x16 ./Sources/flash.o
 .debug_macro   0x00000000       0x44 ./Sources/flash.o
 .debug_macro   0x00000000      0x209 ./Sources/flash.o
 .debug_macro   0x00000000       0x22 ./Sources/flash.o
 .debug_macro   0x00000000    0x174c1 ./Sources/flash.o
 .debug_macro   0x00000000      0x14e ./Sources/flash.o
 .debug_macro   0x00000000       0x64 ./Sources/flash.o
 .debug_macro   0x00000000       0x9a ./Sources/flash.o
 .debug_macro   0x00000000     0x17fa ./Sources/flash.o
 .group         0x00000000        0x8 ./Sources/main.o
 .group         0x00000000        0x8 ./Sources/main.o
 .group         0x00000000        0x8 ./Sources/main.o
 .group         0x00000000        0x8 ./Sources/main.o
 .group         0x00000000        0x8 ./Sources/main.o
 .group         0x00000000        0x8 ./Sources/main.o
 .group         0x00000000        0x8 ./Sources/main.o
 .group         0x00000000        0x8 ./Sources/main.o
 .group         0x00000000        0x8 ./Sources/main.o
 .group         0x00000000        0x8 ./Sources/main.o
 .group         0x00000000        0x8 ./Sources/main.o
 .group         0x00000000        0x8 ./Sources/main.o
 .group         0x00000000        0x8 ./Sources/main.o
 .group         0x00000000        0x8 ./Sources/main.o
 .group         0x00000000        0x8 ./Sources/main.o
 .text          0x00000000        0x0 ./Sources/main.o
 .data          0x00000000        0x0 ./Sources/main.o
 .bss           0x00000000        0x0 ./Sources/main.o
 .rodata.BaudRate
                0x00000000        0x4 ./Sources/main.o
 .rodata.MajorTowerVersion
                0x00000000        0x1 ./Sources/main.o
 .rodata.MinorTowerVersion
                0x00000000        0x1 ./Sources/main.o
 .rodata.ADCChannel
                0x00000000        0x1 ./Sources/main.o
 .debug_macro   0x00000000      0x850 ./Sources/main.o
 .debug_macro   0x00000000       0x16 ./Sources/main.o
 .debug_macro   0x00000000       0x44 ./Sources/main.o
 .debug_macro   0x00000000      0x209 ./Sources/main.o
 .debug_macro   0x00000000       0x22 ./Sources/main.o
 .debug_macro   0x00000000      0x14e ./Sources/main.o
 .debug_macro   0x00000000       0x64 ./Sources/main.o
 .debug_macro   0x00000000    0x174c1 ./Sources/main.o
 .debug_macro   0x00000000       0x9a ./Sources/main.o
 .debug_macro   0x00000000     0x17fa ./Sources/main.o
 .debug_macro   0x00000000       0x36 ./Sources/main.o
 .debug_macro   0x00000000       0x34 ./Sources/main.o
 .debug_macro   0x00000000       0x16 ./Sources/main.o
 .debug_macro   0x00000000       0x34 ./Sources/main.o
 .group         0x00000000        0x8 ./Sources/median.o
 .group         0x00000000        0x8 ./Sources/median.o
 .group         0x00000000        0x8 ./Sources/median.o
 .group         0x00000000        0x8 ./Sources/median.o
 .group         0x00000000        0x8 ./Sources/median.o
 .text          0x00000000        0x0 ./Sources/median.o
 .data          0x00000000        0x0 ./Sources/median.o
 .bss           0x00000000        0x0 ./Sources/median.o
 .debug_macro   0x00000000      0x850 ./Sources/median.o
 .debug_macro   0x00000000       0x16 ./Sources/median.o
 .debug_macro   0x00000000       0x44 ./Sources/median.o
 .debug_macro   0x00000000      0x209 ./Sources/median.o
 .debug_macro   0x00000000       0x22 ./Sources/median.o
 .group         0x00000000        0x8 ./Project_Settings/Startup_Code/startup.o
 .group         0x00000000        0x8 ./Project_Settings/Startup_Code/startup.o
 .group         0x00000000        0x8 ./Project_Settings/Startup_Code/startup.o
 .group         0x00000000        0x8 ./Project_Settings/Startup_Code/startup.o
 .group         0x00000000        0x8 ./Project_Settings/Startup_Code/startup.o
 .group         0x00000000        0x8 ./Project_Settings/Startup_Code/startup.o
 .group         0x00000000        0x8 ./Project_Settings/Startup_Code/startup.o
 .group         0x00000000        0x8 ./Project_Settings/Startup_Code/startup.o
 .group         0x00000000        0x8 ./Project_Settings/Startup_Code/startup.o
 .group         0x00000000        0x8 ./Project_Settings/Startup_Code/startup.o
 .group         0x00000000        0x8 ./Project_Settings/Startup_Code/startup.o
 .group         0x00000000        0x8 ./Project_Settings/Startup_Code/startup.o
 .group         0x00000000        0x8 ./Project_Settings/Startup_Code/startup.o
 .group         0x00000000        0x8 ./Project_Settings/Startup_Code/startup.o
 .group         0x00000000        0x8 ./Project_Settings/Startup_Code/startup.o
 .group         0x00000000        0x8 ./Project_Settings/Startup_Code/startup.o
 .group         0x00000000        0x8 ./Project_Settings/Startup_Code/startup.o
 .group         0x00000000        0x8 ./Project_Settings/Startup_Code/startup.o
 .group         0x00000000        0x8 ./Project_Settings/Startup_Code/startup.o
 .text          0x00000000        0x0 ./Project_Settings/Startup_Code/startup.o
 .data          0x00000000        0x0 ./Project_Settings/Startup_Code/startup.o
 .bss           0x00000000        0x0 ./Project_Settings/Startup_Code/startup.o
 .text.__init_hardware
                0x00000000        0xc ./Project_Settings/Startup_Code/startup.o
 .text.__iar_program_start
                0x00000000        0xc ./Project_Settings/Startup_Code/startup.o
 .debug_macro   0x00000000      0x850 ./Project_Settings/Startup_Code/startup.o
 .debug_macro   0x00000000       0x16 ./Project_Settings/Startup_Code/startup.o
 .debug_macro   0x00000000       0x16 ./Project_Settings/Startup_Code/startup.o
 .debug_macro   0x00000000    0x174af ./Project_Settings/Startup_Code/startup.o
 .group         0x00000000        0x8 ./Generated_Code/Cpu.o
 .group         0x00000000        0x8 ./Generated_Code/Cpu.o
 .group         0x00000000        0x8 ./Generated_Code/Cpu.o
 .group         0x00000000        0x8 ./Generated_Code/Cpu.o
 .group         0x00000000        0x8 ./Generated_Code/Cpu.o
 .group         0x00000000        0x8 ./Generated_Code/Cpu.o
 .group         0x00000000        0x8 ./Generated_Code/Cpu.o
 .group         0x00000000        0x8 ./Generated_Code/Cpu.o
 .group         0x00000000        0x8 ./Generated_Code/Cpu.o
 .text          0x00000000        0x0 ./Generated_Code/Cpu.o
 .data          0x00000000        0x0 ./Generated_Code/Cpu.o
 .bss           0x00000000        0x0 ./Generated_Code/Cpu.o
 .debug_macro   0x00000000      0x850 ./Generated_Code/Cpu.o
 .debug_macro   0x00000000       0x16 ./Generated_Code/Cpu.o
 .debug_macro   0x00000000       0x44 ./Generated_Code/Cpu.o
 .debug_macro   0x00000000      0x209 ./Generated_Code/Cpu.o
 .debug_macro   0x00000000      0x14e ./Generated_Code/Cpu.o
 .debug_macro   0x00000000       0x64 ./Generated_Code/Cpu.o
 .debug_macro   0x00000000    0x174c1 ./Generated_Code/Cpu.o
 .debug_macro   0x00000000       0x9a ./Generated_Code/Cpu.o
 .debug_macro   0x00000000     0x17fa ./Generated_Code/Cpu.o
 .group         0x00000000        0x8 ./Generated_Code/PE_LDD.o
 .group         0x00000000        0x8 ./Generated_Code/PE_LDD.o
 .group         0x00000000        0x8 ./Generated_Code/PE_LDD.o
 .group         0x00000000        0x8 ./Generated_Code/PE_LDD.o
 .group         0x00000000        0x8 ./Generated_Code/PE_LDD.o
 .group         0x00000000        0x8 ./Generated_Code/PE_LDD.o
 .group         0x00000000        0x8 ./Generated_Code/PE_LDD.o
 .group         0x00000000        0x8 ./Generated_Code/PE_LDD.o
 .group         0x00000000        0x8 ./Generated_Code/PE_LDD.o
 .text          0x00000000        0x0 ./Generated_Code/PE_LDD.o
 .data          0x00000000        0x0 ./Generated_Code/PE_LDD.o
 .bss           0x00000000        0x0 ./Generated_Code/PE_LDD.o
 .rodata.PE_CpuClockConfigurations
                0x00000000       0x28 ./Generated_Code/PE_LDD.o
 .text.PE_FillMemory
                0x00000000       0x24 ./Generated_Code/PE_LDD.o
 .text.PE_PeripheralUsed
                0x00000000       0x18 ./Generated_Code/PE_LDD.o
 .text.LDD_SetClockConfiguration
                0x00000000       0x14 ./Generated_Code/PE_LDD.o
 .debug_info    0x00000000      0x215 ./Generated_Code/PE_LDD.o
 .debug_abbrev  0x00000000       0xf3 ./Generated_Code/PE_LDD.o
 .debug_aranges
                0x00000000       0x30 ./Generated_Code/PE_LDD.o
 .debug_ranges  0x00000000       0x20 ./Generated_Code/PE_LDD.o
 .debug_macro   0x00000000       0x93 ./Generated_Code/PE_LDD.o
 .debug_macro   0x00000000      0x850 ./Generated_Code/PE_LDD.o
 .debug_macro   0x00000000       0x16 ./Generated_Code/PE_LDD.o
 .debug_macro   0x00000000       0x44 ./Generated_Code/PE_LDD.o
 .debug_macro   0x00000000      0x209 ./Generated_Code/PE_LDD.o
 .debug_macro   0x00000000      0x14e ./Generated_Code/PE_LDD.o
 .debug_macro   0x00000000       0x64 ./Generated_Code/PE_LDD.o
 .debug_macro   0x00000000    0x174c1 ./Generated_Code/PE_LDD.o
 .debug_macro   0x00000000       0x9a ./Generated_Code/PE_LDD.o
 .debug_macro   0x00000000     0x17fa ./Generated_Code/PE_LDD.o
 .debug_line    0x00000000      0x23e ./Generated_Code/PE_LDD.o
 .debug_str     0x00000000    0x8a78e ./Generated_Code/PE_LDD.o
 .comment       0x00000000       0x71 ./Generated_Code/PE_LDD.o
 .ARM.attributes
                0x00000000       0x39 ./Generated_Code/PE_LDD.o
 .debug_frame   0x00000000       0x64 ./Generated_Code/PE_LDD.o
 .group         0x00000000        0x8 ./Generated_Code/Vectors.o
 .group         0x00000000        0x8 ./Generated_Code/Vectors.o
 .group         0x00000000        0x8 ./Generated_Code/Vectors.o
 .group         0x00000000        0x8 ./Generated_Code/Vectors.o
 .group         0x00000000        0x8 ./Generated_Code/Vectors.o
 .group         0x00000000        0x8 ./Generated_Code/Vectors.o
 .group         0x00000000        0x8 ./Generated_Code/Vectors.o
 .group         0x00000000        0x8 ./Generated_Code/Vectors.o
 .group         0x00000000        0x8 ./Generated_Code/Vectors.o
 .group         0x00000000        0x8 ./Generated_Code/Vectors.o
 .group         0x00000000        0x8 ./Generated_Code/Vectors.o
 .text          0x00000000        0x0 ./Generated_Code/Vectors.o
 .data          0x00000000        0x0 ./Generated_Code/Vectors.o
 .bss           0x00000000        0x0 ./Generated_Code/Vectors.o
 .debug_macro   0x00000000      0x850 ./Generated_Code/Vectors.o
 .debug_macro   0x00000000       0x16 ./Generated_Code/Vectors.o
 .debug_macro   0x00000000       0x44 ./Generated_Code/Vectors.o
 .debug_macro   0x00000000      0x209 ./Generated_Code/Vectors.o
 .debug_macro   0x00000000     0x17fa ./Generated_Code/Vectors.o
 .debug_macro   0x00000000      0x14e ./Generated_Code/Vectors.o
 .debug_macro   0x00000000       0x64 ./Generated_Code/Vectors.o
 .debug_macro   0x00000000    0x174c1 ./Generated_Code/Vectors.o
 .debug_macro   0x00000000       0x9a ./Generated_Code/Vectors.o
 .debug_macro   0x00000000       0x22 ./Generated_Code/Vectors.o
 .debug_macro   0x00000000       0x36 ./Generated_Code/Vectors.o
 .group         0x00000000        0x8 C:\Users\12544312\Documents\Embedded\lab 5\Library\libOS.a(OS.o)
 .group         0x00000000        0x8 C:\Users\12544312\Documents\Embedded\lab 5\Library\libOS.a(OS.o)
 .group         0x00000000        0x8 C:\Users\12544312\Documents\Embedded\lab 5\Library\libOS.a(OS.o)
 .group         0x00000000        0x8 C:\Users\12544312\Documents\Embedded\lab 5\Library\libOS.a(OS.o)
 .group         0x00000000        0x8 C:\Users\12544312\Documents\Embedded\lab 5\Library\libOS.a(OS.o)
 .group         0x00000000        0x8 C:\Users\12544312\Documents\Embedded\lab 5\Library\libOS.a(OS.o)
 .group         0x00000000        0x8 C:\Users\12544312\Documents\Embedded\lab 5\Library\libOS.a(OS.o)
 .group         0x00000000        0x8 C:\Users\12544312\Documents\Embedded\lab 5\Library\libOS.a(OS.o)
 .group         0x00000000        0x8 C:\Users\12544312\Documents\Embedded\lab 5\Library\libOS.a(OS.o)
 .group         0x00000000        0x8 C:\Users\12544312\Documents\Embedded\lab 5\Library\libOS.a(OS.o)
 .group         0x00000000        0x8 C:\Users\12544312\Documents\Embedded\lab 5\Library\libOS.a(OS.o)
 .text          0x00000000        0x0 C:\Users\12544312\Documents\Embedded\lab 5\Library\libOS.a(OS.o)
 .data          0x00000000        0x0 C:\Users\12544312\Documents\Embedded\lab 5\Library\libOS.a(OS.o)
 .bss           0x00000000        0x0 C:\Users\12544312\Documents\Embedded\lab 5\Library\libOS.a(OS.o)
 .rodata.OS_TICK_FREQUENCY
                0x00000000        0x4 C:\Users\12544312\Documents\Embedded\lab 5\Library\libOS.a(OS.o)
 .text.OS_TimeDelay
                0x00000000       0x48 C:\Users\12544312\Documents\Embedded\lab 5\Library\libOS.a(OS.o)
 .text.OS_TimeGet
                0x00000000       0x24 C:\Users\12544312\Documents\Embedded\lab 5\Library\libOS.a(OS.o)
 .text.OS_TimeSet
                0x00000000       0x20 C:\Users\12544312\Documents\Embedded\lab 5\Library\libOS.a(OS.o)
 .debug_macro   0x00000000      0x850 C:\Users\12544312\Documents\Embedded\lab 5\Library\libOS.a(OS.o)
 .debug_macro   0x00000000       0x16 C:\Users\12544312\Documents\Embedded\lab 5\Library\libOS.a(OS.o)
 .debug_macro   0x00000000       0x44 C:\Users\12544312\Documents\Embedded\lab 5\Library\libOS.a(OS.o)
 .debug_macro   0x00000000      0x209 C:\Users\12544312\Documents\Embedded\lab 5\Library\libOS.a(OS.o)
 .debug_macro   0x00000000      0x14e C:\Users\12544312\Documents\Embedded\lab 5\Library\libOS.a(OS.o)
 .debug_macro   0x00000000       0x64 C:\Users\12544312\Documents\Embedded\lab 5\Library\libOS.a(OS.o)
 .debug_macro   0x00000000    0x174c1 C:\Users\12544312\Documents\Embedded\lab 5\Library\libOS.a(OS.o)
 .debug_macro   0x00000000       0x22 C:\Users\12544312\Documents\Embedded\lab 5\Library\libOS.a(OS.o)
 .text          0x00000000        0x0 c:/freescale/kds_3.0.0/toolchain/bin/../lib/gcc/arm-none-eabi/4.8.4/../../../../arm-none-eabi/lib/armv7e-m/fpu\libg_s.a(lib_a-exit.o)
 .data          0x00000000        0x0 c:/freescale/kds_3.0.0/toolchain/bin/../lib/gcc/arm-none-eabi/4.8.4/../../../../arm-none-eabi/lib/armv7e-m/fpu\libg_s.a(lib_a-exit.o)
 .bss           0x00000000        0x0 c:/freescale/kds_3.0.0/toolchain/bin/../lib/gcc/arm-none-eabi/4.8.4/../../../../arm-none-eabi/lib/armv7e-m/fpu\libg_s.a(lib_a-exit.o)
 .text          0x00000000        0x0 c:/freescale/kds_3.0.0/toolchain/bin/../lib/gcc/arm-none-eabi/4.8.4/../../../../arm-none-eabi/lib/armv7e-m/fpu\libg_s.a(lib_a-impure.o)
 .data          0x00000000        0x0 c:/freescale/kds_3.0.0/toolchain/bin/../lib/gcc/arm-none-eabi/4.8.4/../../../../arm-none-eabi/lib/armv7e-m/fpu\libg_s.a(lib_a-impure.o)
 .bss           0x00000000        0x0 c:/freescale/kds_3.0.0/toolchain/bin/../lib/gcc/arm-none-eabi/4.8.4/../../../../arm-none-eabi/lib/armv7e-m/fpu\libg_s.a(lib_a-impure.o)
 .data._impure_ptr
                0x00000000        0x4 c:/freescale/kds_3.0.0/toolchain/bin/../lib/gcc/arm-none-eabi/4.8.4/../../../../arm-none-eabi/lib/armv7e-m/fpu\libg_s.a(lib_a-impure.o)
 .text          0x00000000        0x0 c:/freescale/kds_3.0.0/toolchain/bin/../lib/gcc/arm-none-eabi/4.8.4/../../../../arm-none-eabi/lib/armv7e-m/fpu\libg_s.a(lib_a-init.o)
 .data          0x00000000        0x0 c:/freescale/kds_3.0.0/toolchain/bin/../lib/gcc/arm-none-eabi/4.8.4/../../../../arm-none-eabi/lib/armv7e-m/fpu\libg_s.a(lib_a-init.o)
 .bss           0x00000000        0x0 c:/freescale/kds_3.0.0/toolchain/bin/../lib/gcc/arm-none-eabi/4.8.4/../../../../arm-none-eabi/lib/armv7e-m/fpu\libg_s.a(lib_a-init.o)
 .text          0x00000000        0x0 c:/freescale/kds_3.0.0/toolchain/bin/../lib/gcc/arm-none-eabi/4.8.4/../../../../arm-none-eabi/lib/armv7e-m/fpu\libg_s.a(lib_a-memset.o)
 .data          0x00000000        0x0 c:/freescale/kds_3.0.0/toolchain/bin/../lib/gcc/arm-none-eabi/4.8.4/../../../../arm-none-eabi/lib/armv7e-m/fpu\libg_s.a(lib_a-memset.o)
 .bss           0x00000000        0x0 c:/freescale/kds_3.0.0/toolchain/bin/../lib/gcc/arm-none-eabi/4.8.4/../../../../arm-none-eabi/lib/armv7e-m/fpu\libg_s.a(lib_a-memset.o)
 .text          0x00000000        0x0 c:/freescale/kds_3.0.0/toolchain/bin/../lib/gcc/arm-none-eabi/4.8.4/../../../../arm-none-eabi/lib/armv7e-m/fpu\libnosys.a(_exit.o)
 .data          0x00000000        0x0 c:/freescale/kds_3.0.0/toolchain/bin/../lib/gcc/arm-none-eabi/4.8.4/../../../../arm-none-eabi/lib/armv7e-m/fpu\libnosys.a(_exit.o)
 .bss           0x00000000        0x0 c:/freescale/kds_3.0.0/toolchain/bin/../lib/gcc/arm-none-eabi/4.8.4/../../../../arm-none-eabi/lib/armv7e-m/fpu\libnosys.a(_exit.o)
 .text          0x00000000        0x0 c:/freescale/kds_3.0.0/toolchain/bin/../lib/gcc/arm-none-eabi/4.8.4/armv7e-m/fpu/crtend.o
 .data          0x00000000        0x0 c:/freescale/kds_3.0.0/toolchain/bin/../lib/gcc/arm-none-eabi/4.8.4/armv7e-m/fpu/crtend.o
 .bss           0x00000000        0x0 c:/freescale/kds_3.0.0/toolchain/bin/../lib/gcc/arm-none-eabi/4.8.4/armv7e-m/fpu/crtend.o
 .eh_frame      0x00000000        0x4 c:/freescale/kds_3.0.0/toolchain/bin/../lib/gcc/arm-none-eabi/4.8.4/armv7e-m/fpu/crtend.o
 .jcr           0x00000000        0x4 c:/freescale/kds_3.0.0/toolchain/bin/../lib/gcc/arm-none-eabi/4.8.4/armv7e-m/fpu/crtend.o
 .ARM.attributes
                0x00000000       0x34 c:/freescale/kds_3.0.0/toolchain/bin/../lib/gcc/arm-none-eabi/4.8.4/armv7e-m/fpu/crtend.o
 .text          0x00000000        0x0 c:/freescale/kds_3.0.0/toolchain/bin/../lib/gcc/arm-none-eabi/4.8.4/armv7e-m/fpu/crtn.o
 .data          0x00000000        0x0 c:/freescale/kds_3.0.0/toolchain/bin/../lib/gcc/arm-none-eabi/4.8.4/armv7e-m/fpu/crtn.o
 .bss           0x00000000        0x0 c:/freescale/kds_3.0.0/toolchain/bin/../lib/gcc/arm-none-eabi/4.8.4/armv7e-m/fpu/crtn.o

Memory Configuration

Name             Origin             Length             Attributes
m_interrupts     0x00000000         0x000001e8         xr
m_text           0x00000410         0x0007fbf0         xr
m_data           0x1fff0000         0x00010000         rw
m_data_20000000  0x20000000         0x00010000         rw
m_cfmprotrom     0x00000400         0x00000010         xr
*default*        0x00000000         0xffffffff

Linker script and memory map

LOAD c:/freescale/kds_3.0.0/toolchain/bin/../lib/gcc/arm-none-eabi/4.8.4/armv7e-m/fpu/crti.o
LOAD c:/freescale/kds_3.0.0/toolchain/bin/../lib/gcc/arm-none-eabi/4.8.4/armv7e-m/fpu/crtbegin.o
LOAD c:/freescale/kds_3.0.0/toolchain/bin/../lib/gcc/arm-none-eabi/4.8.4/../../../../arm-none-eabi/lib/armv7e-m/fpu/crt0.o
LOAD ./Sources/Events.o
LOAD ./Sources/FIFO.o
LOAD ./Sources/FTM.o
LOAD ./Sources/LEDs.o
LOAD ./Sources/PIT.o
LOAD ./Sources/Packet.o
LOAD ./Sources/RTC.o
LOAD ./Sources/SPI.o
LOAD ./Sources/UART.o
LOAD ./Sources/analog.o
LOAD ./Sources/flash.o
LOAD ./Sources/main.o
LOAD ./Sources/median.o
LOAD ./Project_Settings/Startup_Code/startup.o
LOAD ./Generated_Code/Cpu.o
LOAD ./Generated_Code/PE_LDD.o
LOAD ./Generated_Code/Vectors.o
LOAD C:\Users\12544312\Documents\Embedded\lab 5\Library\libLab3.a
LOAD C:\Users\12544312\Documents\Embedded\lab 5\Library\libOS.a
LOAD C:\Users\12544312\Documents\Embedded\lab 5\Library\libPMcL.a
LOAD c:/freescale/kds_3.0.0/toolchain/bin/../lib/gcc/arm-none-eabi/4.8.4/../../../../arm-none-eabi/lib/armv7e-m/fpu\libstdc++_s.a
LOAD c:/freescale/kds_3.0.0/toolchain/bin/../lib/gcc/arm-none-eabi/4.8.4/../../../../arm-none-eabi/lib/armv7e-m/fpu\libm.a
START GROUP
LOAD c:/freescale/kds_3.0.0/toolchain/bin/../lib/gcc/arm-none-eabi/4.8.4/armv7e-m/fpu\libgcc.a
LOAD c:/freescale/kds_3.0.0/toolchain/bin/../lib/gcc/arm-none-eabi/4.8.4/../../../../arm-none-eabi/lib/armv7e-m/fpu\libg_s.a
LOAD c:/freescale/kds_3.0.0/toolchain/bin/../lib/gcc/arm-none-eabi/4.8.4/../../../../arm-none-eabi/lib/armv7e-m/fpu\libc_s.a
END GROUP
START GROUP
LOAD c:/freescale/kds_3.0.0/toolchain/bin/../lib/gcc/arm-none-eabi/4.8.4/armv7e-m/fpu\libgcc.a
LOAD c:/freescale/kds_3.0.0/toolchain/bin/../lib/gcc/arm-none-eabi/4.8.4/../../../../arm-none-eabi/lib/armv7e-m/fpu\libc_s.a
LOAD c:/freescale/kds_3.0.0/toolchain/bin/../lib/gcc/arm-none-eabi/4.8.4/../../../../arm-none-eabi/lib/armv7e-m/fpu\libnosys.a
END GROUP
START GROUP
LOAD c:/freescale/kds_3.0.0/toolchain/bin/../lib/gcc/arm-none-eabi/4.8.4/armv7e-m/fpu\libgcc.a
LOAD c:/freescale/kds_3.0.0/toolchain/bin/../lib/gcc/arm-none-eabi/4.8.4/../../../../arm-none-eabi/lib/armv7e-m/fpu\libc_s.a
LOAD c:/freescale/kds_3.0.0/toolchain/bin/../lib/gcc/arm-none-eabi/4.8.4/../../../../arm-none-eabi/lib/armv7e-m/fpu\libnosys.a
END GROUP
LOAD c:/freescale/kds_3.0.0/toolchain/bin/../lib/gcc/arm-none-eabi/4.8.4/armv7e-m/fpu/crtend.o
LOAD c:/freescale/kds_3.0.0/toolchain/bin/../lib/gcc/arm-none-eabi/4.8.4/armv7e-m/fpu/crtn.o
                0x20000000                _estack = 0x20000000
                0x20000000                __SP_INIT = _estack
                0x20000000                __stack = _estack
                0x00000000                __heap_size = 0x0
                0x00000400                __stack_size = 0x400

.interrupts     0x00000000      0x1e8
                0x00000000                __vector_table = .
                0x00000000                . = ALIGN (0x4)
 *(.vectortable)
 .vectortable   0x00000000      0x1e8 ./Generated_Code/Vectors.o
                0x00000000                __vect_table
                0x000001e8                . = ALIGN (0x4)

.cfmprotect     0x00000400       0x10
                0x00000400                . = ALIGN (0x4)
 *(.cfmconfig)
 .cfmconfig     0x00000400       0x10 ./Generated_Code/Cpu.o
                0x00000400                _cfm
                0x00000410                . = ALIGN (0x4)

.text           0x00000410     0x346c
                0x00000410                . = ALIGN (0x4)
 *(.text)
 .text          0x00000410       0x54 c:/freescale/kds_3.0.0/toolchain/bin/../lib/gcc/arm-none-eabi/4.8.4/armv7e-m/fpu/crtbegin.o
 .text          0x00000464       0x74 c:/freescale/kds_3.0.0/toolchain/bin/../lib/gcc/arm-none-eabi/4.8.4/../../../../arm-none-eabi/lib/armv7e-m/fpu/crt0.o
                0x00000464                _start
                0x00000464                _mainCRTStartup
 *(.text*)
 .text.FIFO_Init
                0x000004d8       0x44 ./Sources/FIFO.o
                0x000004d8                FIFO_Init
 .text.FIFO_Put
                0x0000051c       0x54 ./Sources/FIFO.o
                0x0000051c                FIFO_Put
 .text.FIFO_Get
                0x00000570       0x54 ./Sources/FIFO.o
                0x00000570                FIFO_Get
 .text.FTM_Init
                0x000005c4       0xa0 ./Sources/FTM.o
                0x000005c4                FTM_Init
 .text.FTM_Set  0x00000664      0x110 ./Sources/FTM.o
                0x00000664                FTM_Set
 .text.FTM_StartTimer
                0x00000774       0xac ./Sources/FTM.o
                0x00000774                FTM_StartTimer
 .text.FTM0_ISR
                0x00000820       0x94 ./Sources/FTM.o
                0x00000820                FTM0_ISR
 .text.FTMThread
                0x000008b4       0x8c ./Sources/FTM.o
 .text.LEDs_Init
                0x00000940       0xc0 ./Sources/LEDs.o
                0x00000940                LEDs_Init
 .text.LEDs_On  0x00000a00       0x1c ./Sources/LEDs.o
                0x00000a00                LEDs_On
 .text.LEDs_Off
                0x00000a1c       0x1c ./Sources/LEDs.o
                0x00000a1c                LEDs_Off
 .text.LEDs_Toggle
                0x00000a38       0x1c ./Sources/LEDs.o
                0x00000a38                LEDs_Toggle
 .text.PIT_Init
                0x00000a54       0xb8 ./Sources/PIT.o
                0x00000a54                PIT_Init
 .text.PIT_Set  0x00000b0c       0x68 ./Sources/PIT.o
                0x00000b0c                PIT_Set
 .text.PIT_Enable
                0x00000b74       0x38 ./Sources/PIT.o
                0x00000b74                PIT_Enable
 .text.PIT_ISR  0x00000bac       0x40 ./Sources/PIT.o
                0x00000bac                PIT_ISR
 .text.PITThread
                0x00000bec       0x38 ./Sources/PIT.o
 .text.Packet_Init
                0x00000c24       0x2c ./Sources/Packet.o
                0x00000c24                Packet_Init
 .text.Packet_Get
                0x00000c50      0x128 ./Sources/Packet.o
                0x00000c50                Packet_Get
 .text.Packet_Put
                0x00000d78       0x98 ./Sources/Packet.o
                0x00000d78                Packet_Put
 .text.CalculateChecksum
                0x00000e10       0x30 ./Sources/Packet.o
 .text.RTC_Init
                0x00000e40      0x128 ./Sources/RTC.o
                0x00000e40                RTC_Init
 .text.RTC_Set  0x00000f68       0x74 ./Sources/RTC.o
                0x00000f68                RTC_Set
 .text.RTC_Get  0x00000fdc       0xa0 ./Sources/RTC.o
                0x00000fdc                RTC_Get
 .text.RTC_ISR  0x0000107c       0x2c ./Sources/RTC.o
                0x0000107c                RTC_ISR
 .text.RTCThread
                0x000010a8       0x38 ./Sources/RTC.o
 .text.CalculateDelay
                0x000010e0      0x124 ./Sources/SPI.o
                0x000010e0                CalculateDelay
 .text.CalculateBaud
                0x00001204      0x124 ./Sources/SPI.o
                0x00001204                CalculateBaud
 .text.SPI_Init
                0x00001328      0x208 ./Sources/SPI.o
                0x00001328                SPI_Init
 .text.SPI_SelectSlaveDevice
                0x00001530       0x98 ./Sources/SPI.o
                0x00001530                SPI_SelectSlaveDevice
 .text.SPI_Exchange
                0x000015c8       0x6c ./Sources/SPI.o
                0x000015c8                SPI_Exchange
 .text.UART_Init
                0x00001634      0x1b8 ./Sources/UART.o
                0x00001634                UART_Init
 .text.UART_InChar
                0x000017ec       0x20 ./Sources/UART.o
                0x000017ec                UART_InChar
 .text.UART_OutChar
                0x0000180c       0x38 ./Sources/UART.o
                0x0000180c                UART_OutChar
 .text.UART_ISR
                0x00001844       0x90 ./Sources/UART.o
                0x00001844                UART_ISR
 .text.UARTRxThread
                0x000018d4       0x48 ./Sources/UART.o
 .text.UARTTxThread
                0x0000191c       0x50 ./Sources/UART.o
 .text.getMedian
                0x0000196c       0x60 ./Sources/analog.o
                0x0000196c                getMedian
 .text.Analog_Init
                0x000019cc       0xc0 ./Sources/analog.o
                0x000019cc                Analog_Init
 .text.Analog_Get
                0x00001a8c      0x12c ./Sources/analog.o
                0x00001a8c                Analog_Get
 .text.Flash_Init
                0x00001bb8       0x10 ./Sources/flash.o
                0x00001bb8                Flash_Init
 .text.Flash_AllocateVar
                0x00001bc8      0x164 ./Sources/flash.o
                0x00001bc8                Flash_AllocateVar
 .text.Flash_Write32
                0x00001d2c       0x6c ./Sources/flash.o
                0x00001d2c                Flash_Write32
 .text.Flash_Write16
                0x00001d98       0x6c ./Sources/flash.o
                0x00001d98                Flash_Write16
 .text.Flash_Write8
                0x00001e04       0x60 ./Sources/flash.o
                0x00001e04                Flash_Write8
 .text.Flash_Erase
                0x00001e64       0x10 ./Sources/flash.o
                0x00001e64                Flash_Erase
 .text.ModifyPhrase
                0x00001e74       0x30 ./Sources/flash.o
 .text.EraseSector
                0x00001ea4       0x2c ./Sources/flash.o
 .text.LaunchCommand
                0x00001ed0       0xd4 ./Sources/flash.o
 .text.WritePhrase
                0x00001fa4       0x40 ./Sources/flash.o
 .text.LoadAddress
                0x00001fe4       0x34 ./Sources/flash.o
 .text.LoadData
                0x00002018       0x5c ./Sources/flash.o
 .text.HandleProgramPacket
                0x00002074       0x58 ./Sources/main.o
 .text.HandleReadPacket
                0x000020cc       0x54 ./Sources/main.o
 .text.HandleVersionPacket
                0x00002120       0x48 ./Sources/main.o
 .text.HandleNumberPacket
                0x00002168       0x7c ./Sources/main.o
 .text.HandleModePacket
                0x000021e4       0x7c ./Sources/main.o
 .text.HandleTimePacket
                0x00002260       0x40 ./Sources/main.o
 .text.HandleProtocolPacket
                0x000022a0       0xb8 ./Sources/main.o
 .text.HandleSpecialPacket
                0x00002358       0xf0 ./Sources/main.o
 .text.HandlePacket
                0x00002448      0x108 ./Sources/main.o
 .text.TowerNumberModeInit
                0x00002550       0x78 ./Sources/main.o
 .text.PITCallback
                0x000025c8       0xe0 ./Sources/main.o
 .text.RTCCallback
                0x000026a8       0x40 ./Sources/main.o
 .text.FTM0CH0Callback
                0x000026e8       0x18 ./Sources/main.o
 .text.CH01SecondTimerInit
                0x00002700       0x3c ./Sources/main.o
 .text.PacketThread
                0x0000273c       0x1c ./Sources/main.o
 .text.InitThread
                0x00002758       0x98 ./Sources/main.o
 .text.main     0x000027f0       0x44 ./Sources/main.o
                0x000027f0                main
 .text.Median_Filter
                0x00002834      0x124 ./Sources/median.o
                0x00002834                Median_Filter
 .text.__copy_rom_section
                0x00002958       0xe4 ./Project_Settings/Startup_Code/startup.o
                0x00002958                __copy_rom_section
 .text.__copy_rom_sections_to_ram
                0x00002a3c       0x9c ./Project_Settings/Startup_Code/startup.o
                0x00002a3c                __copy_rom_sections_to_ram
 .text.__init_registers
                0x00002ad8       0x20 ./Project_Settings/Startup_Code/startup.o
                0x00002ad8                __init_registers
 .text.__init_user
                0x00002af8        0xc ./Project_Settings/Startup_Code/startup.o
                0x00002af8                __init_user
 .text.__thumb_startup
                0x00002b04       0x34 ./Project_Settings/Startup_Code/startup.o
                0x00002b04                __thumb_startup
 .text.Cpu_Interrupt
                0x00002b38       0x18 ./Generated_Code/Cpu.o
                0x00002b38                Cpu_Interrupt
 .text.__init_hardware
                0x00002b50      0x1cc ./Generated_Code/Cpu.o
                0x00002b50                __init_hardware
 .text.Cpu_SetBASEPRI
                0x00002d1c       0x18 ./Generated_Code/Cpu.o
                0x00002d1c                Cpu_SetBASEPRI
 .text.PE_low_level_init
                0x00002d34       0xe4 ./Generated_Code/Cpu.o
                0x00002d34                PE_low_level_init
 .text.OS_Init  0x00002e18      0x110 C:\Users\12544312\Documents\Embedded\lab 5\Library\libOS.a(OS.o)
                0x00002e18                OS_Init
 .text.OS_ISREnter
                0x00002f28       0x20 C:\Users\12544312\Documents\Embedded\lab 5\Library\libOS.a(OS.o)
                0x00002f28                OS_ISREnter
 .text.OS_ISRExit
                0x00002f48       0x1c C:\Users\12544312\Documents\Embedded\lab 5\Library\libOS.a(OS.o)
                0x00002f48                OS_ISRExit
 .text.OS_SemaphoreCreate
                0x00002f64       0x90 C:\Users\12544312\Documents\Embedded\lab 5\Library\libOS.a(OS.o)
                0x00002f64                OS_SemaphoreCreate
 .text.OS_SemaphoreSignal
                0x00002ff4       0x44 C:\Users\12544312\Documents\Embedded\lab 5\Library\libOS.a(OS.o)
                0x00002ff4                OS_SemaphoreSignal
 .text.OS_SemaphoreWait
                0x00003038       0x58 C:\Users\12544312\Documents\Embedded\lab 5\Library\libOS.a(OS.o)
                0x00003038                OS_SemaphoreWait
 .text.OS_Start
                0x00003090       0x10 C:\Users\12544312\Documents\Embedded\lab 5\Library\libOS.a(OS.o)
                0x00003090                OS_Start
 .text.OS_ThreadCreate
                0x000030a0      0x160 C:\Users\12544312\Documents\Embedded\lab 5\Library\libOS.a(OS.o)
                0x000030a0                OS_ThreadCreate
 .text.OS_ThreadDelete
                0x00003200      0x18c C:\Users\12544312\Documents\Embedded\lab 5\Library\libOS.a(OS.o)
                0x00003200                OS_ThreadDelete
 .text.EventThreadReady
                0x0000338c       0x68 C:\Users\12544312\Documents\Embedded\lab 5\Library\libOS.a(OS.o)
 .text.EventThreadWait
                0x000033f4       0x64 C:\Users\12544312\Documents\Embedded\lab 5\Library\libOS.a(OS.o)
 .text.EventTimeout
                0x00003458       0x40 C:\Users\12544312\Documents\Embedded\lab 5\Library\libOS.a(OS.o)
 .text.Idle     0x00003498       0x18 C:\Users\12544312\Documents\Embedded\lab 5\Library\libOS.a(OS.o)
 .text.FindFirstSet
                0x000034b0       0x44 C:\Users\12544312\Documents\Embedded\lab 5\Library\libOS.a(OS.o)
 .text.Schedule
                0x000034f4       0x64 C:\Users\12544312\Documents\Embedded\lab 5\Library\libOS.a(OS.o)
 .text.TCBInit  0x00003558       0xcc C:\Users\12544312\Documents\Embedded\lab 5\Library\libOS.a(OS.o)
 .text.TimeTick
                0x00003624       0x74 C:\Users\12544312\Documents\Embedded\lab 5\Library\libOS.a(OS.o)
 *fill*         0x00003698        0x8 
 .text.OS_ContextSwitchISR
                0x000036a0       0x70 C:\Users\12544312\Documents\Embedded\lab 5\Library\libOS.a(OS.o)
                0x000036a0                OS_ContextSwitchISR
 .text.OS_SysTickISR
                0x00003710       0x5c C:\Users\12544312\Documents\Embedded\lab 5\Library\libOS.a(OS.o)
                0x00003710                OS_SysTickISR
 .text.exit     0x0000376c       0x28 c:/freescale/kds_3.0.0/toolchain/bin/../lib/gcc/arm-none-eabi/4.8.4/../../../../arm-none-eabi/lib/armv7e-m/fpu\libg_s.a(lib_a-exit.o)
                0x0000376c                exit
 .text.__libc_init_array
                0x00003794       0x4c c:/freescale/kds_3.0.0/toolchain/bin/../lib/gcc/arm-none-eabi/4.8.4/../../../../arm-none-eabi/lib/armv7e-m/fpu\libg_s.a(lib_a-init.o)
                0x00003794                __libc_init_array
 .text.memset   0x000037e0       0x10 c:/freescale/kds_3.0.0/toolchain/bin/../lib/gcc/arm-none-eabi/4.8.4/../../../../arm-none-eabi/lib/armv7e-m/fpu\libg_s.a(lib_a-memset.o)
                0x000037e0                memset
 .text._exit    0x000037f0        0x4 c:/freescale/kds_3.0.0/toolchain/bin/../lib/gcc/arm-none-eabi/4.8.4/../../../../arm-none-eabi/lib/armv7e-m/fpu\libnosys.a(_exit.o)
                0x000037f0                _exit
 *(.rodata)
 .rodata        0x000037f4       0x68 ./Sources/SPI.o
 *(.rodata*)
 .rodata.PACKET_ACK_MASK
                0x0000385c        0x1 ./Sources/Packet.o
                0x0000385c                PACKET_ACK_MASK
 .rodata.str1.1
                0x0000385d        0x2 c:/freescale/kds_3.0.0/toolchain/bin/../lib/gcc/arm-none-eabi/4.8.4/../../../../arm-none-eabi/lib/armv7e-m/fpu\libg_s.a(lib_a-impure.o)
 *fill*         0x0000385f        0x1 
 .rodata._global_impure_ptr
                0x00003860        0x4 c:/freescale/kds_3.0.0/toolchain/bin/../lib/gcc/arm-none-eabi/4.8.4/../../../../arm-none-eabi/lib/armv7e-m/fpu\libg_s.a(lib_a-impure.o)
                0x00003860                _global_impure_ptr
 *(.glue_7)
 .glue_7        0x00000000        0x0 linker stubs
 *(.glue_7t)
 .glue_7t       0x00000000        0x0 linker stubs
 *(.eh_frame)
 .eh_frame      0x00003864        0x0 c:/freescale/kds_3.0.0/toolchain/bin/../lib/gcc/arm-none-eabi/4.8.4/armv7e-m/fpu/crtbegin.o
 *(.init)
 .init          0x00003864        0x4 c:/freescale/kds_3.0.0/toolchain/bin/../lib/gcc/arm-none-eabi/4.8.4/armv7e-m/fpu/crti.o
                0x00003864                _init
 .init          0x00003868        0x8 c:/freescale/kds_3.0.0/toolchain/bin/../lib/gcc/arm-none-eabi/4.8.4/armv7e-m/fpu/crtn.o
 *(.fini)
 .fini          0x00003870        0x4 c:/freescale/kds_3.0.0/toolchain/bin/../lib/gcc/arm-none-eabi/4.8.4/armv7e-m/fpu/crti.o
                0x00003870                _fini
 .fini          0x00003874        0x8 c:/freescale/kds_3.0.0/toolchain/bin/../lib/gcc/arm-none-eabi/4.8.4/armv7e-m/fpu/crtn.o
                0x0000387c                . = ALIGN (0x4)
                0x0000387c                _etext = .

.vfp11_veneer   0x0000387c        0x0
 .vfp11_veneer  0x00000000        0x0 linker stubs

.v4_bx          0x0000387c        0x0
 .v4_bx         0x00000000        0x0 linker stubs

.iplt           0x0000387c        0x0
 .iplt          0x00000000        0x0 c:/freescale/kds_3.0.0/toolchain/bin/../lib/gcc/arm-none-eabi/4.8.4/armv7e-m/fpu/crtbegin.o

.ARM.extab
 *(.ARM.extab* .gnu.linkonce.armextab.*)

.ARM            0x0000387c        0x8
                0x0000387c                __exidx_start = .
 *(.ARM.exidx*)
 .ARM.exidx     0x0000387c        0x8 c:/freescale/kds_3.0.0/toolchain/bin/../lib/gcc/arm-none-eabi/4.8.4/../../../../arm-none-eabi/lib/armv7e-m/fpu/crt0.o
                0x00003884                __exidx_end = .

.rel.dyn        0x00003884        0x0
 .rel.iplt      0x00000000        0x0 c:/freescale/kds_3.0.0/toolchain/bin/../lib/gcc/arm-none-eabi/4.8.4/armv7e-m/fpu/crtbegin.o

.ctors          0x00003884        0x0
                0x00003884                __CTOR_LIST__ = .
 *crtbegin.o(.ctors)
 *(EXCLUDE_FILE(*crtend.o) .ctors)
 *(SORT(.ctors.*))
 *(.ctors)
                0x00003884                __CTOR_END__ = .

.dtors          0x00003884        0x0
                0x00003884                __DTOR_LIST__ = .
 *crtbegin.o(.dtors)
 *(EXCLUDE_FILE(*crtend.o) .dtors)
 *(SORT(.dtors.*))
 *(.dtors)
                0x00003884                __DTOR_END__ = .

.preinit_array  0x00003884        0x0
                0x00003884                PROVIDE (__preinit_array_start, .)
 *(.preinit_array*)
                0x00003884                PROVIDE (__preinit_array_end, .)

.init_array     0x00003884        0x4
                0x00003884                PROVIDE (__init_array_start, .)
 *(SORT(.init_array.*))
 *(.init_array*)
 .init_array    0x00003884        0x4 c:/freescale/kds_3.0.0/toolchain/bin/../lib/gcc/arm-none-eabi/4.8.4/armv7e-m/fpu/crtbegin.o
                0x00003888                PROVIDE (__init_array_end, .)

.fini_array     0x00003888        0x4
                0x00003888                PROVIDE (__fini_array_start, .)
 *(SORT(.fini_array.*))
 *(.fini_array*)
 .fini_array    0x00003888        0x4 c:/freescale/kds_3.0.0/toolchain/bin/../lib/gcc/arm-none-eabi/4.8.4/armv7e-m/fpu/crtbegin.o
                0x0000388c                PROVIDE (__fini_array_end, .)
                0x0000388c                ___ROM_AT = .

.data           0x1fff0000       0x60 load address 0x0000388c
                0x1fff0000                . = ALIGN (0x4)
                0x1fff0000                _sdata = .
 *(.data)
 *(.data*)
 .data.impure_data
                0x1fff0000       0x60 c:/freescale/kds_3.0.0/toolchain/bin/../lib/gcc/arm-none-eabi/4.8.4/../../../../arm-none-eabi/lib/armv7e-m/fpu\libg_s.a(lib_a-impure.o)
                0x1fff0060                . = ALIGN (0x4)
                0x1fff0060                _edata = .
                0x00000060                ___data_size = (_edata - _sdata)
                0x000038ec                ___m_data_20000000_ROMStart = (___ROM_AT + SIZEOF (.data))

.jcr            0x1fff0060        0x0 load address 0x000038ec
 .jcr           0x1fff0060        0x0 c:/freescale/kds_3.0.0/toolchain/bin/../lib/gcc/arm-none-eabi/4.8.4/armv7e-m/fpu/crtbegin.o

.igot.plt       0x1fff0060        0x0 load address 0x000038ec
 .igot.plt      0x00000000        0x0 c:/freescale/kds_3.0.0/toolchain/bin/../lib/gcc/arm-none-eabi/4.8.4/armv7e-m/fpu/crtbegin.o

.m_data_20000000
                0x20000000        0x0 load address 0x000038ec
                0x20000000                . = ALIGN (0x4)
                0x20000000                ___m_data_20000000_RAMStart = .
 *(.m_data_20000000)
                0x20000000                ___m_data_20000000_RAMEnd = .
                0x20000000                . = ALIGN (0x4)
                0x00000000                ___m_data_20000000_ROMSize = (___m_data_20000000_RAMEnd - ___m_data_20000000_RAMStart)
                0x20000000                . = ALIGN (0x4)

.bss            0x1fff0060     0x16c0 load address 0x000038f0
                0x1fff0060                __START_BSS = .
                0x1fff0060                PROVIDE (__bss_start__, __START_BSS)
 *(.bss)
 .bss           0x1fff0060       0x1c c:/freescale/kds_3.0.0/toolchain/bin/../lib/gcc/arm-none-eabi/4.8.4/armv7e-m/fpu/crtbegin.o
 *(.bss*)
 .bss.CallBackFunctions
                0x1fff007c       0x20 ./Sources/FTM.o
 .bss.CallBackArgument
                0x1fff009c       0x20 ./Sources/FTM.o
 .bss.ChannelInterrupt
                0x1fff00bc        0x1 ./Sources/FTM.o
 *fill*         0x1fff00bd        0x3 
 .bss.FTMStack  0x1fff00c0      0x190 ./Sources/FTM.o
 .bss.CntDone   0x1fff0250        0x4 ./Sources/FTM.o
 .bss.ModuleClk
                0x1fff0254        0x4 ./Sources/PIT.o
 .bss.CallBack  0x1fff0258        0x4 ./Sources/PIT.o
 .bss.CallBackArgument
                0x1fff025c        0x4 ./Sources/PIT.o
 .bss.PITStack  0x1fff0260      0x190 ./Sources/PIT.o
 .bss.CntDone   0x1fff03f0        0x4 ./Sources/PIT.o
 .bss.PacketMutex
                0x1fff03f4        0x4 ./Sources/Packet.o
 .bss.state.6634
                0x1fff03f8        0x1 ./Sources/Packet.o
 *fill*         0x1fff03f9        0x3 
 .bss.CallBack  0x1fff03fc        0x4 ./Sources/RTC.o
 .bss.CallBackArgument
                0x1fff0400        0x4 ./Sources/RTC.o
 *fill*         0x1fff0404        0x4 
 .bss.RTCStack  0x1fff0408      0x190 ./Sources/RTC.o
 .bss.SecondPassed
                0x1fff0598        0x4 ./Sources/RTC.o
 .bss.TxFIFO    0x1fff059c      0x110 ./Sources/UART.o
 .bss.RxFIFO    0x1fff06ac      0x110 ./Sources/UART.o
 *fill*         0x1fff07bc        0x4 
 .bss.UARTRxStack
                0x1fff07c0      0x190 ./Sources/UART.o
 .bss.UARTTxStack
                0x1fff0950      0x190 ./Sources/UART.o
 .bss.RxTrue    0x1fff0ae0        0x4 ./Sources/UART.o
 .bss.TxTrue    0x1fff0ae4        0x4 ./Sources/UART.o
 .bss.position1.6569
                0x1fff0ae8        0x1 ./Sources/analog.o
 .bss.position0.6568
                0x1fff0ae9        0x1 ./Sources/analog.o
 .bss.addressAllocationStorage.6565
                0x1fff0aea        0x1 ./Sources/flash.o
 *fill*         0x1fff0aeb        0x1 
 .bss.Ch0       0x1fff0aec       0x10 ./Sources/main.o
 .bss.synchronous
                0x1fff0afc        0x1 ./Sources/main.o
 .bss.hours     0x1fff0afd        0x1 ./Sources/main.o
 .bss.minutes   0x1fff0afe        0x1 ./Sources/main.o
 .bss.seconds   0x1fff0aff        0x1 ./Sources/main.o
 .bss.PacketStack
                0x1fff0b00      0x190 ./Sources/main.o
 .bss.InitStack
                0x1fff0c90      0x190 ./Sources/main.o
 .bss.ledToggleCount.6781
                0x1fff0e20        0x1 ./Sources/main.o
 .bss.SR_lock   0x1fff0e21        0x1 ./Generated_Code/Cpu.o
                0x1fff0e21                SR_lock
 *fill*         0x1fff0e22        0x2 
 .bss.TCBUnusedMain
                0x1fff0e24       0x18 C:\Users\12544312\Documents\Embedded\lab 5\Library\libOS.a(OS.o)
 .bss.TCBTable  0x1fff0e3c      0x300 C:\Users\12544312\Documents\Embedded\lab 5\Library\libOS.a(OS.o)
 .bss.pTCBFreeList
                0x1fff113c        0x4 C:\Users\12544312\Documents\Embedded\lab 5\Library\libOS.a(OS.o)
 .bss.pTCBAllocatedList
                0x1fff1140        0x4 C:\Users\12544312\Documents\Embedded\lab 5\Library\libOS.a(OS.o)
 .bss.pTCBPriorityTable
                0x1fff1144       0x80 C:\Users\12544312\Documents\Embedded\lab 5\Library\libOS.a(OS.o)
 .bss.pTCBRunning
                0x1fff11c4        0x4 C:\Users\12544312\Documents\Embedded\lab 5\Library\libOS.a(OS.o)
 .bss.pTCBHighestReady
                0x1fff11c8        0x4 C:\Users\12544312\Documents\Embedded\lab 5\Library\libOS.a(OS.o)
 .bss.ReadyList
                0x1fff11cc        0x4 C:\Users\12544312\Documents\Embedded\lab 5\Library\libOS.a(OS.o)
 .bss.ECBTable  0x1fff11d0      0x100 C:\Users\12544312\Documents\Embedded\lab 5\Library\libOS.a(OS.o)
 .bss.NextECBFree
                0x1fff12d0        0x1 C:\Users\12544312\Documents\Embedded\lab 5\Library\libOS.a(OS.o)
 *fill*         0x1fff12d1        0x3 
 .bss.IdleCounter
                0x1fff12d4        0x4 C:\Users\12544312\Documents\Embedded\lab 5\Library\libOS.a(OS.o)
 .bss.IdleStack
                0x1fff12d8      0x400 C:\Users\12544312\Documents\Embedded\lab 5\Library\libOS.a(OS.o)
 .bss.Ticks     0x1fff16d8        0x4 C:\Users\12544312\Documents\Embedded\lab 5\Library\libOS.a(OS.o)
 .bss.ToggleCntr
                0x1fff16dc        0x4 C:\Users\12544312\Documents\Embedded\lab 5\Library\libOS.a(OS.o)
 .bss.ToggleLED
                0x1fff16e0        0x1 C:\Users\12544312\Documents\Embedded\lab 5\Library\libOS.a(OS.o)
 .bss.ISRNestLevel
                0x1fff16e1        0x1 C:\Users\12544312\Documents\Embedded\lab 5\Library\libOS.a(OS.o)
 *(COMMON)
 *fill*         0x1fff16e2        0x2 
 COMMON         0x1fff16e4        0x5 ./Sources/Packet.o
                0x1fff16e4                Packet
 *fill*         0x1fff16e9        0x3 
 COMMON         0x1fff16ec        0x4 ./Sources/SPI.o
                0x1fff16ec                PUSHR_DATA
 COMMON         0x1fff16f0       0x24 ./Sources/analog.o
                0x1fff16f0                Analog_Input
 COMMON         0x1fff1714        0x8 ./Sources/main.o
                0x1fff1714                NvTowerMd
                0x1fff1718                NvTowerNb
 COMMON         0x1fff171c        0x1 ./Generated_Code/Cpu.o
                0x1fff171c                SR_reg
                0x1fff1720                . = ALIGN (0x4)
 *fill*         0x1fff171d        0x3 
                0x1fff1720                __END_BSS = .
                0x1fff1720                PROVIDE (__bss_end__, __END_BSS)
                0x000038ec                _romp_at = ((___ROM_AT + SIZEOF (.data)) + SIZEOF (.m_data_20000000))

.romp           0x1fff1720       0x24 load address 0x000038ec
                0x000038ec                __S_romp = _romp_at
                0x1fff1720        0x4 LONG 0x388c ___ROM_AT
                0x1fff1724        0x4 LONG 0x1fff0000 _sdata
                0x1fff1728        0x4 LONG 0x60 ___data_size
                0x1fff172c        0x4 LONG 0x38ec ___m_data_20000000_ROMStart
                0x1fff1730        0x4 LONG 0x20000000 ___m_data_20000000_RAMStart
                0x1fff1734        0x4 LONG 0x0 ___m_data_20000000_ROMSize
                0x1fff1738        0x4 LONG 0x0
                0x1fff173c        0x4 LONG 0x0
                0x1fff1740        0x4 LONG 0x0

._user_heap_stack
                0x1fff1744      0x400 load address 0x00003910
                0x1fff1744                . = ALIGN (0x4)
                0x1fff1744                PROVIDE (end, .)
                0x1fff1744                PROVIDE (_end, .)
                0x1fff1744                __heap_addr = .
                0x1fff1744                __HeapBase = .
                0x1fff1744                . = (. + __heap_size)
                0x1fff1744                __HeapLimit = .
                0x1fff1b44                . = (. + __stack_size)
 *fill*         0x1fff1744      0x400 
                0x1fff1b44                . = ALIGN (0x4)

.ARM.attributes
                0x00000000       0x30
 *(.ARM.attributes)
 .ARM.attributes
                0x00000000       0x22 c:/freescale/kds_3.0.0/toolchain/bin/../lib/gcc/arm-none-eabi/4.8.4/armv7e-m/fpu/crti.o
 .ARM.attributes
                0x00000022       0x34 c:/freescale/kds_3.0.0/toolchain/bin/../lib/gcc/arm-none-eabi/4.8.4/armv7e-m/fpu/crtbegin.o
 .ARM.attributes
                0x00000056       0x20 c:/freescale/kds_3.0.0/toolchain/bin/../lib/gcc/arm-none-eabi/4.8.4/../../../../arm-none-eabi/lib/armv7e-m/fpu/crt0.o
 .ARM.attributes
                0x00000076       0x39 ./Sources/FIFO.o
 .ARM.attributes
                0x000000af       0x39 ./Sources/FTM.o
 .ARM.attributes
                0x000000e8       0x39 ./Sources/LEDs.o
 .ARM.attributes
                0x00000121       0x39 ./Sources/PIT.o
 .ARM.attributes
                0x0000015a       0x39 ./Sources/Packet.o
 .ARM.attributes
                0x00000193       0x39 ./Sources/RTC.o
 .ARM.attributes
                0x000001cc       0x39 ./Sources/SPI.o
 .ARM.attributes
                0x00000205       0x39 ./Sources/UART.o
 .ARM.attributes
                0x0000023e       0x39 ./Sources/analog.o
 .ARM.attributes
                0x00000277       0x39 ./Sources/flash.o
 .ARM.attributes
                0x000002b0       0x39 ./Sources/main.o
 .ARM.attributes
                0x000002e9       0x39 ./Sources/median.o
 .ARM.attributes
                0x00000322       0x39 ./Project_Settings/Startup_Code/startup.o
 .ARM.attributes
                0x0000035b       0x39 ./Generated_Code/Cpu.o
 .ARM.attributes
                0x00000394       0x39 ./Generated_Code/Vectors.o
 .ARM.attributes
                0x000003cd       0x39 C:\Users\12544312\Documents\Embedded\lab 5\Library\libOS.a(OS.o)
 .ARM.attributes
                0x00000406       0x34 c:/freescale/kds_3.0.0/toolchain/bin/../lib/gcc/arm-none-eabi/4.8.4/../../../../arm-none-eabi/lib/armv7e-m/fpu\libg_s.a(lib_a-exit.o)
 .ARM.attributes
                0x0000043a       0x34 c:/freescale/kds_3.0.0/toolchain/bin/../lib/gcc/arm-none-eabi/4.8.4/../../../../arm-none-eabi/lib/armv7e-m/fpu\libg_s.a(lib_a-impure.o)
 .ARM.attributes
                0x0000046e       0x34 c:/freescale/kds_3.0.0/toolchain/bin/../lib/gcc/arm-none-eabi/4.8.4/../../../../arm-none-eabi/lib/armv7e-m/fpu\libg_s.a(lib_a-init.o)
 .ARM.attributes
                0x000004a2       0x34 c:/freescale/kds_3.0.0/toolchain/bin/../lib/gcc/arm-none-eabi/4.8.4/../../../../arm-none-eabi/lib/armv7e-m/fpu\libg_s.a(lib_a-memset.o)
 .ARM.attributes
                0x000004d6       0x34 c:/freescale/kds_3.0.0/toolchain/bin/../lib/gcc/arm-none-eabi/4.8.4/../../../../arm-none-eabi/lib/armv7e-m/fpu\libnosys.a(_exit.o)
 .ARM.attributes
                0x0000050a       0x22 c:/freescale/kds_3.0.0/toolchain/bin/../lib/gcc/arm-none-eabi/4.8.4/armv7e-m/fpu/crtn.o
OUTPUT(Project.elf elf32-littlearm)

.debug_info     0x00000000     0x6349
 .debug_info    0x00000000      0x221 ./Sources/FIFO.o
 .debug_info    0x00000221      0x81c ./Sources/FTM.o
 .debug_info    0x00000a3d      0x497 ./Sources/LEDs.o
 .debug_info    0x00000ed4      0x61b ./Sources/PIT.o
 .debug_info    0x000014ef      0x354 ./Sources/Packet.o
 .debug_info    0x00001843      0x6a7 ./Sources/RTC.o
 .debug_info    0x00001eea      0x891 ./Sources/SPI.o
 .debug_info    0x0000277b      0x9ec ./Sources/UART.o
 .debug_info    0x00003167      0x325 ./Sources/analog.o
 .debug_info    0x0000348c      0x744 ./Sources/flash.o
 .debug_info    0x00003bd0      0x7d0 ./Sources/main.o
 .debug_info    0x000043a0      0x166 ./Sources/median.o
 .debug_info    0x00004506      0x3b0 ./Project_Settings/Startup_Code/startup.o
 .debug_info    0x000048b6      0xc82 ./Generated_Code/Cpu.o
 .debug_info    0x00005538      0x10f ./Generated_Code/Vectors.o
 .debug_info    0x00005647      0xd02 C:\Users\12544312\Documents\Embedded\lab 5\Library\libOS.a(OS.o)

.debug_abbrev   0x00000000     0x187f
 .debug_abbrev  0x00000000       0xd0 ./Sources/FIFO.o
 .debug_abbrev  0x000000d0      0x1fd ./Sources/FTM.o
 .debug_abbrev  0x000002cd      0x144 ./Sources/LEDs.o
 .debug_abbrev  0x00000411      0x199 ./Sources/PIT.o
 .debug_abbrev  0x000005aa      0x106 ./Sources/Packet.o
 .debug_abbrev  0x000006b0      0x1a4 ./Sources/RTC.o
 .debug_abbrev  0x00000854      0x1c7 ./Sources/SPI.o
 .debug_abbrev  0x00000a1b      0x1d9 ./Sources/UART.o
 .debug_abbrev  0x00000bf4      0x11e ./Sources/analog.o
 .debug_abbrev  0x00000d12      0x232 ./Sources/flash.o
 .debug_abbrev  0x00000f44      0x1d8 ./Sources/main.o
 .debug_abbrev  0x0000111c       0xb9 ./Sources/median.o
 .debug_abbrev  0x000011d5      0x189 ./Project_Settings/Startup_Code/startup.o
 .debug_abbrev  0x0000135e      0x185 ./Generated_Code/Cpu.o
 .debug_abbrev  0x000014e3       0xa4 ./Generated_Code/Vectors.o
 .debug_abbrev  0x00001587      0x2f8 C:\Users\12544312\Documents\Embedded\lab 5\Library\libOS.a(OS.o)

.debug_aranges  0x00000000      0x4b8
 .debug_aranges
                0x00000000       0x30 ./Sources/FIFO.o
 .debug_aranges
                0x00000030       0x40 ./Sources/FTM.o
 .debug_aranges
                0x00000070       0x38 ./Sources/LEDs.o
 .debug_aranges
                0x000000a8       0x40 ./Sources/PIT.o
 .debug_aranges
                0x000000e8       0x38 ./Sources/Packet.o
 .debug_aranges
                0x00000120       0x40 ./Sources/RTC.o
 .debug_aranges
                0x00000160       0x40 ./Sources/SPI.o
 .debug_aranges
                0x000001a0       0x48 ./Sources/UART.o
 .debug_aranges
                0x000001e8       0x30 ./Sources/analog.o
 .debug_aranges
                0x00000218       0x78 ./Sources/flash.o
 .debug_aranges
                0x00000290       0xa0 ./Sources/main.o
 .debug_aranges
                0x00000330       0x20 ./Sources/median.o
 .debug_aranges
                0x00000350       0x50 ./Project_Settings/Startup_Code/startup.o
 .debug_aranges
                0x000003a0       0x38 ./Generated_Code/Cpu.o
 .debug_aranges
                0x000003d8       0x18 ./Generated_Code/Vectors.o
 .debug_aranges
                0x000003f0       0xc8 C:\Users\12544312\Documents\Embedded\lab 5\Library\libOS.a(OS.o)

.debug_ranges   0x00000000      0x3b0
 .debug_ranges  0x00000000       0x20 ./Sources/FIFO.o
 .debug_ranges  0x00000020       0x30 ./Sources/FTM.o
 .debug_ranges  0x00000050       0x28 ./Sources/LEDs.o
 .debug_ranges  0x00000078       0x30 ./Sources/PIT.o
 .debug_ranges  0x000000a8       0x28 ./Sources/Packet.o
 .debug_ranges  0x000000d0       0x30 ./Sources/RTC.o
 .debug_ranges  0x00000100       0x30 ./Sources/SPI.o
 .debug_ranges  0x00000130       0x38 ./Sources/UART.o
 .debug_ranges  0x00000168       0x20 ./Sources/analog.o
 .debug_ranges  0x00000188       0x68 ./Sources/flash.o
 .debug_ranges  0x000001f0       0x90 ./Sources/main.o
 .debug_ranges  0x00000280       0x10 ./Sources/median.o
 .debug_ranges  0x00000290       0x40 ./Project_Settings/Startup_Code/startup.o
 .debug_ranges  0x000002d0       0x28 ./Generated_Code/Cpu.o
 .debug_ranges  0x000002f8       0xb8 C:\Users\12544312\Documents\Embedded\lab 5\Library\libOS.a(OS.o)

.debug_macro    0x00000000    0x1bd4d
 .debug_macro   0x00000000       0xbe ./Sources/FIFO.o
 .debug_macro   0x000000be       0x22 ./Sources/FIFO.o
 .debug_macro   0x000000e0       0x36 ./Sources/FIFO.o
 .debug_macro   0x00000116       0x34 ./Sources/FIFO.o
 .debug_macro   0x0000014a       0xc2 ./Sources/FTM.o
 .debug_macro   0x0000020c       0xaa ./Sources/LEDs.o
 .debug_macro   0x000002b6     0x17fa ./Sources/LEDs.o
 .debug_macro   0x00001ab0       0xc6 ./Sources/PIT.o
 .debug_macro   0x00001b76       0xc7 ./Sources/Packet.o
 .debug_macro   0x00001c3d       0x34 ./Sources/Packet.o
 .debug_macro   0x00001c71       0xbc ./Sources/RTC.o
 .debug_macro   0x00001d2d       0xaa ./Sources/SPI.o
 .debug_macro   0x00001dd7       0xca ./Sources/UART.o
 .debug_macro   0x00001ea1       0x16 ./Sources/UART.o
 .debug_macro   0x00001eb7    0x174af ./Sources/UART.o
 .debug_macro   0x00019366       0x10 ./Sources/UART.o
 .debug_macro   0x00019376       0xc5 ./Sources/analog.o
 .debug_macro   0x0001943b       0x16 ./Sources/analog.o
 .debug_macro   0x00019451       0xb5 ./Sources/flash.o
 .debug_macro   0x00019506       0x28 ./Sources/flash.o
 .debug_macro   0x0001952e      0x151 ./Sources/main.o
 .debug_macro   0x0001967f       0x2e ./Sources/main.o
 .debug_macro   0x000196ad       0x55 ./Sources/median.o
 .debug_macro   0x00019702      0x121 ./Project_Settings/Startup_Code/startup.o
 .debug_macro   0x00019823       0x58 ./Project_Settings/Startup_Code/startup.o
 .debug_macro   0x0001987b       0x35 ./Project_Settings/Startup_Code/startup.o
 .debug_macro   0x000198b0       0xa3 ./Project_Settings/Startup_Code/startup.o
 .debug_macro   0x00019953      0x166 ./Project_Settings/Startup_Code/startup.o
 .debug_macro   0x00019ab9       0x4a ./Project_Settings/Startup_Code/startup.o
 .debug_macro   0x00019b03       0x52 ./Project_Settings/Startup_Code/startup.o
 .debug_macro   0x00019b55       0x16 ./Project_Settings/Startup_Code/startup.o
 .debug_macro   0x00019b6b       0x43 ./Project_Settings/Startup_Code/startup.o
 .debug_macro   0x00019bae      0x180 ./Project_Settings/Startup_Code/startup.o
 .debug_macro   0x00019d2e      0x2a6 ./Project_Settings/Startup_Code/startup.o
 .debug_macro   0x00019fd4       0x10 ./Project_Settings/Startup_Code/startup.o
 .debug_macro   0x00019fe4       0x35 ./Project_Settings/Startup_Code/startup.o
 .debug_macro   0x0001a019       0x16 ./Project_Settings/Startup_Code/startup.o
 .debug_macro   0x0001a02f       0x22 ./Project_Settings/Startup_Code/startup.o
 .debug_macro   0x0001a051      0x20f ./Project_Settings/Startup_Code/startup.o
 .debug_macro   0x0001a260       0xa5 ./Generated_Code/Cpu.o
 .debug_macro   0x0001a305       0xe7 ./Generated_Code/Vectors.o
 .debug_macro   0x0001a3ec       0xa3 C:\Users\12544312\Documents\Embedded\lab 5\Library\libOS.a(OS.o)
 .debug_macro   0x0001a48f     0x17fa C:\Users\12544312\Documents\Embedded\lab 5\Library\libOS.a(OS.o)
 .debug_macro   0x0001bc89       0x94 C:\Users\12544312\Documents\Embedded\lab 5\Library\libOS.a(OS.o)
 .debug_macro   0x0001bd1d       0x30 C:\Users\12544312\Documents\Embedded\lab 5\Library\libOS.a(OS.o)

.debug_line     0x00000000     0x352e
 .debug_line    0x00000000      0x2da ./Sources/FIFO.o
 .debug_line    0x000002da      0x33d ./Sources/FTM.o
 .debug_line    0x00000617      0x2a6 ./Sources/LEDs.o
 .debug_line    0x000008bd      0x30e ./Sources/PIT.o
 .debug_line    0x00000bcb      0x326 ./Sources/Packet.o
 .debug_line    0x00000ef1      0x324 ./Sources/RTC.o
 .debug_line    0x00001215      0x330 ./Sources/SPI.o
 .debug_line    0x00001545      0x369 ./Sources/UART.o
 .debug_line    0x000018ae      0x2d6 ./Sources/analog.o
 .debug_line    0x00001b84      0x3f1 ./Sources/flash.o
 .debug_line    0x00001f75      0x547 ./Sources/main.o
 .debug_line    0x000024bc      0x1be ./Sources/median.o
 .debug_line    0x0000267a      0x3d6 ./Project_Settings/Startup_Code/startup.o
 .debug_line    0x00002a50      0x32b ./Generated_Code/Cpu.o
 .debug_line    0x00002d7b      0x31d ./Generated_Code/Vectors.o
 .debug_line    0x00003098      0x496 C:\Users\12544312\Documents\Embedded\lab 5\Library\libOS.a(OS.o)

.debug_str      0x00000000    0x8e722
 .debug_str     0x00000000    0x8a702 ./Sources/FIFO.o
                              0x8a87b (size before relaxing)
 .debug_str     0x0008a702      0x3fa ./Sources/FTM.o
                              0x8abed (size before relaxing)
 .debug_str     0x0008aafc       0xe9 ./Sources/LEDs.o
                              0x8a815 (size before relaxing)
 .debug_str     0x0008abe5       0xda ./Sources/PIT.o
                              0x8aa0d (size before relaxing)
 .debug_str     0x0008acbf      0x2a8 ./Sources/Packet.o
                              0x8aaf1 (size before relaxing)
 .debug_str     0x0008af67       0xa3 ./Sources/RTC.o
                              0x8a9e4 (size before relaxing)
 .debug_str     0x0008b00a      0x1ca ./Sources/SPI.o
                              0x8a999 (size before relaxing)
 .debug_str     0x0008b1d4      0x150 ./Sources/UART.o
                              0x8ab26 (size before relaxing)
 .debug_str     0x0008b324      0x108 ./Sources/analog.o
                              0x8a810 (size before relaxing)
 .debug_str     0x0008b42c      0x349 ./Sources/flash.o
                              0x8a9e6 (size before relaxing)
 .debug_str     0x0008b775      0x2ad ./Sources/main.o
                              0x8b0c0 (size before relaxing)
 .debug_str     0x0008ba22       0x34 ./Sources/median.o
                               0x2fb3 (size before relaxing)
 .debug_str     0x0008ba56     0x2663 ./Project_Settings/Startup_Code/startup.o
                              0x853f1 (size before relaxing)
 .debug_str     0x0008e0b9      0x1f2 ./Generated_Code/Cpu.o
                              0x8aa2e (size before relaxing)
 .debug_str     0x0008e2ab       0x1c ./Generated_Code/Vectors.o
                              0x8a7ad (size before relaxing)
 .debug_str     0x0008e2c7      0x45b C:\Users\12544312\Documents\Embedded\lab 5\Library\libOS.a(OS.o)
                              0x8ad2a (size before relaxing)

.comment        0x00000000       0x70
 .comment       0x00000000       0x70 ./Sources/FIFO.o
                                 0x71 (size before relaxing)
 .comment       0x00000000       0x71 ./Sources/FTM.o
 .comment       0x00000000       0x71 ./Sources/LEDs.o
 .comment       0x00000000       0x71 ./Sources/PIT.o
 .comment       0x00000000       0x71 ./Sources/Packet.o
 .comment       0x00000000       0x71 ./Sources/RTC.o
 .comment       0x00000000       0x71 ./Sources/SPI.o
 .comment       0x00000000       0x71 ./Sources/UART.o
 .comment       0x00000000       0x71 ./Sources/analog.o
 .comment       0x00000000       0x71 ./Sources/flash.o
 .comment       0x00000000       0x71 ./Sources/main.o
 .comment       0x00000000       0x71 ./Sources/median.o
 .comment       0x00000000       0x71 ./Project_Settings/Startup_Code/startup.o
 .comment       0x00000000       0x71 ./Generated_Code/Cpu.o
 .comment       0x00000000       0x71 ./Generated_Code/Vectors.o
 .comment       0x00000000       0x71 C:\Users\12544312\Documents\Embedded\lab 5\Library\libOS.a(OS.o)

.debug_frame    0x00000000      0xda8
 .debug_frame   0x00000000       0x70 ./Sources/FIFO.o
 .debug_frame   0x00000070       0xa8 ./Sources/FTM.o
 .debug_frame   0x00000118       0x7c ./Sources/LEDs.o
 .debug_frame   0x00000194       0xac ./Sources/PIT.o
 .debug_frame   0x00000240       0x88 ./Sources/Packet.o
 .debug_frame   0x000002c8       0xac ./Sources/RTC.o
 .debug_frame   0x00000374       0xa8 ./Sources/SPI.o
 .debug_frame   0x0000041c       0xd4 ./Sources/UART.o
 .debug_frame   0x000004f0       0x70 ./Sources/analog.o
 .debug_frame   0x00000560      0x17c ./Sources/flash.o
 .debug_frame   0x000006dc      0x224 ./Sources/main.o
 .debug_frame   0x00000900       0x34 ./Sources/median.o
 .debug_frame   0x00000934       0xc0 ./Project_Settings/Startup_Code/startup.o
 .debug_frame   0x000009f4       0x80 ./Generated_Code/Cpu.o
 .debug_frame   0x00000a74      0x2a0 C:\Users\12544312\Documents\Embedded\lab 5\Library\libOS.a(OS.o)
 .debug_frame   0x00000d14       0x28 c:/freescale/kds_3.0.0/toolchain/bin/../lib/gcc/arm-none-eabi/4.8.4/../../../../arm-none-eabi/lib/armv7e-m/fpu\libg_s.a(lib_a-exit.o)
 .debug_frame   0x00000d3c       0x2c c:/freescale/kds_3.0.0/toolchain/bin/../lib/gcc/arm-none-eabi/4.8.4/../../../../arm-none-eabi/lib/armv7e-m/fpu\libg_s.a(lib_a-init.o)
 .debug_frame   0x00000d68       0x20 c:/freescale/kds_3.0.0/toolchain/bin/../lib/gcc/arm-none-eabi/4.8.4/../../../../arm-none-eabi/lib/armv7e-m/fpu\libg_s.a(lib_a-memset.o)
 .debug_frame   0x00000d88       0x20 c:/freescale/kds_3.0.0/toolchain/bin/../lib/gcc/arm-none-eabi/4.8.4/../../../../arm-none-eabi/lib/armv7e-m/fpu\libnosys.a(_exit.o)
