Archive member included because of file (symbol)

D:\Embedded\Lab5\Library\libOS.a(OS.o)
                              ./Sources/main.o (OS_Init)
c:/freescale/kds_3.0.0/toolchain/bin/../lib/gcc/arm-none-eabi/4.8.4/../../../../arm-none-eabi/lib/armv7e-m/fpu\libg_s.a(lib_a-exit.o)
                              c:/freescale/kds_3.0.0/toolchain/bin/../lib/gcc/arm-none-eabi/4.8.4/../../../../arm-none-eabi/lib/armv7e-m/fpu/crt0.o (exit)
c:/freescale/kds_3.0.0/toolchain/bin/../lib/gcc/arm-none-eabi/4.8.4/../../../../arm-none-eabi/lib/armv7e-m/fpu\libg_s.a(lib_a-impure.o)
                              c:/freescale/kds_3.0.0/toolchain/bin/../lib/gcc/arm-none-eabi/4.8.4/../../../../arm-none-eabi/lib/armv7e-m/fpu\libg_s.a(lib_a-exit.o) (_global_impure_ptr)
c:/freescale/kds_3.0.0/toolchain/bin/../lib/gcc/arm-none-eabi/4.8.4/../../../../arm-none-eabi/lib/armv7e-m/fpu\libg_s.a(lib_a-init.o)
                              c:/freescale/kds_3.0.0/toolchain/bin/../lib/gcc/arm-none-eabi/4.8.4/../../../../arm-none-eabi/lib/armv7e-m/fpu/crt0.o (__libc_init_array)
c:/freescale/kds_3.0.0/toolchain/bin/../lib/gcc/arm-none-eabi/4.8.4/../../../../arm-none-eabi/lib/armv7e-m/fpu\libg_s.a(lib_a-memset.o)
                              c:/freescale/kds_3.0.0/toolchain/bin/../lib/gcc/arm-none-eabi/4.8.4/../../../../arm-none-eabi/lib/armv7e-m/fpu/crt0.o (memset)
c:/freescale/kds_3.0.0/toolchain/bin/../lib/gcc/arm-none-eabi/4.8.4/../../../../arm-none-eabi/lib/armv7e-m/fpu\libnosys.a(_exit.o)
                              c:/freescale/kds_3.0.0/toolchain/bin/../lib/gcc/arm-none-eabi/4.8.4/../../../../arm-none-eabi/lib/armv7e-m/fpu\libg_s.a(lib_a-exit.o) (_exit)

Allocating common symbols
Common symbol       size              file

NvTowerMd           0x4               ./Sources/main.o
NvTowerNb           0x4               ./Sources/main.o
Packet              0x5               ./Sources/Packet.o
Analog_Input        0x24              ./Sources/analog.o
RTCStack            0x320             ./Sources/RTC.o
SR_reg              0x1               ./Generated_Code/Cpu.o
PacketStack         0x320             ./Sources/main.o
IncomingPacket      0x4               ./Sources/UART.o
PUSHR_DATA          0x4               ./Sources/SPI.o

Discarded input sections

 .text          0x00000000        0x0 c:/freescale/kds_3.0.0/toolchain/bin/../lib/gcc/arm-none-eabi/4.8.4/armv7e-m/fpu/crti.o
 .data          0x00000000        0x0 c:/freescale/kds_3.0.0/toolchain/bin/../lib/gcc/arm-none-eabi/4.8.4/armv7e-m/fpu/crti.o
 .bss           0x00000000        0x0 c:/freescale/kds_3.0.0/toolchain/bin/../lib/gcc/arm-none-eabi/4.8.4/armv7e-m/fpu/crti.o
 .data          0x00000000        0x4 c:/freescale/kds_3.0.0/toolchain/bin/../lib/gcc/arm-none-eabi/4.8.4/armv7e-m/fpu/crtbegin.o
 .data          0x00000000        0x0 c:/freescale/kds_3.0.0/toolchain/bin/../lib/gcc/arm-none-eabi/4.8.4/../../../../arm-none-eabi/lib/armv7e-m/fpu/crt0.o
 .bss           0x00000000        0x0 c:/freescale/kds_3.0.0/toolchain/bin/../lib/gcc/arm-none-eabi/4.8.4/../../../../arm-none-eabi/lib/armv7e-m/fpu/crt0.o
 .ARM.extab     0x00000000        0x0 c:/freescale/kds_3.0.0/toolchain/bin/../lib/gcc/arm-none-eabi/4.8.4/../../../../arm-none-eabi/lib/armv7e-m/fpu/crt0.o
 .group         0x00000000        0x8 ./Sources/Events.o
 .group         0x00000000        0x8 ./Sources/Events.o
 .group         0x00000000        0x8 ./Sources/Events.o
 .group         0x00000000        0x8 ./Sources/Events.o
 .group         0x00000000        0x8 ./Sources/Events.o
 .group         0x00000000        0x8 ./Sources/Events.o
 .group         0x00000000        0x8 ./Sources/Events.o
 .group         0x00000000        0x8 ./Sources/Events.o
 .group         0x00000000        0x8 ./Sources/Events.o
 .text          0x00000000        0x0 ./Sources/Events.o
 .data          0x00000000        0x0 ./Sources/Events.o
 .bss           0x00000000        0x0 ./Sources/Events.o
 .debug_info    0x00000000       0x7d ./Sources/Events.o
 .debug_abbrev  0x00000000       0x29 ./Sources/Events.o
 .debug_aranges
                0x00000000       0x18 ./Sources/Events.o
 .debug_macro   0x00000000       0xa3 ./Sources/Events.o
 .debug_macro   0x00000000      0x850 ./Sources/Events.o
 .debug_macro   0x00000000       0x16 ./Sources/Events.o
 .debug_macro   0x00000000       0x44 ./Sources/Events.o
 .debug_macro   0x00000000      0x209 ./Sources/Events.o
 .debug_macro   0x00000000     0x17fa ./Sources/Events.o
 .debug_macro   0x00000000      0x14e ./Sources/Events.o
 .debug_macro   0x00000000       0x64 ./Sources/Events.o
 .debug_macro   0x00000000    0x174c1 ./Sources/Events.o
 .debug_macro   0x00000000       0x9a ./Sources/Events.o
 .debug_line    0x00000000      0x200 ./Sources/Events.o
 .debug_str     0x00000000    0x8a5df ./Sources/Events.o
 .comment       0x00000000       0x71 ./Sources/Events.o
 .ARM.attributes
                0x00000000       0x39 ./Sources/Events.o
 .group         0x00000000        0x8 ./Sources/FIFO.o
 .group         0x00000000        0x8 ./Sources/FIFO.o
 .group         0x00000000        0x8 ./Sources/FIFO.o
 .group         0x00000000        0x8 ./Sources/FIFO.o
 .group         0x00000000        0x8 ./Sources/FIFO.o
 .group         0x00000000        0x8 ./Sources/FIFO.o
 .group         0x00000000        0x8 ./Sources/FIFO.o
 .group         0x00000000        0x8 ./Sources/FIFO.o
 .group         0x00000000        0x8 ./Sources/FIFO.o
 .group         0x00000000        0x8 ./Sources/FIFO.o
 .group         0x00000000        0x8 ./Sources/FIFO.o
 .text          0x00000000        0x0 ./Sources/FIFO.o
 .data          0x00000000        0x0 ./Sources/FIFO.o
 .bss           0x00000000        0x0 ./Sources/FIFO.o
 .debug_macro   0x00000000      0x850 ./Sources/FIFO.o
 .debug_macro   0x00000000       0x16 ./Sources/FIFO.o
 .debug_macro   0x00000000       0x44 ./Sources/FIFO.o
 .debug_macro   0x00000000      0x209 ./Sources/FIFO.o
 .debug_macro   0x00000000      0x14e ./Sources/FIFO.o
 .debug_macro   0x00000000       0x64 ./Sources/FIFO.o
 .debug_macro   0x00000000    0x174c1 ./Sources/FIFO.o
 .debug_macro   0x00000000       0x9a ./Sources/FIFO.o
 .debug_macro   0x00000000     0x17fa ./Sources/FIFO.o
 .group         0x00000000        0x8 ./Sources/FTM.o
 .group         0x00000000        0x8 ./Sources/FTM.o
 .group         0x00000000        0x8 ./Sources/FTM.o
 .group         0x00000000        0x8 ./Sources/FTM.o
 .group         0x00000000        0x8 ./Sources/FTM.o
 .group         0x00000000        0x8 ./Sources/FTM.o
 .group         0x00000000        0x8 ./Sources/FTM.o
 .group         0x00000000        0x8 ./Sources/FTM.o
 .group         0x00000000        0x8 ./Sources/FTM.o
 .group         0x00000000        0x8 ./Sources/FTM.o
 .group         0x00000000        0x8 ./Sources/FTM.o
 .text          0x00000000        0x0 ./Sources/FTM.o
 .data          0x00000000        0x0 ./Sources/FTM.o
 .bss           0x00000000        0x0 ./Sources/FTM.o
 .debug_macro   0x00000000      0x850 ./Sources/FTM.o
 .debug_macro   0x00000000       0x16 ./Sources/FTM.o
 .debug_macro   0x00000000       0x44 ./Sources/FTM.o
 .debug_macro   0x00000000      0x209 ./Sources/FTM.o
 .debug_macro   0x00000000       0x22 ./Sources/FTM.o
 .debug_macro   0x00000000    0x174c1 ./Sources/FTM.o
 .debug_macro   0x00000000      0x14e ./Sources/FTM.o
 .debug_macro   0x00000000       0x64 ./Sources/FTM.o
 .debug_macro   0x00000000       0x9a ./Sources/FTM.o
 .debug_macro   0x00000000     0x17fa ./Sources/FTM.o
 .debug_macro   0x00000000       0x36 ./Sources/FTM.o
 .group         0x00000000        0x8 ./Sources/LEDs.o
 .group         0x00000000        0x8 ./Sources/LEDs.o
 .group         0x00000000        0x8 ./Sources/LEDs.o
 .group         0x00000000        0x8 ./Sources/LEDs.o
 .group         0x00000000        0x8 ./Sources/LEDs.o
 .group         0x00000000        0x8 ./Sources/LEDs.o
 .group         0x00000000        0x8 ./Sources/LEDs.o
 .group         0x00000000        0x8 ./Sources/LEDs.o
 .group         0x00000000        0x8 ./Sources/LEDs.o
 .group         0x00000000        0x8 ./Sources/LEDs.o
 .text          0x00000000        0x0 ./Sources/LEDs.o
 .data          0x00000000        0x0 ./Sources/LEDs.o
 .bss           0x00000000        0x0 ./Sources/LEDs.o
 .debug_macro   0x00000000      0x850 ./Sources/LEDs.o
 .debug_macro   0x00000000       0x16 ./Sources/LEDs.o
 .debug_macro   0x00000000       0x44 ./Sources/LEDs.o
 .debug_macro   0x00000000      0x209 ./Sources/LEDs.o
 .debug_macro   0x00000000       0x22 ./Sources/LEDs.o
 .debug_macro   0x00000000    0x174c1 ./Sources/LEDs.o
 .debug_macro   0x00000000      0x14e ./Sources/LEDs.o
 .debug_macro   0x00000000       0x64 ./Sources/LEDs.o
 .debug_macro   0x00000000       0x9a ./Sources/LEDs.o
 .group         0x00000000        0x8 ./Sources/PIT.o
 .group         0x00000000        0x8 ./Sources/PIT.o
 .group         0x00000000        0x8 ./Sources/PIT.o
 .group         0x00000000        0x8 ./Sources/PIT.o
 .group         0x00000000        0x8 ./Sources/PIT.o
 .group         0x00000000        0x8 ./Sources/PIT.o
 .group         0x00000000        0x8 ./Sources/PIT.o
 .group         0x00000000        0x8 ./Sources/PIT.o
 .group         0x00000000        0x8 ./Sources/PIT.o
 .group         0x00000000        0x8 ./Sources/PIT.o
 .group         0x00000000        0x8 ./Sources/PIT.o
 .text          0x00000000        0x0 ./Sources/PIT.o
 .data          0x00000000        0x0 ./Sources/PIT.o
 .bss           0x00000000        0x0 ./Sources/PIT.o
 .debug_macro   0x00000000      0x850 ./Sources/PIT.o
 .debug_macro   0x00000000       0x16 ./Sources/PIT.o
 .debug_macro   0x00000000       0x44 ./Sources/PIT.o
 .debug_macro   0x00000000      0x209 ./Sources/PIT.o
 .debug_macro   0x00000000       0x22 ./Sources/PIT.o
 .debug_macro   0x00000000      0x14e ./Sources/PIT.o
 .debug_macro   0x00000000       0x64 ./Sources/PIT.o
 .debug_macro   0x00000000    0x174c1 ./Sources/PIT.o
 .debug_macro   0x00000000       0x9a ./Sources/PIT.o
 .debug_macro   0x00000000     0x17fa ./Sources/PIT.o
 .debug_macro   0x00000000       0x36 ./Sources/PIT.o
 .group         0x00000000        0x8 ./Sources/Packet.o
 .group         0x00000000        0x8 ./Sources/Packet.o
 .group         0x00000000        0x8 ./Sources/Packet.o
 .group         0x00000000        0x8 ./Sources/Packet.o
 .group         0x00000000        0x8 ./Sources/Packet.o
 .group         0x00000000        0x8 ./Sources/Packet.o
 .group         0x00000000        0x8 ./Sources/Packet.o
 .group         0x00000000        0x8 ./Sources/Packet.o
 .group         0x00000000        0x8 ./Sources/Packet.o
 .group         0x00000000        0x8 ./Sources/Packet.o
 .group         0x00000000        0x8 ./Sources/Packet.o
 .group         0x00000000        0x8 ./Sources/Packet.o
 .text          0x00000000        0x0 ./Sources/Packet.o
 .data          0x00000000        0x0 ./Sources/Packet.o
 .bss           0x00000000        0x0 ./Sources/Packet.o
 .debug_macro   0x00000000      0x850 ./Sources/Packet.o
 .debug_macro   0x00000000       0x16 ./Sources/Packet.o
 .debug_macro   0x00000000       0x44 ./Sources/Packet.o
 .debug_macro   0x00000000      0x209 ./Sources/Packet.o
 .debug_macro   0x00000000      0x14e ./Sources/Packet.o
 .debug_macro   0x00000000       0x64 ./Sources/Packet.o
 .debug_macro   0x00000000    0x174c1 ./Sources/Packet.o
 .debug_macro   0x00000000       0x9a ./Sources/Packet.o
 .debug_macro   0x00000000     0x17fa ./Sources/Packet.o
 .debug_macro   0x00000000       0x22 ./Sources/Packet.o
 .debug_macro   0x00000000       0x36 ./Sources/Packet.o
 .group         0x00000000        0x8 ./Sources/RTC.o
 .group         0x00000000        0x8 ./Sources/RTC.o
 .group         0x00000000        0x8 ./Sources/RTC.o
 .group         0x00000000        0x8 ./Sources/RTC.o
 .group         0x00000000        0x8 ./Sources/RTC.o
 .group         0x00000000        0x8 ./Sources/RTC.o
 .group         0x00000000        0x8 ./Sources/RTC.o
 .group         0x00000000        0x8 ./Sources/RTC.o
 .group         0x00000000        0x8 ./Sources/RTC.o
 .group         0x00000000        0x8 ./Sources/RTC.o
 .group         0x00000000        0x8 ./Sources/RTC.o
 .text          0x00000000        0x0 ./Sources/RTC.o
 .data          0x00000000        0x0 ./Sources/RTC.o
 .bss           0x00000000        0x0 ./Sources/RTC.o
 .debug_macro   0x00000000      0x850 ./Sources/RTC.o
 .debug_macro   0x00000000       0x16 ./Sources/RTC.o
 .debug_macro   0x00000000       0x44 ./Sources/RTC.o
 .debug_macro   0x00000000      0x209 ./Sources/RTC.o
 .debug_macro   0x00000000       0x22 ./Sources/RTC.o
 .debug_macro   0x00000000    0x174c1 ./Sources/RTC.o
 .debug_macro   0x00000000      0x14e ./Sources/RTC.o
 .debug_macro   0x00000000       0x64 ./Sources/RTC.o
 .debug_macro   0x00000000       0x9a ./Sources/RTC.o
 .debug_macro   0x00000000     0x17fa ./Sources/RTC.o
 .debug_macro   0x00000000       0x36 ./Sources/RTC.o
 .group         0x00000000        0x8 ./Sources/SPI.o
 .group         0x00000000        0x8 ./Sources/SPI.o
 .group         0x00000000        0x8 ./Sources/SPI.o
 .group         0x00000000        0x8 ./Sources/SPI.o
 .group         0x00000000        0x8 ./Sources/SPI.o
 .group         0x00000000        0x8 ./Sources/SPI.o
 .group         0x00000000        0x8 ./Sources/SPI.o
 .group         0x00000000        0x8 ./Sources/SPI.o
 .group         0x00000000        0x8 ./Sources/SPI.o
 .group         0x00000000        0x8 ./Sources/SPI.o
 .text          0x00000000        0x0 ./Sources/SPI.o
 .data          0x00000000        0x0 ./Sources/SPI.o
 .bss           0x00000000        0x0 ./Sources/SPI.o
 .debug_macro   0x00000000      0x850 ./Sources/SPI.o
 .debug_macro   0x00000000       0x16 ./Sources/SPI.o
 .debug_macro   0x00000000       0x44 ./Sources/SPI.o
 .debug_macro   0x00000000      0x209 ./Sources/SPI.o
 .debug_macro   0x00000000       0x22 ./Sources/SPI.o
 .debug_macro   0x00000000      0x14e ./Sources/SPI.o
 .debug_macro   0x00000000       0x64 ./Sources/SPI.o
 .debug_macro   0x00000000    0x174c1 ./Sources/SPI.o
 .debug_macro   0x00000000       0x9a ./Sources/SPI.o
 .debug_macro   0x00000000     0x17fa ./Sources/SPI.o
 .group         0x00000000        0x8 ./Sources/UART.o
 .group         0x00000000        0x8 ./Sources/UART.o
 .group         0x00000000        0x8 ./Sources/UART.o
 .group         0x00000000        0x8 ./Sources/UART.o
 .group         0x00000000        0x8 ./Sources/UART.o
 .group         0x00000000        0x8 ./Sources/UART.o
 .group         0x00000000        0x8 ./Sources/UART.o
 .group         0x00000000        0x8 ./Sources/UART.o
 .group         0x00000000        0x8 ./Sources/UART.o
 .group         0x00000000        0x8 ./Sources/UART.o
 .group         0x00000000        0x8 ./Sources/UART.o
 .group         0x00000000        0x8 ./Sources/UART.o
 .group         0x00000000        0x8 ./Sources/UART.o
 .text          0x00000000        0x0 ./Sources/UART.o
 .data          0x00000000        0x0 ./Sources/UART.o
 .bss           0x00000000        0x0 ./Sources/UART.o
 .text.UART_Poll
                0x00000000       0x4c ./Sources/UART.o
 .debug_macro   0x00000000      0x850 ./Sources/UART.o
 .debug_macro   0x00000000       0x16 ./Sources/UART.o
 .debug_macro   0x00000000       0x44 ./Sources/UART.o
 .debug_macro   0x00000000      0x209 ./Sources/UART.o
 .debug_macro   0x00000000      0x14e ./Sources/UART.o
 .debug_macro   0x00000000       0x64 ./Sources/UART.o
 .debug_macro   0x00000000       0x9a ./Sources/UART.o
 .debug_macro   0x00000000     0x17fa ./Sources/UART.o
 .debug_macro   0x00000000       0x22 ./Sources/UART.o
 .debug_macro   0x00000000       0x36 ./Sources/UART.o
 .group         0x00000000        0x8 ./Sources/analog.o
 .group         0x00000000        0x8 ./Sources/analog.o
 .group         0x00000000        0x8 ./Sources/analog.o
 .group         0x00000000        0x8 ./Sources/analog.o
 .group         0x00000000        0x8 ./Sources/analog.o
 .group         0x00000000        0x8 ./Sources/analog.o
 .group         0x00000000        0x8 ./Sources/analog.o
 .group         0x00000000        0x8 ./Sources/analog.o
 .group         0x00000000        0x8 ./Sources/analog.o
 .group         0x00000000        0x8 ./Sources/analog.o
 .group         0x00000000        0x8 ./Sources/analog.o
 .text          0x00000000        0x0 ./Sources/analog.o
 .data          0x00000000        0x0 ./Sources/analog.o
 .bss           0x00000000        0x0 ./Sources/analog.o
 .rodata.Channel_Mask
                0x00000000        0x2 ./Sources/analog.o
 .rodata.Analog_Address
                0x00000000        0x1 ./Sources/analog.o
 .debug_macro   0x00000000      0x850 ./Sources/analog.o
 .debug_macro   0x00000000       0x16 ./Sources/analog.o
 .debug_macro   0x00000000       0x44 ./Sources/analog.o
 .debug_macro   0x00000000      0x209 ./Sources/analog.o
 .debug_macro   0x00000000       0x22 ./Sources/analog.o
 .debug_macro   0x00000000      0x14e ./Sources/analog.o
 .debug_macro   0x00000000       0x64 ./Sources/analog.o
 .debug_macro   0x00000000    0x174c1 ./Sources/analog.o
 .debug_macro   0x00000000       0x9a ./Sources/analog.o
 .debug_macro   0x00000000     0x17fa ./Sources/analog.o
 .group         0x00000000        0x8 ./Sources/flash.o
 .group         0x00000000        0x8 ./Sources/flash.o
 .group         0x00000000        0x8 ./Sources/flash.o
 .group         0x00000000        0x8 ./Sources/flash.o
 .group         0x00000000        0x8 ./Sources/flash.o
 .group         0x00000000        0x8 ./Sources/flash.o
 .group         0x00000000        0x8 ./Sources/flash.o
 .group         0x00000000        0x8 ./Sources/flash.o
 .group         0x00000000        0x8 ./Sources/flash.o
 .group         0x00000000        0x8 ./Sources/flash.o
 .group         0x00000000        0x8 ./Sources/flash.o
 .text          0x00000000        0x0 ./Sources/flash.o
 .data          0x00000000        0x0 ./Sources/flash.o
 .bss           0x00000000        0x0 ./Sources/flash.o
 .debug_macro   0x00000000      0x850 ./Sources/flash.o
 .debug_macro   0x00000000       0x16 ./Sources/flash.o
 .debug_macro   0x00000000       0x44 ./Sources/flash.o
 .debug_macro   0x00000000      0x209 ./Sources/flash.o
 .debug_macro   0x00000000       0x22 ./Sources/flash.o
 .debug_macro   0x00000000    0x174c1 ./Sources/flash.o
 .debug_macro   0x00000000      0x14e ./Sources/flash.o
 .debug_macro   0x00000000       0x64 ./Sources/flash.o
 .debug_macro   0x00000000       0x9a ./Sources/flash.o
 .debug_macro   0x00000000     0x17fa ./Sources/flash.o
 .group         0x00000000        0x8 ./Sources/main.o
 .group         0x00000000        0x8 ./Sources/main.o
 .group         0x00000000        0x8 ./Sources/main.o
 .group         0x00000000        0x8 ./Sources/main.o
 .group         0x00000000        0x8 ./Sources/main.o
 .group         0x00000000        0x8 ./Sources/main.o
 .group         0x00000000        0x8 ./Sources/main.o
 .group         0x00000000        0x8 ./Sources/main.o
 .group         0x00000000        0x8 ./Sources/main.o
 .group         0x00000000        0x8 ./Sources/main.o
 .group         0x00000000        0x8 ./Sources/main.o
 .group         0x00000000        0x8 ./Sources/main.o
 .group         0x00000000        0x8 ./Sources/main.o
 .group         0x00000000        0x8 ./Sources/main.o
 .text          0x00000000        0x0 ./Sources/main.o
 .data          0x00000000        0x0 ./Sources/main.o
 .bss           0x00000000        0x0 ./Sources/main.o
 .rodata.BaudRate
                0x00000000        0x4 ./Sources/main.o
 .rodata.MajorTowerVersion
                0x00000000        0x1 ./Sources/main.o
 .rodata.MinorTowerVersion
                0x00000000        0x1 ./Sources/main.o
 .rodata.ADCChannel
                0x00000000        0x1 ./Sources/main.o
 .debug_macro   0x00000000      0x850 ./Sources/main.o
 .debug_macro   0x00000000       0x16 ./Sources/main.o
 .debug_macro   0x00000000       0x44 ./Sources/main.o
 .debug_macro   0x00000000      0x209 ./Sources/main.o
 .debug_macro   0x00000000       0x22 ./Sources/main.o
 .debug_macro   0x00000000      0x14e ./Sources/main.o
 .debug_macro   0x00000000       0x64 ./Sources/main.o
 .debug_macro   0x00000000    0x174c1 ./Sources/main.o
 .debug_macro   0x00000000       0x9a ./Sources/main.o
 .debug_macro   0x00000000     0x17fa ./Sources/main.o
 .debug_macro   0x00000000       0x36 ./Sources/main.o
 .debug_macro   0x00000000       0x16 ./Sources/main.o
 .group         0x00000000        0x8 ./Sources/median.o
 .group         0x00000000        0x8 ./Sources/median.o
 .group         0x00000000        0x8 ./Sources/median.o
 .group         0x00000000        0x8 ./Sources/median.o
 .group         0x00000000        0x8 ./Sources/median.o
 .text          0x00000000        0x0 ./Sources/median.o
 .data          0x00000000        0x0 ./Sources/median.o
 .bss           0x00000000        0x0 ./Sources/median.o
 .debug_macro   0x00000000      0x850 ./Sources/median.o
 .debug_macro   0x00000000       0x16 ./Sources/median.o
 .debug_macro   0x00000000       0x44 ./Sources/median.o
 .debug_macro   0x00000000      0x209 ./Sources/median.o
 .debug_macro   0x00000000       0x22 ./Sources/median.o
 .group         0x00000000        0x8 ./Project_Settings/Startup_Code/startup.o
 .group         0x00000000        0x8 ./Project_Settings/Startup_Code/startup.o
 .group         0x00000000        0x8 ./Project_Settings/Startup_Code/startup.o
 .group         0x00000000        0x8 ./Project_Settings/Startup_Code/startup.o
 .group         0x00000000        0x8 ./Project_Settings/Startup_Code/startup.o
 .group         0x00000000        0x8 ./Project_Settings/Startup_Code/startup.o
 .group         0x00000000        0x8 ./Project_Settings/Startup_Code/startup.o
 .group         0x00000000        0x8 ./Project_Settings/Startup_Code/startup.o
 .group         0x00000000        0x8 ./Project_Settings/Startup_Code/startup.o
 .group         0x00000000        0x8 ./Project_Settings/Startup_Code/startup.o
 .group         0x00000000        0x8 ./Project_Settings/Startup_Code/startup.o
 .group         0x00000000        0x8 ./Project_Settings/Startup_Code/startup.o
 .group         0x00000000        0x8 ./Project_Settings/Startup_Code/startup.o
 .group         0x00000000        0x8 ./Project_Settings/Startup_Code/startup.o
 .group         0x00000000        0x8 ./Project_Settings/Startup_Code/startup.o
 .group         0x00000000        0x8 ./Project_Settings/Startup_Code/startup.o
 .group         0x00000000        0x8 ./Project_Settings/Startup_Code/startup.o
 .group         0x00000000        0x8 ./Project_Settings/Startup_Code/startup.o
 .group         0x00000000        0x8 ./Project_Settings/Startup_Code/startup.o
 .text          0x00000000        0x0 ./Project_Settings/Startup_Code/startup.o
 .data          0x00000000        0x0 ./Project_Settings/Startup_Code/startup.o
 .bss           0x00000000        0x0 ./Project_Settings/Startup_Code/startup.o
 .text.__init_hardware
                0x00000000        0xc ./Project_Settings/Startup_Code/startup.o
 .text.__iar_program_start
                0x00000000        0xc ./Project_Settings/Startup_Code/startup.o
 .debug_macro   0x00000000      0x850 ./Project_Settings/Startup_Code/startup.o
 .debug_macro   0x00000000       0x16 ./Project_Settings/Startup_Code/startup.o
 .debug_macro   0x00000000       0x16 ./Project_Settings/Startup_Code/startup.o
 .debug_macro   0x00000000    0x174af ./Project_Settings/Startup_Code/startup.o
 .group         0x00000000        0x8 ./Generated_Code/Cpu.o
 .group         0x00000000        0x8 ./Generated_Code/Cpu.o
 .group         0x00000000        0x8 ./Generated_Code/Cpu.o
 .group         0x00000000        0x8 ./Generated_Code/Cpu.o
 .group         0x00000000        0x8 ./Generated_Code/Cpu.o
 .group         0x00000000        0x8 ./Generated_Code/Cpu.o
 .group         0x00000000        0x8 ./Generated_Code/Cpu.o
 .group         0x00000000        0x8 ./Generated_Code/Cpu.o
 .group         0x00000000        0x8 ./Generated_Code/Cpu.o
 .text          0x00000000        0x0 ./Generated_Code/Cpu.o
 .data          0x00000000        0x0 ./Generated_Code/Cpu.o
 .bss           0x00000000        0x0 ./Generated_Code/Cpu.o
 .debug_macro   0x00000000      0x850 ./Generated_Code/Cpu.o
 .debug_macro   0x00000000       0x16 ./Generated_Code/Cpu.o
 .debug_macro   0x00000000       0x44 ./Generated_Code/Cpu.o
 .debug_macro   0x00000000      0x209 ./Generated_Code/Cpu.o
 .debug_macro   0x00000000      0x14e ./Generated_Code/Cpu.o
 .debug_macro   0x00000000       0x64 ./Generated_Code/Cpu.o
 .debug_macro   0x00000000    0x174c1 ./Generated_Code/Cpu.o
 .debug_macro   0x00000000       0x9a ./Generated_Code/Cpu.o
 .debug_macro   0x00000000     0x17fa ./Generated_Code/Cpu.o
 .group         0x00000000        0x8 ./Generated_Code/PE_LDD.o
 .group         0x00000000        0x8 ./Generated_Code/PE_LDD.o
 .group         0x00000000        0x8 ./Generated_Code/PE_LDD.o
 .group         0x00000000        0x8 ./Generated_Code/PE_LDD.o
 .group         0x00000000        0x8 ./Generated_Code/PE_LDD.o
 .group         0x00000000        0x8 ./Generated_Code/PE_LDD.o
 .group         0x00000000        0x8 ./Generated_Code/PE_LDD.o
 .group         0x00000000        0x8 ./Generated_Code/PE_LDD.o
 .group         0x00000000        0x8 ./Generated_Code/PE_LDD.o
 .text          0x00000000        0x0 ./Generated_Code/PE_LDD.o
 .data          0x00000000        0x0 ./Generated_Code/PE_LDD.o
 .bss           0x00000000        0x0 ./Generated_Code/PE_LDD.o
 .rodata.PE_CpuClockConfigurations
                0x00000000       0x28 ./Generated_Code/PE_LDD.o
 .text.PE_FillMemory
                0x00000000       0x24 ./Generated_Code/PE_LDD.o
 .text.PE_PeripheralUsed
                0x00000000       0x18 ./Generated_Code/PE_LDD.o
 .text.LDD_SetClockConfiguration
                0x00000000       0x14 ./Generated_Code/PE_LDD.o
 .debug_info    0x00000000      0x215 ./Generated_Code/PE_LDD.o
 .debug_abbrev  0x00000000       0xf3 ./Generated_Code/PE_LDD.o
 .debug_aranges
                0x00000000       0x30 ./Generated_Code/PE_LDD.o
 .debug_ranges  0x00000000       0x20 ./Generated_Code/PE_LDD.o
 .debug_macro   0x00000000       0x93 ./Generated_Code/PE_LDD.o
 .debug_macro   0x00000000      0x850 ./Generated_Code/PE_LDD.o
 .debug_macro   0x00000000       0x16 ./Generated_Code/PE_LDD.o
 .debug_macro   0x00000000       0x44 ./Generated_Code/PE_LDD.o
 .debug_macro   0x00000000      0x209 ./Generated_Code/PE_LDD.o
 .debug_macro   0x00000000      0x14e ./Generated_Code/PE_LDD.o
 .debug_macro   0x00000000       0x64 ./Generated_Code/PE_LDD.o
 .debug_macro   0x00000000    0x174c1 ./Generated_Code/PE_LDD.o
 .debug_macro   0x00000000       0x9a ./Generated_Code/PE_LDD.o
 .debug_macro   0x00000000     0x17fa ./Generated_Code/PE_LDD.o
 .debug_line    0x00000000      0x224 ./Generated_Code/PE_LDD.o
 .debug_str     0x00000000    0x8a774 ./Generated_Code/PE_LDD.o
 .comment       0x00000000       0x71 ./Generated_Code/PE_LDD.o
 .ARM.attributes
                0x00000000       0x39 ./Generated_Code/PE_LDD.o
 .debug_frame   0x00000000       0x64 ./Generated_Code/PE_LDD.o
 .group         0x00000000        0x8 ./Generated_Code/Vectors.o
 .group         0x00000000        0x8 ./Generated_Code/Vectors.o
 .group         0x00000000        0x8 ./Generated_Code/Vectors.o
 .group         0x00000000        0x8 ./Generated_Code/Vectors.o
 .group         0x00000000        0x8 ./Generated_Code/Vectors.o
 .group         0x00000000        0x8 ./Generated_Code/Vectors.o
 .group         0x00000000        0x8 ./Generated_Code/Vectors.o
 .group         0x00000000        0x8 ./Generated_Code/Vectors.o
 .group         0x00000000        0x8 ./Generated_Code/Vectors.o
 .group         0x00000000        0x8 ./Generated_Code/Vectors.o
 .group         0x00000000        0x8 ./Generated_Code/Vectors.o
 .text          0x00000000        0x0 ./Generated_Code/Vectors.o
 .data          0x00000000        0x0 ./Generated_Code/Vectors.o
 .bss           0x00000000        0x0 ./Generated_Code/Vectors.o
 .debug_macro   0x00000000      0x850 ./Generated_Code/Vectors.o
 .debug_macro   0x00000000       0x16 ./Generated_Code/Vectors.o
 .debug_macro   0x00000000       0x44 ./Generated_Code/Vectors.o
 .debug_macro   0x00000000      0x209 ./Generated_Code/Vectors.o
 .debug_macro   0x00000000     0x17fa ./Generated_Code/Vectors.o
 .debug_macro   0x00000000      0x14e ./Generated_Code/Vectors.o
 .debug_macro   0x00000000       0x64 ./Generated_Code/Vectors.o
 .debug_macro   0x00000000    0x174c1 ./Generated_Code/Vectors.o
 .debug_macro   0x00000000       0x9a ./Generated_Code/Vectors.o
 .debug_macro   0x00000000       0x22 ./Generated_Code/Vectors.o
 .debug_macro   0x00000000       0x36 ./Generated_Code/Vectors.o
 .group         0x00000000        0x8 D:\Embedded\Lab5\Library\libOS.a(OS.o)
 .group         0x00000000        0x8 D:\Embedded\Lab5\Library\libOS.a(OS.o)
 .group         0x00000000        0x8 D:\Embedded\Lab5\Library\libOS.a(OS.o)
 .group         0x00000000        0x8 D:\Embedded\Lab5\Library\libOS.a(OS.o)
 .group         0x00000000        0x8 D:\Embedded\Lab5\Library\libOS.a(OS.o)
 .group         0x00000000        0x8 D:\Embedded\Lab5\Library\libOS.a(OS.o)
 .group         0x00000000        0x8 D:\Embedded\Lab5\Library\libOS.a(OS.o)
 .group         0x00000000        0x8 D:\Embedded\Lab5\Library\libOS.a(OS.o)
 .group         0x00000000        0x8 D:\Embedded\Lab5\Library\libOS.a(OS.o)
 .group         0x00000000        0x8 D:\Embedded\Lab5\Library\libOS.a(OS.o)
 .group         0x00000000        0x8 D:\Embedded\Lab5\Library\libOS.a(OS.o)
 .text          0x00000000        0x0 D:\Embedded\Lab5\Library\libOS.a(OS.o)
 .data          0x00000000        0x0 D:\Embedded\Lab5\Library\libOS.a(OS.o)
 .bss           0x00000000        0x0 D:\Embedded\Lab5\Library\libOS.a(OS.o)
 .rodata.OS_TICK_FREQUENCY
                0x00000000        0x4 D:\Embedded\Lab5\Library\libOS.a(OS.o)
 .text.OS_ThreadDelete
                0x00000000      0x18c D:\Embedded\Lab5\Library\libOS.a(OS.o)
 .text.OS_TimeDelay
                0x00000000       0x48 D:\Embedded\Lab5\Library\libOS.a(OS.o)
 .text.OS_TimeGet
                0x00000000       0x24 D:\Embedded\Lab5\Library\libOS.a(OS.o)
 .text.OS_TimeSet
                0x00000000       0x20 D:\Embedded\Lab5\Library\libOS.a(OS.o)
 .debug_macro   0x00000000      0x850 D:\Embedded\Lab5\Library\libOS.a(OS.o)
 .debug_macro   0x00000000       0x16 D:\Embedded\Lab5\Library\libOS.a(OS.o)
 .debug_macro   0x00000000       0x44 D:\Embedded\Lab5\Library\libOS.a(OS.o)
 .debug_macro   0x00000000      0x209 D:\Embedded\Lab5\Library\libOS.a(OS.o)
 .debug_macro   0x00000000      0x14e D:\Embedded\Lab5\Library\libOS.a(OS.o)
 .debug_macro   0x00000000       0x64 D:\Embedded\Lab5\Library\libOS.a(OS.o)
 .debug_macro   0x00000000    0x174c1 D:\Embedded\Lab5\Library\libOS.a(OS.o)
 .debug_macro   0x00000000       0x22 D:\Embedded\Lab5\Library\libOS.a(OS.o)
 .text          0x00000000        0x0 c:/freescale/kds_3.0.0/toolchain/bin/../lib/gcc/arm-none-eabi/4.8.4/../../../../arm-none-eabi/lib/armv7e-m/fpu\libg_s.a(lib_a-exit.o)
 .data          0x00000000        0x0 c:/freescale/kds_3.0.0/toolchain/bin/../lib/gcc/arm-none-eabi/4.8.4/../../../../arm-none-eabi/lib/armv7e-m/fpu\libg_s.a(lib_a-exit.o)
 .bss           0x00000000        0x0 c:/freescale/kds_3.0.0/toolchain/bin/../lib/gcc/arm-none-eabi/4.8.4/../../../../arm-none-eabi/lib/armv7e-m/fpu\libg_s.a(lib_a-exit.o)
 .text          0x00000000        0x0 c:/freescale/kds_3.0.0/toolchain/bin/../lib/gcc/arm-none-eabi/4.8.4/../../../../arm-none-eabi/lib/armv7e-m/fpu\libg_s.a(lib_a-impure.o)
 .data          0x00000000        0x0 c:/freescale/kds_3.0.0/toolchain/bin/../lib/gcc/arm-none-eabi/4.8.4/../../../../arm-none-eabi/lib/armv7e-m/fpu\libg_s.a(lib_a-impure.o)
 .bss           0x00000000        0x0 c:/freescale/kds_3.0.0/toolchain/bin/../lib/gcc/arm-none-eabi/4.8.4/../../../../arm-none-eabi/lib/armv7e-m/fpu\libg_s.a(lib_a-impure.o)
 .data._impure_ptr
                0x00000000        0x4 c:/freescale/kds_3.0.0/toolchain/bin/../lib/gcc/arm-none-eabi/4.8.4/../../../../arm-none-eabi/lib/armv7e-m/fpu\libg_s.a(lib_a-impure.o)
 .text          0x00000000        0x0 c:/freescale/kds_3.0.0/toolchain/bin/../lib/gcc/arm-none-eabi/4.8.4/../../../../arm-none-eabi/lib/armv7e-m/fpu\libg_s.a(lib_a-init.o)
 .data          0x00000000        0x0 c:/freescale/kds_3.0.0/toolchain/bin/../lib/gcc/arm-none-eabi/4.8.4/../../../../arm-none-eabi/lib/armv7e-m/fpu\libg_s.a(lib_a-init.o)
 .bss           0x00000000        0x0 c:/freescale/kds_3.0.0/toolchain/bin/../lib/gcc/arm-none-eabi/4.8.4/../../../../arm-none-eabi/lib/armv7e-m/fpu\libg_s.a(lib_a-init.o)
 .text          0x00000000        0x0 c:/freescale/kds_3.0.0/toolchain/bin/../lib/gcc/arm-none-eabi/4.8.4/../../../../arm-none-eabi/lib/armv7e-m/fpu\libg_s.a(lib_a-memset.o)
 .data          0x00000000        0x0 c:/freescale/kds_3.0.0/toolchain/bin/../lib/gcc/arm-none-eabi/4.8.4/../../../../arm-none-eabi/lib/armv7e-m/fpu\libg_s.a(lib_a-memset.o)
 .bss           0x00000000        0x0 c:/freescale/kds_3.0.0/toolchain/bin/../lib/gcc/arm-none-eabi/4.8.4/../../../../arm-none-eabi/lib/armv7e-m/fpu\libg_s.a(lib_a-memset.o)
 .text          0x00000000        0x0 c:/freescale/kds_3.0.0/toolchain/bin/../lib/gcc/arm-none-eabi/4.8.4/../../../../arm-none-eabi/lib/armv7e-m/fpu\libnosys.a(_exit.o)
 .data          0x00000000        0x0 c:/freescale/kds_3.0.0/toolchain/bin/../lib/gcc/arm-none-eabi/4.8.4/../../../../arm-none-eabi/lib/armv7e-m/fpu\libnosys.a(_exit.o)
 .bss           0x00000000        0x0 c:/freescale/kds_3.0.0/toolchain/bin/../lib/gcc/arm-none-eabi/4.8.4/../../../../arm-none-eabi/lib/armv7e-m/fpu\libnosys.a(_exit.o)
 .text          0x00000000        0x0 c:/freescale/kds_3.0.0/toolchain/bin/../lib/gcc/arm-none-eabi/4.8.4/armv7e-m/fpu/crtend.o
 .data          0x00000000        0x0 c:/freescale/kds_3.0.0/toolchain/bin/../lib/gcc/arm-none-eabi/4.8.4/armv7e-m/fpu/crtend.o
 .bss           0x00000000        0x0 c:/freescale/kds_3.0.0/toolchain/bin/../lib/gcc/arm-none-eabi/4.8.4/armv7e-m/fpu/crtend.o
 .eh_frame      0x00000000        0x4 c:/freescale/kds_3.0.0/toolchain/bin/../lib/gcc/arm-none-eabi/4.8.4/armv7e-m/fpu/crtend.o
 .jcr           0x00000000        0x4 c:/freescale/kds_3.0.0/toolchain/bin/../lib/gcc/arm-none-eabi/4.8.4/armv7e-m/fpu/crtend.o
 .ARM.attributes
                0x00000000       0x34 c:/freescale/kds_3.0.0/toolchain/bin/../lib/gcc/arm-none-eabi/4.8.4/armv7e-m/fpu/crtend.o
 .text          0x00000000        0x0 c:/freescale/kds_3.0.0/toolchain/bin/../lib/gcc/arm-none-eabi/4.8.4/armv7e-m/fpu/crtn.o
 .data          0x00000000        0x0 c:/freescale/kds_3.0.0/toolchain/bin/../lib/gcc/arm-none-eabi/4.8.4/armv7e-m/fpu/crtn.o
 .bss           0x00000000        0x0 c:/freescale/kds_3.0.0/toolchain/bin/../lib/gcc/arm-none-eabi/4.8.4/armv7e-m/fpu/crtn.o

Memory Configuration

Name             Origin             Length             Attributes
m_interrupts     0x00000000         0x000001e8         xr
m_text           0x00000410         0x0007fbf0         xr
m_data           0x1fff0000         0x00010000         rw
m_data_20000000  0x20000000         0x00010000         rw
m_cfmprotrom     0x00000400         0x00000010         xr
*default*        0x00000000         0xffffffff

Linker script and memory map

LOAD c:/freescale/kds_3.0.0/toolchain/bin/../lib/gcc/arm-none-eabi/4.8.4/armv7e-m/fpu/crti.o
LOAD c:/freescale/kds_3.0.0/toolchain/bin/../lib/gcc/arm-none-eabi/4.8.4/armv7e-m/fpu/crtbegin.o
LOAD c:/freescale/kds_3.0.0/toolchain/bin/../lib/gcc/arm-none-eabi/4.8.4/../../../../arm-none-eabi/lib/armv7e-m/fpu/crt0.o
LOAD ./Sources/Events.o
LOAD ./Sources/FIFO.o
LOAD ./Sources/FTM.o
LOAD ./Sources/LEDs.o
LOAD ./Sources/PIT.o
LOAD ./Sources/Packet.o
LOAD ./Sources/RTC.o
LOAD ./Sources/SPI.o
LOAD ./Sources/UART.o
LOAD ./Sources/analog.o
LOAD ./Sources/flash.o
LOAD ./Sources/main.o
LOAD ./Sources/median.o
LOAD ./Project_Settings/Startup_Code/startup.o
LOAD ./Generated_Code/Cpu.o
LOAD ./Generated_Code/PE_LDD.o
LOAD ./Generated_Code/Vectors.o
LOAD D:\Embedded\Lab5\Library\libLab3.a
LOAD D:\Embedded\Lab5\Library\libOS.a
LOAD D:\Embedded\Lab5\Library\libPMcL.a
LOAD c:/freescale/kds_3.0.0/toolchain/bin/../lib/gcc/arm-none-eabi/4.8.4/../../../../arm-none-eabi/lib/armv7e-m/fpu\libstdc++_s.a
LOAD c:/freescale/kds_3.0.0/toolchain/bin/../lib/gcc/arm-none-eabi/4.8.4/../../../../arm-none-eabi/lib/armv7e-m/fpu\libm.a
START GROUP
LOAD c:/freescale/kds_3.0.0/toolchain/bin/../lib/gcc/arm-none-eabi/4.8.4/armv7e-m/fpu\libgcc.a
LOAD c:/freescale/kds_3.0.0/toolchain/bin/../lib/gcc/arm-none-eabi/4.8.4/../../../../arm-none-eabi/lib/armv7e-m/fpu\libg_s.a
LOAD c:/freescale/kds_3.0.0/toolchain/bin/../lib/gcc/arm-none-eabi/4.8.4/../../../../arm-none-eabi/lib/armv7e-m/fpu\libc_s.a
END GROUP
START GROUP
LOAD c:/freescale/kds_3.0.0/toolchain/bin/../lib/gcc/arm-none-eabi/4.8.4/armv7e-m/fpu\libgcc.a
LOAD c:/freescale/kds_3.0.0/toolchain/bin/../lib/gcc/arm-none-eabi/4.8.4/../../../../arm-none-eabi/lib/armv7e-m/fpu\libc_s.a
LOAD c:/freescale/kds_3.0.0/toolchain/bin/../lib/gcc/arm-none-eabi/4.8.4/../../../../arm-none-eabi/lib/armv7e-m/fpu\libnosys.a
END GROUP
START GROUP
LOAD c:/freescale/kds_3.0.0/toolchain/bin/../lib/gcc/arm-none-eabi/4.8.4/armv7e-m/fpu\libgcc.a
LOAD c:/freescale/kds_3.0.0/toolchain/bin/../lib/gcc/arm-none-eabi/4.8.4/../../../../arm-none-eabi/lib/armv7e-m/fpu\libc_s.a
LOAD c:/freescale/kds_3.0.0/toolchain/bin/../lib/gcc/arm-none-eabi/4.8.4/../../../../arm-none-eabi/lib/armv7e-m/fpu\libnosys.a
END GROUP
LOAD c:/freescale/kds_3.0.0/toolchain/bin/../lib/gcc/arm-none-eabi/4.8.4/armv7e-m/fpu/crtend.o
LOAD c:/freescale/kds_3.0.0/toolchain/bin/../lib/gcc/arm-none-eabi/4.8.4/armv7e-m/fpu/crtn.o
                0x20000000                _estack = 0x20000000
                0x20000000                __SP_INIT = _estack
                0x20000000                __stack = _estack
                0x00000000                __heap_size = 0x0
                0x00000400                __stack_size = 0x400

.interrupts     0x00000000      0x1e8
                0x00000000                __vector_table = .
                0x00000000                . = ALIGN (0x4)
 *(.vectortable)
 .vectortable   0x00000000      0x1e8 ./Generated_Code/Vectors.o
                0x00000000                __vect_table
                0x000001e8                . = ALIGN (0x4)

.cfmprotect     0x00000400       0x10
                0x00000400                . = ALIGN (0x4)
 *(.cfmconfig)
 .cfmconfig     0x00000400       0x10 ./Generated_Code/Cpu.o
                0x00000400                _cfm
                0x00000410                . = ALIGN (0x4)

.text           0x00000410     0x32ec
                0x00000410                . = ALIGN (0x4)
 *(.text)
 .text          0x00000410       0x54 c:/freescale/kds_3.0.0/toolchain/bin/../lib/gcc/arm-none-eabi/4.8.4/armv7e-m/fpu/crtbegin.o
 .text          0x00000464       0x74 c:/freescale/kds_3.0.0/toolchain/bin/../lib/gcc/arm-none-eabi/4.8.4/../../../../arm-none-eabi/lib/armv7e-m/fpu/crt0.o
                0x00000464                _start
                0x00000464                _mainCRTStartup
 *(.text*)
 .text.FIFO_Init
                0x000004d8       0x34 ./Sources/FIFO.o
                0x000004d8                FIFO_Init
 .text.FIFO_Put
                0x0000050c       0x64 ./Sources/FIFO.o
                0x0000050c                FIFO_Put
 .text.FIFO_Get
                0x00000570       0x60 ./Sources/FIFO.o
                0x00000570                FIFO_Get
 .text.FTM_Init
                0x000005d0       0xa0 ./Sources/FTM.o
                0x000005d0                FTM_Init
 .text.FTM_Set  0x00000670      0x110 ./Sources/FTM.o
                0x00000670                FTM_Set
 .text.FTM_StartTimer
                0x00000780       0xac ./Sources/FTM.o
                0x00000780                FTM_StartTimer
 .text.FTM0_ISR
                0x0000082c       0x94 ./Sources/FTM.o
                0x0000082c                FTM0_ISR
 .text.FTMThread
                0x000008c0       0x8c ./Sources/FTM.o
 .text.LEDs_Init
                0x0000094c       0xc0 ./Sources/LEDs.o
                0x0000094c                LEDs_Init
 .text.LEDs_On  0x00000a0c       0x1c ./Sources/LEDs.o
                0x00000a0c                LEDs_On
 .text.LEDs_Off
                0x00000a28       0x1c ./Sources/LEDs.o
                0x00000a28                LEDs_Off
 .text.LEDs_Toggle
                0x00000a44       0x1c ./Sources/LEDs.o
                0x00000a44                LEDs_Toggle
 .text.PIT_Init
                0x00000a60       0xb8 ./Sources/PIT.o
                0x00000a60                PIT_Init
 .text.PIT_Set  0x00000b18       0x68 ./Sources/PIT.o
                0x00000b18                PIT_Set
 .text.PIT_Enable
                0x00000b80       0x38 ./Sources/PIT.o
                0x00000b80                PIT_Enable
 .text.PIT_ISR  0x00000bb8       0x40 ./Sources/PIT.o
                0x00000bb8                PIT_ISR
 .text.PITThread
                0x00000bf8       0x38 ./Sources/PIT.o
 .text.Packet_Init
                0x00000c30       0x1c ./Sources/Packet.o
                0x00000c30                Packet_Init
 .text.Packet_Get
                0x00000c4c      0x128 ./Sources/Packet.o
                0x00000c4c                Packet_Get
 .text.Packet_Put
                0x00000d74       0x84 ./Sources/Packet.o
                0x00000d74                Packet_Put
 .text.CalculateChecksum
                0x00000df8       0x30 ./Sources/Packet.o
 .text.RTC_Init
                0x00000e28      0x128 ./Sources/RTC.o
                0x00000e28                RTC_Init
 .text.RTC_Set  0x00000f50       0x74 ./Sources/RTC.o
                0x00000f50                RTC_Set
 .text.RTC_Get  0x00000fc4       0xa0 ./Sources/RTC.o
                0x00000fc4                RTC_Get
 .text.RTC_ISR  0x00001064       0x2c ./Sources/RTC.o
                0x00001064                RTC_ISR
 .text.RTCThread
                0x00001090       0x38 ./Sources/RTC.o
 .text.CalculateDelay
                0x000010c8      0x124 ./Sources/SPI.o
                0x000010c8                CalculateDelay
 .text.CalculateBaud
                0x000011ec      0x124 ./Sources/SPI.o
                0x000011ec                CalculateBaud
 .text.SPI_Init
                0x00001310      0x208 ./Sources/SPI.o
                0x00001310                SPI_Init
 .text.SPI_SelectSlaveDevice
                0x00001518       0x98 ./Sources/SPI.o
                0x00001518                SPI_SelectSlaveDevice
 .text.SPI_Exchange
                0x000015b0       0x6c ./Sources/SPI.o
                0x000015b0                SPI_Exchange
 .text.UART_Init
                0x0000161c      0x1ec ./Sources/UART.o
                0x0000161c                UART_Init
 .text.UART_InChar
                0x00001808       0x38 ./Sources/UART.o
                0x00001808                UART_InChar
 .text.UART_OutChar
                0x00001840       0x50 ./Sources/UART.o
                0x00001840                UART_OutChar
 .text.UART_ISR
                0x00001890       0x80 ./Sources/UART.o
                0x00001890                UART_ISR
 .text.UARTRxThread
                0x00001910       0x4c ./Sources/UART.o
 .text.UARTTxThread
                0x0000195c       0x40 ./Sources/UART.o
 .text.getMedian
                0x0000199c       0x60 ./Sources/analog.o
                0x0000199c                getMedian
 .text.Analog_Init
                0x000019fc       0xc0 ./Sources/analog.o
                0x000019fc                Analog_Init
 .text.Analog_Get
                0x00001abc      0x12c ./Sources/analog.o
                0x00001abc                Analog_Get
 .text.Flash_Init
                0x00001be8       0x10 ./Sources/flash.o
                0x00001be8                Flash_Init
 .text.Flash_AllocateVar
                0x00001bf8      0x164 ./Sources/flash.o
                0x00001bf8                Flash_AllocateVar
 .text.Flash_Write32
                0x00001d5c       0x6c ./Sources/flash.o
                0x00001d5c                Flash_Write32
 .text.Flash_Write16
                0x00001dc8       0x6c ./Sources/flash.o
                0x00001dc8                Flash_Write16
 .text.Flash_Write8
                0x00001e34       0x60 ./Sources/flash.o
                0x00001e34                Flash_Write8
 .text.Flash_Erase
                0x00001e94       0x10 ./Sources/flash.o
                0x00001e94                Flash_Erase
 .text.ModifyPhrase
                0x00001ea4       0x30 ./Sources/flash.o
 .text.EraseSector
                0x00001ed4       0x2c ./Sources/flash.o
 .text.LaunchCommand
                0x00001f00       0xd4 ./Sources/flash.o
 .text.WritePhrase
                0x00001fd4       0x40 ./Sources/flash.o
 .text.LoadAddress
                0x00002014       0x34 ./Sources/flash.o
 .text.LoadData
                0x00002048       0x5c ./Sources/flash.o
 .text.HandleProgramPacket
                0x000020a4       0x58 ./Sources/main.o
 .text.HandleReadPacket
                0x000020fc       0x54 ./Sources/main.o
 .text.HandleVersionPacket
                0x00002150       0x48 ./Sources/main.o
 .text.HandleNumberPacket
                0x00002198       0x7c ./Sources/main.o
 .text.HandleModePacket
                0x00002214       0x7c ./Sources/main.o
 .text.HandleTimePacket
                0x00002290       0x40 ./Sources/main.o
 .text.HandleProtocolPacket
                0x000022d0       0xb8 ./Sources/main.o
 .text.HandleSpecialPacket
                0x00002388       0xf0 ./Sources/main.o
 .text.HandlePacket
                0x00002478      0x108 ./Sources/main.o
 .text.TowerNumberModeInit
                0x00002580       0x78 ./Sources/main.o
 .text.PITCallback
                0x000025f8       0xe0 ./Sources/main.o
 .text.RTCCallback
                0x000026d8       0x40 ./Sources/main.o
 .text.FTM0CH0Callback
                0x00002718       0x18 ./Sources/main.o
 .text.CH01SecondTimerInit
                0x00002730       0x3c ./Sources/main.o
 .text.PacketThread
                0x0000276c       0x2c ./Sources/main.o
 .text.main     0x00002798       0xb0 ./Sources/main.o
                0x00002798                main
 .text.Median_Filter
                0x00002848      0x124 ./Sources/median.o
                0x00002848                Median_Filter
 .text.__copy_rom_section
                0x0000296c       0xe4 ./Project_Settings/Startup_Code/startup.o
                0x0000296c                __copy_rom_section
 .text.__copy_rom_sections_to_ram
                0x00002a50       0x9c ./Project_Settings/Startup_Code/startup.o
                0x00002a50                __copy_rom_sections_to_ram
 .text.__init_registers
                0x00002aec       0x20 ./Project_Settings/Startup_Code/startup.o
                0x00002aec                __init_registers
 .text.__init_user
                0x00002b0c        0xc ./Project_Settings/Startup_Code/startup.o
                0x00002b0c                __init_user
 .text.__thumb_startup
                0x00002b18       0x34 ./Project_Settings/Startup_Code/startup.o
                0x00002b18                __thumb_startup
 .text.Cpu_Interrupt
                0x00002b4c       0x18 ./Generated_Code/Cpu.o
                0x00002b4c                Cpu_Interrupt
 .text.__init_hardware
                0x00002b64      0x1cc ./Generated_Code/Cpu.o
                0x00002b64                __init_hardware
 .text.Cpu_SetBASEPRI
                0x00002d30       0x18 ./Generated_Code/Cpu.o
                0x00002d30                Cpu_SetBASEPRI
 .text.PE_low_level_init
                0x00002d48       0xe4 ./Generated_Code/Cpu.o
                0x00002d48                PE_low_level_init
 .text.OS_Init  0x00002e2c      0x110 D:\Embedded\Lab5\Library\libOS.a(OS.o)
                0x00002e2c                OS_Init
 .text.OS_ISREnter
                0x00002f3c       0x20 D:\Embedded\Lab5\Library\libOS.a(OS.o)
                0x00002f3c                OS_ISREnter
 .text.OS_ISRExit
                0x00002f5c       0x1c D:\Embedded\Lab5\Library\libOS.a(OS.o)
                0x00002f5c                OS_ISRExit
 .text.OS_SemaphoreCreate
                0x00002f78       0x90 D:\Embedded\Lab5\Library\libOS.a(OS.o)
                0x00002f78                OS_SemaphoreCreate
 .text.OS_SemaphoreSignal
                0x00003008       0x44 D:\Embedded\Lab5\Library\libOS.a(OS.o)
                0x00003008                OS_SemaphoreSignal
 .text.OS_SemaphoreWait
                0x0000304c       0x58 D:\Embedded\Lab5\Library\libOS.a(OS.o)
                0x0000304c                OS_SemaphoreWait
 .text.OS_Start
                0x000030a4       0x10 D:\Embedded\Lab5\Library\libOS.a(OS.o)
                0x000030a4                OS_Start
 .text.OS_ThreadCreate
                0x000030b4      0x160 D:\Embedded\Lab5\Library\libOS.a(OS.o)
                0x000030b4                OS_ThreadCreate
 .text.EventThreadReady
                0x00003214       0x68 D:\Embedded\Lab5\Library\libOS.a(OS.o)
 .text.EventThreadWait
                0x0000327c       0x64 D:\Embedded\Lab5\Library\libOS.a(OS.o)
 .text.EventTimeout
                0x000032e0       0x40 D:\Embedded\Lab5\Library\libOS.a(OS.o)
 .text.Idle     0x00003320       0x18 D:\Embedded\Lab5\Library\libOS.a(OS.o)
 .text.FindFirstSet
                0x00003338       0x44 D:\Embedded\Lab5\Library\libOS.a(OS.o)
 .text.Schedule
                0x0000337c       0x64 D:\Embedded\Lab5\Library\libOS.a(OS.o)
 .text.TCBInit  0x000033e0       0xcc D:\Embedded\Lab5\Library\libOS.a(OS.o)
 .text.TimeTick
                0x000034ac       0x74 D:\Embedded\Lab5\Library\libOS.a(OS.o)
 .text.OS_ContextSwitchISR
                0x00003520       0x70 D:\Embedded\Lab5\Library\libOS.a(OS.o)
                0x00003520                OS_ContextSwitchISR
 .text.OS_SysTickISR
                0x00003590       0x5c D:\Embedded\Lab5\Library\libOS.a(OS.o)
                0x00003590                OS_SysTickISR
 .text.exit     0x000035ec       0x28 c:/freescale/kds_3.0.0/toolchain/bin/../lib/gcc/arm-none-eabi/4.8.4/../../../../arm-none-eabi/lib/armv7e-m/fpu\libg_s.a(lib_a-exit.o)
                0x000035ec                exit
 .text.__libc_init_array
                0x00003614       0x4c c:/freescale/kds_3.0.0/toolchain/bin/../lib/gcc/arm-none-eabi/4.8.4/../../../../arm-none-eabi/lib/armv7e-m/fpu\libg_s.a(lib_a-init.o)
                0x00003614                __libc_init_array
 .text.memset   0x00003660       0x10 c:/freescale/kds_3.0.0/toolchain/bin/../lib/gcc/arm-none-eabi/4.8.4/../../../../arm-none-eabi/lib/armv7e-m/fpu\libg_s.a(lib_a-memset.o)
                0x00003660                memset
 .text._exit    0x00003670        0x4 c:/freescale/kds_3.0.0/toolchain/bin/../lib/gcc/arm-none-eabi/4.8.4/../../../../arm-none-eabi/lib/armv7e-m/fpu\libnosys.a(_exit.o)
                0x00003670                _exit
 *(.rodata)
 .rodata        0x00003674       0x68 ./Sources/SPI.o
 *(.rodata*)
 .rodata.PACKET_ACK_MASK
                0x000036dc        0x1 ./Sources/Packet.o
                0x000036dc                PACKET_ACK_MASK
 .rodata.str1.1
                0x000036dd        0x2 c:/freescale/kds_3.0.0/toolchain/bin/../lib/gcc/arm-none-eabi/4.8.4/../../../../arm-none-eabi/lib/armv7e-m/fpu\libg_s.a(lib_a-impure.o)
 *fill*         0x000036df        0x1 
 .rodata._global_impure_ptr
                0x000036e0        0x4 c:/freescale/kds_3.0.0/toolchain/bin/../lib/gcc/arm-none-eabi/4.8.4/../../../../arm-none-eabi/lib/armv7e-m/fpu\libg_s.a(lib_a-impure.o)
                0x000036e0                _global_impure_ptr
 *(.glue_7)
 .glue_7        0x00000000        0x0 linker stubs
 *(.glue_7t)
 .glue_7t       0x00000000        0x0 linker stubs
 *(.eh_frame)
 .eh_frame      0x000036e4        0x0 c:/freescale/kds_3.0.0/toolchain/bin/../lib/gcc/arm-none-eabi/4.8.4/armv7e-m/fpu/crtbegin.o
 *(.init)
 .init          0x000036e4        0x4 c:/freescale/kds_3.0.0/toolchain/bin/../lib/gcc/arm-none-eabi/4.8.4/armv7e-m/fpu/crti.o
                0x000036e4                _init
 .init          0x000036e8        0x8 c:/freescale/kds_3.0.0/toolchain/bin/../lib/gcc/arm-none-eabi/4.8.4/armv7e-m/fpu/crtn.o
 *(.fini)
 .fini          0x000036f0        0x4 c:/freescale/kds_3.0.0/toolchain/bin/../lib/gcc/arm-none-eabi/4.8.4/armv7e-m/fpu/crti.o
                0x000036f0                _fini
 .fini          0x000036f4        0x8 c:/freescale/kds_3.0.0/toolchain/bin/../lib/gcc/arm-none-eabi/4.8.4/armv7e-m/fpu/crtn.o
                0x000036fc                . = ALIGN (0x4)
                0x000036fc                _etext = .

.vfp11_veneer   0x000036fc        0x0
 .vfp11_veneer  0x00000000        0x0 linker stubs

.v4_bx          0x000036fc        0x0
 .v4_bx         0x00000000        0x0 linker stubs

.iplt           0x000036fc        0x0
 .iplt          0x00000000        0x0 c:/freescale/kds_3.0.0/toolchain/bin/../lib/gcc/arm-none-eabi/4.8.4/armv7e-m/fpu/crtbegin.o

.ARM.extab
 *(.ARM.extab* .gnu.linkonce.armextab.*)

.ARM            0x000036fc        0x8
                0x000036fc                __exidx_start = .
 *(.ARM.exidx*)
 .ARM.exidx     0x000036fc        0x8 c:/freescale/kds_3.0.0/toolchain/bin/../lib/gcc/arm-none-eabi/4.8.4/../../../../arm-none-eabi/lib/armv7e-m/fpu/crt0.o
                0x00003704                __exidx_end = .

.rel.dyn        0x00003704        0x0
 .rel.iplt      0x00000000        0x0 c:/freescale/kds_3.0.0/toolchain/bin/../lib/gcc/arm-none-eabi/4.8.4/armv7e-m/fpu/crtbegin.o

.ctors          0x00003704        0x0
                0x00003704                __CTOR_LIST__ = .
 *crtbegin.o(.ctors)
 *(EXCLUDE_FILE(*crtend.o) .ctors)
 *(SORT(.ctors.*))
 *(.ctors)
                0x00003704                __CTOR_END__ = .

.dtors          0x00003704        0x0
                0x00003704                __DTOR_LIST__ = .
 *crtbegin.o(.dtors)
 *(EXCLUDE_FILE(*crtend.o) .dtors)
 *(SORT(.dtors.*))
 *(.dtors)
                0x00003704                __DTOR_END__ = .

.preinit_array  0x00003704        0x0
                0x00003704                PROVIDE (__preinit_array_start, .)
 *(.preinit_array*)
                0x00003704                PROVIDE (__preinit_array_end, .)

.init_array     0x00003704        0x4
                0x00003704                PROVIDE (__init_array_start, .)
 *(SORT(.init_array.*))
 *(.init_array*)
 .init_array    0x00003704        0x4 c:/freescale/kds_3.0.0/toolchain/bin/../lib/gcc/arm-none-eabi/4.8.4/armv7e-m/fpu/crtbegin.o
                0x00003708                PROVIDE (__init_array_end, .)

.fini_array     0x00003708        0x4
                0x00003708                PROVIDE (__fini_array_start, .)
 *(SORT(.fini_array.*))
 *(.fini_array*)
 .fini_array    0x00003708        0x4 c:/freescale/kds_3.0.0/toolchain/bin/../lib/gcc/arm-none-eabi/4.8.4/armv7e-m/fpu/crtbegin.o
                0x0000370c                PROVIDE (__fini_array_end, .)
                0x0000370c                ___ROM_AT = .

.data           0x1fff0000       0x60 load address 0x0000370c
                0x1fff0000                . = ALIGN (0x4)
                0x1fff0000                _sdata = .
 *(.data)
 *(.data*)
 .data.impure_data
                0x1fff0000       0x60 c:/freescale/kds_3.0.0/toolchain/bin/../lib/gcc/arm-none-eabi/4.8.4/../../../../arm-none-eabi/lib/armv7e-m/fpu\libg_s.a(lib_a-impure.o)
                0x1fff0060                . = ALIGN (0x4)
                0x1fff0060                _edata = .
                0x00000060                ___data_size = (_edata - _sdata)
                0x0000376c                ___m_data_20000000_ROMStart = (___ROM_AT + SIZEOF (.data))

.jcr            0x1fff0060        0x0 load address 0x0000376c
 .jcr           0x1fff0060        0x0 c:/freescale/kds_3.0.0/toolchain/bin/../lib/gcc/arm-none-eabi/4.8.4/armv7e-m/fpu/crtbegin.o

.igot.plt       0x1fff0060        0x0 load address 0x0000376c
 .igot.plt      0x00000000        0x0 c:/freescale/kds_3.0.0/toolchain/bin/../lib/gcc/arm-none-eabi/4.8.4/armv7e-m/fpu/crtbegin.o

.m_data_20000000
                0x20000000        0x0 load address 0x0000376c
                0x20000000                . = ALIGN (0x4)
                0x20000000                ___m_data_20000000_RAMStart = .
 *(.m_data_20000000)
                0x20000000                ___m_data_20000000_RAMEnd = .
                0x20000000                . = ALIGN (0x4)
                0x00000000                ___m_data_20000000_ROMSize = (___m_data_20000000_RAMEnd - ___m_data_20000000_RAMStart)
                0x20000000                . = ALIGN (0x4)

.bss            0x1fff0060     0x3144 load address 0x00003770
                0x1fff0060                __START_BSS = .
                0x1fff0060                PROVIDE (__bss_start__, __START_BSS)
 *(.bss)
 .bss           0x1fff0060       0x1c c:/freescale/kds_3.0.0/toolchain/bin/../lib/gcc/arm-none-eabi/4.8.4/armv7e-m/fpu/crtbegin.o
 *(.bss*)
 .bss.CallBackFunctions
                0x1fff007c       0x20 ./Sources/FTM.o
 .bss.CallBackArgument
                0x1fff009c       0x20 ./Sources/FTM.o
 .bss.ChannelInterrupt
                0x1fff00bc        0x1 ./Sources/FTM.o
 *fill*         0x1fff00bd        0x3 
 .bss.FTMStack  0x1fff00c0      0x320 ./Sources/FTM.o
 .bss.CntDone   0x1fff03e0        0x4 ./Sources/FTM.o
 .bss.ModuleClk
                0x1fff03e4        0x4 ./Sources/PIT.o
 .bss.CallBack  0x1fff03e8        0x4 ./Sources/PIT.o
 .bss.CallBackArgument
                0x1fff03ec        0x4 ./Sources/PIT.o
 .bss.PITStack  0x1fff03f0      0x320 ./Sources/PIT.o
 .bss.CntDone   0x1fff0710        0x4 ./Sources/PIT.o
 .bss.state.6633
                0x1fff0714        0x1 ./Sources/Packet.o
 *fill*         0x1fff0715        0x3 
 .bss.CallBack  0x1fff0718        0x4 ./Sources/RTC.o
 .bss.CallBackArgument
                0x1fff071c        0x4 ./Sources/RTC.o
 .bss.SecondPassed
                0x1fff0720        0x4 ./Sources/RTC.o
 .bss.TxFIFO    0x1fff0724      0x108 ./Sources/UART.o
 .bss.RxFIFO    0x1fff082c      0x108 ./Sources/UART.o
 .bss.RxData    0x1fff0934        0x1 ./Sources/UART.o
 *fill*         0x1fff0935        0x3 
 .bss.UARTRxStack
                0x1fff0938      0xc80 ./Sources/UART.o
 .bss.UARTTxStack
                0x1fff15b8      0xc80 ./Sources/UART.o
 .bss.RxTrue    0x1fff2238        0x4 ./Sources/UART.o
 .bss.RxMemoryAvailble
                0x1fff223c        0x4 ./Sources/UART.o
 .bss.TxTrue    0x1fff2240        0x4 ./Sources/UART.o
 .bss.TxNbBytes
                0x1fff2244        0x4 ./Sources/UART.o
 .bss.position1.6569
                0x1fff2248        0x1 ./Sources/analog.o
 .bss.position0.6568
                0x1fff2249        0x1 ./Sources/analog.o
 .bss.addressAllocationStorage.6565
                0x1fff224a        0x1 ./Sources/flash.o
 *fill*         0x1fff224b        0x1 
 .bss.Ch0       0x1fff224c       0x10 ./Sources/main.o
 .bss.synchronous
                0x1fff225c        0x1 ./Sources/main.o
 .bss.hours     0x1fff225d        0x1 ./Sources/main.o
 .bss.minutes   0x1fff225e        0x1 ./Sources/main.o
 .bss.seconds   0x1fff225f        0x1 ./Sources/main.o
 .bss.ledToggleCount.6780
                0x1fff2260        0x1 ./Sources/main.o
 .bss.SR_lock   0x1fff2261        0x1 ./Generated_Code/Cpu.o
                0x1fff2261                SR_lock
 *fill*         0x1fff2262        0x2 
 .bss.TCBUnusedMain
                0x1fff2264       0x18 D:\Embedded\Lab5\Library\libOS.a(OS.o)
 .bss.TCBTable  0x1fff227c      0x300 D:\Embedded\Lab5\Library\libOS.a(OS.o)
 .bss.pTCBFreeList
                0x1fff257c        0x4 D:\Embedded\Lab5\Library\libOS.a(OS.o)
 .bss.pTCBAllocatedList
                0x1fff2580        0x4 D:\Embedded\Lab5\Library\libOS.a(OS.o)
 .bss.pTCBPriorityTable
                0x1fff2584       0x80 D:\Embedded\Lab5\Library\libOS.a(OS.o)
 .bss.pTCBRunning
                0x1fff2604        0x4 D:\Embedded\Lab5\Library\libOS.a(OS.o)
 .bss.pTCBHighestReady
                0x1fff2608        0x4 D:\Embedded\Lab5\Library\libOS.a(OS.o)
 .bss.ReadyList
                0x1fff260c        0x4 D:\Embedded\Lab5\Library\libOS.a(OS.o)
 .bss.ECBTable  0x1fff2610      0x100 D:\Embedded\Lab5\Library\libOS.a(OS.o)
 .bss.NextECBFree
                0x1fff2710        0x1 D:\Embedded\Lab5\Library\libOS.a(OS.o)
 *fill*         0x1fff2711        0x3 
 .bss.IdleCounter
                0x1fff2714        0x4 D:\Embedded\Lab5\Library\libOS.a(OS.o)
 .bss.IdleStack
                0x1fff2718      0x400 D:\Embedded\Lab5\Library\libOS.a(OS.o)
 .bss.Ticks     0x1fff2b18        0x4 D:\Embedded\Lab5\Library\libOS.a(OS.o)
 .bss.ToggleCntr
                0x1fff2b1c        0x4 D:\Embedded\Lab5\Library\libOS.a(OS.o)
 .bss.ToggleLED
                0x1fff2b20        0x1 D:\Embedded\Lab5\Library\libOS.a(OS.o)
 .bss.ISRNestLevel
                0x1fff2b21        0x1 D:\Embedded\Lab5\Library\libOS.a(OS.o)
 *(COMMON)
 *fill*         0x1fff2b22        0x2 
 COMMON         0x1fff2b24        0x5 ./Sources/Packet.o
                0x1fff2b24                Packet
 *fill*         0x1fff2b29        0x3 
 COMMON         0x1fff2b2c      0x320 ./Sources/RTC.o
                0x1fff2b2c                RTCStack
 COMMON         0x1fff2e4c        0x4 ./Sources/SPI.o
                0x1fff2e4c                PUSHR_DATA
 COMMON         0x1fff2e50        0x4 ./Sources/UART.o
                0x1fff2e50                IncomingPacket
 COMMON         0x1fff2e54       0x24 ./Sources/analog.o
                0x1fff2e54                Analog_Input
 COMMON         0x1fff2e78      0x328 ./Sources/main.o
                0x1fff2e78                NvTowerMd
                0x1fff2e7c                NvTowerNb
                0x1fff2e80                PacketStack
 COMMON         0x1fff31a0        0x1 ./Generated_Code/Cpu.o
                0x1fff31a0                SR_reg
                0x1fff31a4                . = ALIGN (0x4)
 *fill*         0x1fff31a1        0x3 
                0x1fff31a4                __END_BSS = .
                0x1fff31a4                PROVIDE (__bss_end__, __END_BSS)
                0x0000376c                _romp_at = ((___ROM_AT + SIZEOF (.data)) + SIZEOF (.m_data_20000000))

.romp           0x1fff31a4       0x24 load address 0x0000376c
                0x0000376c                __S_romp = _romp_at
                0x1fff31a4        0x4 LONG 0x370c ___ROM_AT
                0x1fff31a8        0x4 LONG 0x1fff0000 _sdata
                0x1fff31ac        0x4 LONG 0x60 ___data_size
                0x1fff31b0        0x4 LONG 0x376c ___m_data_20000000_ROMStart
                0x1fff31b4        0x4 LONG 0x20000000 ___m_data_20000000_RAMStart
                0x1fff31b8        0x4 LONG 0x0 ___m_data_20000000_ROMSize
                0x1fff31bc        0x4 LONG 0x0
                0x1fff31c0        0x4 LONG 0x0
                0x1fff31c4        0x4 LONG 0x0

._user_heap_stack
                0x1fff31c8      0x400 load address 0x00003790
                0x1fff31c8                . = ALIGN (0x4)
                0x1fff31c8                PROVIDE (end, .)
                0x1fff31c8                PROVIDE (_end, .)
                0x1fff31c8                __heap_addr = .
                0x1fff31c8                __HeapBase = .
                0x1fff31c8                . = (. + __heap_size)
                0x1fff31c8                __HeapLimit = .
                0x1fff35c8                . = (. + __stack_size)
 *fill*         0x1fff31c8      0x400 
                0x1fff35c8                . = ALIGN (0x4)

.ARM.attributes
                0x00000000       0x30
 *(.ARM.attributes)
 .ARM.attributes
                0x00000000       0x22 c:/freescale/kds_3.0.0/toolchain/bin/../lib/gcc/arm-none-eabi/4.8.4/armv7e-m/fpu/crti.o
 .ARM.attributes
                0x00000022       0x34 c:/freescale/kds_3.0.0/toolchain/bin/../lib/gcc/arm-none-eabi/4.8.4/armv7e-m/fpu/crtbegin.o
 .ARM.attributes
                0x00000056       0x20 c:/freescale/kds_3.0.0/toolchain/bin/../lib/gcc/arm-none-eabi/4.8.4/../../../../arm-none-eabi/lib/armv7e-m/fpu/crt0.o
 .ARM.attributes
                0x00000076       0x39 ./Sources/FIFO.o
 .ARM.attributes
                0x000000af       0x39 ./Sources/FTM.o
 .ARM.attributes
                0x000000e8       0x39 ./Sources/LEDs.o
 .ARM.attributes
                0x00000121       0x39 ./Sources/PIT.o
 .ARM.attributes
                0x0000015a       0x39 ./Sources/Packet.o
 .ARM.attributes
                0x00000193       0x39 ./Sources/RTC.o
 .ARM.attributes
                0x000001cc       0x39 ./Sources/SPI.o
 .ARM.attributes
                0x00000205       0x39 ./Sources/UART.o
 .ARM.attributes
                0x0000023e       0x39 ./Sources/analog.o
 .ARM.attributes
                0x00000277       0x39 ./Sources/flash.o
 .ARM.attributes
                0x000002b0       0x39 ./Sources/main.o
 .ARM.attributes
                0x000002e9       0x39 ./Sources/median.o
 .ARM.attributes
                0x00000322       0x39 ./Project_Settings/Startup_Code/startup.o
 .ARM.attributes
                0x0000035b       0x39 ./Generated_Code/Cpu.o
 .ARM.attributes
                0x00000394       0x39 ./Generated_Code/Vectors.o
 .ARM.attributes
                0x000003cd       0x39 D:\Embedded\Lab5\Library\libOS.a(OS.o)
 .ARM.attributes
                0x00000406       0x34 c:/freescale/kds_3.0.0/toolchain/bin/../lib/gcc/arm-none-eabi/4.8.4/../../../../arm-none-eabi/lib/armv7e-m/fpu\libg_s.a(lib_a-exit.o)
 .ARM.attributes
                0x0000043a       0x34 c:/freescale/kds_3.0.0/toolchain/bin/../lib/gcc/arm-none-eabi/4.8.4/../../../../arm-none-eabi/lib/armv7e-m/fpu\libg_s.a(lib_a-impure.o)
 .ARM.attributes
                0x0000046e       0x34 c:/freescale/kds_3.0.0/toolchain/bin/../lib/gcc/arm-none-eabi/4.8.4/../../../../arm-none-eabi/lib/armv7e-m/fpu\libg_s.a(lib_a-init.o)
 .ARM.attributes
                0x000004a2       0x34 c:/freescale/kds_3.0.0/toolchain/bin/../lib/gcc/arm-none-eabi/4.8.4/../../../../arm-none-eabi/lib/armv7e-m/fpu\libg_s.a(lib_a-memset.o)
 .ARM.attributes
                0x000004d6       0x34 c:/freescale/kds_3.0.0/toolchain/bin/../lib/gcc/arm-none-eabi/4.8.4/../../../../arm-none-eabi/lib/armv7e-m/fpu\libnosys.a(_exit.o)
 .ARM.attributes
                0x0000050a       0x22 c:/freescale/kds_3.0.0/toolchain/bin/../lib/gcc/arm-none-eabi/4.8.4/armv7e-m/fpu/crtn.o
OUTPUT(Project.elf elf32-littlearm)

.debug_info     0x00000000     0x62d6
 .debug_info    0x00000000      0x1c1 ./Sources/FIFO.o
 .debug_info    0x000001c1      0x81c ./Sources/FTM.o
 .debug_info    0x000009dd      0x497 ./Sources/LEDs.o
 .debug_info    0x00000e74      0x61b ./Sources/PIT.o
 .debug_info    0x0000148f      0x30d ./Sources/Packet.o
 .debug_info    0x0000179c      0x6a7 ./Sources/RTC.o
 .debug_info    0x00001e43      0x891 ./Sources/SPI.o
 .debug_info    0x000026d4      0xa18 ./Sources/UART.o
 .debug_info    0x000030ec      0x325 ./Sources/analog.o
 .debug_info    0x00003411      0x744 ./Sources/flash.o
 .debug_info    0x00003b55      0x7d8 ./Sources/main.o
 .debug_info    0x0000432d      0x166 ./Sources/median.o
 .debug_info    0x00004493      0x3b0 ./Project_Settings/Startup_Code/startup.o
 .debug_info    0x00004843      0xc82 ./Generated_Code/Cpu.o
 .debug_info    0x000054c5      0x10f ./Generated_Code/Vectors.o
 .debug_info    0x000055d4      0xd02 D:\Embedded\Lab5\Library\libOS.a(OS.o)

.debug_abbrev   0x00000000     0x1872
 .debug_abbrev  0x00000000       0xb9 ./Sources/FIFO.o
 .debug_abbrev  0x000000b9      0x1fd ./Sources/FTM.o
 .debug_abbrev  0x000002b6      0x144 ./Sources/LEDs.o
 .debug_abbrev  0x000003fa      0x199 ./Sources/PIT.o
 .debug_abbrev  0x00000593       0xee ./Sources/Packet.o
 .debug_abbrev  0x00000681      0x1b5 ./Sources/RTC.o
 .debug_abbrev  0x00000836      0x1c7 ./Sources/SPI.o
 .debug_abbrev  0x000009fd      0x1d2 ./Sources/UART.o
 .debug_abbrev  0x00000bcf      0x11e ./Sources/analog.o
 .debug_abbrev  0x00000ced      0x232 ./Sources/flash.o
 .debug_abbrev  0x00000f1f      0x1f0 ./Sources/main.o
 .debug_abbrev  0x0000110f       0xb9 ./Sources/median.o
 .debug_abbrev  0x000011c8      0x189 ./Project_Settings/Startup_Code/startup.o
 .debug_abbrev  0x00001351      0x185 ./Generated_Code/Cpu.o
 .debug_abbrev  0x000014d6       0xa4 ./Generated_Code/Vectors.o
 .debug_abbrev  0x0000157a      0x2f8 D:\Embedded\Lab5\Library\libOS.a(OS.o)

.debug_aranges  0x00000000      0x4b8
 .debug_aranges
                0x00000000       0x30 ./Sources/FIFO.o
 .debug_aranges
                0x00000030       0x40 ./Sources/FTM.o
 .debug_aranges
                0x00000070       0x38 ./Sources/LEDs.o
 .debug_aranges
                0x000000a8       0x40 ./Sources/PIT.o
 .debug_aranges
                0x000000e8       0x38 ./Sources/Packet.o
 .debug_aranges
                0x00000120       0x40 ./Sources/RTC.o
 .debug_aranges
                0x00000160       0x40 ./Sources/SPI.o
 .debug_aranges
                0x000001a0       0x50 ./Sources/UART.o
 .debug_aranges
                0x000001f0       0x30 ./Sources/analog.o
 .debug_aranges
                0x00000220       0x78 ./Sources/flash.o
 .debug_aranges
                0x00000298       0x98 ./Sources/main.o
 .debug_aranges
                0x00000330       0x20 ./Sources/median.o
 .debug_aranges
                0x00000350       0x50 ./Project_Settings/Startup_Code/startup.o
 .debug_aranges
                0x000003a0       0x38 ./Generated_Code/Cpu.o
 .debug_aranges
                0x000003d8       0x18 ./Generated_Code/Vectors.o
 .debug_aranges
                0x000003f0       0xc8 D:\Embedded\Lab5\Library\libOS.a(OS.o)

.debug_ranges   0x00000000      0x3b0
 .debug_ranges  0x00000000       0x20 ./Sources/FIFO.o
 .debug_ranges  0x00000020       0x30 ./Sources/FTM.o
 .debug_ranges  0x00000050       0x28 ./Sources/LEDs.o
 .debug_ranges  0x00000078       0x30 ./Sources/PIT.o
 .debug_ranges  0x000000a8       0x28 ./Sources/Packet.o
 .debug_ranges  0x000000d0       0x30 ./Sources/RTC.o
 .debug_ranges  0x00000100       0x30 ./Sources/SPI.o
 .debug_ranges  0x00000130       0x40 ./Sources/UART.o
 .debug_ranges  0x00000170       0x20 ./Sources/analog.o
 .debug_ranges  0x00000190       0x68 ./Sources/flash.o
 .debug_ranges  0x000001f8       0x88 ./Sources/main.o
 .debug_ranges  0x00000280       0x10 ./Sources/median.o
 .debug_ranges  0x00000290       0x40 ./Project_Settings/Startup_Code/startup.o
 .debug_ranges  0x000002d0       0x28 ./Generated_Code/Cpu.o
 .debug_ranges  0x000002f8       0xb8 D:\Embedded\Lab5\Library\libOS.a(OS.o)

.debug_macro    0x00000000    0x1bd0e
 .debug_macro   0x00000000       0xb5 ./Sources/FIFO.o
 .debug_macro   0x000000b5       0x22 ./Sources/FIFO.o
 .debug_macro   0x000000d7       0x36 ./Sources/FIFO.o
 .debug_macro   0x0000010d       0xb9 ./Sources/FTM.o
 .debug_macro   0x000001c6       0xaa ./Sources/LEDs.o
 .debug_macro   0x00000270     0x17fa ./Sources/LEDs.o
 .debug_macro   0x00001a6a       0xbd ./Sources/PIT.o
 .debug_macro   0x00001b27       0xbe ./Sources/Packet.o
 .debug_macro   0x00001be5       0x34 ./Sources/Packet.o
 .debug_macro   0x00001c19       0xb3 ./Sources/RTC.o
 .debug_macro   0x00001ccc       0xaa ./Sources/SPI.o
 .debug_macro   0x00001d76       0xc1 ./Sources/UART.o
 .debug_macro   0x00001e37       0x16 ./Sources/UART.o
 .debug_macro   0x00001e4d    0x174af ./Sources/UART.o
 .debug_macro   0x000192fc       0x10 ./Sources/UART.o
 .debug_macro   0x0001930c       0xc5 ./Sources/analog.o
 .debug_macro   0x000193d1       0x16 ./Sources/analog.o
 .debug_macro   0x000193e7       0xb5 ./Sources/flash.o
 .debug_macro   0x0001949c       0x28 ./Sources/flash.o
 .debug_macro   0x000194c4      0x142 ./Sources/main.o
 .debug_macro   0x00019606       0x3a ./Sources/main.o
 .debug_macro   0x00019640       0x2e ./Sources/main.o
 .debug_macro   0x0001966e       0x55 ./Sources/median.o
 .debug_macro   0x000196c3      0x121 ./Project_Settings/Startup_Code/startup.o
 .debug_macro   0x000197e4       0x58 ./Project_Settings/Startup_Code/startup.o
 .debug_macro   0x0001983c       0x35 ./Project_Settings/Startup_Code/startup.o
 .debug_macro   0x00019871       0xa3 ./Project_Settings/Startup_Code/startup.o
 .debug_macro   0x00019914      0x166 ./Project_Settings/Startup_Code/startup.o
 .debug_macro   0x00019a7a       0x4a ./Project_Settings/Startup_Code/startup.o
 .debug_macro   0x00019ac4       0x52 ./Project_Settings/Startup_Code/startup.o
 .debug_macro   0x00019b16       0x16 ./Project_Settings/Startup_Code/startup.o
 .debug_macro   0x00019b2c       0x43 ./Project_Settings/Startup_Code/startup.o
 .debug_macro   0x00019b6f      0x180 ./Project_Settings/Startup_Code/startup.o
 .debug_macro   0x00019cef      0x2a6 ./Project_Settings/Startup_Code/startup.o
 .debug_macro   0x00019f95       0x10 ./Project_Settings/Startup_Code/startup.o
 .debug_macro   0x00019fa5       0x35 ./Project_Settings/Startup_Code/startup.o
 .debug_macro   0x00019fda       0x16 ./Project_Settings/Startup_Code/startup.o
 .debug_macro   0x00019ff0       0x22 ./Project_Settings/Startup_Code/startup.o
 .debug_macro   0x0001a012      0x20f ./Project_Settings/Startup_Code/startup.o
 .debug_macro   0x0001a221       0xa5 ./Generated_Code/Cpu.o
 .debug_macro   0x0001a2c6       0xe7 ./Generated_Code/Vectors.o
 .debug_macro   0x0001a3ad       0xa3 D:\Embedded\Lab5\Library\libOS.a(OS.o)
 .debug_macro   0x0001a450     0x17fa D:\Embedded\Lab5\Library\libOS.a(OS.o)
 .debug_macro   0x0001bc4a       0x94 D:\Embedded\Lab5\Library\libOS.a(OS.o)
 .debug_macro   0x0001bcde       0x30 D:\Embedded\Lab5\Library\libOS.a(OS.o)

.debug_line     0x00000000     0x30e2
 .debug_line    0x00000000      0x280 ./Sources/FIFO.o
 .debug_line    0x00000280      0x2dd ./Sources/FTM.o
 .debug_line    0x0000055d      0x272 ./Sources/LEDs.o
 .debug_line    0x000007cf      0x2ae ./Sources/PIT.o
 .debug_line    0x00000a7d      0x2c5 ./Sources/Packet.o
 .debug_line    0x00000d42      0x2c4 ./Sources/RTC.o
 .debug_line    0x00001006      0x2fc ./Sources/SPI.o
 .debug_line    0x00001302      0x326 ./Sources/UART.o
 .debug_line    0x00001628      0x2a2 ./Sources/analog.o
 .debug_line    0x000018ca      0x3bd ./Sources/flash.o
 .debug_line    0x00001c87      0x4d3 ./Sources/main.o
 .debug_line    0x0000215a      0x1be ./Sources/median.o
 .debug_line    0x00002318      0x3a2 ./Project_Settings/Startup_Code/startup.o
 .debug_line    0x000026ba      0x2dd ./Generated_Code/Cpu.o
 .debug_line    0x00002997      0x2b5 ./Generated_Code/Vectors.o
 .debug_line    0x00002c4c      0x496 D:\Embedded\Lab5\Library\libOS.a(OS.o)

.debug_str      0x00000000    0x8e67a
 .debug_str     0x00000000    0x8a626 ./Sources/FIFO.o
                              0x8a79e (size before relaxing)
 .debug_str     0x0008a626      0x41b ./Sources/FTM.o
                              0x8ab56 (size before relaxing)
 .debug_str     0x0008aa41       0xe9 ./Sources/LEDs.o
                              0x8a7fb (size before relaxing)
 .debug_str     0x0008ab2a       0xda ./Sources/PIT.o
                              0x8a976 (size before relaxing)
 .debug_str     0x0008ac04      0x29c ./Sources/Packet.o
                              0x8aa38 (size before relaxing)
 .debug_str     0x0008aea0       0xa3 ./Sources/RTC.o
                              0x8a94d (size before relaxing)
 .debug_str     0x0008af43      0x1ca ./Sources/SPI.o
                              0x8a97f (size before relaxing)
 .debug_str     0x0008b10d      0x184 ./Sources/UART.o
                              0x8aaa7 (size before relaxing)
 .debug_str     0x0008b291      0x108 ./Sources/analog.o
                              0x8a7f6 (size before relaxing)
 .debug_str     0x0008b399      0x349 ./Sources/flash.o
                              0x8a9cc (size before relaxing)
 .debug_str     0x0008b6e2      0x292 ./Sources/main.o
                              0x8b033 (size before relaxing)
 .debug_str     0x0008b974       0x34 ./Sources/median.o
                               0x2f99 (size before relaxing)
 .debug_str     0x0008b9a8     0x2663 ./Project_Settings/Startup_Code/startup.o
                              0x853d7 (size before relaxing)
 .debug_str     0x0008e00b      0x1f2 ./Generated_Code/Cpu.o
                              0x8aa14 (size before relaxing)
 .debug_str     0x0008e1fd       0x1c ./Generated_Code/Vectors.o
                              0x8a793 (size before relaxing)
 .debug_str     0x0008e219      0x461 D:\Embedded\Lab5\Library\libOS.a(OS.o)
                              0x8ad2a (size before relaxing)

.comment        0x00000000       0x70
 .comment       0x00000000       0x70 ./Sources/FIFO.o
                                 0x71 (size before relaxing)
 .comment       0x00000000       0x71 ./Sources/FTM.o
 .comment       0x00000000       0x71 ./Sources/LEDs.o
 .comment       0x00000000       0x71 ./Sources/PIT.o
 .comment       0x00000000       0x71 ./Sources/Packet.o
 .comment       0x00000000       0x71 ./Sources/RTC.o
 .comment       0x00000000       0x71 ./Sources/SPI.o
 .comment       0x00000000       0x71 ./Sources/UART.o
 .comment       0x00000000       0x71 ./Sources/analog.o
 .comment       0x00000000       0x71 ./Sources/flash.o
 .comment       0x00000000       0x71 ./Sources/main.o
 .comment       0x00000000       0x71 ./Sources/median.o
 .comment       0x00000000       0x71 ./Project_Settings/Startup_Code/startup.o
 .comment       0x00000000       0x71 ./Generated_Code/Cpu.o
 .comment       0x00000000       0x71 ./Generated_Code/Vectors.o
 .comment       0x00000000       0x71 D:\Embedded\Lab5\Library\libOS.a(OS.o)

.debug_frame    0x00000000      0xd9c
 .debug_frame   0x00000000       0x64 ./Sources/FIFO.o
 .debug_frame   0x00000064       0xa8 ./Sources/FTM.o
 .debug_frame   0x0000010c       0x7c ./Sources/LEDs.o
 .debug_frame   0x00000188       0xac ./Sources/PIT.o
 .debug_frame   0x00000234       0x88 ./Sources/Packet.o
 .debug_frame   0x000002bc       0xac ./Sources/RTC.o
 .debug_frame   0x00000368       0xa8 ./Sources/SPI.o
 .debug_frame   0x00000410       0xf4 ./Sources/UART.o
 .debug_frame   0x00000504       0x70 ./Sources/analog.o
 .debug_frame   0x00000574      0x17c ./Sources/flash.o
 .debug_frame   0x000006f0      0x204 ./Sources/main.o
 .debug_frame   0x000008f4       0x34 ./Sources/median.o
 .debug_frame   0x00000928       0xc0 ./Project_Settings/Startup_Code/startup.o
 .debug_frame   0x000009e8       0x80 ./Generated_Code/Cpu.o
 .debug_frame   0x00000a68      0x2a0 D:\Embedded\Lab5\Library\libOS.a(OS.o)
 .debug_frame   0x00000d08       0x28 c:/freescale/kds_3.0.0/toolchain/bin/../lib/gcc/arm-none-eabi/4.8.4/../../../../arm-none-eabi/lib/armv7e-m/fpu\libg_s.a(lib_a-exit.o)
 .debug_frame   0x00000d30       0x2c c:/freescale/kds_3.0.0/toolchain/bin/../lib/gcc/arm-none-eabi/4.8.4/../../../../arm-none-eabi/lib/armv7e-m/fpu\libg_s.a(lib_a-init.o)
 .debug_frame   0x00000d5c       0x20 c:/freescale/kds_3.0.0/toolchain/bin/../lib/gcc/arm-none-eabi/4.8.4/../../../../arm-none-eabi/lib/armv7e-m/fpu\libg_s.a(lib_a-memset.o)
 .debug_frame   0x00000d7c       0x20 c:/freescale/kds_3.0.0/toolchain/bin/../lib/gcc/arm-none-eabi/4.8.4/../../../../arm-none-eabi/lib/armv7e-m/fpu\libnosys.a(_exit.o)
