Archive member included because of file (symbol)

D:\Embedded\Assessment_fixed\Library\libOS.a(OS.o)
                              ./Sources/main.o (OS_Init)
D:\Embedded\Assessment_fixed\Library\libPMcL.a(SPI_Adv.o)
                              ./Sources/analog.o (PMcL_SPI_Adv_Init)
c:/freescale/kds_3.0.0/toolchain/bin/../lib/gcc/arm-none-eabi/4.8.4/armv7e-m/fpu\libgcc.a(_aeabi_uldivmod.o)
                              ./Sources/AWG.o (__aeabi_uldivmod)
c:/freescale/kds_3.0.0/toolchain/bin/../lib/gcc/arm-none-eabi/4.8.4/armv7e-m/fpu\libgcc.a(bpabi.o)
                              c:/freescale/kds_3.0.0/toolchain/bin/../lib/gcc/arm-none-eabi/4.8.4/armv7e-m/fpu\libgcc.a(_aeabi_uldivmod.o) (__gnu_uldivmod_helper)
c:/freescale/kds_3.0.0/toolchain/bin/../lib/gcc/arm-none-eabi/4.8.4/armv7e-m/fpu\libgcc.a(_dvmd_tls.o)
                              c:/freescale/kds_3.0.0/toolchain/bin/../lib/gcc/arm-none-eabi/4.8.4/armv7e-m/fpu\libgcc.a(_aeabi_uldivmod.o) (__aeabi_ldiv0)
c:/freescale/kds_3.0.0/toolchain/bin/../lib/gcc/arm-none-eabi/4.8.4/armv7e-m/fpu\libgcc.a(_divdi3.o)
                              c:/freescale/kds_3.0.0/toolchain/bin/../lib/gcc/arm-none-eabi/4.8.4/armv7e-m/fpu\libgcc.a(bpabi.o) (__divdi3)
c:/freescale/kds_3.0.0/toolchain/bin/../lib/gcc/arm-none-eabi/4.8.4/armv7e-m/fpu\libgcc.a(_udivdi3.o)
                              c:/freescale/kds_3.0.0/toolchain/bin/../lib/gcc/arm-none-eabi/4.8.4/armv7e-m/fpu\libgcc.a(bpabi.o) (__udivdi3)
c:/freescale/kds_3.0.0/toolchain/bin/../lib/gcc/arm-none-eabi/4.8.4/../../../../arm-none-eabi/lib/armv7e-m/fpu\libg_s.a(lib_a-exit.o)
                              c:/freescale/kds_3.0.0/toolchain/bin/../lib/gcc/arm-none-eabi/4.8.4/../../../../arm-none-eabi/lib/armv7e-m/fpu/crt0.o (exit)
c:/freescale/kds_3.0.0/toolchain/bin/../lib/gcc/arm-none-eabi/4.8.4/../../../../arm-none-eabi/lib/armv7e-m/fpu\libg_s.a(lib_a-impure.o)
                              c:/freescale/kds_3.0.0/toolchain/bin/../lib/gcc/arm-none-eabi/4.8.4/../../../../arm-none-eabi/lib/armv7e-m/fpu\libg_s.a(lib_a-exit.o) (_global_impure_ptr)
c:/freescale/kds_3.0.0/toolchain/bin/../lib/gcc/arm-none-eabi/4.8.4/../../../../arm-none-eabi/lib/armv7e-m/fpu\libg_s.a(lib_a-init.o)
                              c:/freescale/kds_3.0.0/toolchain/bin/../lib/gcc/arm-none-eabi/4.8.4/../../../../arm-none-eabi/lib/armv7e-m/fpu/crt0.o (__libc_init_array)
c:/freescale/kds_3.0.0/toolchain/bin/../lib/gcc/arm-none-eabi/4.8.4/../../../../arm-none-eabi/lib/armv7e-m/fpu\libg_s.a(lib_a-memset.o)
                              c:/freescale/kds_3.0.0/toolchain/bin/../lib/gcc/arm-none-eabi/4.8.4/../../../../arm-none-eabi/lib/armv7e-m/fpu/crt0.o (memset)
c:/freescale/kds_3.0.0/toolchain/bin/../lib/gcc/arm-none-eabi/4.8.4/../../../../arm-none-eabi/lib/armv7e-m/fpu\libnosys.a(_exit.o)
                              c:/freescale/kds_3.0.0/toolchain/bin/../lib/gcc/arm-none-eabi/4.8.4/../../../../arm-none-eabi/lib/armv7e-m/fpu\libg_s.a(lib_a-exit.o) (_exit)

Allocating common symbols
Common symbol       size              file

DACChannelOne       0x4               ./Sources/PIT.o
DACChannelZero      0x4               ./Sources/PIT.o
Packet              0x5               ./Sources/Packet.o
Analog_Input        0x24              ./Sources/analog.o
AWG_DAC_CHANNELS    0x14              ./Sources/AWG.o
SR_reg              0x1               ./Generated_Code/Cpu.o
PUSHR_DATA          0x4               ./Sources/SPI.o

Discarded input sections

 .text          0x00000000        0x0 c:/freescale/kds_3.0.0/toolchain/bin/../lib/gcc/arm-none-eabi/4.8.4/armv7e-m/fpu/crti.o
 .data          0x00000000        0x0 c:/freescale/kds_3.0.0/toolchain/bin/../lib/gcc/arm-none-eabi/4.8.4/armv7e-m/fpu/crti.o
 .bss           0x00000000        0x0 c:/freescale/kds_3.0.0/toolchain/bin/../lib/gcc/arm-none-eabi/4.8.4/armv7e-m/fpu/crti.o
 .data          0x00000000        0x4 c:/freescale/kds_3.0.0/toolchain/bin/../lib/gcc/arm-none-eabi/4.8.4/armv7e-m/fpu/crtbegin.o
 .data          0x00000000        0x0 c:/freescale/kds_3.0.0/toolchain/bin/../lib/gcc/arm-none-eabi/4.8.4/../../../../arm-none-eabi/lib/armv7e-m/fpu/crt0.o
 .bss           0x00000000        0x0 c:/freescale/kds_3.0.0/toolchain/bin/../lib/gcc/arm-none-eabi/4.8.4/../../../../arm-none-eabi/lib/armv7e-m/fpu/crt0.o
 .ARM.extab     0x00000000        0x0 c:/freescale/kds_3.0.0/toolchain/bin/../lib/gcc/arm-none-eabi/4.8.4/../../../../arm-none-eabi/lib/armv7e-m/fpu/crt0.o
 .group         0x00000000        0x8 ./Sources/AWG.o
 .group         0x00000000        0x8 ./Sources/AWG.o
 .group         0x00000000        0x8 ./Sources/AWG.o
 .group         0x00000000        0x8 ./Sources/AWG.o
 .group         0x00000000        0x8 ./Sources/AWG.o
 .group         0x00000000        0x8 ./Sources/AWG.o
 .group         0x00000000        0x8 ./Sources/AWG.o
 .group         0x00000000        0x8 ./Sources/AWG.o
 .group         0x00000000        0x8 ./Sources/AWG.o
 .group         0x00000000        0x8 ./Sources/AWG.o
 .group         0x00000000        0x8 ./Sources/AWG.o
 .group         0x00000000        0x8 ./Sources/AWG.o
 .text          0x00000000        0x0 ./Sources/AWG.o
 .data          0x00000000        0x0 ./Sources/AWG.o
 .bss           0x00000000        0x0 ./Sources/AWG.o
 .text.AWG_UpdateFrequency
                0x00000000       0x94 ./Sources/AWG.o
 .text.AWG_UpdateAmplitude
                0x00000000       0xa8 ./Sources/AWG.o
 .group         0x00000000        0x8 ./Sources/Digital.o
 .text          0x00000000        0x0 ./Sources/Digital.o
 .data          0x00000000        0x0 ./Sources/Digital.o
 .bss           0x00000000        0x0 ./Sources/Digital.o
 .debug_info    0x00000000       0x21 ./Sources/Digital.o
 .debug_abbrev  0x00000000       0x13 ./Sources/Digital.o
 .debug_aranges
                0x00000000       0x18 ./Sources/Digital.o
 .debug_macro   0x00000000       0x11 ./Sources/Digital.o
 .debug_macro   0x00000000      0x850 ./Sources/Digital.o
 .debug_line    0x00000000       0x35 ./Sources/Digital.o
 .debug_str     0x00000000     0x2412 ./Sources/Digital.o
 .comment       0x00000000       0x71 ./Sources/Digital.o
 .ARM.attributes
                0x00000000       0x39 ./Sources/Digital.o
 .group         0x00000000        0x8 ./Sources/Events.o
 .group         0x00000000        0x8 ./Sources/Events.o
 .group         0x00000000        0x8 ./Sources/Events.o
 .group         0x00000000        0x8 ./Sources/Events.o
 .group         0x00000000        0x8 ./Sources/Events.o
 .group         0x00000000        0x8 ./Sources/Events.o
 .group         0x00000000        0x8 ./Sources/Events.o
 .group         0x00000000        0x8 ./Sources/Events.o
 .group         0x00000000        0x8 ./Sources/Events.o
 .text          0x00000000        0x0 ./Sources/Events.o
 .data          0x00000000        0x0 ./Sources/Events.o
 .bss           0x00000000        0x0 ./Sources/Events.o
 .debug_info    0x00000000       0x7d ./Sources/Events.o
 .debug_abbrev  0x00000000       0x29 ./Sources/Events.o
 .debug_aranges
                0x00000000       0x18 ./Sources/Events.o
 .debug_macro   0x00000000       0xa3 ./Sources/Events.o
 .debug_macro   0x00000000      0x850 ./Sources/Events.o
 .debug_macro   0x00000000       0x16 ./Sources/Events.o
 .debug_macro   0x00000000       0x44 ./Sources/Events.o
 .debug_macro   0x00000000      0x209 ./Sources/Events.o
 .debug_macro   0x00000000     0x17fa ./Sources/Events.o
 .debug_macro   0x00000000      0x14e ./Sources/Events.o
 .debug_macro   0x00000000       0x64 ./Sources/Events.o
 .debug_macro   0x00000000    0x174c1 ./Sources/Events.o
 .debug_macro   0x00000000       0x9a ./Sources/Events.o
 .debug_line    0x00000000      0x218 ./Sources/Events.o
 .debug_str     0x00000000    0x8a5eb ./Sources/Events.o
 .comment       0x00000000       0x71 ./Sources/Events.o
 .ARM.attributes
                0x00000000       0x39 ./Sources/Events.o
 .group         0x00000000        0x8 ./Sources/FIFO.o
 .group         0x00000000        0x8 ./Sources/FIFO.o
 .group         0x00000000        0x8 ./Sources/FIFO.o
 .group         0x00000000        0x8 ./Sources/FIFO.o
 .group         0x00000000        0x8 ./Sources/FIFO.o
 .group         0x00000000        0x8 ./Sources/FIFO.o
 .group         0x00000000        0x8 ./Sources/FIFO.o
 .group         0x00000000        0x8 ./Sources/FIFO.o
 .group         0x00000000        0x8 ./Sources/FIFO.o
 .group         0x00000000        0x8 ./Sources/FIFO.o
 .group         0x00000000        0x8 ./Sources/FIFO.o
 .group         0x00000000        0x8 ./Sources/FIFO.o
 .text          0x00000000        0x0 ./Sources/FIFO.o
 .data          0x00000000        0x0 ./Sources/FIFO.o
 .bss           0x00000000        0x0 ./Sources/FIFO.o
 .debug_macro   0x00000000      0x850 ./Sources/FIFO.o
 .debug_macro   0x00000000       0x16 ./Sources/FIFO.o
 .debug_macro   0x00000000       0x44 ./Sources/FIFO.o
 .debug_macro   0x00000000      0x209 ./Sources/FIFO.o
 .debug_macro   0x00000000       0x22 ./Sources/FIFO.o
 .debug_macro   0x00000000      0x14e ./Sources/FIFO.o
 .debug_macro   0x00000000       0x64 ./Sources/FIFO.o
 .debug_macro   0x00000000    0x174c1 ./Sources/FIFO.o
 .debug_macro   0x00000000       0x9a ./Sources/FIFO.o
 .debug_macro   0x00000000     0x17fa ./Sources/FIFO.o
 .group         0x00000000        0x8 ./Sources/FTM.o
 .group         0x00000000        0x8 ./Sources/FTM.o
 .group         0x00000000        0x8 ./Sources/FTM.o
 .group         0x00000000        0x8 ./Sources/FTM.o
 .group         0x00000000        0x8 ./Sources/FTM.o
 .group         0x00000000        0x8 ./Sources/FTM.o
 .group         0x00000000        0x8 ./Sources/FTM.o
 .group         0x00000000        0x8 ./Sources/FTM.o
 .group         0x00000000        0x8 ./Sources/FTM.o
 .group         0x00000000        0x8 ./Sources/FTM.o
 .group         0x00000000        0x8 ./Sources/FTM.o
 .group         0x00000000        0x8 ./Sources/FTM.o
 .text          0x00000000        0x0 ./Sources/FTM.o
 .data          0x00000000        0x0 ./Sources/FTM.o
 .bss           0x00000000        0x0 ./Sources/FTM.o
 .debug_macro   0x00000000      0x850 ./Sources/FTM.o
 .debug_macro   0x00000000       0x16 ./Sources/FTM.o
 .debug_macro   0x00000000       0x44 ./Sources/FTM.o
 .debug_macro   0x00000000      0x209 ./Sources/FTM.o
 .debug_macro   0x00000000       0x22 ./Sources/FTM.o
 .debug_macro   0x00000000    0x174c1 ./Sources/FTM.o
 .debug_macro   0x00000000      0x14e ./Sources/FTM.o
 .debug_macro   0x00000000       0x64 ./Sources/FTM.o
 .debug_macro   0x00000000       0x9a ./Sources/FTM.o
 .debug_macro   0x00000000     0x17fa ./Sources/FTM.o
 .debug_macro   0x00000000       0x36 ./Sources/FTM.o
 .debug_macro   0x00000000       0x3a ./Sources/FTM.o
 .group         0x00000000        0x8 ./Sources/LEDs.o
 .group         0x00000000        0x8 ./Sources/LEDs.o
 .group         0x00000000        0x8 ./Sources/LEDs.o
 .group         0x00000000        0x8 ./Sources/LEDs.o
 .group         0x00000000        0x8 ./Sources/LEDs.o
 .group         0x00000000        0x8 ./Sources/LEDs.o
 .group         0x00000000        0x8 ./Sources/LEDs.o
 .group         0x00000000        0x8 ./Sources/LEDs.o
 .group         0x00000000        0x8 ./Sources/LEDs.o
 .group         0x00000000        0x8 ./Sources/LEDs.o
 .text          0x00000000        0x0 ./Sources/LEDs.o
 .data          0x00000000        0x0 ./Sources/LEDs.o
 .bss           0x00000000        0x0 ./Sources/LEDs.o
 .debug_macro   0x00000000      0x850 ./Sources/LEDs.o
 .debug_macro   0x00000000       0x16 ./Sources/LEDs.o
 .debug_macro   0x00000000       0x44 ./Sources/LEDs.o
 .debug_macro   0x00000000      0x209 ./Sources/LEDs.o
 .debug_macro   0x00000000       0x22 ./Sources/LEDs.o
 .debug_macro   0x00000000    0x174c1 ./Sources/LEDs.o
 .debug_macro   0x00000000      0x14e ./Sources/LEDs.o
 .debug_macro   0x00000000       0x64 ./Sources/LEDs.o
 .debug_macro   0x00000000       0x9a ./Sources/LEDs.o
 .group         0x00000000        0x8 ./Sources/PIT.o
 .group         0x00000000        0x8 ./Sources/PIT.o
 .group         0x00000000        0x8 ./Sources/PIT.o
 .group         0x00000000        0x8 ./Sources/PIT.o
 .group         0x00000000        0x8 ./Sources/PIT.o
 .group         0x00000000        0x8 ./Sources/PIT.o
 .group         0x00000000        0x8 ./Sources/PIT.o
 .group         0x00000000        0x8 ./Sources/PIT.o
 .group         0x00000000        0x8 ./Sources/PIT.o
 .group         0x00000000        0x8 ./Sources/PIT.o
 .group         0x00000000        0x8 ./Sources/PIT.o
 .group         0x00000000        0x8 ./Sources/PIT.o
 .text          0x00000000        0x0 ./Sources/PIT.o
 .data          0x00000000        0x0 ./Sources/PIT.o
 .bss           0x00000000        0x0 ./Sources/PIT.o
 .debug_macro   0x00000000      0x850 ./Sources/PIT.o
 .debug_macro   0x00000000       0x16 ./Sources/PIT.o
 .debug_macro   0x00000000       0x44 ./Sources/PIT.o
 .debug_macro   0x00000000      0x209 ./Sources/PIT.o
 .debug_macro   0x00000000       0x22 ./Sources/PIT.o
 .debug_macro   0x00000000       0x36 ./Sources/PIT.o
 .debug_macro   0x00000000      0x14e ./Sources/PIT.o
 .debug_macro   0x00000000       0x64 ./Sources/PIT.o
 .debug_macro   0x00000000    0x174c1 ./Sources/PIT.o
 .debug_macro   0x00000000       0x9a ./Sources/PIT.o
 .debug_macro   0x00000000     0x17fa ./Sources/PIT.o
 .debug_macro   0x00000000       0x3a ./Sources/PIT.o
 .group         0x00000000        0x8 ./Sources/Packet.o
 .group         0x00000000        0x8 ./Sources/Packet.o
 .group         0x00000000        0x8 ./Sources/Packet.o
 .group         0x00000000        0x8 ./Sources/Packet.o
 .group         0x00000000        0x8 ./Sources/Packet.o
 .group         0x00000000        0x8 ./Sources/Packet.o
 .group         0x00000000        0x8 ./Sources/Packet.o
 .group         0x00000000        0x8 ./Sources/Packet.o
 .group         0x00000000        0x8 ./Sources/Packet.o
 .group         0x00000000        0x8 ./Sources/Packet.o
 .group         0x00000000        0x8 ./Sources/Packet.o
 .group         0x00000000        0x8 ./Sources/Packet.o
 .group         0x00000000        0x8 ./Sources/Packet.o
 .text          0x00000000        0x0 ./Sources/Packet.o
 .data          0x00000000        0x0 ./Sources/Packet.o
 .bss           0x00000000        0x0 ./Sources/Packet.o
 .debug_macro   0x00000000      0x850 ./Sources/Packet.o
 .debug_macro   0x00000000       0x16 ./Sources/Packet.o
 .debug_macro   0x00000000       0x44 ./Sources/Packet.o
 .debug_macro   0x00000000      0x209 ./Sources/Packet.o
 .debug_macro   0x00000000      0x14e ./Sources/Packet.o
 .debug_macro   0x00000000       0x64 ./Sources/Packet.o
 .debug_macro   0x00000000    0x174c1 ./Sources/Packet.o
 .debug_macro   0x00000000       0x9a ./Sources/Packet.o
 .debug_macro   0x00000000     0x17fa ./Sources/Packet.o
 .debug_macro   0x00000000       0x22 ./Sources/Packet.o
 .debug_macro   0x00000000       0x36 ./Sources/Packet.o
 .debug_macro   0x00000000       0x3a ./Sources/Packet.o
 .group         0x00000000        0x8 ./Sources/RTC.o
 .group         0x00000000        0x8 ./Sources/RTC.o
 .group         0x00000000        0x8 ./Sources/RTC.o
 .group         0x00000000        0x8 ./Sources/RTC.o
 .group         0x00000000        0x8 ./Sources/RTC.o
 .group         0x00000000        0x8 ./Sources/RTC.o
 .group         0x00000000        0x8 ./Sources/RTC.o
 .group         0x00000000        0x8 ./Sources/RTC.o
 .group         0x00000000        0x8 ./Sources/RTC.o
 .group         0x00000000        0x8 ./Sources/RTC.o
 .group         0x00000000        0x8 ./Sources/RTC.o
 .group         0x00000000        0x8 ./Sources/RTC.o
 .text          0x00000000        0x0 ./Sources/RTC.o
 .data          0x00000000        0x0 ./Sources/RTC.o
 .bss           0x00000000        0x0 ./Sources/RTC.o
 .debug_macro   0x00000000      0x850 ./Sources/RTC.o
 .debug_macro   0x00000000       0x16 ./Sources/RTC.o
 .debug_macro   0x00000000       0x44 ./Sources/RTC.o
 .debug_macro   0x00000000      0x209 ./Sources/RTC.o
 .debug_macro   0x00000000       0x22 ./Sources/RTC.o
 .debug_macro   0x00000000    0x174c1 ./Sources/RTC.o
 .debug_macro   0x00000000      0x14e ./Sources/RTC.o
 .debug_macro   0x00000000       0x64 ./Sources/RTC.o
 .debug_macro   0x00000000       0x9a ./Sources/RTC.o
 .debug_macro   0x00000000     0x17fa ./Sources/RTC.o
 .debug_macro   0x00000000       0x36 ./Sources/RTC.o
 .debug_macro   0x00000000       0x3a ./Sources/RTC.o
 .group         0x00000000        0x8 ./Sources/SPI.o
 .group         0x00000000        0x8 ./Sources/SPI.o
 .group         0x00000000        0x8 ./Sources/SPI.o
 .group         0x00000000        0x8 ./Sources/SPI.o
 .group         0x00000000        0x8 ./Sources/SPI.o
 .group         0x00000000        0x8 ./Sources/SPI.o
 .group         0x00000000        0x8 ./Sources/SPI.o
 .group         0x00000000        0x8 ./Sources/SPI.o
 .group         0x00000000        0x8 ./Sources/SPI.o
 .group         0x00000000        0x8 ./Sources/SPI.o
 .text          0x00000000        0x0 ./Sources/SPI.o
 .data          0x00000000        0x0 ./Sources/SPI.o
 .bss           0x00000000        0x0 ./Sources/SPI.o
 .rodata        0x00000000       0x68 ./Sources/SPI.o
 .text.CalculateDelay
                0x00000000      0x124 ./Sources/SPI.o
 .text.CalculateBaud
                0x00000000      0x124 ./Sources/SPI.o
 .text.SPI_Init
                0x00000000      0x208 ./Sources/SPI.o
 .text.SPI_SelectSlaveDevice
                0x00000000       0x9c ./Sources/SPI.o
 .text.SPI_Exchange
                0x00000000       0x6c ./Sources/SPI.o
 .debug_info    0x00000000      0x891 ./Sources/SPI.o
 .debug_abbrev  0x00000000      0x1c7 ./Sources/SPI.o
 .debug_aranges
                0x00000000       0x40 ./Sources/SPI.o
 .debug_ranges  0x00000000       0x30 ./Sources/SPI.o
 .debug_macro   0x00000000       0xaa ./Sources/SPI.o
 .debug_macro   0x00000000      0x850 ./Sources/SPI.o
 .debug_macro   0x00000000       0x16 ./Sources/SPI.o
 .debug_macro   0x00000000       0x44 ./Sources/SPI.o
 .debug_macro   0x00000000      0x209 ./Sources/SPI.o
 .debug_macro   0x00000000       0x22 ./Sources/SPI.o
 .debug_macro   0x00000000      0x14e ./Sources/SPI.o
 .debug_macro   0x00000000       0x64 ./Sources/SPI.o
 .debug_macro   0x00000000    0x174c1 ./Sources/SPI.o
 .debug_macro   0x00000000       0x9a ./Sources/SPI.o
 .debug_macro   0x00000000     0x17fa ./Sources/SPI.o
 .debug_line    0x00000000      0x314 ./Sources/SPI.o
 .debug_str     0x00000000    0x8a98b ./Sources/SPI.o
 .comment       0x00000000       0x71 ./Sources/SPI.o
 .ARM.attributes
                0x00000000       0x39 ./Sources/SPI.o
 .debug_frame   0x00000000       0xa8 ./Sources/SPI.o
 COMMON         0x00000000        0x4 ./Sources/SPI.o
 .group         0x00000000        0x8 ./Sources/UART.o
 .group         0x00000000        0x8 ./Sources/UART.o
 .group         0x00000000        0x8 ./Sources/UART.o
 .group         0x00000000        0x8 ./Sources/UART.o
 .group         0x00000000        0x8 ./Sources/UART.o
 .group         0x00000000        0x8 ./Sources/UART.o
 .group         0x00000000        0x8 ./Sources/UART.o
 .group         0x00000000        0x8 ./Sources/UART.o
 .group         0x00000000        0x8 ./Sources/UART.o
 .group         0x00000000        0x8 ./Sources/UART.o
 .group         0x00000000        0x8 ./Sources/UART.o
 .group         0x00000000        0x8 ./Sources/UART.o
 .group         0x00000000        0x8 ./Sources/UART.o
 .text          0x00000000        0x0 ./Sources/UART.o
 .data          0x00000000        0x0 ./Sources/UART.o
 .bss           0x00000000        0x0 ./Sources/UART.o
 .bss.RxData    0x00000000        0x1 ./Sources/UART.o
 .debug_macro   0x00000000      0x850 ./Sources/UART.o
 .debug_macro   0x00000000       0x16 ./Sources/UART.o
 .debug_macro   0x00000000       0x44 ./Sources/UART.o
 .debug_macro   0x00000000      0x209 ./Sources/UART.o
 .debug_macro   0x00000000      0x14e ./Sources/UART.o
 .debug_macro   0x00000000       0x64 ./Sources/UART.o
 .debug_macro   0x00000000       0x9a ./Sources/UART.o
 .debug_macro   0x00000000     0x17fa ./Sources/UART.o
 .debug_macro   0x00000000       0x22 ./Sources/UART.o
 .debug_macro   0x00000000       0x36 ./Sources/UART.o
 .debug_macro   0x00000000       0x3a ./Sources/UART.o
 .group         0x00000000        0x8 ./Sources/analog.o
 .group         0x00000000        0x8 ./Sources/analog.o
 .group         0x00000000        0x8 ./Sources/analog.o
 .group         0x00000000        0x8 ./Sources/analog.o
 .group         0x00000000        0x8 ./Sources/analog.o
 .group         0x00000000        0x8 ./Sources/analog.o
 .group         0x00000000        0x8 ./Sources/analog.o
 .group         0x00000000        0x8 ./Sources/analog.o
 .group         0x00000000        0x8 ./Sources/analog.o
 .group         0x00000000        0x8 ./Sources/analog.o
 .group         0x00000000        0x8 ./Sources/analog.o
 .text          0x00000000        0x0 ./Sources/analog.o
 .data          0x00000000        0x0 ./Sources/analog.o
 .bss           0x00000000        0x0 ./Sources/analog.o
 .rodata.ADC_CTAS
                0x00000000        0x1 ./Sources/analog.o
 .rodata.DAC_CTAS
                0x00000000        0x1 ./Sources/analog.o
 .rodata.ADC_Mask
                0x00000000        0x2 ./Sources/analog.o
 .rodata.Analog_Address
                0x00000000        0x1 ./Sources/analog.o
 .text.getMedian
                0x00000000       0x60 ./Sources/analog.o
 .text.Analog_Get
                0x00000000       0xc4 ./Sources/analog.o
 .debug_macro   0x00000000      0x850 ./Sources/analog.o
 .debug_macro   0x00000000       0x16 ./Sources/analog.o
 .debug_macro   0x00000000       0x44 ./Sources/analog.o
 .debug_macro   0x00000000      0x209 ./Sources/analog.o
 .debug_macro   0x00000000       0x22 ./Sources/analog.o
 .debug_macro   0x00000000      0x14e ./Sources/analog.o
 .debug_macro   0x00000000       0x64 ./Sources/analog.o
 .debug_macro   0x00000000    0x174c1 ./Sources/analog.o
 .debug_macro   0x00000000       0x9a ./Sources/analog.o
 .debug_macro   0x00000000     0x17fa ./Sources/analog.o
 .group         0x00000000        0x8 ./Sources/flash.o
 .group         0x00000000        0x8 ./Sources/flash.o
 .group         0x00000000        0x8 ./Sources/flash.o
 .group         0x00000000        0x8 ./Sources/flash.o
 .group         0x00000000        0x8 ./Sources/flash.o
 .group         0x00000000        0x8 ./Sources/flash.o
 .group         0x00000000        0x8 ./Sources/flash.o
 .group         0x00000000        0x8 ./Sources/flash.o
 .group         0x00000000        0x8 ./Sources/flash.o
 .group         0x00000000        0x8 ./Sources/flash.o
 .group         0x00000000        0x8 ./Sources/flash.o
 .text          0x00000000        0x0 ./Sources/flash.o
 .data          0x00000000        0x0 ./Sources/flash.o
 .bss           0x00000000        0x0 ./Sources/flash.o
 .debug_macro   0x00000000      0x850 ./Sources/flash.o
 .debug_macro   0x00000000       0x16 ./Sources/flash.o
 .debug_macro   0x00000000       0x44 ./Sources/flash.o
 .debug_macro   0x00000000      0x209 ./Sources/flash.o
 .debug_macro   0x00000000       0x22 ./Sources/flash.o
 .debug_macro   0x00000000    0x174c1 ./Sources/flash.o
 .debug_macro   0x00000000      0x14e ./Sources/flash.o
 .debug_macro   0x00000000       0x64 ./Sources/flash.o
 .debug_macro   0x00000000       0x9a ./Sources/flash.o
 .debug_macro   0x00000000     0x17fa ./Sources/flash.o
 .group         0x00000000        0x8 ./Sources/functions.o
 .group         0x00000000        0x8 ./Sources/functions.o
 .group         0x00000000        0x8 ./Sources/functions.o
 .group         0x00000000        0x8 ./Sources/functions.o
 .group         0x00000000        0x8 ./Sources/functions.o
 .text          0x00000000        0x0 ./Sources/functions.o
 .data          0x00000000        0x0 ./Sources/functions.o
 .bss           0x00000000        0x0 ./Sources/functions.o
 .debug_macro   0x00000000      0x850 ./Sources/functions.o
 .debug_macro   0x00000000       0x16 ./Sources/functions.o
 .debug_macro   0x00000000       0x44 ./Sources/functions.o
 .debug_macro   0x00000000      0x209 ./Sources/functions.o
 .debug_macro   0x00000000       0x22 ./Sources/functions.o
 .group         0x00000000        0x8 ./Sources/main.o
 .group         0x00000000        0x8 ./Sources/main.o
 .group         0x00000000        0x8 ./Sources/main.o
 .group         0x00000000        0x8 ./Sources/main.o
 .group         0x00000000        0x8 ./Sources/main.o
 .group         0x00000000        0x8 ./Sources/main.o
 .group         0x00000000        0x8 ./Sources/main.o
 .group         0x00000000        0x8 ./Sources/main.o
 .group         0x00000000        0x8 ./Sources/main.o
 .group         0x00000000        0x8 ./Sources/main.o
 .group         0x00000000        0x8 ./Sources/main.o
 .group         0x00000000        0x8 ./Sources/main.o
 .group         0x00000000        0x8 ./Sources/main.o
 .group         0x00000000        0x8 ./Sources/main.o
 .group         0x00000000        0x8 ./Sources/main.o
 .group         0x00000000        0x8 ./Sources/main.o
 .group         0x00000000        0x8 ./Sources/main.o
 .text          0x00000000        0x0 ./Sources/main.o
 .data          0x00000000        0x0 ./Sources/main.o
 .bss           0x00000000        0x0 ./Sources/main.o
 .rodata.BaudRate
                0x00000000        0x4 ./Sources/main.o
 .rodata.MajorTowerVersion
                0x00000000        0x1 ./Sources/main.o
 .rodata.MinorTowerVersion
                0x00000000        0x1 ./Sources/main.o
 .rodata.ADCCHANNEL
                0x00000000        0x1 ./Sources/main.o
 .data.ChannelZeroEdit
                0x00000000        0x1 ./Sources/main.o
 .text.HandleStatus
                0x00000000       0x64 ./Sources/main.o
 .text.HandleWaveForm
                0x00000000       0x4c ./Sources/main.o
 .text.HandleFrequency
                0x00000000       0x68 ./Sources/main.o
 .text.HandleAWGPacket
                0x00000000       0x88 ./Sources/main.o
 .debug_macro   0x00000000      0x850 ./Sources/main.o
 .debug_macro   0x00000000       0x16 ./Sources/main.o
 .debug_macro   0x00000000       0x44 ./Sources/main.o
 .debug_macro   0x00000000      0x209 ./Sources/main.o
 .debug_macro   0x00000000       0x22 ./Sources/main.o
 .debug_macro   0x00000000      0x14e ./Sources/main.o
 .debug_macro   0x00000000       0x64 ./Sources/main.o
 .debug_macro   0x00000000    0x174c1 ./Sources/main.o
 .debug_macro   0x00000000       0x9a ./Sources/main.o
 .debug_macro   0x00000000     0x17fa ./Sources/main.o
 .debug_macro   0x00000000       0x36 ./Sources/main.o
 .debug_macro   0x00000000       0x34 ./Sources/main.o
 .debug_macro   0x00000000       0x16 ./Sources/main.o
 .debug_macro   0x00000000       0x3a ./Sources/main.o
 .debug_macro   0x00000000       0x10 ./Sources/main.o
 .group         0x00000000        0x8 ./Sources/median.o
 .group         0x00000000        0x8 ./Sources/median.o
 .group         0x00000000        0x8 ./Sources/median.o
 .group         0x00000000        0x8 ./Sources/median.o
 .group         0x00000000        0x8 ./Sources/median.o
 .text          0x00000000        0x0 ./Sources/median.o
 .data          0x00000000        0x0 ./Sources/median.o
 .bss           0x00000000        0x0 ./Sources/median.o
 .text.Median_Filter
                0x00000000      0x124 ./Sources/median.o
 .debug_info    0x00000000      0x166 ./Sources/median.o
 .debug_abbrev  0x00000000       0xb9 ./Sources/median.o
 .debug_aranges
                0x00000000       0x20 ./Sources/median.o
 .debug_ranges  0x00000000       0x10 ./Sources/median.o
 .debug_macro   0x00000000       0x55 ./Sources/median.o
 .debug_macro   0x00000000      0x850 ./Sources/median.o
 .debug_macro   0x00000000       0x16 ./Sources/median.o
 .debug_macro   0x00000000       0x44 ./Sources/median.o
 .debug_macro   0x00000000      0x209 ./Sources/median.o
 .debug_macro   0x00000000       0x22 ./Sources/median.o
 .debug_line    0x00000000      0x1be ./Sources/median.o
 .debug_str     0x00000000     0x2fa5 ./Sources/median.o
 .comment       0x00000000       0x71 ./Sources/median.o
 .ARM.attributes
                0x00000000       0x39 ./Sources/median.o
 .debug_frame   0x00000000       0x34 ./Sources/median.o
 .group         0x00000000        0x8 ./Project_Settings/Startup_Code/startup.o
 .group         0x00000000        0x8 ./Project_Settings/Startup_Code/startup.o
 .group         0x00000000        0x8 ./Project_Settings/Startup_Code/startup.o
 .group         0x00000000        0x8 ./Project_Settings/Startup_Code/startup.o
 .group         0x00000000        0x8 ./Project_Settings/Startup_Code/startup.o
 .group         0x00000000        0x8 ./Project_Settings/Startup_Code/startup.o
 .group         0x00000000        0x8 ./Project_Settings/Startup_Code/startup.o
 .group         0x00000000        0x8 ./Project_Settings/Startup_Code/startup.o
 .group         0x00000000        0x8 ./Project_Settings/Startup_Code/startup.o
 .group         0x00000000        0x8 ./Project_Settings/Startup_Code/startup.o
 .group         0x00000000        0x8 ./Project_Settings/Startup_Code/startup.o
 .group         0x00000000        0x8 ./Project_Settings/Startup_Code/startup.o
 .group         0x00000000        0x8 ./Project_Settings/Startup_Code/startup.o
 .group         0x00000000        0x8 ./Project_Settings/Startup_Code/startup.o
 .group         0x00000000        0x8 ./Project_Settings/Startup_Code/startup.o
 .group         0x00000000        0x8 ./Project_Settings/Startup_Code/startup.o
 .group         0x00000000        0x8 ./Project_Settings/Startup_Code/startup.o
 .group         0x00000000        0x8 ./Project_Settings/Startup_Code/startup.o
 .group         0x00000000        0x8 ./Project_Settings/Startup_Code/startup.o
 .text          0x00000000        0x0 ./Project_Settings/Startup_Code/startup.o
 .data          0x00000000        0x0 ./Project_Settings/Startup_Code/startup.o
 .bss           0x00000000        0x0 ./Project_Settings/Startup_Code/startup.o
 .text.__init_hardware
                0x00000000        0xc ./Project_Settings/Startup_Code/startup.o
 .text.__iar_program_start
                0x00000000        0xc ./Project_Settings/Startup_Code/startup.o
 .debug_macro   0x00000000      0x850 ./Project_Settings/Startup_Code/startup.o
 .debug_macro   0x00000000       0x16 ./Project_Settings/Startup_Code/startup.o
 .debug_macro   0x00000000       0x16 ./Project_Settings/Startup_Code/startup.o
 .debug_macro   0x00000000    0x174af ./Project_Settings/Startup_Code/startup.o
 .group         0x00000000        0x8 ./Generated_Code/Cpu.o
 .group         0x00000000        0x8 ./Generated_Code/Cpu.o
 .group         0x00000000        0x8 ./Generated_Code/Cpu.o
 .group         0x00000000        0x8 ./Generated_Code/Cpu.o
 .group         0x00000000        0x8 ./Generated_Code/Cpu.o
 .group         0x00000000        0x8 ./Generated_Code/Cpu.o
 .group         0x00000000        0x8 ./Generated_Code/Cpu.o
 .group         0x00000000        0x8 ./Generated_Code/Cpu.o
 .group         0x00000000        0x8 ./Generated_Code/Cpu.o
 .text          0x00000000        0x0 ./Generated_Code/Cpu.o
 .data          0x00000000        0x0 ./Generated_Code/Cpu.o
 .bss           0x00000000        0x0 ./Generated_Code/Cpu.o
 .debug_macro   0x00000000      0x850 ./Generated_Code/Cpu.o
 .debug_macro   0x00000000       0x16 ./Generated_Code/Cpu.o
 .debug_macro   0x00000000       0x44 ./Generated_Code/Cpu.o
 .debug_macro   0x00000000      0x209 ./Generated_Code/Cpu.o
 .debug_macro   0x00000000      0x14e ./Generated_Code/Cpu.o
 .debug_macro   0x00000000       0x64 ./Generated_Code/Cpu.o
 .debug_macro   0x00000000    0x174c1 ./Generated_Code/Cpu.o
 .debug_macro   0x00000000       0x9a ./Generated_Code/Cpu.o
 .debug_macro   0x00000000     0x17fa ./Generated_Code/Cpu.o
 .group         0x00000000        0x8 ./Generated_Code/PE_LDD.o
 .group         0x00000000        0x8 ./Generated_Code/PE_LDD.o
 .group         0x00000000        0x8 ./Generated_Code/PE_LDD.o
 .group         0x00000000        0x8 ./Generated_Code/PE_LDD.o
 .group         0x00000000        0x8 ./Generated_Code/PE_LDD.o
 .group         0x00000000        0x8 ./Generated_Code/PE_LDD.o
 .group         0x00000000        0x8 ./Generated_Code/PE_LDD.o
 .group         0x00000000        0x8 ./Generated_Code/PE_LDD.o
 .group         0x00000000        0x8 ./Generated_Code/PE_LDD.o
 .text          0x00000000        0x0 ./Generated_Code/PE_LDD.o
 .data          0x00000000        0x0 ./Generated_Code/PE_LDD.o
 .bss           0x00000000        0x0 ./Generated_Code/PE_LDD.o
 .rodata.PE_CpuClockConfigurations
                0x00000000       0x28 ./Generated_Code/PE_LDD.o
 .text.PE_FillMemory
                0x00000000       0x24 ./Generated_Code/PE_LDD.o
 .text.PE_PeripheralUsed
                0x00000000       0x18 ./Generated_Code/PE_LDD.o
 .text.LDD_SetClockConfiguration
                0x00000000       0x14 ./Generated_Code/PE_LDD.o
 .debug_info    0x00000000      0x215 ./Generated_Code/PE_LDD.o
 .debug_abbrev  0x00000000       0xf3 ./Generated_Code/PE_LDD.o
 .debug_aranges
                0x00000000       0x30 ./Generated_Code/PE_LDD.o
 .debug_ranges  0x00000000       0x20 ./Generated_Code/PE_LDD.o
 .debug_macro   0x00000000       0x93 ./Generated_Code/PE_LDD.o
 .debug_macro   0x00000000      0x850 ./Generated_Code/PE_LDD.o
 .debug_macro   0x00000000       0x16 ./Generated_Code/PE_LDD.o
 .debug_macro   0x00000000       0x44 ./Generated_Code/PE_LDD.o
 .debug_macro   0x00000000      0x209 ./Generated_Code/PE_LDD.o
 .debug_macro   0x00000000      0x14e ./Generated_Code/PE_LDD.o
 .debug_macro   0x00000000       0x64 ./Generated_Code/PE_LDD.o
 .debug_macro   0x00000000    0x174c1 ./Generated_Code/PE_LDD.o
 .debug_macro   0x00000000       0x9a ./Generated_Code/PE_LDD.o
 .debug_macro   0x00000000     0x17fa ./Generated_Code/PE_LDD.o
 .debug_line    0x00000000      0x230 ./Generated_Code/PE_LDD.o
 .debug_str     0x00000000    0x8a780 ./Generated_Code/PE_LDD.o
 .comment       0x00000000       0x71 ./Generated_Code/PE_LDD.o
 .ARM.attributes
                0x00000000       0x39 ./Generated_Code/PE_LDD.o
 .debug_frame   0x00000000       0x64 ./Generated_Code/PE_LDD.o
 .group         0x00000000        0x8 ./Generated_Code/Vectors.o
 .group         0x00000000        0x8 ./Generated_Code/Vectors.o
 .group         0x00000000        0x8 ./Generated_Code/Vectors.o
 .group         0x00000000        0x8 ./Generated_Code/Vectors.o
 .group         0x00000000        0x8 ./Generated_Code/Vectors.o
 .group         0x00000000        0x8 ./Generated_Code/Vectors.o
 .group         0x00000000        0x8 ./Generated_Code/Vectors.o
 .group         0x00000000        0x8 ./Generated_Code/Vectors.o
 .group         0x00000000        0x8 ./Generated_Code/Vectors.o
 .group         0x00000000        0x8 ./Generated_Code/Vectors.o
 .group         0x00000000        0x8 ./Generated_Code/Vectors.o
 .text          0x00000000        0x0 ./Generated_Code/Vectors.o
 .data          0x00000000        0x0 ./Generated_Code/Vectors.o
 .bss           0x00000000        0x0 ./Generated_Code/Vectors.o
 .debug_macro   0x00000000      0x850 ./Generated_Code/Vectors.o
 .debug_macro   0x00000000       0x16 ./Generated_Code/Vectors.o
 .debug_macro   0x00000000       0x44 ./Generated_Code/Vectors.o
 .debug_macro   0x00000000      0x209 ./Generated_Code/Vectors.o
 .debug_macro   0x00000000     0x17fa ./Generated_Code/Vectors.o
 .debug_macro   0x00000000      0x14e ./Generated_Code/Vectors.o
 .debug_macro   0x00000000       0x64 ./Generated_Code/Vectors.o
 .debug_macro   0x00000000    0x174c1 ./Generated_Code/Vectors.o
 .debug_macro   0x00000000       0x9a ./Generated_Code/Vectors.o
 .debug_macro   0x00000000       0x22 ./Generated_Code/Vectors.o
 .debug_macro   0x00000000       0x36 ./Generated_Code/Vectors.o
 .group         0x00000000        0x8 D:\Embedded\Assessment_fixed\Library\libOS.a(OS.o)
 .group         0x00000000        0x8 D:\Embedded\Assessment_fixed\Library\libOS.a(OS.o)
 .group         0x00000000        0x8 D:\Embedded\Assessment_fixed\Library\libOS.a(OS.o)
 .group         0x00000000        0x8 D:\Embedded\Assessment_fixed\Library\libOS.a(OS.o)
 .group         0x00000000        0x8 D:\Embedded\Assessment_fixed\Library\libOS.a(OS.o)
 .group         0x00000000        0x8 D:\Embedded\Assessment_fixed\Library\libOS.a(OS.o)
 .group         0x00000000        0x8 D:\Embedded\Assessment_fixed\Library\libOS.a(OS.o)
 .group         0x00000000        0x8 D:\Embedded\Assessment_fixed\Library\libOS.a(OS.o)
 .group         0x00000000        0x8 D:\Embedded\Assessment_fixed\Library\libOS.a(OS.o)
 .group         0x00000000        0x8 D:\Embedded\Assessment_fixed\Library\libOS.a(OS.o)
 .group         0x00000000        0x8 D:\Embedded\Assessment_fixed\Library\libOS.a(OS.o)
 .text          0x00000000        0x0 D:\Embedded\Assessment_fixed\Library\libOS.a(OS.o)
 .data          0x00000000        0x0 D:\Embedded\Assessment_fixed\Library\libOS.a(OS.o)
 .bss           0x00000000        0x0 D:\Embedded\Assessment_fixed\Library\libOS.a(OS.o)
 .rodata.OS_TICK_FREQUENCY
                0x00000000        0x4 D:\Embedded\Assessment_fixed\Library\libOS.a(OS.o)
 .text.OS_TimeDelay
                0x00000000       0x48 D:\Embedded\Assessment_fixed\Library\libOS.a(OS.o)
 .text.OS_TimeGet
                0x00000000       0x24 D:\Embedded\Assessment_fixed\Library\libOS.a(OS.o)
 .text.OS_TimeSet
                0x00000000       0x20 D:\Embedded\Assessment_fixed\Library\libOS.a(OS.o)
 .debug_macro   0x00000000      0x850 D:\Embedded\Assessment_fixed\Library\libOS.a(OS.o)
 .debug_macro   0x00000000       0x16 D:\Embedded\Assessment_fixed\Library\libOS.a(OS.o)
 .debug_macro   0x00000000       0x44 D:\Embedded\Assessment_fixed\Library\libOS.a(OS.o)
 .debug_macro   0x00000000      0x209 D:\Embedded\Assessment_fixed\Library\libOS.a(OS.o)
 .debug_macro   0x00000000      0x14e D:\Embedded\Assessment_fixed\Library\libOS.a(OS.o)
 .debug_macro   0x00000000       0x64 D:\Embedded\Assessment_fixed\Library\libOS.a(OS.o)
 .debug_macro   0x00000000    0x174c1 D:\Embedded\Assessment_fixed\Library\libOS.a(OS.o)
 .debug_macro   0x00000000       0x22 D:\Embedded\Assessment_fixed\Library\libOS.a(OS.o)
 .group         0x00000000        0x8 D:\Embedded\Assessment_fixed\Library\libPMcL.a(SPI_Adv.o)
 .group         0x00000000        0x8 D:\Embedded\Assessment_fixed\Library\libPMcL.a(SPI_Adv.o)
 .group         0x00000000        0x8 D:\Embedded\Assessment_fixed\Library\libPMcL.a(SPI_Adv.o)
 .group         0x00000000        0x8 D:\Embedded\Assessment_fixed\Library\libPMcL.a(SPI_Adv.o)
 .group         0x00000000        0x8 D:\Embedded\Assessment_fixed\Library\libPMcL.a(SPI_Adv.o)
 .group         0x00000000        0x8 D:\Embedded\Assessment_fixed\Library\libPMcL.a(SPI_Adv.o)
 .text          0x00000000        0x0 D:\Embedded\Assessment_fixed\Library\libPMcL.a(SPI_Adv.o)
 .data          0x00000000        0x0 D:\Embedded\Assessment_fixed\Library\libPMcL.a(SPI_Adv.o)
 .bss           0x00000000        0x0 D:\Embedded\Assessment_fixed\Library\libPMcL.a(SPI_Adv.o)
 .rodata.MAX_SPI_WAIT_COUNT
                0x00000000        0x2 D:\Embedded\Assessment_fixed\Library\libPMcL.a(SPI_Adv.o)
 .debug_macro   0x00000000      0x850 D:\Embedded\Assessment_fixed\Library\libPMcL.a(SPI_Adv.o)
 .debug_macro   0x00000000       0x16 D:\Embedded\Assessment_fixed\Library\libPMcL.a(SPI_Adv.o)
 .debug_macro   0x00000000       0x44 D:\Embedded\Assessment_fixed\Library\libPMcL.a(SPI_Adv.o)
 .debug_macro   0x00000000      0x209 D:\Embedded\Assessment_fixed\Library\libPMcL.a(SPI_Adv.o)
 .debug_macro   0x00000000       0x22 D:\Embedded\Assessment_fixed\Library\libPMcL.a(SPI_Adv.o)
 .debug_macro   0x00000000    0x174c1 D:\Embedded\Assessment_fixed\Library\libPMcL.a(SPI_Adv.o)
 .text          0x00000000       0x2c c:/freescale/kds_3.0.0/toolchain/bin/../lib/gcc/arm-none-eabi/4.8.4/armv7e-m/fpu\libgcc.a(_aeabi_uldivmod.o)
 .data          0x00000000        0x0 c:/freescale/kds_3.0.0/toolchain/bin/../lib/gcc/arm-none-eabi/4.8.4/armv7e-m/fpu\libgcc.a(_aeabi_uldivmod.o)
 .bss           0x00000000        0x0 c:/freescale/kds_3.0.0/toolchain/bin/../lib/gcc/arm-none-eabi/4.8.4/armv7e-m/fpu\libgcc.a(_aeabi_uldivmod.o)
 .ARM.attributes
                0x00000000       0x22 c:/freescale/kds_3.0.0/toolchain/bin/../lib/gcc/arm-none-eabi/4.8.4/armv7e-m/fpu\libgcc.a(_aeabi_uldivmod.o)
 .text          0x00000000       0x60 c:/freescale/kds_3.0.0/toolchain/bin/../lib/gcc/arm-none-eabi/4.8.4/armv7e-m/fpu\libgcc.a(bpabi.o)
 .data          0x00000000        0x0 c:/freescale/kds_3.0.0/toolchain/bin/../lib/gcc/arm-none-eabi/4.8.4/armv7e-m/fpu\libgcc.a(bpabi.o)
 .bss           0x00000000        0x0 c:/freescale/kds_3.0.0/toolchain/bin/../lib/gcc/arm-none-eabi/4.8.4/armv7e-m/fpu\libgcc.a(bpabi.o)
 .ARM.attributes
                0x00000000       0x34 c:/freescale/kds_3.0.0/toolchain/bin/../lib/gcc/arm-none-eabi/4.8.4/armv7e-m/fpu\libgcc.a(bpabi.o)
 .debug_frame   0x00000000       0x50 c:/freescale/kds_3.0.0/toolchain/bin/../lib/gcc/arm-none-eabi/4.8.4/armv7e-m/fpu\libgcc.a(bpabi.o)
 .text          0x00000000        0x4 c:/freescale/kds_3.0.0/toolchain/bin/../lib/gcc/arm-none-eabi/4.8.4/armv7e-m/fpu\libgcc.a(_dvmd_tls.o)
 .data          0x00000000        0x0 c:/freescale/kds_3.0.0/toolchain/bin/../lib/gcc/arm-none-eabi/4.8.4/armv7e-m/fpu\libgcc.a(_dvmd_tls.o)
 .bss           0x00000000        0x0 c:/freescale/kds_3.0.0/toolchain/bin/../lib/gcc/arm-none-eabi/4.8.4/armv7e-m/fpu\libgcc.a(_dvmd_tls.o)
 .ARM.attributes
                0x00000000       0x22 c:/freescale/kds_3.0.0/toolchain/bin/../lib/gcc/arm-none-eabi/4.8.4/armv7e-m/fpu\libgcc.a(_dvmd_tls.o)
 .text          0x00000000      0x298 c:/freescale/kds_3.0.0/toolchain/bin/../lib/gcc/arm-none-eabi/4.8.4/armv7e-m/fpu\libgcc.a(_divdi3.o)
 .data          0x00000000        0x0 c:/freescale/kds_3.0.0/toolchain/bin/../lib/gcc/arm-none-eabi/4.8.4/armv7e-m/fpu\libgcc.a(_divdi3.o)
 .bss           0x00000000        0x0 c:/freescale/kds_3.0.0/toolchain/bin/../lib/gcc/arm-none-eabi/4.8.4/armv7e-m/fpu\libgcc.a(_divdi3.o)
 .ARM.extab     0x00000000        0x0 c:/freescale/kds_3.0.0/toolchain/bin/../lib/gcc/arm-none-eabi/4.8.4/armv7e-m/fpu\libgcc.a(_divdi3.o)
 .ARM.exidx     0x00000000        0x8 c:/freescale/kds_3.0.0/toolchain/bin/../lib/gcc/arm-none-eabi/4.8.4/armv7e-m/fpu\libgcc.a(_divdi3.o)
 .ARM.attributes
                0x00000000       0x34 c:/freescale/kds_3.0.0/toolchain/bin/../lib/gcc/arm-none-eabi/4.8.4/armv7e-m/fpu\libgcc.a(_divdi3.o)
 .debug_frame   0x00000000       0x34 c:/freescale/kds_3.0.0/toolchain/bin/../lib/gcc/arm-none-eabi/4.8.4/armv7e-m/fpu\libgcc.a(_divdi3.o)
 .text          0x00000000      0x284 c:/freescale/kds_3.0.0/toolchain/bin/../lib/gcc/arm-none-eabi/4.8.4/armv7e-m/fpu\libgcc.a(_udivdi3.o)
 .data          0x00000000        0x0 c:/freescale/kds_3.0.0/toolchain/bin/../lib/gcc/arm-none-eabi/4.8.4/armv7e-m/fpu\libgcc.a(_udivdi3.o)
 .bss           0x00000000        0x0 c:/freescale/kds_3.0.0/toolchain/bin/../lib/gcc/arm-none-eabi/4.8.4/armv7e-m/fpu\libgcc.a(_udivdi3.o)
 .ARM.extab     0x00000000        0x0 c:/freescale/kds_3.0.0/toolchain/bin/../lib/gcc/arm-none-eabi/4.8.4/armv7e-m/fpu\libgcc.a(_udivdi3.o)
 .ARM.exidx     0x00000000        0x8 c:/freescale/kds_3.0.0/toolchain/bin/../lib/gcc/arm-none-eabi/4.8.4/armv7e-m/fpu\libgcc.a(_udivdi3.o)
 .ARM.attributes
                0x00000000       0x34 c:/freescale/kds_3.0.0/toolchain/bin/../lib/gcc/arm-none-eabi/4.8.4/armv7e-m/fpu\libgcc.a(_udivdi3.o)
 .debug_frame   0x00000000       0x34 c:/freescale/kds_3.0.0/toolchain/bin/../lib/gcc/arm-none-eabi/4.8.4/armv7e-m/fpu\libgcc.a(_udivdi3.o)
 .text          0x00000000        0x0 c:/freescale/kds_3.0.0/toolchain/bin/../lib/gcc/arm-none-eabi/4.8.4/../../../../arm-none-eabi/lib/armv7e-m/fpu\libg_s.a(lib_a-exit.o)
 .data          0x00000000        0x0 c:/freescale/kds_3.0.0/toolchain/bin/../lib/gcc/arm-none-eabi/4.8.4/../../../../arm-none-eabi/lib/armv7e-m/fpu\libg_s.a(lib_a-exit.o)
 .bss           0x00000000        0x0 c:/freescale/kds_3.0.0/toolchain/bin/../lib/gcc/arm-none-eabi/4.8.4/../../../../arm-none-eabi/lib/armv7e-m/fpu\libg_s.a(lib_a-exit.o)
 .text          0x00000000        0x0 c:/freescale/kds_3.0.0/toolchain/bin/../lib/gcc/arm-none-eabi/4.8.4/../../../../arm-none-eabi/lib/armv7e-m/fpu\libg_s.a(lib_a-impure.o)
 .data          0x00000000        0x0 c:/freescale/kds_3.0.0/toolchain/bin/../lib/gcc/arm-none-eabi/4.8.4/../../../../arm-none-eabi/lib/armv7e-m/fpu\libg_s.a(lib_a-impure.o)
 .bss           0x00000000        0x0 c:/freescale/kds_3.0.0/toolchain/bin/../lib/gcc/arm-none-eabi/4.8.4/../../../../arm-none-eabi/lib/armv7e-m/fpu\libg_s.a(lib_a-impure.o)
 .data._impure_ptr
                0x00000000        0x4 c:/freescale/kds_3.0.0/toolchain/bin/../lib/gcc/arm-none-eabi/4.8.4/../../../../arm-none-eabi/lib/armv7e-m/fpu\libg_s.a(lib_a-impure.o)
 .text          0x00000000        0x0 c:/freescale/kds_3.0.0/toolchain/bin/../lib/gcc/arm-none-eabi/4.8.4/../../../../arm-none-eabi/lib/armv7e-m/fpu\libg_s.a(lib_a-init.o)
 .data          0x00000000        0x0 c:/freescale/kds_3.0.0/toolchain/bin/../lib/gcc/arm-none-eabi/4.8.4/../../../../arm-none-eabi/lib/armv7e-m/fpu\libg_s.a(lib_a-init.o)
 .bss           0x00000000        0x0 c:/freescale/kds_3.0.0/toolchain/bin/../lib/gcc/arm-none-eabi/4.8.4/../../../../arm-none-eabi/lib/armv7e-m/fpu\libg_s.a(lib_a-init.o)
 .text          0x00000000        0x0 c:/freescale/kds_3.0.0/toolchain/bin/../lib/gcc/arm-none-eabi/4.8.4/../../../../arm-none-eabi/lib/armv7e-m/fpu\libg_s.a(lib_a-memset.o)
 .data          0x00000000        0x0 c:/freescale/kds_3.0.0/toolchain/bin/../lib/gcc/arm-none-eabi/4.8.4/../../../../arm-none-eabi/lib/armv7e-m/fpu\libg_s.a(lib_a-memset.o)
 .bss           0x00000000        0x0 c:/freescale/kds_3.0.0/toolchain/bin/../lib/gcc/arm-none-eabi/4.8.4/../../../../arm-none-eabi/lib/armv7e-m/fpu\libg_s.a(lib_a-memset.o)
 .text          0x00000000        0x0 c:/freescale/kds_3.0.0/toolchain/bin/../lib/gcc/arm-none-eabi/4.8.4/../../../../arm-none-eabi/lib/armv7e-m/fpu\libnosys.a(_exit.o)
 .data          0x00000000        0x0 c:/freescale/kds_3.0.0/toolchain/bin/../lib/gcc/arm-none-eabi/4.8.4/../../../../arm-none-eabi/lib/armv7e-m/fpu\libnosys.a(_exit.o)
 .bss           0x00000000        0x0 c:/freescale/kds_3.0.0/toolchain/bin/../lib/gcc/arm-none-eabi/4.8.4/../../../../arm-none-eabi/lib/armv7e-m/fpu\libnosys.a(_exit.o)
 .text          0x00000000        0x0 c:/freescale/kds_3.0.0/toolchain/bin/../lib/gcc/arm-none-eabi/4.8.4/armv7e-m/fpu/crtend.o
 .data          0x00000000        0x0 c:/freescale/kds_3.0.0/toolchain/bin/../lib/gcc/arm-none-eabi/4.8.4/armv7e-m/fpu/crtend.o
 .bss           0x00000000        0x0 c:/freescale/kds_3.0.0/toolchain/bin/../lib/gcc/arm-none-eabi/4.8.4/armv7e-m/fpu/crtend.o
 .eh_frame      0x00000000        0x4 c:/freescale/kds_3.0.0/toolchain/bin/../lib/gcc/arm-none-eabi/4.8.4/armv7e-m/fpu/crtend.o
 .jcr           0x00000000        0x4 c:/freescale/kds_3.0.0/toolchain/bin/../lib/gcc/arm-none-eabi/4.8.4/armv7e-m/fpu/crtend.o
 .ARM.attributes
                0x00000000       0x34 c:/freescale/kds_3.0.0/toolchain/bin/../lib/gcc/arm-none-eabi/4.8.4/armv7e-m/fpu/crtend.o
 .text          0x00000000        0x0 c:/freescale/kds_3.0.0/toolchain/bin/../lib/gcc/arm-none-eabi/4.8.4/armv7e-m/fpu/crtn.o
 .data          0x00000000        0x0 c:/freescale/kds_3.0.0/toolchain/bin/../lib/gcc/arm-none-eabi/4.8.4/armv7e-m/fpu/crtn.o
 .bss           0x00000000        0x0 c:/freescale/kds_3.0.0/toolchain/bin/../lib/gcc/arm-none-eabi/4.8.4/armv7e-m/fpu/crtn.o

Memory Configuration

Name             Origin             Length             Attributes
m_interrupts     0x00000000         0x000001e8         xr
m_text           0x00000410         0x0007fbf0         xr
m_data           0x1fff0000         0x00010000         rw
m_data_20000000  0x20000000         0x00010000         rw
m_cfmprotrom     0x00000400         0x00000010         xr
*default*        0x00000000         0xffffffff

Linker script and memory map

LOAD c:/freescale/kds_3.0.0/toolchain/bin/../lib/gcc/arm-none-eabi/4.8.4/armv7e-m/fpu/crti.o
LOAD c:/freescale/kds_3.0.0/toolchain/bin/../lib/gcc/arm-none-eabi/4.8.4/armv7e-m/fpu/crtbegin.o
LOAD c:/freescale/kds_3.0.0/toolchain/bin/../lib/gcc/arm-none-eabi/4.8.4/../../../../arm-none-eabi/lib/armv7e-m/fpu/crt0.o
LOAD ./Sources/AWG.o
LOAD ./Sources/Digital.o
LOAD ./Sources/Events.o
LOAD ./Sources/FIFO.o
LOAD ./Sources/FTM.o
LOAD ./Sources/LEDs.o
LOAD ./Sources/PIT.o
LOAD ./Sources/Packet.o
LOAD ./Sources/RTC.o
LOAD ./Sources/SPI.o
LOAD ./Sources/UART.o
LOAD ./Sources/analog.o
LOAD ./Sources/flash.o
LOAD ./Sources/functions.o
LOAD ./Sources/main.o
LOAD ./Sources/median.o
LOAD ./Project_Settings/Startup_Code/startup.o
LOAD ./Generated_Code/Cpu.o
LOAD ./Generated_Code/PE_LDD.o
LOAD ./Generated_Code/Vectors.o
LOAD D:\Embedded\Assessment_fixed\Library\libLab3.a
LOAD D:\Embedded\Assessment_fixed\Library\libOS.a
LOAD D:\Embedded\Assessment_fixed\Library\libPMcL.a
LOAD c:/freescale/kds_3.0.0/toolchain/bin/../lib/gcc/arm-none-eabi/4.8.4/../../../../arm-none-eabi/lib/armv7e-m/fpu\libstdc++_s.a
LOAD c:/freescale/kds_3.0.0/toolchain/bin/../lib/gcc/arm-none-eabi/4.8.4/../../../../arm-none-eabi/lib/armv7e-m/fpu\libm.a
START GROUP
LOAD c:/freescale/kds_3.0.0/toolchain/bin/../lib/gcc/arm-none-eabi/4.8.4/armv7e-m/fpu\libgcc.a
LOAD c:/freescale/kds_3.0.0/toolchain/bin/../lib/gcc/arm-none-eabi/4.8.4/../../../../arm-none-eabi/lib/armv7e-m/fpu\libg_s.a
LOAD c:/freescale/kds_3.0.0/toolchain/bin/../lib/gcc/arm-none-eabi/4.8.4/../../../../arm-none-eabi/lib/armv7e-m/fpu\libc_s.a
END GROUP
START GROUP
LOAD c:/freescale/kds_3.0.0/toolchain/bin/../lib/gcc/arm-none-eabi/4.8.4/armv7e-m/fpu\libgcc.a
LOAD c:/freescale/kds_3.0.0/toolchain/bin/../lib/gcc/arm-none-eabi/4.8.4/../../../../arm-none-eabi/lib/armv7e-m/fpu\libc_s.a
LOAD c:/freescale/kds_3.0.0/toolchain/bin/../lib/gcc/arm-none-eabi/4.8.4/../../../../arm-none-eabi/lib/armv7e-m/fpu\libnosys.a
END GROUP
START GROUP
LOAD c:/freescale/kds_3.0.0/toolchain/bin/../lib/gcc/arm-none-eabi/4.8.4/armv7e-m/fpu\libgcc.a
LOAD c:/freescale/kds_3.0.0/toolchain/bin/../lib/gcc/arm-none-eabi/4.8.4/../../../../arm-none-eabi/lib/armv7e-m/fpu\libc_s.a
LOAD c:/freescale/kds_3.0.0/toolchain/bin/../lib/gcc/arm-none-eabi/4.8.4/../../../../arm-none-eabi/lib/armv7e-m/fpu\libnosys.a
END GROUP
LOAD c:/freescale/kds_3.0.0/toolchain/bin/../lib/gcc/arm-none-eabi/4.8.4/armv7e-m/fpu/crtend.o
LOAD c:/freescale/kds_3.0.0/toolchain/bin/../lib/gcc/arm-none-eabi/4.8.4/armv7e-m/fpu/crtn.o
                0x20000000                _estack = 0x20000000
                0x20000000                __SP_INIT = _estack
                0x20000000                __stack = _estack
                0x00000000                __heap_size = 0x0
                0x00000400                __stack_size = 0x400

.interrupts     0x00000000      0x1e8
                0x00000000                __vector_table = .
                0x00000000                . = ALIGN (0x4)
 *(.vectortable)
 .vectortable   0x00000000      0x1e8 ./Generated_Code/Vectors.o
                0x00000000                __vect_table
                0x000001e8                . = ALIGN (0x4)

.cfmprotect     0x00000400       0x10
                0x00000400                . = ALIGN (0x4)
 *(.cfmconfig)
 .cfmconfig     0x00000400       0x10 ./Generated_Code/Cpu.o
                0x00000400                _cfm
                0x00000410                . = ALIGN (0x4)

.text           0x00000410    0x16f68
                0x00000410                . = ALIGN (0x4)
 *(.text)
 .text          0x00000410       0x54 c:/freescale/kds_3.0.0/toolchain/bin/../lib/gcc/arm-none-eabi/4.8.4/armv7e-m/fpu/crtbegin.o
 .text          0x00000464       0x74 c:/freescale/kds_3.0.0/toolchain/bin/../lib/gcc/arm-none-eabi/4.8.4/../../../../arm-none-eabi/lib/armv7e-m/fpu/crt0.o
                0x00000464                _start
                0x00000464                _mainCRTStartup
 *(.text*)
 .text.AWG_Init
                0x000004d8       0x9c ./Sources/AWG.o
                0x000004d8                AWG_Init
 .text.ProcessSample
                0x00000574      0x104 ./Sources/AWG.o
                0x00000574                ProcessSample
 .text.AWG_SampleGet
                0x00000678       0x94 ./Sources/AWG.o
                0x00000678                AWG_SampleGet
 .text.FIFO_Init
                0x0000070c       0x50 ./Sources/FIFO.o
                0x0000070c                FIFO_Init
 .text.FIFO_Put
                0x0000075c       0x68 ./Sources/FIFO.o
                0x0000075c                FIFO_Put
 .text.FIFO_Get
                0x000007c4       0x68 ./Sources/FIFO.o
                0x000007c4                FIFO_Get
 .text.FTM_Init
                0x0000082c       0xa0 ./Sources/FTM.o
                0x0000082c                FTM_Init
 .text.FTM_Set  0x000008cc      0x110 ./Sources/FTM.o
                0x000008cc                FTM_Set
 .text.FTM_StartTimer
                0x000009dc       0xac ./Sources/FTM.o
                0x000009dc                FTM_StartTimer
 .text.FTM0_ISR
                0x00000a88       0x94 ./Sources/FTM.o
                0x00000a88                FTM0_ISR
 .text.FTMThread
                0x00000b1c       0x8c ./Sources/FTM.o
 .text.LEDs_Init
                0x00000ba8       0xc0 ./Sources/LEDs.o
                0x00000ba8                LEDs_Init
 .text.LEDs_On  0x00000c68       0x1c ./Sources/LEDs.o
                0x00000c68                LEDs_On
 .text.LEDs_Off
                0x00000c84       0x1c ./Sources/LEDs.o
                0x00000c84                LEDs_Off
 .text.LEDs_Toggle
                0x00000ca0       0x1c ./Sources/LEDs.o
                0x00000ca0                LEDs_Toggle
 .text.PIT_Init
                0x00000cbc       0xb4 ./Sources/PIT.o
                0x00000cbc                PIT_Init
 .text.PIT_Set  0x00000d70       0x64 ./Sources/PIT.o
                0x00000d70                PIT_Set
 .text.PIT_Enable
                0x00000dd4       0x38 ./Sources/PIT.o
                0x00000dd4                PIT_Enable
 .text.PIT_ISR  0x00000e0c       0x8c ./Sources/PIT.o
                0x00000e0c                PIT_ISR
 .text.Packet_Init
                0x00000e98       0x2c ./Sources/Packet.o
                0x00000e98                Packet_Init
 .text.Packet_Get
                0x00000ec4       0xfc ./Sources/Packet.o
                0x00000ec4                Packet_Get
 .text.Packet_Put
                0x00000fc0       0x68 ./Sources/Packet.o
                0x00000fc0                Packet_Put
 .text.CalculateChecksum
                0x00001028       0x30 ./Sources/Packet.o
 .text.RTC_Init
                0x00001058      0x124 ./Sources/RTC.o
                0x00001058                RTC_Init
 .text.RTC_Set  0x0000117c       0x74 ./Sources/RTC.o
                0x0000117c                RTC_Set
 .text.RTC_Get  0x000011f0       0xa0 ./Sources/RTC.o
                0x000011f0                RTC_Get
 .text.RTC_ISR  0x00001290       0x2c ./Sources/RTC.o
                0x00001290                RTC_ISR
 .text.RTCThread
                0x000012bc       0x38 ./Sources/RTC.o
 .text.UART_Init
                0x000012f4      0x1b8 ./Sources/UART.o
                0x000012f4                UART_Init
 .text.UART_InChar
                0x000014ac       0x20 ./Sources/UART.o
                0x000014ac                UART_InChar
 .text.UART_OutChar
                0x000014cc       0x38 ./Sources/UART.o
                0x000014cc                UART_OutChar
 .text.UART_ISR
                0x00001504       0x8c ./Sources/UART.o
                0x00001504                UART_ISR
 .text.UARTRxThread
                0x00001590       0x30 ./Sources/UART.o
 .text.UARTTxThread
                0x000015c0       0x50 ./Sources/UART.o
 .text.Analog_Init
                0x00001610      0x190 ./Sources/analog.o
                0x00001610                Analog_Init
 .text.Analog_Put
                0x000017a0       0x58 ./Sources/analog.o
                0x000017a0                Analog_Put
 .text.Flash_Init
                0x000017f8       0x10 ./Sources/flash.o
                0x000017f8                Flash_Init
 .text.Flash_AllocateVar
                0x00001808      0x164 ./Sources/flash.o
                0x00001808                Flash_AllocateVar
 .text.Flash_Write32
                0x0000196c       0x6c ./Sources/flash.o
                0x0000196c                Flash_Write32
 .text.Flash_Write16
                0x000019d8       0x6c ./Sources/flash.o
                0x000019d8                Flash_Write16
 .text.Flash_Write8
                0x00001a44       0x60 ./Sources/flash.o
                0x00001a44                Flash_Write8
 .text.Flash_Erase
                0x00001aa4       0x10 ./Sources/flash.o
                0x00001aa4                Flash_Erase
 .text.ModifyPhrase
                0x00001ab4       0x30 ./Sources/flash.o
 .text.EraseSector
                0x00001ae4       0x2c ./Sources/flash.o
 .text.LaunchCommand
                0x00001b10       0xd4 ./Sources/flash.o
 .text.WritePhrase
                0x00001be4       0x40 ./Sources/flash.o
 .text.LoadAddress
                0x00001c24       0x34 ./Sources/flash.o
 .text.LoadData
                0x00001c58       0x5c ./Sources/flash.o
 .text.HandleProgramPacket
                0x00001cb4       0x58 ./Sources/main.o
 .text.HandleReadPacket
                0x00001d0c       0x54 ./Sources/main.o
 .text.HandleVersionPacket
                0x00001d60       0x48 ./Sources/main.o
 .text.HandleNumberPacket
                0x00001da8       0x7c ./Sources/main.o
 .text.HandleModePacket
                0x00001e24       0x7c ./Sources/main.o
 .text.HandleTimePacket
                0x00001ea0       0x40 ./Sources/main.o
 .text.HandleProtocolPacket
                0x00001ee0       0xb8 ./Sources/main.o
 .text.HandleSpecialPacket
                0x00001f98       0xf0 ./Sources/main.o
 .text.HandlePacket
                0x00002088      0x104 ./Sources/main.o
 .text.TowerNumberModeInit
                0x0000218c       0x78 ./Sources/main.o
 .text.PITCallback
                0x00002204       0x38 ./Sources/main.o
 .text.RTCCallback
                0x0000223c       0x40 ./Sources/main.o
 .text.FTM0CH0Callback
                0x0000227c       0x18 ./Sources/main.o
 .text.CH01SecondTimerInit
                0x00002294       0x3c ./Sources/main.o
 .text.DACChannelZeroThread
                0x000022d0       0x3c ./Sources/main.o
 .text.DACChannelOneThread
                0x0000230c       0x3c ./Sources/main.o
 .text.PacketThread
                0x00002348       0x14 ./Sources/main.o
 .text.InitThread
                0x0000235c       0xa0 ./Sources/main.o
 .text.main     0x000023fc       0x6c ./Sources/main.o
                0x000023fc                main
 .text.__copy_rom_section
                0x00002468       0xe4 ./Project_Settings/Startup_Code/startup.o
                0x00002468                __copy_rom_section
 .text.__copy_rom_sections_to_ram
                0x0000254c       0x9c ./Project_Settings/Startup_Code/startup.o
                0x0000254c                __copy_rom_sections_to_ram
 .text.__init_registers
                0x000025e8       0x20 ./Project_Settings/Startup_Code/startup.o
                0x000025e8                __init_registers
 .text.__init_user
                0x00002608        0xc ./Project_Settings/Startup_Code/startup.o
                0x00002608                __init_user
 .text.__thumb_startup
                0x00002614       0x34 ./Project_Settings/Startup_Code/startup.o
                0x00002614                __thumb_startup
 .text.Cpu_Interrupt
                0x00002648       0x18 ./Generated_Code/Cpu.o
                0x00002648                Cpu_Interrupt
 .text.__init_hardware
                0x00002660      0x1cc ./Generated_Code/Cpu.o
                0x00002660                __init_hardware
 .text.Cpu_SetBASEPRI
                0x0000282c       0x18 ./Generated_Code/Cpu.o
                0x0000282c                Cpu_SetBASEPRI
 .text.PE_low_level_init
                0x00002844       0xe4 ./Generated_Code/Cpu.o
                0x00002844                PE_low_level_init
 .text.OS_Init  0x00002928      0x110 D:\Embedded\Assessment_fixed\Library\libOS.a(OS.o)
                0x00002928                OS_Init
 .text.OS_ISREnter
                0x00002a38       0x20 D:\Embedded\Assessment_fixed\Library\libOS.a(OS.o)
                0x00002a38                OS_ISREnter
 .text.OS_ISRExit
                0x00002a58       0x1c D:\Embedded\Assessment_fixed\Library\libOS.a(OS.o)
                0x00002a58                OS_ISRExit
 .text.OS_SemaphoreCreate
                0x00002a74       0x90 D:\Embedded\Assessment_fixed\Library\libOS.a(OS.o)
                0x00002a74                OS_SemaphoreCreate
 .text.OS_SemaphoreSignal
                0x00002b04       0x44 D:\Embedded\Assessment_fixed\Library\libOS.a(OS.o)
                0x00002b04                OS_SemaphoreSignal
 .text.OS_SemaphoreWait
                0x00002b48       0x58 D:\Embedded\Assessment_fixed\Library\libOS.a(OS.o)
                0x00002b48                OS_SemaphoreWait
 .text.OS_Start
                0x00002ba0       0x10 D:\Embedded\Assessment_fixed\Library\libOS.a(OS.o)
                0x00002ba0                OS_Start
 .text.OS_ThreadCreate
                0x00002bb0      0x160 D:\Embedded\Assessment_fixed\Library\libOS.a(OS.o)
                0x00002bb0                OS_ThreadCreate
 .text.OS_ThreadDelete
                0x00002d10      0x18c D:\Embedded\Assessment_fixed\Library\libOS.a(OS.o)
                0x00002d10                OS_ThreadDelete
 .text.EventThreadReady
                0x00002e9c       0x68 D:\Embedded\Assessment_fixed\Library\libOS.a(OS.o)
 .text.EventThreadWait
                0x00002f04       0x64 D:\Embedded\Assessment_fixed\Library\libOS.a(OS.o)
 .text.EventTimeout
                0x00002f68       0x40 D:\Embedded\Assessment_fixed\Library\libOS.a(OS.o)
 .text.Idle     0x00002fa8       0x18 D:\Embedded\Assessment_fixed\Library\libOS.a(OS.o)
 .text.FindFirstSet
                0x00002fc0       0x44 D:\Embedded\Assessment_fixed\Library\libOS.a(OS.o)
 .text.Schedule
                0x00003004       0x64 D:\Embedded\Assessment_fixed\Library\libOS.a(OS.o)
 .text.TCBInit  0x00003068       0xcc D:\Embedded\Assessment_fixed\Library\libOS.a(OS.o)
 .text.TimeTick
                0x00003134       0x74 D:\Embedded\Assessment_fixed\Library\libOS.a(OS.o)
 *fill*         0x000031a8        0x8 
 .text.OS_ContextSwitchISR
                0x000031b0       0x70 D:\Embedded\Assessment_fixed\Library\libOS.a(OS.o)
                0x000031b0                OS_ContextSwitchISR
 .text.OS_SysTickISR
                0x00003220       0x5c D:\Embedded\Assessment_fixed\Library\libOS.a(OS.o)
                0x00003220                OS_SysTickISR
 .text.InitChipSelectPins
                0x0000327c       0x6c D:\Embedded\Assessment_fixed\Library\libPMcL.a(SPI_Adv.o)
 .text.SetupModuleConfigurationRegister
                0x000032e8      0x104 D:\Embedded\Assessment_fixed\Library\libPMcL.a(SPI_Adv.o)
 .text.SetBaudRate
                0x000033ec      0x15c D:\Embedded\Assessment_fixed\Library\libPMcL.a(SPI_Adv.o)
 .text.SetDelayAfterTransfer
                0x00003548      0x168 D:\Embedded\Assessment_fixed\Library\libPMcL.a(SPI_Adv.o)
 .text.SetupClockAndTransferAttributesRegister
                0x000036b0      0x16c D:\Embedded\Assessment_fixed\Library\libPMcL.a(SPI_Adv.o)
 .text.PMcL_SPI_Adv_Init
                0x0000381c       0x90 D:\Embedded\Assessment_fixed\Library\libPMcL.a(SPI_Adv.o)
                0x0000381c                PMcL_SPI_Adv_Init
 .text.PMcL_SPI_Adv_SelectSlaveDevice
                0x000038ac       0x6c D:\Embedded\Assessment_fixed\Library\libPMcL.a(SPI_Adv.o)
                0x000038ac                PMcL_SPI_Adv_SelectSlaveDevice
 .text.PMcL_SPI_Adv_Exchange
                0x00003918       0x94 D:\Embedded\Assessment_fixed\Library\libPMcL.a(SPI_Adv.o)
                0x00003918                PMcL_SPI_Adv_Exchange
 .text.exit     0x000039ac       0x28 c:/freescale/kds_3.0.0/toolchain/bin/../lib/gcc/arm-none-eabi/4.8.4/../../../../arm-none-eabi/lib/armv7e-m/fpu\libg_s.a(lib_a-exit.o)
                0x000039ac                exit
 .text.__libc_init_array
                0x000039d4       0x4c c:/freescale/kds_3.0.0/toolchain/bin/../lib/gcc/arm-none-eabi/4.8.4/../../../../arm-none-eabi/lib/armv7e-m/fpu\libg_s.a(lib_a-init.o)
                0x000039d4                __libc_init_array
 .text.memset   0x00003a20       0x10 c:/freescale/kds_3.0.0/toolchain/bin/../lib/gcc/arm-none-eabi/4.8.4/../../../../arm-none-eabi/lib/armv7e-m/fpu\libg_s.a(lib_a-memset.o)
                0x00003a20                memset
 .text._exit    0x00003a30        0x4 c:/freescale/kds_3.0.0/toolchain/bin/../lib/gcc/arm-none-eabi/4.8.4/../../../../arm-none-eabi/lib/armv7e-m/fpu\libnosys.a(_exit.o)
                0x00003a30                _exit
 *(.rodata)
 .rodata        0x00003a34       0xa0 D:\Embedded\Assessment_fixed\Library\libPMcL.a(SPI_Adv.o)
 *(.rodata*)
 .rodata.PACKET_ACK_MASK
                0x00003ad4        0x1 ./Sources/Packet.o
                0x00003ad4                PACKET_ACK_MASK
 *fill*         0x00003ad5        0x3 
 .rodata.FUNCTIONS_SINEWAVE
                0x00003ad8     0x4e20 ./Sources/functions.o
                0x00003ad8                FUNCTIONS_SINEWAVE
 .rodata.FUNCTIONS_TRIANGLEWAVE
                0x000088f8     0x4e20 ./Sources/functions.o
                0x000088f8                FUNCTIONS_TRIANGLEWAVE
 .rodata.FUNCTIONS_SQUAREWAVE
                0x0000d718     0x4e20 ./Sources/functions.o
                0x0000d718                FUNCTIONS_SQUAREWAVE
 .rodata.FUNCTIONS_SAWTOOTHWAVE
                0x00012538     0x4e20 ./Sources/functions.o
                0x00012538                FUNCTIONS_SAWTOOTHWAVE
 .rodata.str1.1
                0x00017358        0x2 c:/freescale/kds_3.0.0/toolchain/bin/../lib/gcc/arm-none-eabi/4.8.4/../../../../arm-none-eabi/lib/armv7e-m/fpu\libg_s.a(lib_a-impure.o)
 *fill*         0x0001735a        0x2 
 .rodata._global_impure_ptr
                0x0001735c        0x4 c:/freescale/kds_3.0.0/toolchain/bin/../lib/gcc/arm-none-eabi/4.8.4/../../../../arm-none-eabi/lib/armv7e-m/fpu\libg_s.a(lib_a-impure.o)
                0x0001735c                _global_impure_ptr
 *(.glue_7)
 .glue_7        0x00000000        0x0 linker stubs
 *(.glue_7t)
 .glue_7t       0x00000000        0x0 linker stubs
 *(.eh_frame)
 .eh_frame      0x00017360        0x0 c:/freescale/kds_3.0.0/toolchain/bin/../lib/gcc/arm-none-eabi/4.8.4/armv7e-m/fpu/crtbegin.o
 *(.init)
 .init          0x00017360        0x4 c:/freescale/kds_3.0.0/toolchain/bin/../lib/gcc/arm-none-eabi/4.8.4/armv7e-m/fpu/crti.o
                0x00017360                _init
 .init          0x00017364        0x8 c:/freescale/kds_3.0.0/toolchain/bin/../lib/gcc/arm-none-eabi/4.8.4/armv7e-m/fpu/crtn.o
 *(.fini)
 .fini          0x0001736c        0x4 c:/freescale/kds_3.0.0/toolchain/bin/../lib/gcc/arm-none-eabi/4.8.4/armv7e-m/fpu/crti.o
                0x0001736c                _fini
 .fini          0x00017370        0x8 c:/freescale/kds_3.0.0/toolchain/bin/../lib/gcc/arm-none-eabi/4.8.4/armv7e-m/fpu/crtn.o
                0x00017378                . = ALIGN (0x4)
                0x00017378                _etext = .

.vfp11_veneer   0x00017378        0x0
 .vfp11_veneer  0x00000000        0x0 linker stubs

.v4_bx          0x00017378        0x0
 .v4_bx         0x00000000        0x0 linker stubs

.iplt           0x00017378        0x0
 .iplt          0x00000000        0x0 c:/freescale/kds_3.0.0/toolchain/bin/../lib/gcc/arm-none-eabi/4.8.4/armv7e-m/fpu/crtbegin.o

.ARM.extab
 *(.ARM.extab* .gnu.linkonce.armextab.*)

.ARM            0x00017378        0x8
                0x00017378                __exidx_start = .
 *(.ARM.exidx*)
 .ARM.exidx     0x00017378        0x8 c:/freescale/kds_3.0.0/toolchain/bin/../lib/gcc/arm-none-eabi/4.8.4/../../../../arm-none-eabi/lib/armv7e-m/fpu/crt0.o
                0x00017380                __exidx_end = .

.rel.dyn        0x00017380        0x0
 .rel.iplt      0x00000000        0x0 c:/freescale/kds_3.0.0/toolchain/bin/../lib/gcc/arm-none-eabi/4.8.4/armv7e-m/fpu/crtbegin.o

.ctors          0x00017380        0x0
                0x00017380                __CTOR_LIST__ = .
 *crtbegin.o(.ctors)
 *(EXCLUDE_FILE(*crtend.o) .ctors)
 *(SORT(.ctors.*))
 *(.ctors)
                0x00017380                __CTOR_END__ = .

.dtors          0x00017380        0x0
                0x00017380                __DTOR_LIST__ = .
 *crtbegin.o(.dtors)
 *(EXCLUDE_FILE(*crtend.o) .dtors)
 *(SORT(.dtors.*))
 *(.dtors)
                0x00017380                __DTOR_END__ = .

.preinit_array  0x00017380        0x0
                0x00017380                PROVIDE (__preinit_array_start, .)
 *(.preinit_array*)
                0x00017380                PROVIDE (__preinit_array_end, .)

.init_array     0x00017380        0x4
                0x00017380                PROVIDE (__init_array_start, .)
 *(SORT(.init_array.*))
 *(.init_array*)
 .init_array    0x00017380        0x4 c:/freescale/kds_3.0.0/toolchain/bin/../lib/gcc/arm-none-eabi/4.8.4/armv7e-m/fpu/crtbegin.o
                0x00017384                PROVIDE (__init_array_end, .)

.fini_array     0x00017384        0x4
                0x00017384                PROVIDE (__fini_array_start, .)
 *(SORT(.fini_array.*))
 *(.fini_array*)
 .fini_array    0x00017384        0x4 c:/freescale/kds_3.0.0/toolchain/bin/../lib/gcc/arm-none-eabi/4.8.4/armv7e-m/fpu/crtbegin.o
                0x00017388                PROVIDE (__fini_array_end, .)
                0x00017388                ___ROM_AT = .

.data           0x1fff0000       0x68 load address 0x00017388
                0x1fff0000                . = ALIGN (0x4)
                0x1fff0000                _sdata = .
 *(.data)
 *(.data*)
 .data.channelZero.6623
                0x1fff0000        0x1 ./Sources/PIT.o
 *fill*         0x1fff0001        0x3 
 .data.DAC_Command
                0x1fff0004        0x4 ./Sources/analog.o
 .data.impure_data
                0x1fff0008       0x60 c:/freescale/kds_3.0.0/toolchain/bin/../lib/gcc/arm-none-eabi/4.8.4/../../../../arm-none-eabi/lib/armv7e-m/fpu\libg_s.a(lib_a-impure.o)
                0x1fff0068                . = ALIGN (0x4)
                0x1fff0068                _edata = .
                0x00000068                ___data_size = (_edata - _sdata)
                0x000173f0                ___m_data_20000000_ROMStart = (___ROM_AT + SIZEOF (.data))

.jcr            0x1fff0068        0x0 load address 0x000173f0
 .jcr           0x1fff0068        0x0 c:/freescale/kds_3.0.0/toolchain/bin/../lib/gcc/arm-none-eabi/4.8.4/armv7e-m/fpu/crtbegin.o

.igot.plt       0x1fff0068        0x0 load address 0x000173f0
 .igot.plt      0x00000000        0x0 c:/freescale/kds_3.0.0/toolchain/bin/../lib/gcc/arm-none-eabi/4.8.4/armv7e-m/fpu/crtbegin.o

.m_data_20000000
                0x20000000        0x0 load address 0x000173f0
                0x20000000                . = ALIGN (0x4)
                0x20000000                ___m_data_20000000_RAMStart = .
 *(.m_data_20000000)
                0x20000000                ___m_data_20000000_RAMEnd = .
                0x20000000                . = ALIGN (0x4)
                0x00000000                ___m_data_20000000_ROMSize = (___m_data_20000000_RAMEnd - ___m_data_20000000_RAMStart)
                0x20000000                . = ALIGN (0x4)

.bss            0x1fff0068     0x1878 load address 0x000173f0
                0x1fff0068                __START_BSS = .
                0x1fff0068                PROVIDE (__bss_start__, __START_BSS)
 *(.bss)
 .bss           0x1fff0068       0x1c c:/freescale/kds_3.0.0/toolchain/bin/../lib/gcc/arm-none-eabi/4.8.4/armv7e-m/fpu/crtbegin.o
 *(.bss*)
 .bss.CallBackFunctions
                0x1fff0084       0x20 ./Sources/FTM.o
 .bss.CallBackArgument
                0x1fff00a4       0x20 ./Sources/FTM.o
 .bss.ChannelInterrupt
                0x1fff00c4        0x1 ./Sources/FTM.o
 *fill*         0x1fff00c5        0x3 
 .bss.FTMStack  0x1fff00c8      0x190 ./Sources/FTM.o
 .bss.CntDone   0x1fff0258        0x4 ./Sources/FTM.o
 .bss.ModuleClk
                0x1fff025c        0x4 ./Sources/PIT.o
 .bss.CallBack  0x1fff0260        0x4 ./Sources/PIT.o
 .bss.CallBackArgument
                0x1fff0264        0x4 ./Sources/PIT.o
 .bss.PacketMutex
                0x1fff0268        0x4 ./Sources/Packet.o
 .bss.state.6633
                0x1fff026c        0x1 ./Sources/Packet.o
 *fill*         0x1fff026d        0x3 
 .bss.CallBack  0x1fff0270        0x4 ./Sources/RTC.o
 .bss.CallBackArgument
                0x1fff0274        0x4 ./Sources/RTC.o
 .bss.RTCStack  0x1fff0278      0x190 ./Sources/RTC.o
 .bss.SecondPassed
                0x1fff0408        0x4 ./Sources/RTC.o
 .bss.TxFIFO    0x1fff040c      0x114 ./Sources/UART.o
 .bss.RxFIFO    0x1fff0520      0x114 ./Sources/UART.o
 *fill*         0x1fff0634        0x4 
 .bss.UARTRxStack
                0x1fff0638      0x190 ./Sources/UART.o
 .bss.UARTTxStack
                0x1fff07c8      0x190 ./Sources/UART.o
 .bss.RxTrue    0x1fff0958        0x4 ./Sources/UART.o
 .bss.TxTrue    0x1fff095c        0x4 ./Sources/UART.o
 .bss.DataReceive
                0x1fff0960        0x1 ./Sources/UART.o
 *fill*         0x1fff0961        0x3 
 .bss.DACSetupCommand
                0x1fff0964        0x4 ./Sources/analog.o
 .bss.addressAllocationStorage.6565
                0x1fff0968        0x1 ./Sources/flash.o
 *fill*         0x1fff0969        0x3 
 .bss.NvTowerNb
                0x1fff096c        0x4 ./Sources/main.o
 .bss.NvTowerMd
                0x1fff0970        0x4 ./Sources/main.o
 .bss.Ch0       0x1fff0974       0x10 ./Sources/main.o
 .bss.synchronous
                0x1fff0984        0x1 ./Sources/main.o
 .bss.Hours     0x1fff0985        0x1 ./Sources/main.o
 .bss.Minutes   0x1fff0986        0x1 ./Sources/main.o
 .bss.Seconds   0x1fff0987        0x1 ./Sources/main.o
 .bss.DACChanelZeroSample
                0x1fff0988        0x2 ./Sources/main.o
 .bss.DACChanelOneSample
                0x1fff098a        0x2 ./Sources/main.o
 *fill*         0x1fff098c        0x4 
 .bss.PacketStack
                0x1fff0990      0x190 ./Sources/main.o
 .bss.InitStack
                0x1fff0b20      0x190 ./Sources/main.o
 .bss.DACZeroStack
                0x1fff0cb0      0x190 ./Sources/main.o
 .bss.DACOneStack
                0x1fff0e40      0x190 ./Sources/main.o
 .bss.SR_lock   0x1fff0fd0        0x1 ./Generated_Code/Cpu.o
                0x1fff0fd0                SR_lock
 *fill*         0x1fff0fd1        0x3 
 .bss.TCBUnusedMain
                0x1fff0fd4       0x18 D:\Embedded\Assessment_fixed\Library\libOS.a(OS.o)
 .bss.TCBTable  0x1fff0fec      0x300 D:\Embedded\Assessment_fixed\Library\libOS.a(OS.o)
 .bss.pTCBFreeList
                0x1fff12ec        0x4 D:\Embedded\Assessment_fixed\Library\libOS.a(OS.o)
 .bss.pTCBAllocatedList
                0x1fff12f0        0x4 D:\Embedded\Assessment_fixed\Library\libOS.a(OS.o)
 .bss.pTCBPriorityTable
                0x1fff12f4       0x80 D:\Embedded\Assessment_fixed\Library\libOS.a(OS.o)
 .bss.pTCBRunning
                0x1fff1374        0x4 D:\Embedded\Assessment_fixed\Library\libOS.a(OS.o)
 .bss.pTCBHighestReady
                0x1fff1378        0x4 D:\Embedded\Assessment_fixed\Library\libOS.a(OS.o)
 .bss.ReadyList
                0x1fff137c        0x4 D:\Embedded\Assessment_fixed\Library\libOS.a(OS.o)
 .bss.ECBTable  0x1fff1380      0x100 D:\Embedded\Assessment_fixed\Library\libOS.a(OS.o)
 .bss.NextECBFree
                0x1fff1480        0x1 D:\Embedded\Assessment_fixed\Library\libOS.a(OS.o)
 *fill*         0x1fff1481        0x3 
 .bss.IdleCounter
                0x1fff1484        0x4 D:\Embedded\Assessment_fixed\Library\libOS.a(OS.o)
 .bss.IdleStack
                0x1fff1488      0x400 D:\Embedded\Assessment_fixed\Library\libOS.a(OS.o)
 .bss.Ticks     0x1fff1888        0x4 D:\Embedded\Assessment_fixed\Library\libOS.a(OS.o)
 .bss.ToggleCntr
                0x1fff188c        0x4 D:\Embedded\Assessment_fixed\Library\libOS.a(OS.o)
 .bss.ToggleLED
                0x1fff1890        0x1 D:\Embedded\Assessment_fixed\Library\libOS.a(OS.o)
 .bss.ISRNestLevel
                0x1fff1891        0x1 D:\Embedded\Assessment_fixed\Library\libOS.a(OS.o)
 *(COMMON)
 *fill*         0x1fff1892        0x2 
 COMMON         0x1fff1894       0x14 ./Sources/AWG.o
                0x1fff1894                AWG_DAC_CHANNELS
 COMMON         0x1fff18a8        0x8 ./Sources/PIT.o
                0x1fff18a8                DACChannelOne
                0x1fff18ac                DACChannelZero
 COMMON         0x1fff18b0        0x5 ./Sources/Packet.o
                0x1fff18b0                Packet
 *fill*         0x1fff18b5        0x3 
 COMMON         0x1fff18b8       0x24 ./Sources/analog.o
                0x1fff18b8                Analog_Input
 COMMON         0x1fff18dc        0x1 ./Generated_Code/Cpu.o
                0x1fff18dc                SR_reg
                0x1fff18e0                . = ALIGN (0x4)
 *fill*         0x1fff18dd        0x3 
                0x1fff18e0                __END_BSS = .
                0x1fff18e0                PROVIDE (__bss_end__, __END_BSS)
                0x000173f0                _romp_at = ((___ROM_AT + SIZEOF (.data)) + SIZEOF (.m_data_20000000))

.romp           0x1fff18e0       0x24 load address 0x000173f0
                0x000173f0                __S_romp = _romp_at
                0x1fff18e0        0x4 LONG 0x17388 ___ROM_AT
                0x1fff18e4        0x4 LONG 0x1fff0000 _sdata
                0x1fff18e8        0x4 LONG 0x68 ___data_size
                0x1fff18ec        0x4 LONG 0x173f0 ___m_data_20000000_ROMStart
                0x1fff18f0        0x4 LONG 0x20000000 ___m_data_20000000_RAMStart
                0x1fff18f4        0x4 LONG 0x0 ___m_data_20000000_ROMSize
                0x1fff18f8        0x4 LONG 0x0
                0x1fff18fc        0x4 LONG 0x0
                0x1fff1900        0x4 LONG 0x0

._user_heap_stack
                0x1fff1904      0x400 load address 0x00017414
                0x1fff1904                . = ALIGN (0x4)
                0x1fff1904                PROVIDE (end, .)
                0x1fff1904                PROVIDE (_end, .)
                0x1fff1904                __heap_addr = .
                0x1fff1904                __HeapBase = .
                0x1fff1904                . = (. + __heap_size)
                0x1fff1904                __HeapLimit = .
                0x1fff1d04                . = (. + __stack_size)
 *fill*         0x1fff1904      0x400 
                0x1fff1d04                . = ALIGN (0x4)

.ARM.attributes
                0x00000000       0x30
 *(.ARM.attributes)
 .ARM.attributes
                0x00000000       0x22 c:/freescale/kds_3.0.0/toolchain/bin/../lib/gcc/arm-none-eabi/4.8.4/armv7e-m/fpu/crti.o
 .ARM.attributes
                0x00000022       0x34 c:/freescale/kds_3.0.0/toolchain/bin/../lib/gcc/arm-none-eabi/4.8.4/armv7e-m/fpu/crtbegin.o
 .ARM.attributes
                0x00000056       0x20 c:/freescale/kds_3.0.0/toolchain/bin/../lib/gcc/arm-none-eabi/4.8.4/../../../../arm-none-eabi/lib/armv7e-m/fpu/crt0.o
 .ARM.attributes
                0x00000076       0x39 ./Sources/AWG.o
 .ARM.attributes
                0x000000af       0x39 ./Sources/FIFO.o
 .ARM.attributes
                0x000000e8       0x39 ./Sources/FTM.o
 .ARM.attributes
                0x00000121       0x39 ./Sources/LEDs.o
 .ARM.attributes
                0x0000015a       0x39 ./Sources/PIT.o
 .ARM.attributes
                0x00000193       0x39 ./Sources/Packet.o
 .ARM.attributes
                0x000001cc       0x39 ./Sources/RTC.o
 .ARM.attributes
                0x00000205       0x39 ./Sources/UART.o
 .ARM.attributes
                0x0000023e       0x39 ./Sources/analog.o
 .ARM.attributes
                0x00000277       0x39 ./Sources/flash.o
 .ARM.attributes
                0x000002b0       0x39 ./Sources/functions.o
 .ARM.attributes
                0x000002e9       0x39 ./Sources/main.o
 .ARM.attributes
                0x00000322       0x39 ./Project_Settings/Startup_Code/startup.o
 .ARM.attributes
                0x0000035b       0x39 ./Generated_Code/Cpu.o
 .ARM.attributes
                0x00000394       0x39 ./Generated_Code/Vectors.o
 .ARM.attributes
                0x000003cd       0x39 D:\Embedded\Assessment_fixed\Library\libOS.a(OS.o)
 .ARM.attributes
                0x00000406       0x39 D:\Embedded\Assessment_fixed\Library\libPMcL.a(SPI_Adv.o)
 .ARM.attributes
                0x0000043f       0x34 c:/freescale/kds_3.0.0/toolchain/bin/../lib/gcc/arm-none-eabi/4.8.4/../../../../arm-none-eabi/lib/armv7e-m/fpu\libg_s.a(lib_a-exit.o)
 .ARM.attributes
                0x00000473       0x34 c:/freescale/kds_3.0.0/toolchain/bin/../lib/gcc/arm-none-eabi/4.8.4/../../../../arm-none-eabi/lib/armv7e-m/fpu\libg_s.a(lib_a-impure.o)
 .ARM.attributes
                0x000004a7       0x34 c:/freescale/kds_3.0.0/toolchain/bin/../lib/gcc/arm-none-eabi/4.8.4/../../../../arm-none-eabi/lib/armv7e-m/fpu\libg_s.a(lib_a-init.o)
 .ARM.attributes
                0x000004db       0x34 c:/freescale/kds_3.0.0/toolchain/bin/../lib/gcc/arm-none-eabi/4.8.4/../../../../arm-none-eabi/lib/armv7e-m/fpu\libg_s.a(lib_a-memset.o)
 .ARM.attributes
                0x0000050f       0x34 c:/freescale/kds_3.0.0/toolchain/bin/../lib/gcc/arm-none-eabi/4.8.4/../../../../arm-none-eabi/lib/armv7e-m/fpu\libnosys.a(_exit.o)
 .ARM.attributes
                0x00000543       0x22 c:/freescale/kds_3.0.0/toolchain/bin/../lib/gcc/arm-none-eabi/4.8.4/armv7e-m/fpu/crtn.o
OUTPUT(Project.elf elf32-littlearm)

.debug_info     0x00000000     0x6a04
 .debug_info    0x00000000      0x302 ./Sources/AWG.o
 .debug_info    0x00000302      0x22d ./Sources/FIFO.o
 .debug_info    0x0000052f      0x81c ./Sources/FTM.o
 .debug_info    0x00000d4b      0x497 ./Sources/LEDs.o
 .debug_info    0x000011e2      0x5fd ./Sources/PIT.o
 .debug_info    0x000017df      0x346 ./Sources/Packet.o
 .debug_info    0x00001b25      0x6a7 ./Sources/RTC.o
 .debug_info    0x000021cc      0x9f1 ./Sources/UART.o
 .debug_info    0x00002bbd      0x494 ./Sources/analog.o
 .debug_info    0x00003051      0x744 ./Sources/flash.o
 .debug_info    0x00003795       0xf8 ./Sources/functions.o
 .debug_info    0x0000388d      0x8d4 ./Sources/main.o
 .debug_info    0x00004161      0x3b0 ./Project_Settings/Startup_Code/startup.o
 .debug_info    0x00004511      0xc82 ./Generated_Code/Cpu.o
 .debug_info    0x00005193      0x10f ./Generated_Code/Vectors.o
 .debug_info    0x000052a2      0xd02 D:\Embedded\Assessment_fixed\Library\libOS.a(OS.o)
 .debug_info    0x00005fa4      0xa60 D:\Embedded\Assessment_fixed\Library\libPMcL.a(SPI_Adv.o)

.debug_abbrev   0x00000000     0x1995
 .debug_abbrev  0x00000000      0x127 ./Sources/AWG.o
 .debug_abbrev  0x00000127       0xd0 ./Sources/FIFO.o
 .debug_abbrev  0x000001f7      0x1fd ./Sources/FTM.o
 .debug_abbrev  0x000003f4      0x144 ./Sources/LEDs.o
 .debug_abbrev  0x00000538      0x185 ./Sources/PIT.o
 .debug_abbrev  0x000006bd      0x106 ./Sources/Packet.o
 .debug_abbrev  0x000007c3      0x1a4 ./Sources/RTC.o
 .debug_abbrev  0x00000967      0x1d0 ./Sources/UART.o
 .debug_abbrev  0x00000b37      0x13f ./Sources/analog.o
 .debug_abbrev  0x00000c76      0x232 ./Sources/flash.o
 .debug_abbrev  0x00000ea8       0x71 ./Sources/functions.o
 .debug_abbrev  0x00000f19      0x1fd ./Sources/main.o
 .debug_abbrev  0x00001116      0x189 ./Project_Settings/Startup_Code/startup.o
 .debug_abbrev  0x0000129f      0x185 ./Generated_Code/Cpu.o
 .debug_abbrev  0x00001424       0xa4 ./Generated_Code/Vectors.o
 .debug_abbrev  0x000014c8      0x2f8 D:\Embedded\Assessment_fixed\Library\libOS.a(OS.o)
 .debug_abbrev  0x000017c0      0x1d5 D:\Embedded\Assessment_fixed\Library\libPMcL.a(SPI_Adv.o)

.debug_aranges  0x00000000      0x538
 .debug_aranges
                0x00000000       0x40 ./Sources/AWG.o
 .debug_aranges
                0x00000040       0x30 ./Sources/FIFO.o
 .debug_aranges
                0x00000070       0x40 ./Sources/FTM.o
 .debug_aranges
                0x000000b0       0x38 ./Sources/LEDs.o
 .debug_aranges
                0x000000e8       0x38 ./Sources/PIT.o
 .debug_aranges
                0x00000120       0x38 ./Sources/Packet.o
 .debug_aranges
                0x00000158       0x40 ./Sources/RTC.o
 .debug_aranges
                0x00000198       0x48 ./Sources/UART.o
 .debug_aranges
                0x000001e0       0x38 ./Sources/analog.o
 .debug_aranges
                0x00000218       0x78 ./Sources/flash.o
 .debug_aranges
                0x00000290       0x18 ./Sources/functions.o
 .debug_aranges
                0x000002a8       0xd0 ./Sources/main.o
 .debug_aranges
                0x00000378       0x50 ./Project_Settings/Startup_Code/startup.o
 .debug_aranges
                0x000003c8       0x38 ./Generated_Code/Cpu.o
 .debug_aranges
                0x00000400       0x18 ./Generated_Code/Vectors.o
 .debug_aranges
                0x00000418       0xc8 D:\Embedded\Assessment_fixed\Library\libOS.a(OS.o)
 .debug_aranges
                0x000004e0       0x58 D:\Embedded\Assessment_fixed\Library\libPMcL.a(SPI_Adv.o)

.debug_ranges   0x00000000      0x418
 .debug_ranges  0x00000000       0x30 ./Sources/AWG.o
 .debug_ranges  0x00000030       0x20 ./Sources/FIFO.o
 .debug_ranges  0x00000050       0x30 ./Sources/FTM.o
 .debug_ranges  0x00000080       0x28 ./Sources/LEDs.o
 .debug_ranges  0x000000a8       0x28 ./Sources/PIT.o
 .debug_ranges  0x000000d0       0x28 ./Sources/Packet.o
 .debug_ranges  0x000000f8       0x30 ./Sources/RTC.o
 .debug_ranges  0x00000128       0x38 ./Sources/UART.o
 .debug_ranges  0x00000160       0x28 ./Sources/analog.o
 .debug_ranges  0x00000188       0x68 ./Sources/flash.o
 .debug_ranges  0x000001f0       0xc0 ./Sources/main.o
 .debug_ranges  0x000002b0       0x40 ./Project_Settings/Startup_Code/startup.o
 .debug_ranges  0x000002f0       0x28 ./Generated_Code/Cpu.o
 .debug_ranges  0x00000318       0xb8 D:\Embedded\Assessment_fixed\Library\libOS.a(OS.o)
 .debug_ranges  0x000003d0       0x48 D:\Embedded\Assessment_fixed\Library\libPMcL.a(SPI_Adv.o)

.debug_macro    0x00000000    0x357d8
 .debug_macro   0x00000000       0xb4 ./Sources/AWG.o
 .debug_macro   0x000000b4      0x850 ./Sources/AWG.o
 .debug_macro   0x00000904       0x16 ./Sources/AWG.o
 .debug_macro   0x0000091a       0x44 ./Sources/AWG.o
 .debug_macro   0x0000095e      0x209 ./Sources/AWG.o
 .debug_macro   0x00000b67       0x22 ./Sources/AWG.o
 .debug_macro   0x00000b89       0x10 ./Sources/AWG.o
 .debug_macro   0x00000b99      0x14e ./Sources/AWG.o
 .debug_macro   0x00000ce7       0x64 ./Sources/AWG.o
 .debug_macro   0x00000d4b    0x174c1 ./Sources/AWG.o
 .debug_macro   0x0001820c       0x9a ./Sources/AWG.o
 .debug_macro   0x000182a6     0x17fa ./Sources/AWG.o
 .debug_macro   0x00019aa0       0x10 ./Sources/AWG.o
 .debug_macro   0x00019ab0       0xbe ./Sources/FIFO.o
 .debug_macro   0x00019b6e       0x36 ./Sources/FIFO.o
 .debug_macro   0x00019ba4       0x3a ./Sources/FIFO.o
 .debug_macro   0x00019bde       0xc2 ./Sources/FTM.o
 .debug_macro   0x00019ca0       0xaa ./Sources/LEDs.o
 .debug_macro   0x00019d4a     0x17fa ./Sources/LEDs.o
 .debug_macro   0x0001b544       0xc6 ./Sources/PIT.o
 .debug_macro   0x0001b60a       0xc7 ./Sources/Packet.o
 .debug_macro   0x0001b6d1       0x34 ./Sources/Packet.o
 .debug_macro   0x0001b705       0xbc ./Sources/RTC.o
 .debug_macro   0x0001b7c1       0xd1 ./Sources/UART.o
 .debug_macro   0x0001b892       0x16 ./Sources/UART.o
 .debug_macro   0x0001b8a8    0x174af ./Sources/UART.o
 .debug_macro   0x00032d57       0xc9 ./Sources/analog.o
 .debug_macro   0x00032e20       0x16 ./Sources/analog.o
 .debug_macro   0x00032e36       0xb5 ./Sources/flash.o
 .debug_macro   0x00032eeb       0x28 ./Sources/flash.o
 .debug_macro   0x00032f13       0x65 ./Sources/functions.o
 .debug_macro   0x00032f78      0x169 ./Sources/main.o
 .debug_macro   0x000330e1       0x2e ./Sources/main.o
 .debug_macro   0x0003310f       0x16 ./Sources/main.o
 .debug_macro   0x00033125      0x121 ./Project_Settings/Startup_Code/startup.o
 .debug_macro   0x00033246       0x58 ./Project_Settings/Startup_Code/startup.o
 .debug_macro   0x0003329e       0x35 ./Project_Settings/Startup_Code/startup.o
 .debug_macro   0x000332d3       0xa3 ./Project_Settings/Startup_Code/startup.o
 .debug_macro   0x00033376      0x166 ./Project_Settings/Startup_Code/startup.o
 .debug_macro   0x000334dc       0x4a ./Project_Settings/Startup_Code/startup.o
 .debug_macro   0x00033526       0x52 ./Project_Settings/Startup_Code/startup.o
 .debug_macro   0x00033578       0x16 ./Project_Settings/Startup_Code/startup.o
 .debug_macro   0x0003358e       0x43 ./Project_Settings/Startup_Code/startup.o
 .debug_macro   0x000335d1      0x180 ./Project_Settings/Startup_Code/startup.o
 .debug_macro   0x00033751      0x2a6 ./Project_Settings/Startup_Code/startup.o
 .debug_macro   0x000339f7       0x10 ./Project_Settings/Startup_Code/startup.o
 .debug_macro   0x00033a07       0x35 ./Project_Settings/Startup_Code/startup.o
 .debug_macro   0x00033a3c       0x16 ./Project_Settings/Startup_Code/startup.o
 .debug_macro   0x00033a52       0x22 ./Project_Settings/Startup_Code/startup.o
 .debug_macro   0x00033a74      0x20f ./Project_Settings/Startup_Code/startup.o
 .debug_macro   0x00033c83       0xa5 ./Generated_Code/Cpu.o
 .debug_macro   0x00033d28       0xe7 ./Generated_Code/Vectors.o
 .debug_macro   0x00033e0f       0xa3 D:\Embedded\Assessment_fixed\Library\libOS.a(OS.o)
 .debug_macro   0x00033eb2     0x17fa D:\Embedded\Assessment_fixed\Library\libOS.a(OS.o)
 .debug_macro   0x000356ac       0x94 D:\Embedded\Assessment_fixed\Library\libOS.a(OS.o)
 .debug_macro   0x00035740       0x30 D:\Embedded\Assessment_fixed\Library\libOS.a(OS.o)
 .debug_macro   0x00035770       0x68 D:\Embedded\Assessment_fixed\Library\libPMcL.a(SPI_Adv.o)

.debug_line     0x00000000     0x36a4
 .debug_line    0x00000000      0x2e6 ./Sources/AWG.o
 .debug_line    0x000002e6      0x2b5 ./Sources/FIFO.o
 .debug_line    0x0000059b      0x313 ./Sources/FTM.o
 .debug_line    0x000008ae      0x28a ./Sources/LEDs.o
 .debug_line    0x00000b38      0x2d5 ./Sources/PIT.o
 .debug_line    0x00000e0d      0x2ea ./Sources/Packet.o
 .debug_line    0x000010f7      0x2f8 ./Sources/RTC.o
 .debug_line    0x000013ef      0x335 ./Sources/UART.o
 .debug_line    0x00001724      0x331 ./Sources/analog.o
 .debug_line    0x00001a55      0x3d5 ./Sources/flash.o
 .debug_line    0x00001e2a      0x18e ./Sources/functions.o
 .debug_line    0x00001fb8      0x5e2 ./Sources/main.o
 .debug_line    0x0000259a      0x3ba ./Project_Settings/Startup_Code/startup.o
 .debug_line    0x00002954      0x301 ./Generated_Code/Cpu.o
 .debug_line    0x00002c55      0x2e5 ./Generated_Code/Vectors.o
 .debug_line    0x00002f3a      0x496 D:\Embedded\Assessment_fixed\Library\libOS.a(OS.o)
 .debug_line    0x000033d0      0x2d4 D:\Embedded\Assessment_fixed\Library\libPMcL.a(SPI_Adv.o)

.debug_str      0x00000000    0x8ed2e
 .debug_str     0x00000000    0x8a6be ./Sources/AWG.o
                              0x8a831 (size before relaxing)
 .debug_str     0x0008a6be      0x230 ./Sources/FIFO.o
                              0x8a88b (size before relaxing)
 .debug_str     0x0008a8ee      0x3f0 ./Sources/FTM.o
                              0x8abf7 (size before relaxing)
 .debug_str     0x0008acde       0xe9 ./Sources/LEDs.o
                              0x8a807 (size before relaxing)
 .debug_str     0x0008adc7       0xe8 ./Sources/PIT.o
                              0x8aa25 (size before relaxing)
 .debug_str     0x0008aeaf      0x2a0 ./Sources/Packet.o
                              0x8aaf3 (size before relaxing)
 .debug_str     0x0008b14f       0xa3 ./Sources/RTC.o
                              0x8a9ee (size before relaxing)
 .debug_str     0x0008b1f2      0x15c ./Sources/UART.o
                              0x8ab42 (size before relaxing)
 .debug_str     0x0008b34e      0x295 ./Sources/analog.o
                              0x8a929 (size before relaxing)
 .debug_str     0x0008b5e3      0x33e ./Sources/flash.o
                              0x8a9d8 (size before relaxing)
 .debug_str     0x0008b921       0x17 ./Sources/functions.o
                               0x2fe5 (size before relaxing)
 .debug_str     0x0008b938      0x37b ./Sources/main.o
                              0x8b248 (size before relaxing)
 .debug_str     0x0008bcb3     0x2658 ./Project_Settings/Startup_Code/startup.o
                              0x853e3 (size before relaxing)
 .debug_str     0x0008e30b      0x1f2 ./Generated_Code/Cpu.o
                              0x8aa20 (size before relaxing)
 .debug_str     0x0008e4fd       0x1c ./Generated_Code/Vectors.o
                              0x8a79f (size before relaxing)
 .debug_str     0x0008e519      0x461 D:\Embedded\Assessment_fixed\Library\libOS.a(OS.o)
                              0x8ad2a (size before relaxing)
 .debug_str     0x0008e97a      0x3b4 D:\Embedded\Assessment_fixed\Library\libPMcL.a(SPI_Adv.o)
                              0x83392 (size before relaxing)

.comment        0x00000000       0x70
 .comment       0x00000000       0x70 ./Sources/AWG.o
                                 0x71 (size before relaxing)
 .comment       0x00000000       0x71 ./Sources/FIFO.o
 .comment       0x00000000       0x71 ./Sources/FTM.o
 .comment       0x00000000       0x71 ./Sources/LEDs.o
 .comment       0x00000000       0x71 ./Sources/PIT.o
 .comment       0x00000000       0x71 ./Sources/Packet.o
 .comment       0x00000000       0x71 ./Sources/RTC.o
 .comment       0x00000000       0x71 ./Sources/UART.o
 .comment       0x00000000       0x71 ./Sources/analog.o
 .comment       0x00000000       0x71 ./Sources/flash.o
 .comment       0x00000000       0x71 ./Sources/functions.o
 .comment       0x00000000       0x71 ./Sources/main.o
 .comment       0x00000000       0x71 ./Project_Settings/Startup_Code/startup.o
 .comment       0x00000000       0x71 ./Generated_Code/Cpu.o
 .comment       0x00000000       0x71 ./Generated_Code/Vectors.o
 .comment       0x00000000       0x71 D:\Embedded\Assessment_fixed\Library\libOS.a(OS.o)
 .comment       0x00000000       0x71 D:\Embedded\Assessment_fixed\Library\libPMcL.a(SPI_Adv.o)

.debug_frame    0x00000000      0xf28
 .debug_frame   0x00000000       0xb0 ./Sources/AWG.o
 .debug_frame   0x000000b0       0x70 ./Sources/FIFO.o
 .debug_frame   0x00000120       0xa8 ./Sources/FTM.o
 .debug_frame   0x000001c8       0x7c ./Sources/LEDs.o
 .debug_frame   0x00000244       0x8c ./Sources/PIT.o
 .debug_frame   0x000002d0       0x88 ./Sources/Packet.o
 .debug_frame   0x00000358       0xac ./Sources/RTC.o
 .debug_frame   0x00000404       0xd4 ./Sources/UART.o
 .debug_frame   0x000004d8       0x90 ./Sources/analog.o
 .debug_frame   0x00000568      0x17c ./Sources/flash.o
 .debug_frame   0x000006e4      0x2d0 ./Sources/main.o
 .debug_frame   0x000009b4       0xc0 ./Project_Settings/Startup_Code/startup.o
 .debug_frame   0x00000a74       0x80 ./Generated_Code/Cpu.o
 .debug_frame   0x00000af4      0x2a0 D:\Embedded\Assessment_fixed\Library\libOS.a(OS.o)
 .debug_frame   0x00000d94      0x100 D:\Embedded\Assessment_fixed\Library\libPMcL.a(SPI_Adv.o)
 .debug_frame   0x00000e94       0x28 c:/freescale/kds_3.0.0/toolchain/bin/../lib/gcc/arm-none-eabi/4.8.4/../../../../arm-none-eabi/lib/armv7e-m/fpu\libg_s.a(lib_a-exit.o)
 .debug_frame   0x00000ebc       0x2c c:/freescale/kds_3.0.0/toolchain/bin/../lib/gcc/arm-none-eabi/4.8.4/../../../../arm-none-eabi/lib/armv7e-m/fpu\libg_s.a(lib_a-init.o)
 .debug_frame   0x00000ee8       0x20 c:/freescale/kds_3.0.0/toolchain/bin/../lib/gcc/arm-none-eabi/4.8.4/../../../../arm-none-eabi/lib/armv7e-m/fpu\libg_s.a(lib_a-memset.o)
 .debug_frame   0x00000f08       0x20 c:/freescale/kds_3.0.0/toolchain/bin/../lib/gcc/arm-none-eabi/4.8.4/../../../../arm-none-eabi/lib/armv7e-m/fpu\libnosys.a(_exit.o)
