Archive member included because of file (symbol)

D:\Embedded\Assessment_fixed\Library\libOS.a(OS.o)
                              ./Sources/main.o (OS_Init)
D:\Embedded\Assessment_fixed\Library\libPMcL.a(SPI_Adv.o)
                              ./Sources/analog.o (PMcL_SPI_Adv_Init)
c:/freescale/kds_3.0.0/toolchain/bin/../lib/gcc/arm-none-eabi/4.8.4/armv7e-m/fpu\libgcc.a(_aeabi_uldivmod.o)
                              ./Sources/AWG.o (__aeabi_uldivmod)
c:/freescale/kds_3.0.0/toolchain/bin/../lib/gcc/arm-none-eabi/4.8.4/armv7e-m/fpu\libgcc.a(bpabi.o)
                              c:/freescale/kds_3.0.0/toolchain/bin/../lib/gcc/arm-none-eabi/4.8.4/armv7e-m/fpu\libgcc.a(_aeabi_uldivmod.o) (__gnu_uldivmod_helper)
c:/freescale/kds_3.0.0/toolchain/bin/../lib/gcc/arm-none-eabi/4.8.4/armv7e-m/fpu\libgcc.a(_dvmd_tls.o)
                              c:/freescale/kds_3.0.0/toolchain/bin/../lib/gcc/arm-none-eabi/4.8.4/armv7e-m/fpu\libgcc.a(_aeabi_uldivmod.o) (__aeabi_ldiv0)
c:/freescale/kds_3.0.0/toolchain/bin/../lib/gcc/arm-none-eabi/4.8.4/armv7e-m/fpu\libgcc.a(_divdi3.o)
                              c:/freescale/kds_3.0.0/toolchain/bin/../lib/gcc/arm-none-eabi/4.8.4/armv7e-m/fpu\libgcc.a(bpabi.o) (__divdi3)
c:/freescale/kds_3.0.0/toolchain/bin/../lib/gcc/arm-none-eabi/4.8.4/armv7e-m/fpu\libgcc.a(_udivdi3.o)
                              c:/freescale/kds_3.0.0/toolchain/bin/../lib/gcc/arm-none-eabi/4.8.4/armv7e-m/fpu\libgcc.a(bpabi.o) (__udivdi3)
c:/freescale/kds_3.0.0/toolchain/bin/../lib/gcc/arm-none-eabi/4.8.4/../../../../arm-none-eabi/lib/armv7e-m/fpu\libg_s.a(lib_a-exit.o)
                              c:/freescale/kds_3.0.0/toolchain/bin/../lib/gcc/arm-none-eabi/4.8.4/../../../../arm-none-eabi/lib/armv7e-m/fpu/crt0.o (exit)
c:/freescale/kds_3.0.0/toolchain/bin/../lib/gcc/arm-none-eabi/4.8.4/../../../../arm-none-eabi/lib/armv7e-m/fpu\libg_s.a(lib_a-impure.o)
                              c:/freescale/kds_3.0.0/toolchain/bin/../lib/gcc/arm-none-eabi/4.8.4/../../../../arm-none-eabi/lib/armv7e-m/fpu\libg_s.a(lib_a-exit.o) (_global_impure_ptr)
c:/freescale/kds_3.0.0/toolchain/bin/../lib/gcc/arm-none-eabi/4.8.4/../../../../arm-none-eabi/lib/armv7e-m/fpu\libg_s.a(lib_a-init.o)
                              c:/freescale/kds_3.0.0/toolchain/bin/../lib/gcc/arm-none-eabi/4.8.4/../../../../arm-none-eabi/lib/armv7e-m/fpu/crt0.o (__libc_init_array)
c:/freescale/kds_3.0.0/toolchain/bin/../lib/gcc/arm-none-eabi/4.8.4/../../../../arm-none-eabi/lib/armv7e-m/fpu\libg_s.a(lib_a-memset.o)
                              c:/freescale/kds_3.0.0/toolchain/bin/../lib/gcc/arm-none-eabi/4.8.4/../../../../arm-none-eabi/lib/armv7e-m/fpu/crt0.o (memset)
c:/freescale/kds_3.0.0/toolchain/bin/../lib/gcc/arm-none-eabi/4.8.4/../../../../arm-none-eabi/lib/armv7e-m/fpu\libnosys.a(_exit.o)
                              c:/freescale/kds_3.0.0/toolchain/bin/../lib/gcc/arm-none-eabi/4.8.4/../../../../arm-none-eabi/lib/armv7e-m/fpu\libg_s.a(lib_a-exit.o) (_exit)

Allocating common symbols
Common symbol       size              file

DACChannelOne       0x4               ./Sources/PIT.o
DACChannelZero      0x4               ./Sources/PIT.o
Packet              0x5               ./Sources/Packet.o
Analog_Input        0x24              ./Sources/analog.o
AWG_DAC_CHANNELS    0x18              ./Sources/AWG.o
SR_reg              0x1               ./Generated_Code/Cpu.o
PUSHR_DATA          0x4               ./Sources/SPI.o

Discarded input sections

 .text          0x00000000        0x0 c:/freescale/kds_3.0.0/toolchain/bin/../lib/gcc/arm-none-eabi/4.8.4/armv7e-m/fpu/crti.o
 .data          0x00000000        0x0 c:/freescale/kds_3.0.0/toolchain/bin/../lib/gcc/arm-none-eabi/4.8.4/armv7e-m/fpu/crti.o
 .bss           0x00000000        0x0 c:/freescale/kds_3.0.0/toolchain/bin/../lib/gcc/arm-none-eabi/4.8.4/armv7e-m/fpu/crti.o
 .data          0x00000000        0x4 c:/freescale/kds_3.0.0/toolchain/bin/../lib/gcc/arm-none-eabi/4.8.4/armv7e-m/fpu/crtbegin.o
 .data          0x00000000        0x0 c:/freescale/kds_3.0.0/toolchain/bin/../lib/gcc/arm-none-eabi/4.8.4/../../../../arm-none-eabi/lib/armv7e-m/fpu/crt0.o
 .bss           0x00000000        0x0 c:/freescale/kds_3.0.0/toolchain/bin/../lib/gcc/arm-none-eabi/4.8.4/../../../../arm-none-eabi/lib/armv7e-m/fpu/crt0.o
 .ARM.extab     0x00000000        0x0 c:/freescale/kds_3.0.0/toolchain/bin/../lib/gcc/arm-none-eabi/4.8.4/../../../../arm-none-eabi/lib/armv7e-m/fpu/crt0.o
 .group         0x00000000        0x8 ./Sources/AWG.o
 .group         0x00000000        0x8 ./Sources/AWG.o
 .group         0x00000000        0x8 ./Sources/AWG.o
 .group         0x00000000        0x8 ./Sources/AWG.o
 .group         0x00000000        0x8 ./Sources/AWG.o
 .group         0x00000000        0x8 ./Sources/AWG.o
 .group         0x00000000        0x8 ./Sources/AWG.o
 .group         0x00000000        0x8 ./Sources/AWG.o
 .group         0x00000000        0x8 ./Sources/AWG.o
 .group         0x00000000        0x8 ./Sources/AWG.o
 .group         0x00000000        0x8 ./Sources/AWG.o
 .group         0x00000000        0x8 ./Sources/AWG.o
 .text          0x00000000        0x0 ./Sources/AWG.o
 .data          0x00000000        0x0 ./Sources/AWG.o
 .bss           0x00000000        0x0 ./Sources/AWG.o
 .group         0x00000000        0x8 ./Sources/Digital.o
 .text          0x00000000        0x0 ./Sources/Digital.o
 .data          0x00000000        0x0 ./Sources/Digital.o
 .bss           0x00000000        0x0 ./Sources/Digital.o
 .debug_info    0x00000000       0x21 ./Sources/Digital.o
 .debug_abbrev  0x00000000       0x13 ./Sources/Digital.o
 .debug_aranges
                0x00000000       0x18 ./Sources/Digital.o
 .debug_macro   0x00000000       0x11 ./Sources/Digital.o
 .debug_macro   0x00000000      0x850 ./Sources/Digital.o
 .debug_line    0x00000000       0x35 ./Sources/Digital.o
 .debug_str     0x00000000     0x2412 ./Sources/Digital.o
 .comment       0x00000000       0x71 ./Sources/Digital.o
 .ARM.attributes
                0x00000000       0x39 ./Sources/Digital.o
 .group         0x00000000        0x8 ./Sources/Events.o
 .group         0x00000000        0x8 ./Sources/Events.o
 .group         0x00000000        0x8 ./Sources/Events.o
 .group         0x00000000        0x8 ./Sources/Events.o
 .group         0x00000000        0x8 ./Sources/Events.o
 .group         0x00000000        0x8 ./Sources/Events.o
 .group         0x00000000        0x8 ./Sources/Events.o
 .group         0x00000000        0x8 ./Sources/Events.o
 .group         0x00000000        0x8 ./Sources/Events.o
 .text          0x00000000        0x0 ./Sources/Events.o
 .data          0x00000000        0x0 ./Sources/Events.o
 .bss           0x00000000        0x0 ./Sources/Events.o
 .debug_info    0x00000000       0x7d ./Sources/Events.o
 .debug_abbrev  0x00000000       0x29 ./Sources/Events.o
 .debug_aranges
                0x00000000       0x18 ./Sources/Events.o
 .debug_macro   0x00000000       0xa3 ./Sources/Events.o
 .debug_macro   0x00000000      0x850 ./Sources/Events.o
 .debug_macro   0x00000000       0x16 ./Sources/Events.o
 .debug_macro   0x00000000       0x44 ./Sources/Events.o
 .debug_macro   0x00000000      0x209 ./Sources/Events.o
 .debug_macro   0x00000000     0x17fa ./Sources/Events.o
 .debug_macro   0x00000000      0x14e ./Sources/Events.o
 .debug_macro   0x00000000       0x64 ./Sources/Events.o
 .debug_macro   0x00000000    0x174c1 ./Sources/Events.o
 .debug_macro   0x00000000       0x9a ./Sources/Events.o
 .debug_line    0x00000000      0x218 ./Sources/Events.o
 .debug_str     0x00000000    0x8a5eb ./Sources/Events.o
 .comment       0x00000000       0x71 ./Sources/Events.o
 .ARM.attributes
                0x00000000       0x39 ./Sources/Events.o
 .group         0x00000000        0x8 ./Sources/FIFO.o
 .group         0x00000000        0x8 ./Sources/FIFO.o
 .group         0x00000000        0x8 ./Sources/FIFO.o
 .group         0x00000000        0x8 ./Sources/FIFO.o
 .group         0x00000000        0x8 ./Sources/FIFO.o
 .group         0x00000000        0x8 ./Sources/FIFO.o
 .group         0x00000000        0x8 ./Sources/FIFO.o
 .group         0x00000000        0x8 ./Sources/FIFO.o
 .group         0x00000000        0x8 ./Sources/FIFO.o
 .group         0x00000000        0x8 ./Sources/FIFO.o
 .group         0x00000000        0x8 ./Sources/FIFO.o
 .group         0x00000000        0x8 ./Sources/FIFO.o
 .text          0x00000000        0x0 ./Sources/FIFO.o
 .data          0x00000000        0x0 ./Sources/FIFO.o
 .bss           0x00000000        0x0 ./Sources/FIFO.o
 .debug_macro   0x00000000      0x850 ./Sources/FIFO.o
 .debug_macro   0x00000000       0x16 ./Sources/FIFO.o
 .debug_macro   0x00000000       0x44 ./Sources/FIFO.o
 .debug_macro   0x00000000      0x209 ./Sources/FIFO.o
 .debug_macro   0x00000000       0x22 ./Sources/FIFO.o
 .debug_macro   0x00000000      0x14e ./Sources/FIFO.o
 .debug_macro   0x00000000       0x64 ./Sources/FIFO.o
 .debug_macro   0x00000000    0x174c1 ./Sources/FIFO.o
 .debug_macro   0x00000000       0x9a ./Sources/FIFO.o
 .debug_macro   0x00000000     0x17fa ./Sources/FIFO.o
 .group         0x00000000        0x8 ./Sources/FTM.o
 .group         0x00000000        0x8 ./Sources/FTM.o
 .group         0x00000000        0x8 ./Sources/FTM.o
 .group         0x00000000        0x8 ./Sources/FTM.o
 .group         0x00000000        0x8 ./Sources/FTM.o
 .group         0x00000000        0x8 ./Sources/FTM.o
 .group         0x00000000        0x8 ./Sources/FTM.o
 .group         0x00000000        0x8 ./Sources/FTM.o
 .group         0x00000000        0x8 ./Sources/FTM.o
 .group         0x00000000        0x8 ./Sources/FTM.o
 .group         0x00000000        0x8 ./Sources/FTM.o
 .group         0x00000000        0x8 ./Sources/FTM.o
 .text          0x00000000        0x0 ./Sources/FTM.o
 .data          0x00000000        0x0 ./Sources/FTM.o
 .bss           0x00000000        0x0 ./Sources/FTM.o
 .debug_macro   0x00000000      0x850 ./Sources/FTM.o
 .debug_macro   0x00000000       0x16 ./Sources/FTM.o
 .debug_macro   0x00000000       0x44 ./Sources/FTM.o
 .debug_macro   0x00000000      0x209 ./Sources/FTM.o
 .debug_macro   0x00000000       0x22 ./Sources/FTM.o
 .debug_macro   0x00000000    0x174c1 ./Sources/FTM.o
 .debug_macro   0x00000000      0x14e ./Sources/FTM.o
 .debug_macro   0x00000000       0x64 ./Sources/FTM.o
 .debug_macro   0x00000000       0x9a ./Sources/FTM.o
 .debug_macro   0x00000000     0x17fa ./Sources/FTM.o
 .debug_macro   0x00000000       0x36 ./Sources/FTM.o
 .debug_macro   0x00000000       0x3a ./Sources/FTM.o
 .group         0x00000000        0x8 ./Sources/LEDs.o
 .group         0x00000000        0x8 ./Sources/LEDs.o
 .group         0x00000000        0x8 ./Sources/LEDs.o
 .group         0x00000000        0x8 ./Sources/LEDs.o
 .group         0x00000000        0x8 ./Sources/LEDs.o
 .group         0x00000000        0x8 ./Sources/LEDs.o
 .group         0x00000000        0x8 ./Sources/LEDs.o
 .group         0x00000000        0x8 ./Sources/LEDs.o
 .group         0x00000000        0x8 ./Sources/LEDs.o
 .group         0x00000000        0x8 ./Sources/LEDs.o
 .text          0x00000000        0x0 ./Sources/LEDs.o
 .data          0x00000000        0x0 ./Sources/LEDs.o
 .bss           0x00000000        0x0 ./Sources/LEDs.o
 .debug_macro   0x00000000      0x850 ./Sources/LEDs.o
 .debug_macro   0x00000000       0x16 ./Sources/LEDs.o
 .debug_macro   0x00000000       0x44 ./Sources/LEDs.o
 .debug_macro   0x00000000      0x209 ./Sources/LEDs.o
 .debug_macro   0x00000000       0x22 ./Sources/LEDs.o
 .debug_macro   0x00000000    0x174c1 ./Sources/LEDs.o
 .debug_macro   0x00000000      0x14e ./Sources/LEDs.o
 .debug_macro   0x00000000       0x64 ./Sources/LEDs.o
 .debug_macro   0x00000000       0x9a ./Sources/LEDs.o
 .group         0x00000000        0x8 ./Sources/PIT.o
 .group         0x00000000        0x8 ./Sources/PIT.o
 .group         0x00000000        0x8 ./Sources/PIT.o
 .group         0x00000000        0x8 ./Sources/PIT.o
 .group         0x00000000        0x8 ./Sources/PIT.o
 .group         0x00000000        0x8 ./Sources/PIT.o
 .group         0x00000000        0x8 ./Sources/PIT.o
 .group         0x00000000        0x8 ./Sources/PIT.o
 .group         0x00000000        0x8 ./Sources/PIT.o
 .group         0x00000000        0x8 ./Sources/PIT.o
 .group         0x00000000        0x8 ./Sources/PIT.o
 .group         0x00000000        0x8 ./Sources/PIT.o
 .text          0x00000000        0x0 ./Sources/PIT.o
 .data          0x00000000        0x0 ./Sources/PIT.o
 .bss           0x00000000        0x0 ./Sources/PIT.o
 .debug_macro   0x00000000      0x850 ./Sources/PIT.o
 .debug_macro   0x00000000       0x16 ./Sources/PIT.o
 .debug_macro   0x00000000       0x44 ./Sources/PIT.o
 .debug_macro   0x00000000      0x209 ./Sources/PIT.o
 .debug_macro   0x00000000       0x22 ./Sources/PIT.o
 .debug_macro   0x00000000       0x36 ./Sources/PIT.o
 .debug_macro   0x00000000      0x14e ./Sources/PIT.o
 .debug_macro   0x00000000       0x64 ./Sources/PIT.o
 .debug_macro   0x00000000    0x174c1 ./Sources/PIT.o
 .debug_macro   0x00000000       0x9a ./Sources/PIT.o
 .debug_macro   0x00000000     0x17fa ./Sources/PIT.o
 .debug_macro   0x00000000       0x3a ./Sources/PIT.o
 .group         0x00000000        0x8 ./Sources/Packet.o
 .group         0x00000000        0x8 ./Sources/Packet.o
 .group         0x00000000        0x8 ./Sources/Packet.o
 .group         0x00000000        0x8 ./Sources/Packet.o
 .group         0x00000000        0x8 ./Sources/Packet.o
 .group         0x00000000        0x8 ./Sources/Packet.o
 .group         0x00000000        0x8 ./Sources/Packet.o
 .group         0x00000000        0x8 ./Sources/Packet.o
 .group         0x00000000        0x8 ./Sources/Packet.o
 .group         0x00000000        0x8 ./Sources/Packet.o
 .group         0x00000000        0x8 ./Sources/Packet.o
 .group         0x00000000        0x8 ./Sources/Packet.o
 .group         0x00000000        0x8 ./Sources/Packet.o
 .text          0x00000000        0x0 ./Sources/Packet.o
 .data          0x00000000        0x0 ./Sources/Packet.o
 .bss           0x00000000        0x0 ./Sources/Packet.o
 .debug_macro   0x00000000      0x850 ./Sources/Packet.o
 .debug_macro   0x00000000       0x16 ./Sources/Packet.o
 .debug_macro   0x00000000       0x44 ./Sources/Packet.o
 .debug_macro   0x00000000      0x209 ./Sources/Packet.o
 .debug_macro   0x00000000      0x14e ./Sources/Packet.o
 .debug_macro   0x00000000       0x64 ./Sources/Packet.o
 .debug_macro   0x00000000    0x174c1 ./Sources/Packet.o
 .debug_macro   0x00000000       0x9a ./Sources/Packet.o
 .debug_macro   0x00000000     0x17fa ./Sources/Packet.o
 .debug_macro   0x00000000       0x22 ./Sources/Packet.o
 .debug_macro   0x00000000       0x36 ./Sources/Packet.o
 .debug_macro   0x00000000       0x3a ./Sources/Packet.o
 .group         0x00000000        0x8 ./Sources/RTC.o
 .group         0x00000000        0x8 ./Sources/RTC.o
 .group         0x00000000        0x8 ./Sources/RTC.o
 .group         0x00000000        0x8 ./Sources/RTC.o
 .group         0x00000000        0x8 ./Sources/RTC.o
 .group         0x00000000        0x8 ./Sources/RTC.o
 .group         0x00000000        0x8 ./Sources/RTC.o
 .group         0x00000000        0x8 ./Sources/RTC.o
 .group         0x00000000        0x8 ./Sources/RTC.o
 .group         0x00000000        0x8 ./Sources/RTC.o
 .group         0x00000000        0x8 ./Sources/RTC.o
 .group         0x00000000        0x8 ./Sources/RTC.o
 .text          0x00000000        0x0 ./Sources/RTC.o
 .data          0x00000000        0x0 ./Sources/RTC.o
 .bss           0x00000000        0x0 ./Sources/RTC.o
 .debug_macro   0x00000000      0x850 ./Sources/RTC.o
 .debug_macro   0x00000000       0x16 ./Sources/RTC.o
 .debug_macro   0x00000000       0x44 ./Sources/RTC.o
 .debug_macro   0x00000000      0x209 ./Sources/RTC.o
 .debug_macro   0x00000000       0x22 ./Sources/RTC.o
 .debug_macro   0x00000000    0x174c1 ./Sources/RTC.o
 .debug_macro   0x00000000      0x14e ./Sources/RTC.o
 .debug_macro   0x00000000       0x64 ./Sources/RTC.o
 .debug_macro   0x00000000       0x9a ./Sources/RTC.o
 .debug_macro   0x00000000     0x17fa ./Sources/RTC.o
 .debug_macro   0x00000000       0x36 ./Sources/RTC.o
 .debug_macro   0x00000000       0x3a ./Sources/RTC.o
 .group         0x00000000        0x8 ./Sources/SPI.o
 .group         0x00000000        0x8 ./Sources/SPI.o
 .group         0x00000000        0x8 ./Sources/SPI.o
 .group         0x00000000        0x8 ./Sources/SPI.o
 .group         0x00000000        0x8 ./Sources/SPI.o
 .group         0x00000000        0x8 ./Sources/SPI.o
 .group         0x00000000        0x8 ./Sources/SPI.o
 .group         0x00000000        0x8 ./Sources/SPI.o
 .group         0x00000000        0x8 ./Sources/SPI.o
 .group         0x00000000        0x8 ./Sources/SPI.o
 .text          0x00000000        0x0 ./Sources/SPI.o
 .data          0x00000000        0x0 ./Sources/SPI.o
 .bss           0x00000000        0x0 ./Sources/SPI.o
 .rodata        0x00000000       0x68 ./Sources/SPI.o
 .text.CalculateDelay
                0x00000000      0x124 ./Sources/SPI.o
 .text.CalculateBaud
                0x00000000      0x124 ./Sources/SPI.o
 .text.SPI_Init
                0x00000000      0x208 ./Sources/SPI.o
 .text.SPI_SelectSlaveDevice
                0x00000000       0x9c ./Sources/SPI.o
 .text.SPI_Exchange
                0x00000000       0x6c ./Sources/SPI.o
 .debug_info    0x00000000      0x891 ./Sources/SPI.o
 .debug_abbrev  0x00000000      0x1c7 ./Sources/SPI.o
 .debug_aranges
                0x00000000       0x40 ./Sources/SPI.o
 .debug_ranges  0x00000000       0x30 ./Sources/SPI.o
 .debug_macro   0x00000000       0xaa ./Sources/SPI.o
 .debug_macro   0x00000000      0x850 ./Sources/SPI.o
 .debug_macro   0x00000000       0x16 ./Sources/SPI.o
 .debug_macro   0x00000000       0x44 ./Sources/SPI.o
 .debug_macro   0x00000000      0x209 ./Sources/SPI.o
 .debug_macro   0x00000000       0x22 ./Sources/SPI.o
 .debug_macro   0x00000000      0x14e ./Sources/SPI.o
 .debug_macro   0x00000000       0x64 ./Sources/SPI.o
 .debug_macro   0x00000000    0x174c1 ./Sources/SPI.o
 .debug_macro   0x00000000       0x9a ./Sources/SPI.o
 .debug_macro   0x00000000     0x17fa ./Sources/SPI.o
 .debug_line    0x00000000      0x314 ./Sources/SPI.o
 .debug_str     0x00000000    0x8a98b ./Sources/SPI.o
 .comment       0x00000000       0x71 ./Sources/SPI.o
 .ARM.attributes
                0x00000000       0x39 ./Sources/SPI.o
 .debug_frame   0x00000000       0xa8 ./Sources/SPI.o
 COMMON         0x00000000        0x4 ./Sources/SPI.o
 .group         0x00000000        0x8 ./Sources/UART.o
 .group         0x00000000        0x8 ./Sources/UART.o
 .group         0x00000000        0x8 ./Sources/UART.o
 .group         0x00000000        0x8 ./Sources/UART.o
 .group         0x00000000        0x8 ./Sources/UART.o
 .group         0x00000000        0x8 ./Sources/UART.o
 .group         0x00000000        0x8 ./Sources/UART.o
 .group         0x00000000        0x8 ./Sources/UART.o
 .group         0x00000000        0x8 ./Sources/UART.o
 .group         0x00000000        0x8 ./Sources/UART.o
 .group         0x00000000        0x8 ./Sources/UART.o
 .group         0x00000000        0x8 ./Sources/UART.o
 .group         0x00000000        0x8 ./Sources/UART.o
 .text          0x00000000        0x0 ./Sources/UART.o
 .data          0x00000000        0x0 ./Sources/UART.o
 .bss           0x00000000        0x0 ./Sources/UART.o
 .bss.RxData    0x00000000        0x1 ./Sources/UART.o
 .debug_macro   0x00000000      0x850 ./Sources/UART.o
 .debug_macro   0x00000000       0x16 ./Sources/UART.o
 .debug_macro   0x00000000       0x44 ./Sources/UART.o
 .debug_macro   0x00000000      0x209 ./Sources/UART.o
 .debug_macro   0x00000000      0x14e ./Sources/UART.o
 .debug_macro   0x00000000       0x64 ./Sources/UART.o
 .debug_macro   0x00000000       0x9a ./Sources/UART.o
 .debug_macro   0x00000000     0x17fa ./Sources/UART.o
 .debug_macro   0x00000000       0x22 ./Sources/UART.o
 .debug_macro   0x00000000       0x36 ./Sources/UART.o
 .debug_macro   0x00000000       0x3a ./Sources/UART.o
 .group         0x00000000        0x8 ./Sources/analog.o
 .group         0x00000000        0x8 ./Sources/analog.o
 .group         0x00000000        0x8 ./Sources/analog.o
 .group         0x00000000        0x8 ./Sources/analog.o
 .group         0x00000000        0x8 ./Sources/analog.o
 .group         0x00000000        0x8 ./Sources/analog.o
 .group         0x00000000        0x8 ./Sources/analog.o
 .group         0x00000000        0x8 ./Sources/analog.o
 .group         0x00000000        0x8 ./Sources/analog.o
 .group         0x00000000        0x8 ./Sources/analog.o
 .group         0x00000000        0x8 ./Sources/analog.o
 .text          0x00000000        0x0 ./Sources/analog.o
 .data          0x00000000        0x0 ./Sources/analog.o
 .bss           0x00000000        0x0 ./Sources/analog.o
 .rodata.ADC_CTAS
                0x00000000        0x1 ./Sources/analog.o
 .rodata.DAC_CTAS
                0x00000000        0x1 ./Sources/analog.o
 .rodata.ADC_Mask
                0x00000000        0x2 ./Sources/analog.o
 .rodata.Analog_Address
                0x00000000        0x1 ./Sources/analog.o
 .text.getMedian
                0x00000000       0x60 ./Sources/analog.o
 .text.Analog_Get
                0x00000000       0xc4 ./Sources/analog.o
 .debug_macro   0x00000000      0x850 ./Sources/analog.o
 .debug_macro   0x00000000       0x16 ./Sources/analog.o
 .debug_macro   0x00000000       0x44 ./Sources/analog.o
 .debug_macro   0x00000000      0x209 ./Sources/analog.o
 .debug_macro   0x00000000       0x22 ./Sources/analog.o
 .debug_macro   0x00000000      0x14e ./Sources/analog.o
 .debug_macro   0x00000000       0x64 ./Sources/analog.o
 .debug_macro   0x00000000    0x174c1 ./Sources/analog.o
 .debug_macro   0x00000000       0x9a ./Sources/analog.o
 .debug_macro   0x00000000     0x17fa ./Sources/analog.o
 .group         0x00000000        0x8 ./Sources/flash.o
 .group         0x00000000        0x8 ./Sources/flash.o
 .group         0x00000000        0x8 ./Sources/flash.o
 .group         0x00000000        0x8 ./Sources/flash.o
 .group         0x00000000        0x8 ./Sources/flash.o
 .group         0x00000000        0x8 ./Sources/flash.o
 .group         0x00000000        0x8 ./Sources/flash.o
 .group         0x00000000        0x8 ./Sources/flash.o
 .group         0x00000000        0x8 ./Sources/flash.o
 .group         0x00000000        0x8 ./Sources/flash.o
 .group         0x00000000        0x8 ./Sources/flash.o
 .text          0x00000000        0x0 ./Sources/flash.o
 .data          0x00000000        0x0 ./Sources/flash.o
 .bss           0x00000000        0x0 ./Sources/flash.o
 .debug_macro   0x00000000      0x850 ./Sources/flash.o
 .debug_macro   0x00000000       0x16 ./Sources/flash.o
 .debug_macro   0x00000000       0x44 ./Sources/flash.o
 .debug_macro   0x00000000      0x209 ./Sources/flash.o
 .debug_macro   0x00000000       0x22 ./Sources/flash.o
 .debug_macro   0x00000000    0x174c1 ./Sources/flash.o
 .debug_macro   0x00000000      0x14e ./Sources/flash.o
 .debug_macro   0x00000000       0x64 ./Sources/flash.o
 .debug_macro   0x00000000       0x9a ./Sources/flash.o
 .debug_macro   0x00000000     0x17fa ./Sources/flash.o
 .group         0x00000000        0x8 ./Sources/functions.o
 .group         0x00000000        0x8 ./Sources/functions.o
 .group         0x00000000        0x8 ./Sources/functions.o
 .group         0x00000000        0x8 ./Sources/functions.o
 .group         0x00000000        0x8 ./Sources/functions.o
 .text          0x00000000        0x0 ./Sources/functions.o
 .data          0x00000000        0x0 ./Sources/functions.o
 .bss           0x00000000        0x0 ./Sources/functions.o
 .debug_macro   0x00000000      0x850 ./Sources/functions.o
 .debug_macro   0x00000000       0x16 ./Sources/functions.o
 .debug_macro   0x00000000       0x44 ./Sources/functions.o
 .debug_macro   0x00000000      0x209 ./Sources/functions.o
 .debug_macro   0x00000000       0x22 ./Sources/functions.o
 .group         0x00000000        0x8 ./Sources/main.o
 .group         0x00000000        0x8 ./Sources/main.o
 .group         0x00000000        0x8 ./Sources/main.o
 .group         0x00000000        0x8 ./Sources/main.o
 .group         0x00000000        0x8 ./Sources/main.o
 .group         0x00000000        0x8 ./Sources/main.o
 .group         0x00000000        0x8 ./Sources/main.o
 .group         0x00000000        0x8 ./Sources/main.o
 .group         0x00000000        0x8 ./Sources/main.o
 .group         0x00000000        0x8 ./Sources/main.o
 .group         0x00000000        0x8 ./Sources/main.o
 .group         0x00000000        0x8 ./Sources/main.o
 .group         0x00000000        0x8 ./Sources/main.o
 .group         0x00000000        0x8 ./Sources/main.o
 .group         0x00000000        0x8 ./Sources/main.o
 .group         0x00000000        0x8 ./Sources/main.o
 .group         0x00000000        0x8 ./Sources/main.o
 .text          0x00000000        0x0 ./Sources/main.o
 .data          0x00000000        0x0 ./Sources/main.o
 .bss           0x00000000        0x0 ./Sources/main.o
 .rodata.BaudRate
                0x00000000        0x4 ./Sources/main.o
 .rodata.MajorTowerVersion
                0x00000000        0x1 ./Sources/main.o
 .rodata.MinorTowerVersion
                0x00000000        0x1 ./Sources/main.o
 .rodata.ADCCHANNEL
                0x00000000        0x1 ./Sources/main.o
 .debug_macro   0x00000000      0x850 ./Sources/main.o
 .debug_macro   0x00000000       0x16 ./Sources/main.o
 .debug_macro   0x00000000       0x44 ./Sources/main.o
 .debug_macro   0x00000000      0x209 ./Sources/main.o
 .debug_macro   0x00000000       0x22 ./Sources/main.o
 .debug_macro   0x00000000      0x14e ./Sources/main.o
 .debug_macro   0x00000000       0x64 ./Sources/main.o
 .debug_macro   0x00000000    0x174c1 ./Sources/main.o
 .debug_macro   0x00000000       0x9a ./Sources/main.o
 .debug_macro   0x00000000     0x17fa ./Sources/main.o
 .debug_macro   0x00000000       0x36 ./Sources/main.o
 .debug_macro   0x00000000       0x34 ./Sources/main.o
 .debug_macro   0x00000000       0x16 ./Sources/main.o
 .debug_macro   0x00000000       0x3a ./Sources/main.o
 .debug_macro   0x00000000       0x10 ./Sources/main.o
 .group         0x00000000        0x8 ./Sources/median.o
 .group         0x00000000        0x8 ./Sources/median.o
 .group         0x00000000        0x8 ./Sources/median.o
 .group         0x00000000        0x8 ./Sources/median.o
 .group         0x00000000        0x8 ./Sources/median.o
 .text          0x00000000        0x0 ./Sources/median.o
 .data          0x00000000        0x0 ./Sources/median.o
 .bss           0x00000000        0x0 ./Sources/median.o
 .text.Median_Filter
                0x00000000      0x124 ./Sources/median.o
 .debug_info    0x00000000      0x166 ./Sources/median.o
 .debug_abbrev  0x00000000       0xb9 ./Sources/median.o
 .debug_aranges
                0x00000000       0x20 ./Sources/median.o
 .debug_ranges  0x00000000       0x10 ./Sources/median.o
 .debug_macro   0x00000000       0x55 ./Sources/median.o
 .debug_macro   0x00000000      0x850 ./Sources/median.o
 .debug_macro   0x00000000       0x16 ./Sources/median.o
 .debug_macro   0x00000000       0x44 ./Sources/median.o
 .debug_macro   0x00000000      0x209 ./Sources/median.o
 .debug_macro   0x00000000       0x22 ./Sources/median.o
 .debug_line    0x00000000      0x1be ./Sources/median.o
 .debug_str     0x00000000     0x2fa5 ./Sources/median.o
 .comment       0x00000000       0x71 ./Sources/median.o
 .ARM.attributes
                0x00000000       0x39 ./Sources/median.o
 .debug_frame   0x00000000       0x34 ./Sources/median.o
 .group         0x00000000        0x8 ./Project_Settings/Startup_Code/startup.o
 .group         0x00000000        0x8 ./Project_Settings/Startup_Code/startup.o
 .group         0x00000000        0x8 ./Project_Settings/Startup_Code/startup.o
 .group         0x00000000        0x8 ./Project_Settings/Startup_Code/startup.o
 .group         0x00000000        0x8 ./Project_Settings/Startup_Code/startup.o
 .group         0x00000000        0x8 ./Project_Settings/Startup_Code/startup.o
 .group         0x00000000        0x8 ./Project_Settings/Startup_Code/startup.o
 .group         0x00000000        0x8 ./Project_Settings/Startup_Code/startup.o
 .group         0x00000000        0x8 ./Project_Settings/Startup_Code/startup.o
 .group         0x00000000        0x8 ./Project_Settings/Startup_Code/startup.o
 .group         0x00000000        0x8 ./Project_Settings/Startup_Code/startup.o
 .group         0x00000000        0x8 ./Project_Settings/Startup_Code/startup.o
 .group         0x00000000        0x8 ./Project_Settings/Startup_Code/startup.o
 .group         0x00000000        0x8 ./Project_Settings/Startup_Code/startup.o
 .group         0x00000000        0x8 ./Project_Settings/Startup_Code/startup.o
 .group         0x00000000        0x8 ./Project_Settings/Startup_Code/startup.o
 .group         0x00000000        0x8 ./Project_Settings/Startup_Code/startup.o
 .group         0x00000000        0x8 ./Project_Settings/Startup_Code/startup.o
 .group         0x00000000        0x8 ./Project_Settings/Startup_Code/startup.o
 .text          0x00000000        0x0 ./Project_Settings/Startup_Code/startup.o
 .data          0x00000000        0x0 ./Project_Settings/Startup_Code/startup.o
 .bss           0x00000000        0x0 ./Project_Settings/Startup_Code/startup.o
 .text.__init_hardware
                0x00000000        0xc ./Project_Settings/Startup_Code/startup.o
 .text.__iar_program_start
                0x00000000        0xc ./Project_Settings/Startup_Code/startup.o
 .debug_macro   0x00000000      0x850 ./Project_Settings/Startup_Code/startup.o
 .debug_macro   0x00000000       0x16 ./Project_Settings/Startup_Code/startup.o
 .debug_macro   0x00000000       0x16 ./Project_Settings/Startup_Code/startup.o
 .debug_macro   0x00000000    0x174af ./Project_Settings/Startup_Code/startup.o
 .group         0x00000000        0x8 ./Generated_Code/Cpu.o
 .group         0x00000000        0x8 ./Generated_Code/Cpu.o
 .group         0x00000000        0x8 ./Generated_Code/Cpu.o
 .group         0x00000000        0x8 ./Generated_Code/Cpu.o
 .group         0x00000000        0x8 ./Generated_Code/Cpu.o
 .group         0x00000000        0x8 ./Generated_Code/Cpu.o
 .group         0x00000000        0x8 ./Generated_Code/Cpu.o
 .group         0x00000000        0x8 ./Generated_Code/Cpu.o
 .group         0x00000000        0x8 ./Generated_Code/Cpu.o
 .text          0x00000000        0x0 ./Generated_Code/Cpu.o
 .data          0x00000000        0x0 ./Generated_Code/Cpu.o
 .bss           0x00000000        0x0 ./Generated_Code/Cpu.o
 .debug_macro   0x00000000      0x850 ./Generated_Code/Cpu.o
 .debug_macro   0x00000000       0x16 ./Generated_Code/Cpu.o
 .debug_macro   0x00000000       0x44 ./Generated_Code/Cpu.o
 .debug_macro   0x00000000      0x209 ./Generated_Code/Cpu.o
 .debug_macro   0x00000000      0x14e ./Generated_Code/Cpu.o
 .debug_macro   0x00000000       0x64 ./Generated_Code/Cpu.o
 .debug_macro   0x00000000    0x174c1 ./Generated_Code/Cpu.o
 .debug_macro   0x00000000       0x9a ./Generated_Code/Cpu.o
 .debug_macro   0x00000000     0x17fa ./Generated_Code/Cpu.o
 .group         0x00000000        0x8 ./Generated_Code/PE_LDD.o
 .group         0x00000000        0x8 ./Generated_Code/PE_LDD.o
 .group         0x00000000        0x8 ./Generated_Code/PE_LDD.o
 .group         0x00000000        0x8 ./Generated_Code/PE_LDD.o
 .group         0x00000000        0x8 ./Generated_Code/PE_LDD.o
 .group         0x00000000        0x8 ./Generated_Code/PE_LDD.o
 .group         0x00000000        0x8 ./Generated_Code/PE_LDD.o
 .group         0x00000000        0x8 ./Generated_Code/PE_LDD.o
 .group         0x00000000        0x8 ./Generated_Code/PE_LDD.o
 .text          0x00000000        0x0 ./Generated_Code/PE_LDD.o
 .data          0x00000000        0x0 ./Generated_Code/PE_LDD.o
 .bss           0x00000000        0x0 ./Generated_Code/PE_LDD.o
 .rodata.PE_CpuClockConfigurations
                0x00000000       0x28 ./Generated_Code/PE_LDD.o
 .text.PE_FillMemory
                0x00000000       0x24 ./Generated_Code/PE_LDD.o
 .text.PE_PeripheralUsed
                0x00000000       0x18 ./Generated_Code/PE_LDD.o
 .text.LDD_SetClockConfiguration
                0x00000000       0x14 ./Generated_Code/PE_LDD.o
 .debug_info    0x00000000      0x215 ./Generated_Code/PE_LDD.o
 .debug_abbrev  0x00000000       0xf3 ./Generated_Code/PE_LDD.o
 .debug_aranges
                0x00000000       0x30 ./Generated_Code/PE_LDD.o
 .debug_ranges  0x00000000       0x20 ./Generated_Code/PE_LDD.o
 .debug_macro   0x00000000       0x93 ./Generated_Code/PE_LDD.o
 .debug_macro   0x00000000      0x850 ./Generated_Code/PE_LDD.o
 .debug_macro   0x00000000       0x16 ./Generated_Code/PE_LDD.o
 .debug_macro   0x00000000       0x44 ./Generated_Code/PE_LDD.o
 .debug_macro   0x00000000      0x209 ./Generated_Code/PE_LDD.o
 .debug_macro   0x00000000      0x14e ./Generated_Code/PE_LDD.o
 .debug_macro   0x00000000       0x64 ./Generated_Code/PE_LDD.o
 .debug_macro   0x00000000    0x174c1 ./Generated_Code/PE_LDD.o
 .debug_macro   0x00000000       0x9a ./Generated_Code/PE_LDD.o
 .debug_macro   0x00000000     0x17fa ./Generated_Code/PE_LDD.o
 .debug_line    0x00000000      0x230 ./Generated_Code/PE_LDD.o
 .debug_str     0x00000000    0x8a780 ./Generated_Code/PE_LDD.o
 .comment       0x00000000       0x71 ./Generated_Code/PE_LDD.o
 .ARM.attributes
                0x00000000       0x39 ./Generated_Code/PE_LDD.o
 .debug_frame   0x00000000       0x64 ./Generated_Code/PE_LDD.o
 .group         0x00000000        0x8 ./Generated_Code/Vectors.o
 .group         0x00000000        0x8 ./Generated_Code/Vectors.o
 .group         0x00000000        0x8 ./Generated_Code/Vectors.o
 .group         0x00000000        0x8 ./Generated_Code/Vectors.o
 .group         0x00000000        0x8 ./Generated_Code/Vectors.o
 .group         0x00000000        0x8 ./Generated_Code/Vectors.o
 .group         0x00000000        0x8 ./Generated_Code/Vectors.o
 .group         0x00000000        0x8 ./Generated_Code/Vectors.o
 .group         0x00000000        0x8 ./Generated_Code/Vectors.o
 .group         0x00000000        0x8 ./Generated_Code/Vectors.o
 .group         0x00000000        0x8 ./Generated_Code/Vectors.o
 .text          0x00000000        0x0 ./Generated_Code/Vectors.o
 .data          0x00000000        0x0 ./Generated_Code/Vectors.o
 .bss           0x00000000        0x0 ./Generated_Code/Vectors.o
 .debug_macro   0x00000000      0x850 ./Generated_Code/Vectors.o
 .debug_macro   0x00000000       0x16 ./Generated_Code/Vectors.o
 .debug_macro   0x00000000       0x44 ./Generated_Code/Vectors.o
 .debug_macro   0x00000000      0x209 ./Generated_Code/Vectors.o
 .debug_macro   0x00000000     0x17fa ./Generated_Code/Vectors.o
 .debug_macro   0x00000000      0x14e ./Generated_Code/Vectors.o
 .debug_macro   0x00000000       0x64 ./Generated_Code/Vectors.o
 .debug_macro   0x00000000    0x174c1 ./Generated_Code/Vectors.o
 .debug_macro   0x00000000       0x9a ./Generated_Code/Vectors.o
 .debug_macro   0x00000000       0x22 ./Generated_Code/Vectors.o
 .debug_macro   0x00000000       0x36 ./Generated_Code/Vectors.o
 .group         0x00000000        0x8 D:\Embedded\Assessment_fixed\Library\libOS.a(OS.o)
 .group         0x00000000        0x8 D:\Embedded\Assessment_fixed\Library\libOS.a(OS.o)
 .group         0x00000000        0x8 D:\Embedded\Assessment_fixed\Library\libOS.a(OS.o)
 .group         0x00000000        0x8 D:\Embedded\Assessment_fixed\Library\libOS.a(OS.o)
 .group         0x00000000        0x8 D:\Embedded\Assessment_fixed\Library\libOS.a(OS.o)
 .group         0x00000000        0x8 D:\Embedded\Assessment_fixed\Library\libOS.a(OS.o)
 .group         0x00000000        0x8 D:\Embedded\Assessment_fixed\Library\libOS.a(OS.o)
 .group         0x00000000        0x8 D:\Embedded\Assessment_fixed\Library\libOS.a(OS.o)
 .group         0x00000000        0x8 D:\Embedded\Assessment_fixed\Library\libOS.a(OS.o)
 .group         0x00000000        0x8 D:\Embedded\Assessment_fixed\Library\libOS.a(OS.o)
 .group         0x00000000        0x8 D:\Embedded\Assessment_fixed\Library\libOS.a(OS.o)
 .text          0x00000000        0x0 D:\Embedded\Assessment_fixed\Library\libOS.a(OS.o)
 .data          0x00000000        0x0 D:\Embedded\Assessment_fixed\Library\libOS.a(OS.o)
 .bss           0x00000000        0x0 D:\Embedded\Assessment_fixed\Library\libOS.a(OS.o)
 .rodata.OS_TICK_FREQUENCY
                0x00000000        0x4 D:\Embedded\Assessment_fixed\Library\libOS.a(OS.o)
 .text.OS_TimeDelay
                0x00000000       0x48 D:\Embedded\Assessment_fixed\Library\libOS.a(OS.o)
 .text.OS_TimeGet
                0x00000000       0x24 D:\Embedded\Assessment_fixed\Library\libOS.a(OS.o)
 .text.OS_TimeSet
                0x00000000       0x20 D:\Embedded\Assessment_fixed\Library\libOS.a(OS.o)
 .debug_macro   0x00000000      0x850 D:\Embedded\Assessment_fixed\Library\libOS.a(OS.o)
 .debug_macro   0x00000000       0x16 D:\Embedded\Assessment_fixed\Library\libOS.a(OS.o)
 .debug_macro   0x00000000       0x44 D:\Embedded\Assessment_fixed\Library\libOS.a(OS.o)
 .debug_macro   0x00000000      0x209 D:\Embedded\Assessment_fixed\Library\libOS.a(OS.o)
 .debug_macro   0x00000000      0x14e D:\Embedded\Assessment_fixed\Library\libOS.a(OS.o)
 .debug_macro   0x00000000       0x64 D:\Embedded\Assessment_fixed\Library\libOS.a(OS.o)
 .debug_macro   0x00000000    0x174c1 D:\Embedded\Assessment_fixed\Library\libOS.a(OS.o)
 .debug_macro   0x00000000       0x22 D:\Embedded\Assessment_fixed\Library\libOS.a(OS.o)
 .group         0x00000000        0x8 D:\Embedded\Assessment_fixed\Library\libPMcL.a(SPI_Adv.o)
 .group         0x00000000        0x8 D:\Embedded\Assessment_fixed\Library\libPMcL.a(SPI_Adv.o)
 .group         0x00000000        0x8 D:\Embedded\Assessment_fixed\Library\libPMcL.a(SPI_Adv.o)
 .group         0x00000000        0x8 D:\Embedded\Assessment_fixed\Library\libPMcL.a(SPI_Adv.o)
 .group         0x00000000        0x8 D:\Embedded\Assessment_fixed\Library\libPMcL.a(SPI_Adv.o)
 .group         0x00000000        0x8 D:\Embedded\Assessment_fixed\Library\libPMcL.a(SPI_Adv.o)
 .text          0x00000000        0x0 D:\Embedded\Assessment_fixed\Library\libPMcL.a(SPI_Adv.o)
 .data          0x00000000        0x0 D:\Embedded\Assessment_fixed\Library\libPMcL.a(SPI_Adv.o)
 .bss           0x00000000        0x0 D:\Embedded\Assessment_fixed\Library\libPMcL.a(SPI_Adv.o)
 .rodata.MAX_SPI_WAIT_COUNT
                0x00000000        0x2 D:\Embedded\Assessment_fixed\Library\libPMcL.a(SPI_Adv.o)
 .debug_macro   0x00000000      0x850 D:\Embedded\Assessment_fixed\Library\libPMcL.a(SPI_Adv.o)
 .debug_macro   0x00000000       0x16 D:\Embedded\Assessment_fixed\Library\libPMcL.a(SPI_Adv.o)
 .debug_macro   0x00000000       0x44 D:\Embedded\Assessment_fixed\Library\libPMcL.a(SPI_Adv.o)
 .debug_macro   0x00000000      0x209 D:\Embedded\Assessment_fixed\Library\libPMcL.a(SPI_Adv.o)
 .debug_macro   0x00000000       0x22 D:\Embedded\Assessment_fixed\Library\libPMcL.a(SPI_Adv.o)
 .debug_macro   0x00000000    0x174c1 D:\Embedded\Assessment_fixed\Library\libPMcL.a(SPI_Adv.o)
 .data          0x00000000        0x0 c:/freescale/kds_3.0.0/toolchain/bin/../lib/gcc/arm-none-eabi/4.8.4/armv7e-m/fpu\libgcc.a(_aeabi_uldivmod.o)
 .bss           0x00000000        0x0 c:/freescale/kds_3.0.0/toolchain/bin/../lib/gcc/arm-none-eabi/4.8.4/armv7e-m/fpu\libgcc.a(_aeabi_uldivmod.o)
 .data          0x00000000        0x0 c:/freescale/kds_3.0.0/toolchain/bin/../lib/gcc/arm-none-eabi/4.8.4/armv7e-m/fpu\libgcc.a(bpabi.o)
 .bss           0x00000000        0x0 c:/freescale/kds_3.0.0/toolchain/bin/../lib/gcc/arm-none-eabi/4.8.4/armv7e-m/fpu\libgcc.a(bpabi.o)
 .data          0x00000000        0x0 c:/freescale/kds_3.0.0/toolchain/bin/../lib/gcc/arm-none-eabi/4.8.4/armv7e-m/fpu\libgcc.a(_dvmd_tls.o)
 .bss           0x00000000        0x0 c:/freescale/kds_3.0.0/toolchain/bin/../lib/gcc/arm-none-eabi/4.8.4/armv7e-m/fpu\libgcc.a(_dvmd_tls.o)
 .data          0x00000000        0x0 c:/freescale/kds_3.0.0/toolchain/bin/../lib/gcc/arm-none-eabi/4.8.4/armv7e-m/fpu\libgcc.a(_divdi3.o)
 .bss           0x00000000        0x0 c:/freescale/kds_3.0.0/toolchain/bin/../lib/gcc/arm-none-eabi/4.8.4/armv7e-m/fpu\libgcc.a(_divdi3.o)
 .ARM.extab     0x00000000        0x0 c:/freescale/kds_3.0.0/toolchain/bin/../lib/gcc/arm-none-eabi/4.8.4/armv7e-m/fpu\libgcc.a(_divdi3.o)
 .data          0x00000000        0x0 c:/freescale/kds_3.0.0/toolchain/bin/../lib/gcc/arm-none-eabi/4.8.4/armv7e-m/fpu\libgcc.a(_udivdi3.o)
 .bss           0x00000000        0x0 c:/freescale/kds_3.0.0/toolchain/bin/../lib/gcc/arm-none-eabi/4.8.4/armv7e-m/fpu\libgcc.a(_udivdi3.o)
 .ARM.extab     0x00000000        0x0 c:/freescale/kds_3.0.0/toolchain/bin/../lib/gcc/arm-none-eabi/4.8.4/armv7e-m/fpu\libgcc.a(_udivdi3.o)
 .text          0x00000000        0x0 c:/freescale/kds_3.0.0/toolchain/bin/../lib/gcc/arm-none-eabi/4.8.4/../../../../arm-none-eabi/lib/armv7e-m/fpu\libg_s.a(lib_a-exit.o)
 .data          0x00000000        0x0 c:/freescale/kds_3.0.0/toolchain/bin/../lib/gcc/arm-none-eabi/4.8.4/../../../../arm-none-eabi/lib/armv7e-m/fpu\libg_s.a(lib_a-exit.o)
 .bss           0x00000000        0x0 c:/freescale/kds_3.0.0/toolchain/bin/../lib/gcc/arm-none-eabi/4.8.4/../../../../arm-none-eabi/lib/armv7e-m/fpu\libg_s.a(lib_a-exit.o)
 .text          0x00000000        0x0 c:/freescale/kds_3.0.0/toolchain/bin/../lib/gcc/arm-none-eabi/4.8.4/../../../../arm-none-eabi/lib/armv7e-m/fpu\libg_s.a(lib_a-impure.o)
 .data          0x00000000        0x0 c:/freescale/kds_3.0.0/toolchain/bin/../lib/gcc/arm-none-eabi/4.8.4/../../../../arm-none-eabi/lib/armv7e-m/fpu\libg_s.a(lib_a-impure.o)
 .bss           0x00000000        0x0 c:/freescale/kds_3.0.0/toolchain/bin/../lib/gcc/arm-none-eabi/4.8.4/../../../../arm-none-eabi/lib/armv7e-m/fpu\libg_s.a(lib_a-impure.o)
 .data._impure_ptr
                0x00000000        0x4 c:/freescale/kds_3.0.0/toolchain/bin/../lib/gcc/arm-none-eabi/4.8.4/../../../../arm-none-eabi/lib/armv7e-m/fpu\libg_s.a(lib_a-impure.o)
 .text          0x00000000        0x0 c:/freescale/kds_3.0.0/toolchain/bin/../lib/gcc/arm-none-eabi/4.8.4/../../../../arm-none-eabi/lib/armv7e-m/fpu\libg_s.a(lib_a-init.o)
 .data          0x00000000        0x0 c:/freescale/kds_3.0.0/toolchain/bin/../lib/gcc/arm-none-eabi/4.8.4/../../../../arm-none-eabi/lib/armv7e-m/fpu\libg_s.a(lib_a-init.o)
 .bss           0x00000000        0x0 c:/freescale/kds_3.0.0/toolchain/bin/../lib/gcc/arm-none-eabi/4.8.4/../../../../arm-none-eabi/lib/armv7e-m/fpu\libg_s.a(lib_a-init.o)
 .text          0x00000000        0x0 c:/freescale/kds_3.0.0/toolchain/bin/../lib/gcc/arm-none-eabi/4.8.4/../../../../arm-none-eabi/lib/armv7e-m/fpu\libg_s.a(lib_a-memset.o)
 .data          0x00000000        0x0 c:/freescale/kds_3.0.0/toolchain/bin/../lib/gcc/arm-none-eabi/4.8.4/../../../../arm-none-eabi/lib/armv7e-m/fpu\libg_s.a(lib_a-memset.o)
 .bss           0x00000000        0x0 c:/freescale/kds_3.0.0/toolchain/bin/../lib/gcc/arm-none-eabi/4.8.4/../../../../arm-none-eabi/lib/armv7e-m/fpu\libg_s.a(lib_a-memset.o)
 .text          0x00000000        0x0 c:/freescale/kds_3.0.0/toolchain/bin/../lib/gcc/arm-none-eabi/4.8.4/../../../../arm-none-eabi/lib/armv7e-m/fpu\libnosys.a(_exit.o)
 .data          0x00000000        0x0 c:/freescale/kds_3.0.0/toolchain/bin/../lib/gcc/arm-none-eabi/4.8.4/../../../../arm-none-eabi/lib/armv7e-m/fpu\libnosys.a(_exit.o)
 .bss           0x00000000        0x0 c:/freescale/kds_3.0.0/toolchain/bin/../lib/gcc/arm-none-eabi/4.8.4/../../../../arm-none-eabi/lib/armv7e-m/fpu\libnosys.a(_exit.o)
 .text          0x00000000        0x0 c:/freescale/kds_3.0.0/toolchain/bin/../lib/gcc/arm-none-eabi/4.8.4/armv7e-m/fpu/crtend.o
 .data          0x00000000        0x0 c:/freescale/kds_3.0.0/toolchain/bin/../lib/gcc/arm-none-eabi/4.8.4/armv7e-m/fpu/crtend.o
 .bss           0x00000000        0x0 c:/freescale/kds_3.0.0/toolchain/bin/../lib/gcc/arm-none-eabi/4.8.4/armv7e-m/fpu/crtend.o
 .eh_frame      0x00000000        0x4 c:/freescale/kds_3.0.0/toolchain/bin/../lib/gcc/arm-none-eabi/4.8.4/armv7e-m/fpu/crtend.o
 .jcr           0x00000000        0x4 c:/freescale/kds_3.0.0/toolchain/bin/../lib/gcc/arm-none-eabi/4.8.4/armv7e-m/fpu/crtend.o
 .ARM.attributes
                0x00000000       0x34 c:/freescale/kds_3.0.0/toolchain/bin/../lib/gcc/arm-none-eabi/4.8.4/armv7e-m/fpu/crtend.o
 .text          0x00000000        0x0 c:/freescale/kds_3.0.0/toolchain/bin/../lib/gcc/arm-none-eabi/4.8.4/armv7e-m/fpu/crtn.o
 .data          0x00000000        0x0 c:/freescale/kds_3.0.0/toolchain/bin/../lib/gcc/arm-none-eabi/4.8.4/armv7e-m/fpu/crtn.o
 .bss           0x00000000        0x0 c:/freescale/kds_3.0.0/toolchain/bin/../lib/gcc/arm-none-eabi/4.8.4/armv7e-m/fpu/crtn.o

Memory Configuration

Name             Origin             Length             Attributes
m_interrupts     0x00000000         0x000001e8         xr
m_text           0x00000410         0x0007fbf0         xr
m_data           0x1fff0000         0x00010000         rw
m_data_20000000  0x20000000         0x00010000         rw
m_cfmprotrom     0x00000400         0x00000010         xr
*default*        0x00000000         0xffffffff

Linker script and memory map

LOAD c:/freescale/kds_3.0.0/toolchain/bin/../lib/gcc/arm-none-eabi/4.8.4/armv7e-m/fpu/crti.o
LOAD c:/freescale/kds_3.0.0/toolchain/bin/../lib/gcc/arm-none-eabi/4.8.4/armv7e-m/fpu/crtbegin.o
LOAD c:/freescale/kds_3.0.0/toolchain/bin/../lib/gcc/arm-none-eabi/4.8.4/../../../../arm-none-eabi/lib/armv7e-m/fpu/crt0.o
LOAD ./Sources/AWG.o
LOAD ./Sources/Digital.o
LOAD ./Sources/Events.o
LOAD ./Sources/FIFO.o
LOAD ./Sources/FTM.o
LOAD ./Sources/LEDs.o
LOAD ./Sources/PIT.o
LOAD ./Sources/Packet.o
LOAD ./Sources/RTC.o
LOAD ./Sources/SPI.o
LOAD ./Sources/UART.o
LOAD ./Sources/analog.o
LOAD ./Sources/flash.o
LOAD ./Sources/functions.o
LOAD ./Sources/main.o
LOAD ./Sources/median.o
LOAD ./Project_Settings/Startup_Code/startup.o
LOAD ./Generated_Code/Cpu.o
LOAD ./Generated_Code/PE_LDD.o
LOAD ./Generated_Code/Vectors.o
LOAD D:\Embedded\Assessment_fixed\Library\libLab3.a
LOAD D:\Embedded\Assessment_fixed\Library\libOS.a
LOAD D:\Embedded\Assessment_fixed\Library\libPMcL.a
LOAD c:/freescale/kds_3.0.0/toolchain/bin/../lib/gcc/arm-none-eabi/4.8.4/../../../../arm-none-eabi/lib/armv7e-m/fpu\libstdc++_s.a
LOAD c:/freescale/kds_3.0.0/toolchain/bin/../lib/gcc/arm-none-eabi/4.8.4/../../../../arm-none-eabi/lib/armv7e-m/fpu\libm.a
START GROUP
LOAD c:/freescale/kds_3.0.0/toolchain/bin/../lib/gcc/arm-none-eabi/4.8.4/armv7e-m/fpu\libgcc.a
LOAD c:/freescale/kds_3.0.0/toolchain/bin/../lib/gcc/arm-none-eabi/4.8.4/../../../../arm-none-eabi/lib/armv7e-m/fpu\libg_s.a
LOAD c:/freescale/kds_3.0.0/toolchain/bin/../lib/gcc/arm-none-eabi/4.8.4/../../../../arm-none-eabi/lib/armv7e-m/fpu\libc_s.a
END GROUP
START GROUP
LOAD c:/freescale/kds_3.0.0/toolchain/bin/../lib/gcc/arm-none-eabi/4.8.4/armv7e-m/fpu\libgcc.a
LOAD c:/freescale/kds_3.0.0/toolchain/bin/../lib/gcc/arm-none-eabi/4.8.4/../../../../arm-none-eabi/lib/armv7e-m/fpu\libc_s.a
LOAD c:/freescale/kds_3.0.0/toolchain/bin/../lib/gcc/arm-none-eabi/4.8.4/../../../../arm-none-eabi/lib/armv7e-m/fpu\libnosys.a
END GROUP
START GROUP
LOAD c:/freescale/kds_3.0.0/toolchain/bin/../lib/gcc/arm-none-eabi/4.8.4/armv7e-m/fpu\libgcc.a
LOAD c:/freescale/kds_3.0.0/toolchain/bin/../lib/gcc/arm-none-eabi/4.8.4/../../../../arm-none-eabi/lib/armv7e-m/fpu\libc_s.a
LOAD c:/freescale/kds_3.0.0/toolchain/bin/../lib/gcc/arm-none-eabi/4.8.4/../../../../arm-none-eabi/lib/armv7e-m/fpu\libnosys.a
END GROUP
LOAD c:/freescale/kds_3.0.0/toolchain/bin/../lib/gcc/arm-none-eabi/4.8.4/armv7e-m/fpu/crtend.o
LOAD c:/freescale/kds_3.0.0/toolchain/bin/../lib/gcc/arm-none-eabi/4.8.4/armv7e-m/fpu/crtn.o
                0x20000000                _estack = 0x20000000
                0x20000000                __SP_INIT = _estack
                0x20000000                __stack = _estack
                0x00000000                __heap_size = 0x0
                0x00000400                __stack_size = 0x400

.interrupts     0x00000000      0x1e8
                0x00000000                __vector_table = .
                0x00000000                . = ALIGN (0x4)
 *(.vectortable)
 .vectortable   0x00000000      0x1e8 ./Generated_Code/Vectors.o
                0x00000000                __vect_table
                0x000001e8                . = ALIGN (0x4)

.cfmprotect     0x00000400       0x10
                0x00000400                . = ALIGN (0x4)
 *(.cfmconfig)
 .cfmconfig     0x00000400       0x10 ./Generated_Code/Cpu.o
                0x00000400                _cfm
                0x00000410                . = ALIGN (0x4)

.text           0x00000410    0x17a48
                0x00000410                . = ALIGN (0x4)
 *(.text)
 .text          0x00000410       0x54 c:/freescale/kds_3.0.0/toolchain/bin/../lib/gcc/arm-none-eabi/4.8.4/armv7e-m/fpu/crtbegin.o
 .text          0x00000464       0x74 c:/freescale/kds_3.0.0/toolchain/bin/../lib/gcc/arm-none-eabi/4.8.4/../../../../arm-none-eabi/lib/armv7e-m/fpu/crt0.o
                0x00000464                _start
                0x00000464                _mainCRTStartup
 .text          0x000004d8       0x2c c:/freescale/kds_3.0.0/toolchain/bin/../lib/gcc/arm-none-eabi/4.8.4/armv7e-m/fpu\libgcc.a(_aeabi_uldivmod.o)
                0x000004d8                __aeabi_uldivmod
 .text          0x00000504       0x60 c:/freescale/kds_3.0.0/toolchain/bin/../lib/gcc/arm-none-eabi/4.8.4/armv7e-m/fpu\libgcc.a(bpabi.o)
                0x00000504                __gnu_ldivmod_helper
                0x00000534                __gnu_uldivmod_helper
 .text          0x00000564        0x4 c:/freescale/kds_3.0.0/toolchain/bin/../lib/gcc/arm-none-eabi/4.8.4/armv7e-m/fpu\libgcc.a(_dvmd_tls.o)
                0x00000564                __aeabi_idiv0
                0x00000564                __aeabi_ldiv0
 .text          0x00000568      0x298 c:/freescale/kds_3.0.0/toolchain/bin/../lib/gcc/arm-none-eabi/4.8.4/armv7e-m/fpu\libgcc.a(_divdi3.o)
                0x00000568                __divdi3
 .text          0x00000800      0x284 c:/freescale/kds_3.0.0/toolchain/bin/../lib/gcc/arm-none-eabi/4.8.4/armv7e-m/fpu\libgcc.a(_udivdi3.o)
                0x00000800                __udivdi3
 *(.text*)
 .text.AWG_Init
                0x00000a84       0x9c ./Sources/AWG.o
                0x00000a84                AWG_Init
 .text.ApplyOffset
                0x00000b20       0x6c ./Sources/AWG.o
                0x00000b20                ApplyOffset
 .text.ProcessSample
                0x00000b8c      0x118 ./Sources/AWG.o
                0x00000b8c                ProcessSample
 .text.AWG_SampleGet
                0x00000ca4       0x94 ./Sources/AWG.o
                0x00000ca4                AWG_SampleGet
 .text.AWG_UpdateFrequency
                0x00000d38       0x94 ./Sources/AWG.o
                0x00000d38                AWG_UpdateFrequency
 .text.AWG_UpdateAmplitude
                0x00000dcc       0xb8 ./Sources/AWG.o
                0x00000dcc                AWG_UpdateAmplitude
 .text.AWG_UpdateOffset
                0x00000e84       0x40 ./Sources/AWG.o
                0x00000e84                AWG_UpdateOffset
 .text.FIFO_Init
                0x00000ec4       0x50 ./Sources/FIFO.o
                0x00000ec4                FIFO_Init
 .text.FIFO_Put
                0x00000f14       0x68 ./Sources/FIFO.o
                0x00000f14                FIFO_Put
 .text.FIFO_Get
                0x00000f7c       0x68 ./Sources/FIFO.o
                0x00000f7c                FIFO_Get
 .text.FTM_Init
                0x00000fe4       0xa0 ./Sources/FTM.o
                0x00000fe4                FTM_Init
 .text.FTM_Set  0x00001084      0x110 ./Sources/FTM.o
                0x00001084                FTM_Set
 .text.FTM_StartTimer
                0x00001194       0xac ./Sources/FTM.o
                0x00001194                FTM_StartTimer
 .text.FTM0_ISR
                0x00001240       0x94 ./Sources/FTM.o
                0x00001240                FTM0_ISR
 .text.FTMThread
                0x000012d4       0x8c ./Sources/FTM.o
 .text.LEDs_Init
                0x00001360       0xc0 ./Sources/LEDs.o
                0x00001360                LEDs_Init
 .text.LEDs_On  0x00001420       0x1c ./Sources/LEDs.o
                0x00001420                LEDs_On
 .text.LEDs_Off
                0x0000143c       0x1c ./Sources/LEDs.o
                0x0000143c                LEDs_Off
 .text.LEDs_Toggle
                0x00001458       0x1c ./Sources/LEDs.o
                0x00001458                LEDs_Toggle
 .text.PIT_Init
                0x00001474       0xb4 ./Sources/PIT.o
                0x00001474                PIT_Init
 .text.PIT_Set  0x00001528       0x64 ./Sources/PIT.o
                0x00001528                PIT_Set
 .text.PIT_Enable
                0x0000158c       0x38 ./Sources/PIT.o
                0x0000158c                PIT_Enable
 .text.PIT_ISR  0x000015c4       0x8c ./Sources/PIT.o
                0x000015c4                PIT_ISR
 .text.Packet_Init
                0x00001650       0x2c ./Sources/Packet.o
                0x00001650                Packet_Init
 .text.Packet_Get
                0x0000167c       0xfc ./Sources/Packet.o
                0x0000167c                Packet_Get
 .text.Packet_Put
                0x00001778       0x68 ./Sources/Packet.o
                0x00001778                Packet_Put
 .text.CalculateChecksum
                0x000017e0       0x30 ./Sources/Packet.o
 .text.RTC_Init
                0x00001810      0x124 ./Sources/RTC.o
                0x00001810                RTC_Init
 .text.RTC_Set  0x00001934       0x74 ./Sources/RTC.o
                0x00001934                RTC_Set
 .text.RTC_Get  0x000019a8       0xa0 ./Sources/RTC.o
                0x000019a8                RTC_Get
 .text.RTC_ISR  0x00001a48       0x2c ./Sources/RTC.o
                0x00001a48                RTC_ISR
 .text.RTCThread
                0x00001a74       0x38 ./Sources/RTC.o
 .text.UART_Init
                0x00001aac      0x1b8 ./Sources/UART.o
                0x00001aac                UART_Init
 .text.UART_InChar
                0x00001c64       0x20 ./Sources/UART.o
                0x00001c64                UART_InChar
 .text.UART_OutChar
                0x00001c84       0x38 ./Sources/UART.o
                0x00001c84                UART_OutChar
 .text.UART_ISR
                0x00001cbc       0x8c ./Sources/UART.o
                0x00001cbc                UART_ISR
 .text.UARTRxThread
                0x00001d48       0x30 ./Sources/UART.o
 .text.UARTTxThread
                0x00001d78       0x50 ./Sources/UART.o
 .text.Analog_Init
                0x00001dc8      0x190 ./Sources/analog.o
                0x00001dc8                Analog_Init
 .text.Analog_Put
                0x00001f58       0x58 ./Sources/analog.o
                0x00001f58                Analog_Put
 .text.Flash_Init
                0x00001fb0       0x10 ./Sources/flash.o
                0x00001fb0                Flash_Init
 .text.Flash_AllocateVar
                0x00001fc0      0x164 ./Sources/flash.o
                0x00001fc0                Flash_AllocateVar
 .text.Flash_Write32
                0x00002124       0x6c ./Sources/flash.o
                0x00002124                Flash_Write32
 .text.Flash_Write16
                0x00002190       0x6c ./Sources/flash.o
                0x00002190                Flash_Write16
 .text.Flash_Write8
                0x000021fc       0x60 ./Sources/flash.o
                0x000021fc                Flash_Write8
 .text.Flash_Erase
                0x0000225c       0x10 ./Sources/flash.o
                0x0000225c                Flash_Erase
 .text.ModifyPhrase
                0x0000226c       0x30 ./Sources/flash.o
 .text.EraseSector
                0x0000229c       0x2c ./Sources/flash.o
 .text.LaunchCommand
                0x000022c8       0xd4 ./Sources/flash.o
 .text.WritePhrase
                0x0000239c       0x40 ./Sources/flash.o
 .text.LoadAddress
                0x000023dc       0x34 ./Sources/flash.o
 .text.LoadData
                0x00002410       0x5c ./Sources/flash.o
 .text.HandleProgramPacket
                0x0000246c       0x58 ./Sources/main.o
 .text.HandleReadPacket
                0x000024c4       0x54 ./Sources/main.o
 .text.HandleVersionPacket
                0x00002518       0x48 ./Sources/main.o
 .text.HandleNumberPacket
                0x00002560       0x7c ./Sources/main.o
 .text.HandleModePacket
                0x000025dc       0x7c ./Sources/main.o
 .text.HandleTimePacket
                0x00002658       0x40 ./Sources/main.o
 .text.HandleProtocolPacket
                0x00002698       0xb8 ./Sources/main.o
 .text.HandleSpecialPacket
                0x00002750       0xf0 ./Sources/main.o
 .text.HandleStatus
                0x00002840       0x64 ./Sources/main.o
 .text.HandleWaveForm
                0x000028a4       0x4c ./Sources/main.o
 .text.HandleFrequency
                0x000028f0       0x68 ./Sources/main.o
 .text.HandleAmplitude
                0x00002958       0x60 ./Sources/main.o
 .text.HandleOffset
                0x000029b8       0x68 ./Sources/main.o
 .text.HandleAllWaveFormsOn
                0x00002a20       0x38 ./Sources/main.o
 .text.HandleAllWaveFormsOff
                0x00002a58       0x38 ./Sources/main.o
 .text.HandleSetActiveChannel
                0x00002a90       0x48 ./Sources/main.o
 .text.HandleAWGPacket
                0x00002ad8       0x80 ./Sources/main.o
 .text.HandlePacket
                0x00002b58      0x110 ./Sources/main.o
 .text.TowerNumberModeInit
                0x00002c68       0x78 ./Sources/main.o
 .text.PITCallback
                0x00002ce0       0x38 ./Sources/main.o
 .text.RTCCallback
                0x00002d18       0x40 ./Sources/main.o
 .text.FTM0CH0Callback
                0x00002d58       0x18 ./Sources/main.o
 .text.CH01SecondTimerInit
                0x00002d70       0x3c ./Sources/main.o
 .text.DACChannelZeroThread
                0x00002dac       0x3c ./Sources/main.o
 .text.DACChannelOneThread
                0x00002de8       0x3c ./Sources/main.o
 .text.PacketThread
                0x00002e24       0x14 ./Sources/main.o
 .text.InitThread
                0x00002e38       0xa0 ./Sources/main.o
 .text.main     0x00002ed8       0x6c ./Sources/main.o
                0x00002ed8                main
 .text.__copy_rom_section
                0x00002f44       0xe4 ./Project_Settings/Startup_Code/startup.o
                0x00002f44                __copy_rom_section
 .text.__copy_rom_sections_to_ram
                0x00003028       0x9c ./Project_Settings/Startup_Code/startup.o
                0x00003028                __copy_rom_sections_to_ram
 .text.__init_registers
                0x000030c4       0x20 ./Project_Settings/Startup_Code/startup.o
                0x000030c4                __init_registers
 .text.__init_user
                0x000030e4        0xc ./Project_Settings/Startup_Code/startup.o
                0x000030e4                __init_user
 .text.__thumb_startup
                0x000030f0       0x34 ./Project_Settings/Startup_Code/startup.o
                0x000030f0                __thumb_startup
 .text.Cpu_Interrupt
                0x00003124       0x18 ./Generated_Code/Cpu.o
                0x00003124                Cpu_Interrupt
 .text.__init_hardware
                0x0000313c      0x1cc ./Generated_Code/Cpu.o
                0x0000313c                __init_hardware
 .text.Cpu_SetBASEPRI
                0x00003308       0x18 ./Generated_Code/Cpu.o
                0x00003308                Cpu_SetBASEPRI
 .text.PE_low_level_init
                0x00003320       0xe4 ./Generated_Code/Cpu.o
                0x00003320                PE_low_level_init
 .text.OS_Init  0x00003404      0x110 D:\Embedded\Assessment_fixed\Library\libOS.a(OS.o)
                0x00003404                OS_Init
 .text.OS_ISREnter
                0x00003514       0x20 D:\Embedded\Assessment_fixed\Library\libOS.a(OS.o)
                0x00003514                OS_ISREnter
 .text.OS_ISRExit
                0x00003534       0x1c D:\Embedded\Assessment_fixed\Library\libOS.a(OS.o)
                0x00003534                OS_ISRExit
 .text.OS_SemaphoreCreate
                0x00003550       0x90 D:\Embedded\Assessment_fixed\Library\libOS.a(OS.o)
                0x00003550                OS_SemaphoreCreate
 .text.OS_SemaphoreSignal
                0x000035e0       0x44 D:\Embedded\Assessment_fixed\Library\libOS.a(OS.o)
                0x000035e0                OS_SemaphoreSignal
 .text.OS_SemaphoreWait
                0x00003624       0x58 D:\Embedded\Assessment_fixed\Library\libOS.a(OS.o)
                0x00003624                OS_SemaphoreWait
 .text.OS_Start
                0x0000367c       0x10 D:\Embedded\Assessment_fixed\Library\libOS.a(OS.o)
                0x0000367c                OS_Start
 .text.OS_ThreadCreate
                0x0000368c      0x160 D:\Embedded\Assessment_fixed\Library\libOS.a(OS.o)
                0x0000368c                OS_ThreadCreate
 .text.OS_ThreadDelete
                0x000037ec      0x18c D:\Embedded\Assessment_fixed\Library\libOS.a(OS.o)
                0x000037ec                OS_ThreadDelete
 .text.EventThreadReady
                0x00003978       0x68 D:\Embedded\Assessment_fixed\Library\libOS.a(OS.o)
 .text.EventThreadWait
                0x000039e0       0x64 D:\Embedded\Assessment_fixed\Library\libOS.a(OS.o)
 .text.EventTimeout
                0x00003a44       0x40 D:\Embedded\Assessment_fixed\Library\libOS.a(OS.o)
 .text.Idle     0x00003a84       0x18 D:\Embedded\Assessment_fixed\Library\libOS.a(OS.o)
 .text.FindFirstSet
                0x00003a9c       0x44 D:\Embedded\Assessment_fixed\Library\libOS.a(OS.o)
 .text.Schedule
                0x00003ae0       0x64 D:\Embedded\Assessment_fixed\Library\libOS.a(OS.o)
 .text.TCBInit  0x00003b44       0xcc D:\Embedded\Assessment_fixed\Library\libOS.a(OS.o)
 .text.TimeTick
                0x00003c10       0x74 D:\Embedded\Assessment_fixed\Library\libOS.a(OS.o)
 *fill*         0x00003c84        0xc 
 .text.OS_ContextSwitchISR
                0x00003c90       0x70 D:\Embedded\Assessment_fixed\Library\libOS.a(OS.o)
                0x00003c90                OS_ContextSwitchISR
 .text.OS_SysTickISR
                0x00003d00       0x5c D:\Embedded\Assessment_fixed\Library\libOS.a(OS.o)
                0x00003d00                OS_SysTickISR
 .text.InitChipSelectPins
                0x00003d5c       0x6c D:\Embedded\Assessment_fixed\Library\libPMcL.a(SPI_Adv.o)
 .text.SetupModuleConfigurationRegister
                0x00003dc8      0x104 D:\Embedded\Assessment_fixed\Library\libPMcL.a(SPI_Adv.o)
 .text.SetBaudRate
                0x00003ecc      0x15c D:\Embedded\Assessment_fixed\Library\libPMcL.a(SPI_Adv.o)
 .text.SetDelayAfterTransfer
                0x00004028      0x168 D:\Embedded\Assessment_fixed\Library\libPMcL.a(SPI_Adv.o)
 .text.SetupClockAndTransferAttributesRegister
                0x00004190      0x16c D:\Embedded\Assessment_fixed\Library\libPMcL.a(SPI_Adv.o)
 .text.PMcL_SPI_Adv_Init
                0x000042fc       0x90 D:\Embedded\Assessment_fixed\Library\libPMcL.a(SPI_Adv.o)
                0x000042fc                PMcL_SPI_Adv_Init
 .text.PMcL_SPI_Adv_SelectSlaveDevice
                0x0000438c       0x6c D:\Embedded\Assessment_fixed\Library\libPMcL.a(SPI_Adv.o)
                0x0000438c                PMcL_SPI_Adv_SelectSlaveDevice
 .text.PMcL_SPI_Adv_Exchange
                0x000043f8       0x94 D:\Embedded\Assessment_fixed\Library\libPMcL.a(SPI_Adv.o)
                0x000043f8                PMcL_SPI_Adv_Exchange
 .text.exit     0x0000448c       0x28 c:/freescale/kds_3.0.0/toolchain/bin/../lib/gcc/arm-none-eabi/4.8.4/../../../../arm-none-eabi/lib/armv7e-m/fpu\libg_s.a(lib_a-exit.o)
                0x0000448c                exit
 .text.__libc_init_array
                0x000044b4       0x4c c:/freescale/kds_3.0.0/toolchain/bin/../lib/gcc/arm-none-eabi/4.8.4/../../../../arm-none-eabi/lib/armv7e-m/fpu\libg_s.a(lib_a-init.o)
                0x000044b4                __libc_init_array
 .text.memset   0x00004500       0x10 c:/freescale/kds_3.0.0/toolchain/bin/../lib/gcc/arm-none-eabi/4.8.4/../../../../arm-none-eabi/lib/armv7e-m/fpu\libg_s.a(lib_a-memset.o)
                0x00004500                memset
 .text._exit    0x00004510        0x4 c:/freescale/kds_3.0.0/toolchain/bin/../lib/gcc/arm-none-eabi/4.8.4/../../../../arm-none-eabi/lib/armv7e-m/fpu\libnosys.a(_exit.o)
                0x00004510                _exit
 *(.rodata)
 .rodata        0x00004514       0xa0 D:\Embedded\Assessment_fixed\Library\libPMcL.a(SPI_Adv.o)
 *(.rodata*)
 .rodata.PACKET_ACK_MASK
                0x000045b4        0x1 ./Sources/Packet.o
                0x000045b4                PACKET_ACK_MASK
 *fill*         0x000045b5        0x3 
 .rodata.FUNCTIONS_SINEWAVE
                0x000045b8     0x4e20 ./Sources/functions.o
                0x000045b8                FUNCTIONS_SINEWAVE
 .rodata.FUNCTIONS_TRIANGLEWAVE
                0x000093d8     0x4e20 ./Sources/functions.o
                0x000093d8                FUNCTIONS_TRIANGLEWAVE
 .rodata.FUNCTIONS_SQUAREWAVE
                0x0000e1f8     0x4e20 ./Sources/functions.o
                0x0000e1f8                FUNCTIONS_SQUAREWAVE
 .rodata.FUNCTIONS_SAWTOOTHWAVE
                0x00013018     0x4e20 ./Sources/functions.o
                0x00013018                FUNCTIONS_SAWTOOTHWAVE
 .rodata.str1.1
                0x00017e38        0x2 c:/freescale/kds_3.0.0/toolchain/bin/../lib/gcc/arm-none-eabi/4.8.4/../../../../arm-none-eabi/lib/armv7e-m/fpu\libg_s.a(lib_a-impure.o)
 *fill*         0x00017e3a        0x2 
 .rodata._global_impure_ptr
                0x00017e3c        0x4 c:/freescale/kds_3.0.0/toolchain/bin/../lib/gcc/arm-none-eabi/4.8.4/../../../../arm-none-eabi/lib/armv7e-m/fpu\libg_s.a(lib_a-impure.o)
                0x00017e3c                _global_impure_ptr
 *(.glue_7)
 .glue_7        0x00000000        0x0 linker stubs
 *(.glue_7t)
 .glue_7t       0x00000000        0x0 linker stubs
 *(.eh_frame)
 .eh_frame      0x00017e40        0x0 c:/freescale/kds_3.0.0/toolchain/bin/../lib/gcc/arm-none-eabi/4.8.4/armv7e-m/fpu/crtbegin.o
 *(.init)
 .init          0x00017e40        0x4 c:/freescale/kds_3.0.0/toolchain/bin/../lib/gcc/arm-none-eabi/4.8.4/armv7e-m/fpu/crti.o
                0x00017e40                _init
 .init          0x00017e44        0x8 c:/freescale/kds_3.0.0/toolchain/bin/../lib/gcc/arm-none-eabi/4.8.4/armv7e-m/fpu/crtn.o
 *(.fini)
 .fini          0x00017e4c        0x4 c:/freescale/kds_3.0.0/toolchain/bin/../lib/gcc/arm-none-eabi/4.8.4/armv7e-m/fpu/crti.o
                0x00017e4c                _fini
 .fini          0x00017e50        0x8 c:/freescale/kds_3.0.0/toolchain/bin/../lib/gcc/arm-none-eabi/4.8.4/armv7e-m/fpu/crtn.o
                0x00017e58                . = ALIGN (0x4)
                0x00017e58                _etext = .

.vfp11_veneer   0x00017e58        0x0
 .vfp11_veneer  0x00000000        0x0 linker stubs

.v4_bx          0x00017e58        0x0
 .v4_bx         0x00000000        0x0 linker stubs

.iplt           0x00017e58        0x0
 .iplt          0x00000000        0x0 c:/freescale/kds_3.0.0/toolchain/bin/../lib/gcc/arm-none-eabi/4.8.4/armv7e-m/fpu/crtbegin.o

.ARM.extab
 *(.ARM.extab* .gnu.linkonce.armextab.*)

.ARM            0x00017e58        0x8
                0x00017e58                __exidx_start = .
 *(.ARM.exidx*)
 .ARM.exidx     0x00017e58        0x8 c:/freescale/kds_3.0.0/toolchain/bin/../lib/gcc/arm-none-eabi/4.8.4/../../../../arm-none-eabi/lib/armv7e-m/fpu/crt0.o
 .ARM.exidx     0x00017e60        0x0 c:/freescale/kds_3.0.0/toolchain/bin/../lib/gcc/arm-none-eabi/4.8.4/armv7e-m/fpu\libgcc.a(_divdi3.o)
                                  0x8 (size before relaxing)
 .ARM.exidx     0x00017e60        0x0 c:/freescale/kds_3.0.0/toolchain/bin/../lib/gcc/arm-none-eabi/4.8.4/armv7e-m/fpu\libgcc.a(_udivdi3.o)
                                  0x8 (size before relaxing)
                0x00017e60                __exidx_end = .

.rel.dyn        0x00017e60        0x0
 .rel.iplt      0x00000000        0x0 c:/freescale/kds_3.0.0/toolchain/bin/../lib/gcc/arm-none-eabi/4.8.4/armv7e-m/fpu/crtbegin.o

.ctors          0x00017e60        0x0
                0x00017e60                __CTOR_LIST__ = .
 *crtbegin.o(.ctors)
 *(EXCLUDE_FILE(*crtend.o) .ctors)
 *(SORT(.ctors.*))
 *(.ctors)
                0x00017e60                __CTOR_END__ = .

.dtors          0x00017e60        0x0
                0x00017e60                __DTOR_LIST__ = .
 *crtbegin.o(.dtors)
 *(EXCLUDE_FILE(*crtend.o) .dtors)
 *(SORT(.dtors.*))
 *(.dtors)
                0x00017e60                __DTOR_END__ = .

.preinit_array  0x00017e60        0x0
                0x00017e60                PROVIDE (__preinit_array_start, .)
 *(.preinit_array*)
                0x00017e60                PROVIDE (__preinit_array_end, .)

.init_array     0x00017e60        0x4
                0x00017e60                PROVIDE (__init_array_start, .)
 *(SORT(.init_array.*))
 *(.init_array*)
 .init_array    0x00017e60        0x4 c:/freescale/kds_3.0.0/toolchain/bin/../lib/gcc/arm-none-eabi/4.8.4/armv7e-m/fpu/crtbegin.o
                0x00017e64                PROVIDE (__init_array_end, .)

.fini_array     0x00017e64        0x4
                0x00017e64                PROVIDE (__fini_array_start, .)
 *(SORT(.fini_array.*))
 *(.fini_array*)
 .fini_array    0x00017e64        0x4 c:/freescale/kds_3.0.0/toolchain/bin/../lib/gcc/arm-none-eabi/4.8.4/armv7e-m/fpu/crtbegin.o
                0x00017e68                PROVIDE (__fini_array_end, .)
                0x00017e68                ___ROM_AT = .

.data           0x1fff0000       0x6c load address 0x00017e68
                0x1fff0000                . = ALIGN (0x4)
                0x1fff0000                _sdata = .
 *(.data)
 *(.data*)
 .data.channelZero.6623
                0x1fff0000        0x1 ./Sources/PIT.o
 *fill*         0x1fff0001        0x3 
 .data.DAC_Command
                0x1fff0004        0x4 ./Sources/analog.o
 .data.ChannelZeroEdit
                0x1fff0008        0x1 ./Sources/main.o
 *fill*         0x1fff0009        0x3 
 .data.impure_data
                0x1fff000c       0x60 c:/freescale/kds_3.0.0/toolchain/bin/../lib/gcc/arm-none-eabi/4.8.4/../../../../arm-none-eabi/lib/armv7e-m/fpu\libg_s.a(lib_a-impure.o)
                0x1fff006c                . = ALIGN (0x4)
                0x1fff006c                _edata = .
                0x0000006c                ___data_size = (_edata - _sdata)
                0x00017ed4                ___m_data_20000000_ROMStart = (___ROM_AT + SIZEOF (.data))

.jcr            0x1fff006c        0x0 load address 0x00017ed4
 .jcr           0x1fff006c        0x0 c:/freescale/kds_3.0.0/toolchain/bin/../lib/gcc/arm-none-eabi/4.8.4/armv7e-m/fpu/crtbegin.o

.igot.plt       0x1fff006c        0x0 load address 0x00017ed4
 .igot.plt      0x00000000        0x0 c:/freescale/kds_3.0.0/toolchain/bin/../lib/gcc/arm-none-eabi/4.8.4/armv7e-m/fpu/crtbegin.o

.m_data_20000000
                0x20000000        0x0 load address 0x00017ed4
                0x20000000                . = ALIGN (0x4)
                0x20000000                ___m_data_20000000_RAMStart = .
 *(.m_data_20000000)
                0x20000000                ___m_data_20000000_RAMEnd = .
                0x20000000                . = ALIGN (0x4)
                0x00000000                ___m_data_20000000_ROMSize = (___m_data_20000000_RAMEnd - ___m_data_20000000_RAMStart)
                0x20000000                . = ALIGN (0x4)

.bss            0x1fff0070     0x187c load address 0x00017ed8
                0x1fff0070                __START_BSS = .
                0x1fff0070                PROVIDE (__bss_start__, __START_BSS)
 *(.bss)
 .bss           0x1fff0070       0x1c c:/freescale/kds_3.0.0/toolchain/bin/../lib/gcc/arm-none-eabi/4.8.4/armv7e-m/fpu/crtbegin.o
 *(.bss*)
 .bss.CallBackFunctions
                0x1fff008c       0x20 ./Sources/FTM.o
 .bss.CallBackArgument
                0x1fff00ac       0x20 ./Sources/FTM.o
 .bss.ChannelInterrupt
                0x1fff00cc        0x1 ./Sources/FTM.o
 *fill*         0x1fff00cd        0x3 
 .bss.FTMStack  0x1fff00d0      0x190 ./Sources/FTM.o
 .bss.CntDone   0x1fff0260        0x4 ./Sources/FTM.o
 .bss.ModuleClk
                0x1fff0264        0x4 ./Sources/PIT.o
 .bss.CallBack  0x1fff0268        0x4 ./Sources/PIT.o
 .bss.CallBackArgument
                0x1fff026c        0x4 ./Sources/PIT.o
 .bss.PacketMutex
                0x1fff0270        0x4 ./Sources/Packet.o
 .bss.state.6633
                0x1fff0274        0x1 ./Sources/Packet.o
 *fill*         0x1fff0275        0x3 
 .bss.CallBack  0x1fff0278        0x4 ./Sources/RTC.o
 .bss.CallBackArgument
                0x1fff027c        0x4 ./Sources/RTC.o
 .bss.RTCStack  0x1fff0280      0x190 ./Sources/RTC.o
 .bss.SecondPassed
                0x1fff0410        0x4 ./Sources/RTC.o
 .bss.TxFIFO    0x1fff0414      0x114 ./Sources/UART.o
 .bss.RxFIFO    0x1fff0528      0x114 ./Sources/UART.o
 *fill*         0x1fff063c        0x4 
 .bss.UARTRxStack
                0x1fff0640      0x190 ./Sources/UART.o
 .bss.UARTTxStack
                0x1fff07d0      0x190 ./Sources/UART.o
 .bss.RxTrue    0x1fff0960        0x4 ./Sources/UART.o
 .bss.TxTrue    0x1fff0964        0x4 ./Sources/UART.o
 .bss.DataReceive
                0x1fff0968        0x1 ./Sources/UART.o
 *fill*         0x1fff0969        0x3 
 .bss.DACSetupCommand
                0x1fff096c        0x4 ./Sources/analog.o
 .bss.addressAllocationStorage.6565
                0x1fff0970        0x1 ./Sources/flash.o
 *fill*         0x1fff0971        0x3 
 .bss.NvTowerNb
                0x1fff0974        0x4 ./Sources/main.o
 .bss.NvTowerMd
                0x1fff0978        0x4 ./Sources/main.o
 .bss.Ch0       0x1fff097c       0x10 ./Sources/main.o
 .bss.synchronous
                0x1fff098c        0x1 ./Sources/main.o
 .bss.Hours     0x1fff098d        0x1 ./Sources/main.o
 .bss.Minutes   0x1fff098e        0x1 ./Sources/main.o
 .bss.Seconds   0x1fff098f        0x1 ./Sources/main.o
 .bss.DACChanelZeroSample
                0x1fff0990        0x2 ./Sources/main.o
 .bss.DACChanelOneSample
                0x1fff0992        0x2 ./Sources/main.o
 *fill*         0x1fff0994        0x4 
 .bss.PacketStack
                0x1fff0998      0x190 ./Sources/main.o
 .bss.InitStack
                0x1fff0b28      0x190 ./Sources/main.o
 .bss.DACZeroStack
                0x1fff0cb8      0x190 ./Sources/main.o
 .bss.DACOneStack
                0x1fff0e48      0x190 ./Sources/main.o
 .bss.SR_lock   0x1fff0fd8        0x1 ./Generated_Code/Cpu.o
                0x1fff0fd8                SR_lock
 *fill*         0x1fff0fd9        0x3 
 .bss.TCBUnusedMain
                0x1fff0fdc       0x18 D:\Embedded\Assessment_fixed\Library\libOS.a(OS.o)
 .bss.TCBTable  0x1fff0ff4      0x300 D:\Embedded\Assessment_fixed\Library\libOS.a(OS.o)
 .bss.pTCBFreeList
                0x1fff12f4        0x4 D:\Embedded\Assessment_fixed\Library\libOS.a(OS.o)
 .bss.pTCBAllocatedList
                0x1fff12f8        0x4 D:\Embedded\Assessment_fixed\Library\libOS.a(OS.o)
 .bss.pTCBPriorityTable
                0x1fff12fc       0x80 D:\Embedded\Assessment_fixed\Library\libOS.a(OS.o)
 .bss.pTCBRunning
                0x1fff137c        0x4 D:\Embedded\Assessment_fixed\Library\libOS.a(OS.o)
 .bss.pTCBHighestReady
                0x1fff1380        0x4 D:\Embedded\Assessment_fixed\Library\libOS.a(OS.o)
 .bss.ReadyList
                0x1fff1384        0x4 D:\Embedded\Assessment_fixed\Library\libOS.a(OS.o)
 .bss.ECBTable  0x1fff1388      0x100 D:\Embedded\Assessment_fixed\Library\libOS.a(OS.o)
 .bss.NextECBFree
                0x1fff1488        0x1 D:\Embedded\Assessment_fixed\Library\libOS.a(OS.o)
 *fill*         0x1fff1489        0x3 
 .bss.IdleCounter
                0x1fff148c        0x4 D:\Embedded\Assessment_fixed\Library\libOS.a(OS.o)
 .bss.IdleStack
                0x1fff1490      0x400 D:\Embedded\Assessment_fixed\Library\libOS.a(OS.o)
 .bss.Ticks     0x1fff1890        0x4 D:\Embedded\Assessment_fixed\Library\libOS.a(OS.o)
 .bss.ToggleCntr
                0x1fff1894        0x4 D:\Embedded\Assessment_fixed\Library\libOS.a(OS.o)
 .bss.ToggleLED
                0x1fff1898        0x1 D:\Embedded\Assessment_fixed\Library\libOS.a(OS.o)
 .bss.ISRNestLevel
                0x1fff1899        0x1 D:\Embedded\Assessment_fixed\Library\libOS.a(OS.o)
 *(COMMON)
 *fill*         0x1fff189a        0x2 
 COMMON         0x1fff189c       0x18 ./Sources/AWG.o
                0x1fff189c                AWG_DAC_CHANNELS
 COMMON         0x1fff18b4        0x8 ./Sources/PIT.o
                0x1fff18b4                DACChannelOne
                0x1fff18b8                DACChannelZero
 COMMON         0x1fff18bc        0x5 ./Sources/Packet.o
                0x1fff18bc                Packet
 *fill*         0x1fff18c1        0x3 
 COMMON         0x1fff18c4       0x24 ./Sources/analog.o
                0x1fff18c4                Analog_Input
 COMMON         0x1fff18e8        0x1 ./Generated_Code/Cpu.o
                0x1fff18e8                SR_reg
                0x1fff18ec                . = ALIGN (0x4)
 *fill*         0x1fff18e9        0x3 
                0x1fff18ec                __END_BSS = .
                0x1fff18ec                PROVIDE (__bss_end__, __END_BSS)
                0x00017ed4                _romp_at = ((___ROM_AT + SIZEOF (.data)) + SIZEOF (.m_data_20000000))

.romp           0x1fff18ec       0x24 load address 0x00017ed4
                0x00017ed4                __S_romp = _romp_at
                0x1fff18ec        0x4 LONG 0x17e68 ___ROM_AT
                0x1fff18f0        0x4 LONG 0x1fff0000 _sdata
                0x1fff18f4        0x4 LONG 0x6c ___data_size
                0x1fff18f8        0x4 LONG 0x17ed4 ___m_data_20000000_ROMStart
                0x1fff18fc        0x4 LONG 0x20000000 ___m_data_20000000_RAMStart
                0x1fff1900        0x4 LONG 0x0 ___m_data_20000000_ROMSize
                0x1fff1904        0x4 LONG 0x0
                0x1fff1908        0x4 LONG 0x0
                0x1fff190c        0x4 LONG 0x0

._user_heap_stack
                0x1fff1910      0x400 load address 0x00017ef8
                0x1fff1910                . = ALIGN (0x4)
                0x1fff1910                PROVIDE (end, .)
                0x1fff1910                PROVIDE (_end, .)
                0x1fff1910                __heap_addr = .
                0x1fff1910                __HeapBase = .
                0x1fff1910                . = (. + __heap_size)
                0x1fff1910                __HeapLimit = .
                0x1fff1d10                . = (. + __stack_size)
 *fill*         0x1fff1910      0x400 
                0x1fff1d10                . = ALIGN (0x4)

.ARM.attributes
                0x00000000       0x30
 *(.ARM.attributes)
 .ARM.attributes
                0x00000000       0x22 c:/freescale/kds_3.0.0/toolchain/bin/../lib/gcc/arm-none-eabi/4.8.4/armv7e-m/fpu/crti.o
 .ARM.attributes
                0x00000022       0x34 c:/freescale/kds_3.0.0/toolchain/bin/../lib/gcc/arm-none-eabi/4.8.4/armv7e-m/fpu/crtbegin.o
 .ARM.attributes
                0x00000056       0x20 c:/freescale/kds_3.0.0/toolchain/bin/../lib/gcc/arm-none-eabi/4.8.4/../../../../arm-none-eabi/lib/armv7e-m/fpu/crt0.o
 .ARM.attributes
                0x00000076       0x39 ./Sources/AWG.o
 .ARM.attributes
                0x000000af       0x39 ./Sources/FIFO.o
 .ARM.attributes
                0x000000e8       0x39 ./Sources/FTM.o
 .ARM.attributes
                0x00000121       0x39 ./Sources/LEDs.o
 .ARM.attributes
                0x0000015a       0x39 ./Sources/PIT.o
 .ARM.attributes
                0x00000193       0x39 ./Sources/Packet.o
 .ARM.attributes
                0x000001cc       0x39 ./Sources/RTC.o
 .ARM.attributes
                0x00000205       0x39 ./Sources/UART.o
 .ARM.attributes
                0x0000023e       0x39 ./Sources/analog.o
 .ARM.attributes
                0x00000277       0x39 ./Sources/flash.o
 .ARM.attributes
                0x000002b0       0x39 ./Sources/functions.o
 .ARM.attributes
                0x000002e9       0x39 ./Sources/main.o
 .ARM.attributes
                0x00000322       0x39 ./Project_Settings/Startup_Code/startup.o
 .ARM.attributes
                0x0000035b       0x39 ./Generated_Code/Cpu.o
 .ARM.attributes
                0x00000394       0x39 ./Generated_Code/Vectors.o
 .ARM.attributes
                0x000003cd       0x39 D:\Embedded\Assessment_fixed\Library\libOS.a(OS.o)
 .ARM.attributes
                0x00000406       0x39 D:\Embedded\Assessment_fixed\Library\libPMcL.a(SPI_Adv.o)
 .ARM.attributes
                0x0000043f       0x22 c:/freescale/kds_3.0.0/toolchain/bin/../lib/gcc/arm-none-eabi/4.8.4/armv7e-m/fpu\libgcc.a(_aeabi_uldivmod.o)
 .ARM.attributes
                0x00000461       0x34 c:/freescale/kds_3.0.0/toolchain/bin/../lib/gcc/arm-none-eabi/4.8.4/armv7e-m/fpu\libgcc.a(bpabi.o)
 .ARM.attributes
                0x00000495       0x22 c:/freescale/kds_3.0.0/toolchain/bin/../lib/gcc/arm-none-eabi/4.8.4/armv7e-m/fpu\libgcc.a(_dvmd_tls.o)
 .ARM.attributes
                0x000004b7       0x34 c:/freescale/kds_3.0.0/toolchain/bin/../lib/gcc/arm-none-eabi/4.8.4/armv7e-m/fpu\libgcc.a(_divdi3.o)
 .ARM.attributes
                0x000004eb       0x34 c:/freescale/kds_3.0.0/toolchain/bin/../lib/gcc/arm-none-eabi/4.8.4/armv7e-m/fpu\libgcc.a(_udivdi3.o)
 .ARM.attributes
                0x0000051f       0x34 c:/freescale/kds_3.0.0/toolchain/bin/../lib/gcc/arm-none-eabi/4.8.4/../../../../arm-none-eabi/lib/armv7e-m/fpu\libg_s.a(lib_a-exit.o)
 .ARM.attributes
                0x00000553       0x34 c:/freescale/kds_3.0.0/toolchain/bin/../lib/gcc/arm-none-eabi/4.8.4/../../../../arm-none-eabi/lib/armv7e-m/fpu\libg_s.a(lib_a-impure.o)
 .ARM.attributes
                0x00000587       0x34 c:/freescale/kds_3.0.0/toolchain/bin/../lib/gcc/arm-none-eabi/4.8.4/../../../../arm-none-eabi/lib/armv7e-m/fpu\libg_s.a(lib_a-init.o)
 .ARM.attributes
                0x000005bb       0x34 c:/freescale/kds_3.0.0/toolchain/bin/../lib/gcc/arm-none-eabi/4.8.4/../../../../arm-none-eabi/lib/armv7e-m/fpu\libg_s.a(lib_a-memset.o)
 .ARM.attributes
                0x000005ef       0x34 c:/freescale/kds_3.0.0/toolchain/bin/../lib/gcc/arm-none-eabi/4.8.4/../../../../arm-none-eabi/lib/armv7e-m/fpu\libnosys.a(_exit.o)
 .ARM.attributes
                0x00000623       0x22 c:/freescale/kds_3.0.0/toolchain/bin/../lib/gcc/arm-none-eabi/4.8.4/armv7e-m/fpu/crtn.o
OUTPUT(Project.elf elf32-littlearm)

.debug_info     0x00000000     0x6bbb
 .debug_info    0x00000000      0x3b2 ./Sources/AWG.o
 .debug_info    0x000003b2      0x22d ./Sources/FIFO.o
 .debug_info    0x000005df      0x81c ./Sources/FTM.o
 .debug_info    0x00000dfb      0x497 ./Sources/LEDs.o
 .debug_info    0x00001292      0x5fd ./Sources/PIT.o
 .debug_info    0x0000188f      0x346 ./Sources/Packet.o
 .debug_info    0x00001bd5      0x6a7 ./Sources/RTC.o
 .debug_info    0x0000227c      0x9f1 ./Sources/UART.o
 .debug_info    0x00002c6d      0x494 ./Sources/analog.o
 .debug_info    0x00003101      0x744 ./Sources/flash.o
 .debug_info    0x00003845       0xf8 ./Sources/functions.o
 .debug_info    0x0000393d      0x9db ./Sources/main.o
 .debug_info    0x00004318      0x3b0 ./Project_Settings/Startup_Code/startup.o
 .debug_info    0x000046c8      0xc82 ./Generated_Code/Cpu.o
 .debug_info    0x0000534a      0x10f ./Generated_Code/Vectors.o
 .debug_info    0x00005459      0xd02 D:\Embedded\Assessment_fixed\Library\libOS.a(OS.o)
 .debug_info    0x0000615b      0xa60 D:\Embedded\Assessment_fixed\Library\libPMcL.a(SPI_Adv.o)

.debug_abbrev   0x00000000     0x19bf
 .debug_abbrev  0x00000000      0x127 ./Sources/AWG.o
 .debug_abbrev  0x00000127       0xd0 ./Sources/FIFO.o
 .debug_abbrev  0x000001f7      0x1fd ./Sources/FTM.o
 .debug_abbrev  0x000003f4      0x144 ./Sources/LEDs.o
 .debug_abbrev  0x00000538      0x185 ./Sources/PIT.o
 .debug_abbrev  0x000006bd      0x106 ./Sources/Packet.o
 .debug_abbrev  0x000007c3      0x1a4 ./Sources/RTC.o
 .debug_abbrev  0x00000967      0x1d0 ./Sources/UART.o
 .debug_abbrev  0x00000b37      0x13f ./Sources/analog.o
 .debug_abbrev  0x00000c76      0x232 ./Sources/flash.o
 .debug_abbrev  0x00000ea8       0x71 ./Sources/functions.o
 .debug_abbrev  0x00000f19      0x227 ./Sources/main.o
 .debug_abbrev  0x00001140      0x189 ./Project_Settings/Startup_Code/startup.o
 .debug_abbrev  0x000012c9      0x185 ./Generated_Code/Cpu.o
 .debug_abbrev  0x0000144e       0xa4 ./Generated_Code/Vectors.o
 .debug_abbrev  0x000014f2      0x2f8 D:\Embedded\Assessment_fixed\Library\libOS.a(OS.o)
 .debug_abbrev  0x000017ea      0x1d5 D:\Embedded\Assessment_fixed\Library\libPMcL.a(SPI_Adv.o)

.debug_aranges  0x00000000      0x570
 .debug_aranges
                0x00000000       0x50 ./Sources/AWG.o
 .debug_aranges
                0x00000050       0x30 ./Sources/FIFO.o
 .debug_aranges
                0x00000080       0x40 ./Sources/FTM.o
 .debug_aranges
                0x000000c0       0x38 ./Sources/LEDs.o
 .debug_aranges
                0x000000f8       0x38 ./Sources/PIT.o
 .debug_aranges
                0x00000130       0x38 ./Sources/Packet.o
 .debug_aranges
                0x00000168       0x40 ./Sources/RTC.o
 .debug_aranges
                0x000001a8       0x48 ./Sources/UART.o
 .debug_aranges
                0x000001f0       0x38 ./Sources/analog.o
 .debug_aranges
                0x00000228       0x78 ./Sources/flash.o
 .debug_aranges
                0x000002a0       0x18 ./Sources/functions.o
 .debug_aranges
                0x000002b8       0xf8 ./Sources/main.o
 .debug_aranges
                0x000003b0       0x50 ./Project_Settings/Startup_Code/startup.o
 .debug_aranges
                0x00000400       0x38 ./Generated_Code/Cpu.o
 .debug_aranges
                0x00000438       0x18 ./Generated_Code/Vectors.o
 .debug_aranges
                0x00000450       0xc8 D:\Embedded\Assessment_fixed\Library\libOS.a(OS.o)
 .debug_aranges
                0x00000518       0x58 D:\Embedded\Assessment_fixed\Library\libPMcL.a(SPI_Adv.o)

.debug_ranges   0x00000000      0x450
 .debug_ranges  0x00000000       0x40 ./Sources/AWG.o
 .debug_ranges  0x00000040       0x20 ./Sources/FIFO.o
 .debug_ranges  0x00000060       0x30 ./Sources/FTM.o
 .debug_ranges  0x00000090       0x28 ./Sources/LEDs.o
 .debug_ranges  0x000000b8       0x28 ./Sources/PIT.o
 .debug_ranges  0x000000e0       0x28 ./Sources/Packet.o
 .debug_ranges  0x00000108       0x30 ./Sources/RTC.o
 .debug_ranges  0x00000138       0x38 ./Sources/UART.o
 .debug_ranges  0x00000170       0x28 ./Sources/analog.o
 .debug_ranges  0x00000198       0x68 ./Sources/flash.o
 .debug_ranges  0x00000200       0xe8 ./Sources/main.o
 .debug_ranges  0x000002e8       0x40 ./Project_Settings/Startup_Code/startup.o
 .debug_ranges  0x00000328       0x28 ./Generated_Code/Cpu.o
 .debug_ranges  0x00000350       0xb8 D:\Embedded\Assessment_fixed\Library\libOS.a(OS.o)
 .debug_ranges  0x00000408       0x48 D:\Embedded\Assessment_fixed\Library\libPMcL.a(SPI_Adv.o)

.debug_macro    0x00000000    0x357f0
 .debug_macro   0x00000000       0xb4 ./Sources/AWG.o
 .debug_macro   0x000000b4      0x850 ./Sources/AWG.o
 .debug_macro   0x00000904       0x16 ./Sources/AWG.o
 .debug_macro   0x0000091a       0x44 ./Sources/AWG.o
 .debug_macro   0x0000095e      0x209 ./Sources/AWG.o
 .debug_macro   0x00000b67       0x22 ./Sources/AWG.o
 .debug_macro   0x00000b89       0x1c ./Sources/AWG.o
 .debug_macro   0x00000ba5      0x14e ./Sources/AWG.o
 .debug_macro   0x00000cf3       0x64 ./Sources/AWG.o
 .debug_macro   0x00000d57    0x174c1 ./Sources/AWG.o
 .debug_macro   0x00018218       0x9a ./Sources/AWG.o
 .debug_macro   0x000182b2     0x17fa ./Sources/AWG.o
 .debug_macro   0x00019aac       0x10 ./Sources/AWG.o
 .debug_macro   0x00019abc       0xbe ./Sources/FIFO.o
 .debug_macro   0x00019b7a       0x36 ./Sources/FIFO.o
 .debug_macro   0x00019bb0       0x3a ./Sources/FIFO.o
 .debug_macro   0x00019bea       0xc2 ./Sources/FTM.o
 .debug_macro   0x00019cac       0xaa ./Sources/LEDs.o
 .debug_macro   0x00019d56     0x17fa ./Sources/LEDs.o
 .debug_macro   0x0001b550       0xc6 ./Sources/PIT.o
 .debug_macro   0x0001b616       0xc7 ./Sources/Packet.o
 .debug_macro   0x0001b6dd       0x34 ./Sources/Packet.o
 .debug_macro   0x0001b711       0xbc ./Sources/RTC.o
 .debug_macro   0x0001b7cd       0xd1 ./Sources/UART.o
 .debug_macro   0x0001b89e       0x16 ./Sources/UART.o
 .debug_macro   0x0001b8b4    0x174af ./Sources/UART.o
 .debug_macro   0x00032d63       0xc9 ./Sources/analog.o
 .debug_macro   0x00032e2c       0x16 ./Sources/analog.o
 .debug_macro   0x00032e42       0xb5 ./Sources/flash.o
 .debug_macro   0x00032ef7       0x28 ./Sources/flash.o
 .debug_macro   0x00032f1f       0x65 ./Sources/functions.o
 .debug_macro   0x00032f84      0x169 ./Sources/main.o
 .debug_macro   0x000330ed       0x2e ./Sources/main.o
 .debug_macro   0x0003311b       0x22 ./Sources/main.o
 .debug_macro   0x0003313d      0x121 ./Project_Settings/Startup_Code/startup.o
 .debug_macro   0x0003325e       0x58 ./Project_Settings/Startup_Code/startup.o
 .debug_macro   0x000332b6       0x35 ./Project_Settings/Startup_Code/startup.o
 .debug_macro   0x000332eb       0xa3 ./Project_Settings/Startup_Code/startup.o
 .debug_macro   0x0003338e      0x166 ./Project_Settings/Startup_Code/startup.o
 .debug_macro   0x000334f4       0x4a ./Project_Settings/Startup_Code/startup.o
 .debug_macro   0x0003353e       0x52 ./Project_Settings/Startup_Code/startup.o
 .debug_macro   0x00033590       0x16 ./Project_Settings/Startup_Code/startup.o
 .debug_macro   0x000335a6       0x43 ./Project_Settings/Startup_Code/startup.o
 .debug_macro   0x000335e9      0x180 ./Project_Settings/Startup_Code/startup.o
 .debug_macro   0x00033769      0x2a6 ./Project_Settings/Startup_Code/startup.o
 .debug_macro   0x00033a0f       0x10 ./Project_Settings/Startup_Code/startup.o
 .debug_macro   0x00033a1f       0x35 ./Project_Settings/Startup_Code/startup.o
 .debug_macro   0x00033a54       0x16 ./Project_Settings/Startup_Code/startup.o
 .debug_macro   0x00033a6a       0x22 ./Project_Settings/Startup_Code/startup.o
 .debug_macro   0x00033a8c      0x20f ./Project_Settings/Startup_Code/startup.o
 .debug_macro   0x00033c9b       0xa5 ./Generated_Code/Cpu.o
 .debug_macro   0x00033d40       0xe7 ./Generated_Code/Vectors.o
 .debug_macro   0x00033e27       0xa3 D:\Embedded\Assessment_fixed\Library\libOS.a(OS.o)
 .debug_macro   0x00033eca     0x17fa D:\Embedded\Assessment_fixed\Library\libOS.a(OS.o)
 .debug_macro   0x000356c4       0x94 D:\Embedded\Assessment_fixed\Library\libOS.a(OS.o)
 .debug_macro   0x00035758       0x30 D:\Embedded\Assessment_fixed\Library\libOS.a(OS.o)
 .debug_macro   0x00035788       0x68 D:\Embedded\Assessment_fixed\Library\libPMcL.a(SPI_Adv.o)

.debug_line     0x00000000     0x376e
 .debug_line    0x00000000      0x320 ./Sources/AWG.o
 .debug_line    0x00000320      0x2b5 ./Sources/FIFO.o
 .debug_line    0x000005d5      0x313 ./Sources/FTM.o
 .debug_line    0x000008e8      0x28a ./Sources/LEDs.o
 .debug_line    0x00000b72      0x2d5 ./Sources/PIT.o
 .debug_line    0x00000e47      0x2ea ./Sources/Packet.o
 .debug_line    0x00001131      0x2f8 ./Sources/RTC.o
 .debug_line    0x00001429      0x335 ./Sources/UART.o
 .debug_line    0x0000175e      0x331 ./Sources/analog.o
 .debug_line    0x00001a8f      0x3d5 ./Sources/flash.o
 .debug_line    0x00001e64      0x18e ./Sources/functions.o
 .debug_line    0x00001ff2      0x672 ./Sources/main.o
 .debug_line    0x00002664      0x3ba ./Project_Settings/Startup_Code/startup.o
 .debug_line    0x00002a1e      0x301 ./Generated_Code/Cpu.o
 .debug_line    0x00002d1f      0x2e5 ./Generated_Code/Vectors.o
 .debug_line    0x00003004      0x496 D:\Embedded\Assessment_fixed\Library\libOS.a(OS.o)
 .debug_line    0x0000349a      0x2d4 D:\Embedded\Assessment_fixed\Library\libPMcL.a(SPI_Adv.o)

.debug_str      0x00000000    0x8ede9
 .debug_str     0x00000000    0x8a724 ./Sources/AWG.o
                              0x8a8a7 (size before relaxing)
 .debug_str     0x0008a724      0x230 ./Sources/FIFO.o
                              0x8a88b (size before relaxing)
 .debug_str     0x0008a954      0x3f0 ./Sources/FTM.o
                              0x8abf7 (size before relaxing)
 .debug_str     0x0008ad44       0xe9 ./Sources/LEDs.o
                              0x8a807 (size before relaxing)
 .debug_str     0x0008ae2d       0xe8 ./Sources/PIT.o
                              0x8aa25 (size before relaxing)
 .debug_str     0x0008af15      0x2a0 ./Sources/Packet.o
                              0x8aaf3 (size before relaxing)
 .debug_str     0x0008b1b5       0xa3 ./Sources/RTC.o
                              0x8a9ee (size before relaxing)
 .debug_str     0x0008b258      0x15c ./Sources/UART.o
                              0x8ab42 (size before relaxing)
 .debug_str     0x0008b3b4      0x28b ./Sources/analog.o
                              0x8a929 (size before relaxing)
 .debug_str     0x0008b63f      0x33e ./Sources/flash.o
                              0x8a9d8 (size before relaxing)
 .debug_str     0x0008b97d       0x17 ./Sources/functions.o
                               0x2fe5 (size before relaxing)
 .debug_str     0x0008b994      0x3da ./Sources/main.o
                              0x8b304 (size before relaxing)
 .debug_str     0x0008bd6e     0x2658 ./Project_Settings/Startup_Code/startup.o
                              0x853e3 (size before relaxing)
 .debug_str     0x0008e3c6      0x1f2 ./Generated_Code/Cpu.o
                              0x8aa20 (size before relaxing)
 .debug_str     0x0008e5b8       0x1c ./Generated_Code/Vectors.o
                              0x8a79f (size before relaxing)
 .debug_str     0x0008e5d4      0x461 D:\Embedded\Assessment_fixed\Library\libOS.a(OS.o)
                              0x8ad2a (size before relaxing)
 .debug_str     0x0008ea35      0x3b4 D:\Embedded\Assessment_fixed\Library\libPMcL.a(SPI_Adv.o)
                              0x83392 (size before relaxing)

.comment        0x00000000       0x70
 .comment       0x00000000       0x70 ./Sources/AWG.o
                                 0x71 (size before relaxing)
 .comment       0x00000000       0x71 ./Sources/FIFO.o
 .comment       0x00000000       0x71 ./Sources/FTM.o
 .comment       0x00000000       0x71 ./Sources/LEDs.o
 .comment       0x00000000       0x71 ./Sources/PIT.o
 .comment       0x00000000       0x71 ./Sources/Packet.o
 .comment       0x00000000       0x71 ./Sources/RTC.o
 .comment       0x00000000       0x71 ./Sources/UART.o
 .comment       0x00000000       0x71 ./Sources/analog.o
 .comment       0x00000000       0x71 ./Sources/flash.o
 .comment       0x00000000       0x71 ./Sources/functions.o
 .comment       0x00000000       0x71 ./Sources/main.o
 .comment       0x00000000       0x71 ./Project_Settings/Startup_Code/startup.o
 .comment       0x00000000       0x71 ./Generated_Code/Cpu.o
 .comment       0x00000000       0x71 ./Generated_Code/Vectors.o
 .comment       0x00000000       0x71 D:\Embedded\Assessment_fixed\Library\libOS.a(OS.o)
 .comment       0x00000000       0x71 D:\Embedded\Assessment_fixed\Library\libPMcL.a(SPI_Adv.o)

.debug_frame    0x00000000     0x10a0
 .debug_frame   0x00000000       0xe8 ./Sources/AWG.o
 .debug_frame   0x000000e8       0x70 ./Sources/FIFO.o
 .debug_frame   0x00000158       0xa8 ./Sources/FTM.o
 .debug_frame   0x00000200       0x7c ./Sources/LEDs.o
 .debug_frame   0x0000027c       0x8c ./Sources/PIT.o
 .debug_frame   0x00000308       0x88 ./Sources/Packet.o
 .debug_frame   0x00000390       0xac ./Sources/RTC.o
 .debug_frame   0x0000043c       0xd4 ./Sources/UART.o
 .debug_frame   0x00000510       0x90 ./Sources/analog.o
 .debug_frame   0x000005a0      0x17c ./Sources/flash.o
 .debug_frame   0x0000071c      0x358 ./Sources/main.o
 .debug_frame   0x00000a74       0xc0 ./Project_Settings/Startup_Code/startup.o
 .debug_frame   0x00000b34       0x80 ./Generated_Code/Cpu.o
 .debug_frame   0x00000bb4      0x2a0 D:\Embedded\Assessment_fixed\Library\libOS.a(OS.o)
 .debug_frame   0x00000e54      0x100 D:\Embedded\Assessment_fixed\Library\libPMcL.a(SPI_Adv.o)
 .debug_frame   0x00000f54       0x50 c:/freescale/kds_3.0.0/toolchain/bin/../lib/gcc/arm-none-eabi/4.8.4/armv7e-m/fpu\libgcc.a(bpabi.o)
 .debug_frame   0x00000fa4       0x34 c:/freescale/kds_3.0.0/toolchain/bin/../lib/gcc/arm-none-eabi/4.8.4/armv7e-m/fpu\libgcc.a(_divdi3.o)
 .debug_frame   0x00000fd8       0x34 c:/freescale/kds_3.0.0/toolchain/bin/../lib/gcc/arm-none-eabi/4.8.4/armv7e-m/fpu\libgcc.a(_udivdi3.o)
 .debug_frame   0x0000100c       0x28 c:/freescale/kds_3.0.0/toolchain/bin/../lib/gcc/arm-none-eabi/4.8.4/../../../../arm-none-eabi/lib/armv7e-m/fpu\libg_s.a(lib_a-exit.o)
 .debug_frame   0x00001034       0x2c c:/freescale/kds_3.0.0/toolchain/bin/../lib/gcc/arm-none-eabi/4.8.4/../../../../arm-none-eabi/lib/armv7e-m/fpu\libg_s.a(lib_a-init.o)
 .debug_frame   0x00001060       0x20 c:/freescale/kds_3.0.0/toolchain/bin/../lib/gcc/arm-none-eabi/4.8.4/../../../../arm-none-eabi/lib/armv7e-m/fpu\libg_s.a(lib_a-memset.o)
 .debug_frame   0x00001080       0x20 c:/freescale/kds_3.0.0/toolchain/bin/../lib/gcc/arm-none-eabi/4.8.4/../../../../arm-none-eabi/lib/armv7e-m/fpu\libnosys.a(_exit.o)
