Archive member included because of file (symbol)

c:/freescale/kds_3.0.0/toolchain/bin/../lib/gcc/arm-none-eabi/4.8.4/../../../../arm-none-eabi/lib/armv7e-m/fpu\libg_s.a(lib_a-exit.o)
                              c:/freescale/kds_3.0.0/toolchain/bin/../lib/gcc/arm-none-eabi/4.8.4/../../../../arm-none-eabi/lib/armv7e-m/fpu/crt0.o (exit)
c:/freescale/kds_3.0.0/toolchain/bin/../lib/gcc/arm-none-eabi/4.8.4/../../../../arm-none-eabi/lib/armv7e-m/fpu\libg_s.a(lib_a-impure.o)
                              c:/freescale/kds_3.0.0/toolchain/bin/../lib/gcc/arm-none-eabi/4.8.4/../../../../arm-none-eabi/lib/armv7e-m/fpu\libg_s.a(lib_a-exit.o) (_global_impure_ptr)
c:/freescale/kds_3.0.0/toolchain/bin/../lib/gcc/arm-none-eabi/4.8.4/../../../../arm-none-eabi/lib/armv7e-m/fpu\libg_s.a(lib_a-init.o)
                              c:/freescale/kds_3.0.0/toolchain/bin/../lib/gcc/arm-none-eabi/4.8.4/../../../../arm-none-eabi/lib/armv7e-m/fpu/crt0.o (__libc_init_array)
c:/freescale/kds_3.0.0/toolchain/bin/../lib/gcc/arm-none-eabi/4.8.4/../../../../arm-none-eabi/lib/armv7e-m/fpu\libg_s.a(lib_a-memset.o)
                              c:/freescale/kds_3.0.0/toolchain/bin/../lib/gcc/arm-none-eabi/4.8.4/../../../../arm-none-eabi/lib/armv7e-m/fpu/crt0.o (memset)
c:/freescale/kds_3.0.0/toolchain/bin/../lib/gcc/arm-none-eabi/4.8.4/../../../../arm-none-eabi/lib/armv7e-m/fpu\libnosys.a(_exit.o)
                              c:/freescale/kds_3.0.0/toolchain/bin/../lib/gcc/arm-none-eabi/4.8.4/../../../../arm-none-eabi/lib/armv7e-m/fpu\libg_s.a(lib_a-exit.o) (_exit)

Allocating common symbols
Common symbol       size              file

NvTowerMd           0x4               ./Sources/main.o
NvTowerNb           0x4               ./Sources/main.o
Packet              0x5               ./Sources/Packet.o
Analog_Input        0x24              ./Sources/analog.o
SR_reg              0x1               ./Generated_Code/Cpu.o
PUSHR_DATA          0x4               ./Sources/SPI.o

Discarded input sections

 .text          0x00000000        0x0 c:/freescale/kds_3.0.0/toolchain/bin/../lib/gcc/arm-none-eabi/4.8.4/armv7e-m/fpu/crti.o
 .data          0x00000000        0x0 c:/freescale/kds_3.0.0/toolchain/bin/../lib/gcc/arm-none-eabi/4.8.4/armv7e-m/fpu/crti.o
 .bss           0x00000000        0x0 c:/freescale/kds_3.0.0/toolchain/bin/../lib/gcc/arm-none-eabi/4.8.4/armv7e-m/fpu/crti.o
 .data          0x00000000        0x4 c:/freescale/kds_3.0.0/toolchain/bin/../lib/gcc/arm-none-eabi/4.8.4/armv7e-m/fpu/crtbegin.o
 .data          0x00000000        0x0 c:/freescale/kds_3.0.0/toolchain/bin/../lib/gcc/arm-none-eabi/4.8.4/../../../../arm-none-eabi/lib/armv7e-m/fpu/crt0.o
 .bss           0x00000000        0x0 c:/freescale/kds_3.0.0/toolchain/bin/../lib/gcc/arm-none-eabi/4.8.4/../../../../arm-none-eabi/lib/armv7e-m/fpu/crt0.o
 .ARM.extab     0x00000000        0x0 c:/freescale/kds_3.0.0/toolchain/bin/../lib/gcc/arm-none-eabi/4.8.4/../../../../arm-none-eabi/lib/armv7e-m/fpu/crt0.o
 .group         0x00000000        0x8 ./Sources/Events.o
 .group         0x00000000        0x8 ./Sources/Events.o
 .group         0x00000000        0x8 ./Sources/Events.o
 .group         0x00000000        0x8 ./Sources/Events.o
 .group         0x00000000        0x8 ./Sources/Events.o
 .group         0x00000000        0x8 ./Sources/Events.o
 .group         0x00000000        0x8 ./Sources/Events.o
 .group         0x00000000        0x8 ./Sources/Events.o
 .group         0x00000000        0x8 ./Sources/Events.o
 .text          0x00000000        0x0 ./Sources/Events.o
 .data          0x00000000        0x0 ./Sources/Events.o
 .bss           0x00000000        0x0 ./Sources/Events.o
 .debug_info    0x00000000       0x7d ./Sources/Events.o
 .debug_abbrev  0x00000000       0x29 ./Sources/Events.o
 .debug_aranges
                0x00000000       0x18 ./Sources/Events.o
 .debug_macro   0x00000000       0xa3 ./Sources/Events.o
 .debug_macro   0x00000000      0x850 ./Sources/Events.o
 .debug_macro   0x00000000       0x16 ./Sources/Events.o
 .debug_macro   0x00000000       0x44 ./Sources/Events.o
 .debug_macro   0x00000000      0x209 ./Sources/Events.o
 .debug_macro   0x00000000     0x17fa ./Sources/Events.o
 .debug_macro   0x00000000      0x14e ./Sources/Events.o
 .debug_macro   0x00000000       0x64 ./Sources/Events.o
 .debug_macro   0x00000000    0x174c1 ./Sources/Events.o
 .debug_macro   0x00000000       0x9a ./Sources/Events.o
 .debug_line    0x00000000      0x200 ./Sources/Events.o
 .debug_str     0x00000000    0x8a5df ./Sources/Events.o
 .comment       0x00000000       0x71 ./Sources/Events.o
 .ARM.attributes
                0x00000000       0x39 ./Sources/Events.o
 .group         0x00000000        0x8 ./Sources/FIFO.o
 .group         0x00000000        0x8 ./Sources/FIFO.o
 .group         0x00000000        0x8 ./Sources/FIFO.o
 .group         0x00000000        0x8 ./Sources/FIFO.o
 .group         0x00000000        0x8 ./Sources/FIFO.o
 .group         0x00000000        0x8 ./Sources/FIFO.o
 .group         0x00000000        0x8 ./Sources/FIFO.o
 .group         0x00000000        0x8 ./Sources/FIFO.o
 .group         0x00000000        0x8 ./Sources/FIFO.o
 .group         0x00000000        0x8 ./Sources/FIFO.o
 .text          0x00000000        0x0 ./Sources/FIFO.o
 .data          0x00000000        0x0 ./Sources/FIFO.o
 .bss           0x00000000        0x0 ./Sources/FIFO.o
 .debug_macro   0x00000000      0x850 ./Sources/FIFO.o
 .debug_macro   0x00000000       0x16 ./Sources/FIFO.o
 .debug_macro   0x00000000       0x44 ./Sources/FIFO.o
 .debug_macro   0x00000000      0x209 ./Sources/FIFO.o
 .debug_macro   0x00000000      0x14e ./Sources/FIFO.o
 .debug_macro   0x00000000       0x64 ./Sources/FIFO.o
 .debug_macro   0x00000000    0x174c1 ./Sources/FIFO.o
 .debug_macro   0x00000000       0x9a ./Sources/FIFO.o
 .debug_macro   0x00000000     0x17fa ./Sources/FIFO.o
 .group         0x00000000        0x8 ./Sources/FTM.o
 .group         0x00000000        0x8 ./Sources/FTM.o
 .group         0x00000000        0x8 ./Sources/FTM.o
 .group         0x00000000        0x8 ./Sources/FTM.o
 .group         0x00000000        0x8 ./Sources/FTM.o
 .group         0x00000000        0x8 ./Sources/FTM.o
 .group         0x00000000        0x8 ./Sources/FTM.o
 .group         0x00000000        0x8 ./Sources/FTM.o
 .group         0x00000000        0x8 ./Sources/FTM.o
 .group         0x00000000        0x8 ./Sources/FTM.o
 .text          0x00000000        0x0 ./Sources/FTM.o
 .data          0x00000000        0x0 ./Sources/FTM.o
 .bss           0x00000000        0x0 ./Sources/FTM.o
 .debug_macro   0x00000000      0x850 ./Sources/FTM.o
 .debug_macro   0x00000000       0x16 ./Sources/FTM.o
 .debug_macro   0x00000000       0x44 ./Sources/FTM.o
 .debug_macro   0x00000000      0x209 ./Sources/FTM.o
 .debug_macro   0x00000000       0x22 ./Sources/FTM.o
 .debug_macro   0x00000000    0x174c1 ./Sources/FTM.o
 .debug_macro   0x00000000      0x14e ./Sources/FTM.o
 .debug_macro   0x00000000       0x64 ./Sources/FTM.o
 .debug_macro   0x00000000       0x9a ./Sources/FTM.o
 .debug_macro   0x00000000     0x17fa ./Sources/FTM.o
 .group         0x00000000        0x8 ./Sources/LEDs.o
 .group         0x00000000        0x8 ./Sources/LEDs.o
 .group         0x00000000        0x8 ./Sources/LEDs.o
 .group         0x00000000        0x8 ./Sources/LEDs.o
 .group         0x00000000        0x8 ./Sources/LEDs.o
 .group         0x00000000        0x8 ./Sources/LEDs.o
 .group         0x00000000        0x8 ./Sources/LEDs.o
 .group         0x00000000        0x8 ./Sources/LEDs.o
 .group         0x00000000        0x8 ./Sources/LEDs.o
 .group         0x00000000        0x8 ./Sources/LEDs.o
 .text          0x00000000        0x0 ./Sources/LEDs.o
 .data          0x00000000        0x0 ./Sources/LEDs.o
 .bss           0x00000000        0x0 ./Sources/LEDs.o
 .debug_macro   0x00000000      0x850 ./Sources/LEDs.o
 .debug_macro   0x00000000       0x16 ./Sources/LEDs.o
 .debug_macro   0x00000000       0x44 ./Sources/LEDs.o
 .debug_macro   0x00000000      0x209 ./Sources/LEDs.o
 .debug_macro   0x00000000       0x22 ./Sources/LEDs.o
 .debug_macro   0x00000000    0x174c1 ./Sources/LEDs.o
 .debug_macro   0x00000000      0x14e ./Sources/LEDs.o
 .debug_macro   0x00000000       0x64 ./Sources/LEDs.o
 .debug_macro   0x00000000       0x9a ./Sources/LEDs.o
 .group         0x00000000        0x8 ./Sources/PIT.o
 .group         0x00000000        0x8 ./Sources/PIT.o
 .group         0x00000000        0x8 ./Sources/PIT.o
 .group         0x00000000        0x8 ./Sources/PIT.o
 .group         0x00000000        0x8 ./Sources/PIT.o
 .group         0x00000000        0x8 ./Sources/PIT.o
 .group         0x00000000        0x8 ./Sources/PIT.o
 .group         0x00000000        0x8 ./Sources/PIT.o
 .group         0x00000000        0x8 ./Sources/PIT.o
 .group         0x00000000        0x8 ./Sources/PIT.o
 .text          0x00000000        0x0 ./Sources/PIT.o
 .data          0x00000000        0x0 ./Sources/PIT.o
 .bss           0x00000000        0x0 ./Sources/PIT.o
 .debug_macro   0x00000000      0x850 ./Sources/PIT.o
 .debug_macro   0x00000000       0x16 ./Sources/PIT.o
 .debug_macro   0x00000000       0x44 ./Sources/PIT.o
 .debug_macro   0x00000000      0x209 ./Sources/PIT.o
 .debug_macro   0x00000000       0x22 ./Sources/PIT.o
 .debug_macro   0x00000000      0x14e ./Sources/PIT.o
 .debug_macro   0x00000000       0x64 ./Sources/PIT.o
 .debug_macro   0x00000000    0x174c1 ./Sources/PIT.o
 .debug_macro   0x00000000       0x9a ./Sources/PIT.o
 .debug_macro   0x00000000     0x17fa ./Sources/PIT.o
 .group         0x00000000        0x8 ./Sources/Packet.o
 .group         0x00000000        0x8 ./Sources/Packet.o
 .group         0x00000000        0x8 ./Sources/Packet.o
 .group         0x00000000        0x8 ./Sources/Packet.o
 .group         0x00000000        0x8 ./Sources/Packet.o
 .group         0x00000000        0x8 ./Sources/Packet.o
 .group         0x00000000        0x8 ./Sources/Packet.o
 .group         0x00000000        0x8 ./Sources/Packet.o
 .group         0x00000000        0x8 ./Sources/Packet.o
 .group         0x00000000        0x8 ./Sources/Packet.o
 .group         0x00000000        0x8 ./Sources/Packet.o
 .text          0x00000000        0x0 ./Sources/Packet.o
 .data          0x00000000        0x0 ./Sources/Packet.o
 .bss           0x00000000        0x0 ./Sources/Packet.o
 .debug_macro   0x00000000      0x850 ./Sources/Packet.o
 .debug_macro   0x00000000       0x16 ./Sources/Packet.o
 .debug_macro   0x00000000       0x44 ./Sources/Packet.o
 .debug_macro   0x00000000      0x209 ./Sources/Packet.o
 .debug_macro   0x00000000      0x14e ./Sources/Packet.o
 .debug_macro   0x00000000       0x64 ./Sources/Packet.o
 .debug_macro   0x00000000    0x174c1 ./Sources/Packet.o
 .debug_macro   0x00000000       0x9a ./Sources/Packet.o
 .debug_macro   0x00000000     0x17fa ./Sources/Packet.o
 .debug_macro   0x00000000       0x22 ./Sources/Packet.o
 .group         0x00000000        0x8 ./Sources/RTC.o
 .group         0x00000000        0x8 ./Sources/RTC.o
 .group         0x00000000        0x8 ./Sources/RTC.o
 .group         0x00000000        0x8 ./Sources/RTC.o
 .group         0x00000000        0x8 ./Sources/RTC.o
 .group         0x00000000        0x8 ./Sources/RTC.o
 .group         0x00000000        0x8 ./Sources/RTC.o
 .group         0x00000000        0x8 ./Sources/RTC.o
 .group         0x00000000        0x8 ./Sources/RTC.o
 .group         0x00000000        0x8 ./Sources/RTC.o
 .text          0x00000000        0x0 ./Sources/RTC.o
 .data          0x00000000        0x0 ./Sources/RTC.o
 .bss           0x00000000        0x0 ./Sources/RTC.o
 .debug_macro   0x00000000      0x850 ./Sources/RTC.o
 .debug_macro   0x00000000       0x16 ./Sources/RTC.o
 .debug_macro   0x00000000       0x44 ./Sources/RTC.o
 .debug_macro   0x00000000      0x209 ./Sources/RTC.o
 .debug_macro   0x00000000       0x22 ./Sources/RTC.o
 .debug_macro   0x00000000    0x174c1 ./Sources/RTC.o
 .debug_macro   0x00000000      0x14e ./Sources/RTC.o
 .debug_macro   0x00000000       0x64 ./Sources/RTC.o
 .debug_macro   0x00000000       0x9a ./Sources/RTC.o
 .debug_macro   0x00000000     0x17fa ./Sources/RTC.o
 .group         0x00000000        0x8 ./Sources/SPI.o
 .group         0x00000000        0x8 ./Sources/SPI.o
 .group         0x00000000        0x8 ./Sources/SPI.o
 .group         0x00000000        0x8 ./Sources/SPI.o
 .group         0x00000000        0x8 ./Sources/SPI.o
 .group         0x00000000        0x8 ./Sources/SPI.o
 .group         0x00000000        0x8 ./Sources/SPI.o
 .group         0x00000000        0x8 ./Sources/SPI.o
 .group         0x00000000        0x8 ./Sources/SPI.o
 .group         0x00000000        0x8 ./Sources/SPI.o
 .group         0x00000000        0x8 ./Sources/SPI.o
 .group         0x00000000        0x8 ./Sources/SPI.o
 .group         0x00000000        0x8 ./Sources/SPI.o
 .group         0x00000000        0x8 ./Sources/SPI.o
 .group         0x00000000        0x8 ./Sources/SPI.o
 .group         0x00000000        0x8 ./Sources/SPI.o
 .group         0x00000000        0x8 ./Sources/SPI.o
 .group         0x00000000        0x8 ./Sources/SPI.o
 .group         0x00000000        0x8 ./Sources/SPI.o
 .group         0x00000000        0x8 ./Sources/SPI.o
 .group         0x00000000        0x8 ./Sources/SPI.o
 .text          0x00000000        0x0 ./Sources/SPI.o
 .data          0x00000000        0x0 ./Sources/SPI.o
 .bss           0x00000000        0x0 ./Sources/SPI.o
 .debug_macro   0x00000000      0x850 ./Sources/SPI.o
 .debug_macro   0x00000000       0x16 ./Sources/SPI.o
 .debug_macro   0x00000000       0x22 ./Sources/SPI.o
 .debug_macro   0x00000000      0x14e ./Sources/SPI.o
 .debug_macro   0x00000000       0x64 ./Sources/SPI.o
 .debug_macro   0x00000000    0x174c1 ./Sources/SPI.o
 .debug_macro   0x00000000       0x9a ./Sources/SPI.o
 .group         0x00000000        0x8 ./Sources/UART.o
 .group         0x00000000        0x8 ./Sources/UART.o
 .group         0x00000000        0x8 ./Sources/UART.o
 .group         0x00000000        0x8 ./Sources/UART.o
 .group         0x00000000        0x8 ./Sources/UART.o
 .group         0x00000000        0x8 ./Sources/UART.o
 .group         0x00000000        0x8 ./Sources/UART.o
 .group         0x00000000        0x8 ./Sources/UART.o
 .group         0x00000000        0x8 ./Sources/UART.o
 .group         0x00000000        0x8 ./Sources/UART.o
 .group         0x00000000        0x8 ./Sources/UART.o
 .group         0x00000000        0x8 ./Sources/UART.o
 .text          0x00000000        0x0 ./Sources/UART.o
 .data          0x00000000        0x0 ./Sources/UART.o
 .bss           0x00000000        0x0 ./Sources/UART.o
 .text.UART_Poll
                0x00000000       0x4c ./Sources/UART.o
 .debug_macro   0x00000000      0x850 ./Sources/UART.o
 .debug_macro   0x00000000       0x16 ./Sources/UART.o
 .debug_macro   0x00000000       0x44 ./Sources/UART.o
 .debug_macro   0x00000000      0x209 ./Sources/UART.o
 .debug_macro   0x00000000      0x14e ./Sources/UART.o
 .debug_macro   0x00000000       0x64 ./Sources/UART.o
 .debug_macro   0x00000000       0x9a ./Sources/UART.o
 .debug_macro   0x00000000     0x17fa ./Sources/UART.o
 .debug_macro   0x00000000       0x22 ./Sources/UART.o
 .group         0x00000000        0x8 ./Sources/analog.o
 .group         0x00000000        0x8 ./Sources/analog.o
 .group         0x00000000        0x8 ./Sources/analog.o
 .group         0x00000000        0x8 ./Sources/analog.o
 .group         0x00000000        0x8 ./Sources/analog.o
 .group         0x00000000        0x8 ./Sources/analog.o
 .group         0x00000000        0x8 ./Sources/analog.o
 .group         0x00000000        0x8 ./Sources/analog.o
 .group         0x00000000        0x8 ./Sources/analog.o
 .group         0x00000000        0x8 ./Sources/analog.o
 .group         0x00000000        0x8 ./Sources/analog.o
 .text          0x00000000        0x0 ./Sources/analog.o
 .data          0x00000000        0x0 ./Sources/analog.o
 .bss           0x00000000        0x0 ./Sources/analog.o
 .rodata.Channel_Mask
                0x00000000        0x2 ./Sources/analog.o
 .rodata.Analog_Address
                0x00000000        0x1 ./Sources/analog.o
 .debug_macro   0x00000000      0x850 ./Sources/analog.o
 .debug_macro   0x00000000       0x16 ./Sources/analog.o
 .debug_macro   0x00000000       0x44 ./Sources/analog.o
 .debug_macro   0x00000000      0x209 ./Sources/analog.o
 .debug_macro   0x00000000       0x22 ./Sources/analog.o
 .debug_macro   0x00000000      0x14e ./Sources/analog.o
 .debug_macro   0x00000000       0x64 ./Sources/analog.o
 .debug_macro   0x00000000    0x174c1 ./Sources/analog.o
 .debug_macro   0x00000000       0x9a ./Sources/analog.o
 .debug_macro   0x00000000     0x17fa ./Sources/analog.o
 .group         0x00000000        0x8 ./Sources/flash.o
 .group         0x00000000        0x8 ./Sources/flash.o
 .group         0x00000000        0x8 ./Sources/flash.o
 .group         0x00000000        0x8 ./Sources/flash.o
 .group         0x00000000        0x8 ./Sources/flash.o
 .group         0x00000000        0x8 ./Sources/flash.o
 .group         0x00000000        0x8 ./Sources/flash.o
 .group         0x00000000        0x8 ./Sources/flash.o
 .group         0x00000000        0x8 ./Sources/flash.o
 .group         0x00000000        0x8 ./Sources/flash.o
 .group         0x00000000        0x8 ./Sources/flash.o
 .text          0x00000000        0x0 ./Sources/flash.o
 .data          0x00000000        0x0 ./Sources/flash.o
 .bss           0x00000000        0x0 ./Sources/flash.o
 .debug_macro   0x00000000      0x850 ./Sources/flash.o
 .debug_macro   0x00000000       0x16 ./Sources/flash.o
 .debug_macro   0x00000000       0x44 ./Sources/flash.o
 .debug_macro   0x00000000      0x209 ./Sources/flash.o
 .debug_macro   0x00000000       0x22 ./Sources/flash.o
 .debug_macro   0x00000000    0x174c1 ./Sources/flash.o
 .debug_macro   0x00000000      0x14e ./Sources/flash.o
 .debug_macro   0x00000000       0x64 ./Sources/flash.o
 .debug_macro   0x00000000       0x9a ./Sources/flash.o
 .debug_macro   0x00000000     0x17fa ./Sources/flash.o
 .group         0x00000000        0x8 ./Sources/main.o
 .group         0x00000000        0x8 ./Sources/main.o
 .group         0x00000000        0x8 ./Sources/main.o
 .group         0x00000000        0x8 ./Sources/main.o
 .group         0x00000000        0x8 ./Sources/main.o
 .group         0x00000000        0x8 ./Sources/main.o
 .group         0x00000000        0x8 ./Sources/main.o
 .group         0x00000000        0x8 ./Sources/main.o
 .group         0x00000000        0x8 ./Sources/main.o
 .group         0x00000000        0x8 ./Sources/main.o
 .group         0x00000000        0x8 ./Sources/main.o
 .group         0x00000000        0x8 ./Sources/main.o
 .group         0x00000000        0x8 ./Sources/main.o
 .text          0x00000000        0x0 ./Sources/main.o
 .data          0x00000000        0x0 ./Sources/main.o
 .bss           0x00000000        0x0 ./Sources/main.o
 .rodata.BaudRate
                0x00000000        0x4 ./Sources/main.o
 .rodata.MajorTowerVersion
                0x00000000        0x1 ./Sources/main.o
 .rodata.MinorTowerVersion
                0x00000000        0x1 ./Sources/main.o
 .rodata.ADCChannel
                0x00000000        0x1 ./Sources/main.o
 .debug_macro   0x00000000      0x850 ./Sources/main.o
 .debug_macro   0x00000000       0x16 ./Sources/main.o
 .debug_macro   0x00000000       0x44 ./Sources/main.o
 .debug_macro   0x00000000      0x209 ./Sources/main.o
 .debug_macro   0x00000000       0x22 ./Sources/main.o
 .debug_macro   0x00000000      0x14e ./Sources/main.o
 .debug_macro   0x00000000       0x64 ./Sources/main.o
 .debug_macro   0x00000000    0x174c1 ./Sources/main.o
 .debug_macro   0x00000000       0x9a ./Sources/main.o
 .debug_macro   0x00000000     0x17fa ./Sources/main.o
 .debug_macro   0x00000000       0x16 ./Sources/main.o
 .group         0x00000000        0x8 ./Sources/median.o
 .group         0x00000000        0x8 ./Sources/median.o
 .group         0x00000000        0x8 ./Sources/median.o
 .group         0x00000000        0x8 ./Sources/median.o
 .group         0x00000000        0x8 ./Sources/median.o
 .text          0x00000000        0x0 ./Sources/median.o
 .data          0x00000000        0x0 ./Sources/median.o
 .bss           0x00000000        0x0 ./Sources/median.o
 .debug_macro   0x00000000      0x850 ./Sources/median.o
 .debug_macro   0x00000000       0x16 ./Sources/median.o
 .debug_macro   0x00000000       0x44 ./Sources/median.o
 .debug_macro   0x00000000      0x209 ./Sources/median.o
 .debug_macro   0x00000000       0x22 ./Sources/median.o
 .group         0x00000000        0x8 ./Project_Settings/Startup_Code/startup.o
 .group         0x00000000        0x8 ./Project_Settings/Startup_Code/startup.o
 .group         0x00000000        0x8 ./Project_Settings/Startup_Code/startup.o
 .group         0x00000000        0x8 ./Project_Settings/Startup_Code/startup.o
 .group         0x00000000        0x8 ./Project_Settings/Startup_Code/startup.o
 .group         0x00000000        0x8 ./Project_Settings/Startup_Code/startup.o
 .group         0x00000000        0x8 ./Project_Settings/Startup_Code/startup.o
 .group         0x00000000        0x8 ./Project_Settings/Startup_Code/startup.o
 .group         0x00000000        0x8 ./Project_Settings/Startup_Code/startup.o
 .group         0x00000000        0x8 ./Project_Settings/Startup_Code/startup.o
 .group         0x00000000        0x8 ./Project_Settings/Startup_Code/startup.o
 .group         0x00000000        0x8 ./Project_Settings/Startup_Code/startup.o
 .group         0x00000000        0x8 ./Project_Settings/Startup_Code/startup.o
 .group         0x00000000        0x8 ./Project_Settings/Startup_Code/startup.o
 .group         0x00000000        0x8 ./Project_Settings/Startup_Code/startup.o
 .group         0x00000000        0x8 ./Project_Settings/Startup_Code/startup.o
 .group         0x00000000        0x8 ./Project_Settings/Startup_Code/startup.o
 .group         0x00000000        0x8 ./Project_Settings/Startup_Code/startup.o
 .group         0x00000000        0x8 ./Project_Settings/Startup_Code/startup.o
 .text          0x00000000        0x0 ./Project_Settings/Startup_Code/startup.o
 .data          0x00000000        0x0 ./Project_Settings/Startup_Code/startup.o
 .bss           0x00000000        0x0 ./Project_Settings/Startup_Code/startup.o
 .text.__init_hardware
                0x00000000        0xc ./Project_Settings/Startup_Code/startup.o
 .text.__iar_program_start
                0x00000000        0xc ./Project_Settings/Startup_Code/startup.o
 .debug_macro   0x00000000      0x850 ./Project_Settings/Startup_Code/startup.o
 .debug_macro   0x00000000       0x58 ./Project_Settings/Startup_Code/startup.o
 .debug_macro   0x00000000       0x16 ./Project_Settings/Startup_Code/startup.o
 .debug_macro   0x00000000       0x35 ./Project_Settings/Startup_Code/startup.o
 .debug_macro   0x00000000       0xa3 ./Project_Settings/Startup_Code/startup.o
 .debug_macro   0x00000000       0x4a ./Project_Settings/Startup_Code/startup.o
 .debug_macro   0x00000000       0x52 ./Project_Settings/Startup_Code/startup.o
 .debug_macro   0x00000000       0x16 ./Project_Settings/Startup_Code/startup.o
 .debug_macro   0x00000000       0x43 ./Project_Settings/Startup_Code/startup.o
 .debug_macro   0x00000000      0x180 ./Project_Settings/Startup_Code/startup.o
 .debug_macro   0x00000000       0x16 ./Project_Settings/Startup_Code/startup.o
 .debug_macro   0x00000000       0x22 ./Project_Settings/Startup_Code/startup.o
 .debug_macro   0x00000000       0x16 ./Project_Settings/Startup_Code/startup.o
 .debug_macro   0x00000000      0x20f ./Project_Settings/Startup_Code/startup.o
 .debug_macro   0x00000000    0x174af ./Project_Settings/Startup_Code/startup.o
 .group         0x00000000        0x8 ./Generated_Code/Cpu.o
 .group         0x00000000        0x8 ./Generated_Code/Cpu.o
 .group         0x00000000        0x8 ./Generated_Code/Cpu.o
 .group         0x00000000        0x8 ./Generated_Code/Cpu.o
 .group         0x00000000        0x8 ./Generated_Code/Cpu.o
 .group         0x00000000        0x8 ./Generated_Code/Cpu.o
 .group         0x00000000        0x8 ./Generated_Code/Cpu.o
 .group         0x00000000        0x8 ./Generated_Code/Cpu.o
 .group         0x00000000        0x8 ./Generated_Code/Cpu.o
 .text          0x00000000        0x0 ./Generated_Code/Cpu.o
 .data          0x00000000        0x0 ./Generated_Code/Cpu.o
 .bss           0x00000000        0x0 ./Generated_Code/Cpu.o
 .debug_macro   0x00000000      0x850 ./Generated_Code/Cpu.o
 .debug_macro   0x00000000       0x16 ./Generated_Code/Cpu.o
 .debug_macro   0x00000000       0x44 ./Generated_Code/Cpu.o
 .debug_macro   0x00000000      0x209 ./Generated_Code/Cpu.o
 .debug_macro   0x00000000      0x14e ./Generated_Code/Cpu.o
 .debug_macro   0x00000000       0x64 ./Generated_Code/Cpu.o
 .debug_macro   0x00000000    0x174c1 ./Generated_Code/Cpu.o
 .debug_macro   0x00000000       0x9a ./Generated_Code/Cpu.o
 .debug_macro   0x00000000     0x17fa ./Generated_Code/Cpu.o
 .group         0x00000000        0x8 ./Generated_Code/PE_LDD.o
 .group         0x00000000        0x8 ./Generated_Code/PE_LDD.o
 .group         0x00000000        0x8 ./Generated_Code/PE_LDD.o
 .group         0x00000000        0x8 ./Generated_Code/PE_LDD.o
 .group         0x00000000        0x8 ./Generated_Code/PE_LDD.o
 .group         0x00000000        0x8 ./Generated_Code/PE_LDD.o
 .group         0x00000000        0x8 ./Generated_Code/PE_LDD.o
 .group         0x00000000        0x8 ./Generated_Code/PE_LDD.o
 .group         0x00000000        0x8 ./Generated_Code/PE_LDD.o
 .text          0x00000000        0x0 ./Generated_Code/PE_LDD.o
 .data          0x00000000        0x0 ./Generated_Code/PE_LDD.o
 .bss           0x00000000        0x0 ./Generated_Code/PE_LDD.o
 .rodata.PE_CpuClockConfigurations
                0x00000000       0x28 ./Generated_Code/PE_LDD.o
 .text.PE_FillMemory
                0x00000000       0x24 ./Generated_Code/PE_LDD.o
 .text.PE_PeripheralUsed
                0x00000000       0x18 ./Generated_Code/PE_LDD.o
 .text.LDD_SetClockConfiguration
                0x00000000       0x14 ./Generated_Code/PE_LDD.o
 .debug_info    0x00000000      0x215 ./Generated_Code/PE_LDD.o
 .debug_abbrev  0x00000000       0xf3 ./Generated_Code/PE_LDD.o
 .debug_aranges
                0x00000000       0x30 ./Generated_Code/PE_LDD.o
 .debug_ranges  0x00000000       0x20 ./Generated_Code/PE_LDD.o
 .debug_macro   0x00000000       0x93 ./Generated_Code/PE_LDD.o
 .debug_macro   0x00000000      0x850 ./Generated_Code/PE_LDD.o
 .debug_macro   0x00000000       0x16 ./Generated_Code/PE_LDD.o
 .debug_macro   0x00000000       0x44 ./Generated_Code/PE_LDD.o
 .debug_macro   0x00000000      0x209 ./Generated_Code/PE_LDD.o
 .debug_macro   0x00000000      0x14e ./Generated_Code/PE_LDD.o
 .debug_macro   0x00000000       0x64 ./Generated_Code/PE_LDD.o
 .debug_macro   0x00000000    0x174c1 ./Generated_Code/PE_LDD.o
 .debug_macro   0x00000000       0x9a ./Generated_Code/PE_LDD.o
 .debug_macro   0x00000000     0x17fa ./Generated_Code/PE_LDD.o
 .debug_line    0x00000000      0x224 ./Generated_Code/PE_LDD.o
 .debug_str     0x00000000    0x8a774 ./Generated_Code/PE_LDD.o
 .comment       0x00000000       0x71 ./Generated_Code/PE_LDD.o
 .ARM.attributes
                0x00000000       0x39 ./Generated_Code/PE_LDD.o
 .debug_frame   0x00000000       0x64 ./Generated_Code/PE_LDD.o
 .group         0x00000000        0x8 ./Generated_Code/Vectors.o
 .group         0x00000000        0x8 ./Generated_Code/Vectors.o
 .group         0x00000000        0x8 ./Generated_Code/Vectors.o
 .group         0x00000000        0x8 ./Generated_Code/Vectors.o
 .group         0x00000000        0x8 ./Generated_Code/Vectors.o
 .group         0x00000000        0x8 ./Generated_Code/Vectors.o
 .group         0x00000000        0x8 ./Generated_Code/Vectors.o
 .group         0x00000000        0x8 ./Generated_Code/Vectors.o
 .group         0x00000000        0x8 ./Generated_Code/Vectors.o
 .group         0x00000000        0x8 ./Generated_Code/Vectors.o
 .text          0x00000000        0x0 ./Generated_Code/Vectors.o
 .data          0x00000000        0x0 ./Generated_Code/Vectors.o
 .bss           0x00000000        0x0 ./Generated_Code/Vectors.o
 .debug_macro   0x00000000      0x850 ./Generated_Code/Vectors.o
 .debug_macro   0x00000000       0x16 ./Generated_Code/Vectors.o
 .debug_macro   0x00000000       0x44 ./Generated_Code/Vectors.o
 .debug_macro   0x00000000      0x209 ./Generated_Code/Vectors.o
 .debug_macro   0x00000000     0x17fa ./Generated_Code/Vectors.o
 .debug_macro   0x00000000      0x14e ./Generated_Code/Vectors.o
 .debug_macro   0x00000000       0x64 ./Generated_Code/Vectors.o
 .debug_macro   0x00000000    0x174c1 ./Generated_Code/Vectors.o
 .debug_macro   0x00000000       0x9a ./Generated_Code/Vectors.o
 .debug_macro   0x00000000       0x22 ./Generated_Code/Vectors.o
 .text          0x00000000        0x0 c:/freescale/kds_3.0.0/toolchain/bin/../lib/gcc/arm-none-eabi/4.8.4/../../../../arm-none-eabi/lib/armv7e-m/fpu\libg_s.a(lib_a-exit.o)
 .data          0x00000000        0x0 c:/freescale/kds_3.0.0/toolchain/bin/../lib/gcc/arm-none-eabi/4.8.4/../../../../arm-none-eabi/lib/armv7e-m/fpu\libg_s.a(lib_a-exit.o)
 .bss           0x00000000        0x0 c:/freescale/kds_3.0.0/toolchain/bin/../lib/gcc/arm-none-eabi/4.8.4/../../../../arm-none-eabi/lib/armv7e-m/fpu\libg_s.a(lib_a-exit.o)
 .text          0x00000000        0x0 c:/freescale/kds_3.0.0/toolchain/bin/../lib/gcc/arm-none-eabi/4.8.4/../../../../arm-none-eabi/lib/armv7e-m/fpu\libg_s.a(lib_a-impure.o)
 .data          0x00000000        0x0 c:/freescale/kds_3.0.0/toolchain/bin/../lib/gcc/arm-none-eabi/4.8.4/../../../../arm-none-eabi/lib/armv7e-m/fpu\libg_s.a(lib_a-impure.o)
 .bss           0x00000000        0x0 c:/freescale/kds_3.0.0/toolchain/bin/../lib/gcc/arm-none-eabi/4.8.4/../../../../arm-none-eabi/lib/armv7e-m/fpu\libg_s.a(lib_a-impure.o)
 .data._impure_ptr
                0x00000000        0x4 c:/freescale/kds_3.0.0/toolchain/bin/../lib/gcc/arm-none-eabi/4.8.4/../../../../arm-none-eabi/lib/armv7e-m/fpu\libg_s.a(lib_a-impure.o)
 .text          0x00000000        0x0 c:/freescale/kds_3.0.0/toolchain/bin/../lib/gcc/arm-none-eabi/4.8.4/../../../../arm-none-eabi/lib/armv7e-m/fpu\libg_s.a(lib_a-init.o)
 .data          0x00000000        0x0 c:/freescale/kds_3.0.0/toolchain/bin/../lib/gcc/arm-none-eabi/4.8.4/../../../../arm-none-eabi/lib/armv7e-m/fpu\libg_s.a(lib_a-init.o)
 .bss           0x00000000        0x0 c:/freescale/kds_3.0.0/toolchain/bin/../lib/gcc/arm-none-eabi/4.8.4/../../../../arm-none-eabi/lib/armv7e-m/fpu\libg_s.a(lib_a-init.o)
 .text          0x00000000        0x0 c:/freescale/kds_3.0.0/toolchain/bin/../lib/gcc/arm-none-eabi/4.8.4/../../../../arm-none-eabi/lib/armv7e-m/fpu\libg_s.a(lib_a-memset.o)
 .data          0x00000000        0x0 c:/freescale/kds_3.0.0/toolchain/bin/../lib/gcc/arm-none-eabi/4.8.4/../../../../arm-none-eabi/lib/armv7e-m/fpu\libg_s.a(lib_a-memset.o)
 .bss           0x00000000        0x0 c:/freescale/kds_3.0.0/toolchain/bin/../lib/gcc/arm-none-eabi/4.8.4/../../../../arm-none-eabi/lib/armv7e-m/fpu\libg_s.a(lib_a-memset.o)
 .text          0x00000000        0x0 c:/freescale/kds_3.0.0/toolchain/bin/../lib/gcc/arm-none-eabi/4.8.4/../../../../arm-none-eabi/lib/armv7e-m/fpu\libnosys.a(_exit.o)
 .data          0x00000000        0x0 c:/freescale/kds_3.0.0/toolchain/bin/../lib/gcc/arm-none-eabi/4.8.4/../../../../arm-none-eabi/lib/armv7e-m/fpu\libnosys.a(_exit.o)
 .bss           0x00000000        0x0 c:/freescale/kds_3.0.0/toolchain/bin/../lib/gcc/arm-none-eabi/4.8.4/../../../../arm-none-eabi/lib/armv7e-m/fpu\libnosys.a(_exit.o)
 .text          0x00000000        0x0 c:/freescale/kds_3.0.0/toolchain/bin/../lib/gcc/arm-none-eabi/4.8.4/armv7e-m/fpu/crtend.o
 .data          0x00000000        0x0 c:/freescale/kds_3.0.0/toolchain/bin/../lib/gcc/arm-none-eabi/4.8.4/armv7e-m/fpu/crtend.o
 .bss           0x00000000        0x0 c:/freescale/kds_3.0.0/toolchain/bin/../lib/gcc/arm-none-eabi/4.8.4/armv7e-m/fpu/crtend.o
 .eh_frame      0x00000000        0x4 c:/freescale/kds_3.0.0/toolchain/bin/../lib/gcc/arm-none-eabi/4.8.4/armv7e-m/fpu/crtend.o
 .jcr           0x00000000        0x4 c:/freescale/kds_3.0.0/toolchain/bin/../lib/gcc/arm-none-eabi/4.8.4/armv7e-m/fpu/crtend.o
 .ARM.attributes
                0x00000000       0x34 c:/freescale/kds_3.0.0/toolchain/bin/../lib/gcc/arm-none-eabi/4.8.4/armv7e-m/fpu/crtend.o
 .text          0x00000000        0x0 c:/freescale/kds_3.0.0/toolchain/bin/../lib/gcc/arm-none-eabi/4.8.4/armv7e-m/fpu/crtn.o
 .data          0x00000000        0x0 c:/freescale/kds_3.0.0/toolchain/bin/../lib/gcc/arm-none-eabi/4.8.4/armv7e-m/fpu/crtn.o
 .bss           0x00000000        0x0 c:/freescale/kds_3.0.0/toolchain/bin/../lib/gcc/arm-none-eabi/4.8.4/armv7e-m/fpu/crtn.o

Memory Configuration

Name             Origin             Length             Attributes
m_interrupts     0x00000000         0x000001e8         xr
m_text           0x00000410         0x0007fbf0         xr
m_data           0x1fff0000         0x00010000         rw
m_data_20000000  0x20000000         0x00010000         rw
m_cfmprotrom     0x00000400         0x00000010         xr
*default*        0x00000000         0xffffffff

Linker script and memory map

LOAD c:/freescale/kds_3.0.0/toolchain/bin/../lib/gcc/arm-none-eabi/4.8.4/armv7e-m/fpu/crti.o
LOAD c:/freescale/kds_3.0.0/toolchain/bin/../lib/gcc/arm-none-eabi/4.8.4/armv7e-m/fpu/crtbegin.o
LOAD c:/freescale/kds_3.0.0/toolchain/bin/../lib/gcc/arm-none-eabi/4.8.4/../../../../arm-none-eabi/lib/armv7e-m/fpu/crt0.o
LOAD ./Sources/Events.o
LOAD ./Sources/FIFO.o
LOAD ./Sources/FTM.o
LOAD ./Sources/LEDs.o
LOAD ./Sources/PIT.o
LOAD ./Sources/Packet.o
LOAD ./Sources/RTC.o
LOAD ./Sources/SPI.o
LOAD ./Sources/UART.o
LOAD ./Sources/analog.o
LOAD ./Sources/flash.o
LOAD ./Sources/main.o
LOAD ./Sources/median.o
LOAD ./Project_Settings/Startup_Code/startup.o
LOAD ./Generated_Code/Cpu.o
LOAD ./Generated_Code/PE_LDD.o
LOAD ./Generated_Code/Vectors.o
LOAD D:\Embedded\Lab4\Library\libLab3.a
LOAD c:/freescale/kds_3.0.0/toolchain/bin/../lib/gcc/arm-none-eabi/4.8.4/../../../../arm-none-eabi/lib/armv7e-m/fpu\libstdc++_s.a
LOAD c:/freescale/kds_3.0.0/toolchain/bin/../lib/gcc/arm-none-eabi/4.8.4/../../../../arm-none-eabi/lib/armv7e-m/fpu\libm.a
START GROUP
LOAD c:/freescale/kds_3.0.0/toolchain/bin/../lib/gcc/arm-none-eabi/4.8.4/armv7e-m/fpu\libgcc.a
LOAD c:/freescale/kds_3.0.0/toolchain/bin/../lib/gcc/arm-none-eabi/4.8.4/../../../../arm-none-eabi/lib/armv7e-m/fpu\libg_s.a
LOAD c:/freescale/kds_3.0.0/toolchain/bin/../lib/gcc/arm-none-eabi/4.8.4/../../../../arm-none-eabi/lib/armv7e-m/fpu\libc_s.a
END GROUP
START GROUP
LOAD c:/freescale/kds_3.0.0/toolchain/bin/../lib/gcc/arm-none-eabi/4.8.4/armv7e-m/fpu\libgcc.a
LOAD c:/freescale/kds_3.0.0/toolchain/bin/../lib/gcc/arm-none-eabi/4.8.4/../../../../arm-none-eabi/lib/armv7e-m/fpu\libc_s.a
LOAD c:/freescale/kds_3.0.0/toolchain/bin/../lib/gcc/arm-none-eabi/4.8.4/../../../../arm-none-eabi/lib/armv7e-m/fpu\libnosys.a
END GROUP
START GROUP
LOAD c:/freescale/kds_3.0.0/toolchain/bin/../lib/gcc/arm-none-eabi/4.8.4/armv7e-m/fpu\libgcc.a
LOAD c:/freescale/kds_3.0.0/toolchain/bin/../lib/gcc/arm-none-eabi/4.8.4/../../../../arm-none-eabi/lib/armv7e-m/fpu\libc_s.a
LOAD c:/freescale/kds_3.0.0/toolchain/bin/../lib/gcc/arm-none-eabi/4.8.4/../../../../arm-none-eabi/lib/armv7e-m/fpu\libnosys.a
END GROUP
LOAD c:/freescale/kds_3.0.0/toolchain/bin/../lib/gcc/arm-none-eabi/4.8.4/armv7e-m/fpu/crtend.o
LOAD c:/freescale/kds_3.0.0/toolchain/bin/../lib/gcc/arm-none-eabi/4.8.4/armv7e-m/fpu/crtn.o
                0x20000000                _estack = 0x20000000
                0x20000000                __SP_INIT = _estack
                0x20000000                __stack = _estack
                0x00000000                __heap_size = 0x0
                0x00000400                __stack_size = 0x400

.interrupts     0x00000000      0x1e8
                0x00000000                __vector_table = .
                0x00000000                . = ALIGN (0x4)
 *(.vectortable)
 .vectortable   0x00000000      0x1e8 ./Generated_Code/Vectors.o
                0x00000000                __vect_table
                0x000001e8                . = ALIGN (0x4)

.cfmprotect     0x00000400       0x10
                0x00000400                . = ALIGN (0x4)
 *(.cfmconfig)
 .cfmconfig     0x00000400       0x10 ./Generated_Code/Cpu.o
                0x00000400                _cfm
                0x00000410                . = ALIGN (0x4)

.text           0x00000410     0x2a74
                0x00000410                . = ALIGN (0x4)
 *(.text)
 .text          0x00000410       0x54 c:/freescale/kds_3.0.0/toolchain/bin/../lib/gcc/arm-none-eabi/4.8.4/armv7e-m/fpu/crtbegin.o
 .text          0x00000464       0x74 c:/freescale/kds_3.0.0/toolchain/bin/../lib/gcc/arm-none-eabi/4.8.4/../../../../arm-none-eabi/lib/armv7e-m/fpu/crt0.o
                0x00000464                _start
                0x00000464                _mainCRTStartup
 *(.text*)
 .text.FIFO_Init
                0x000004d8       0x34 ./Sources/FIFO.o
                0x000004d8                FIFO_Init
 .text.FIFO_Put
                0x0000050c       0xc0 ./Sources/FIFO.o
                0x0000050c                FIFO_Put
 .text.FIFO_Get
                0x000005cc       0xc0 ./Sources/FIFO.o
                0x000005cc                FIFO_Get
 .text.FTM_Init
                0x0000068c       0x80 ./Sources/FTM.o
                0x0000068c                FTM_Init
 .text.FTM_Set  0x0000070c      0x188 ./Sources/FTM.o
                0x0000070c                FTM_Set
 .text.FTM_StartTimer
                0x00000894       0xac ./Sources/FTM.o
                0x00000894                FTM_StartTimer
 .text.FTM0_ISR
                0x00000940       0x88 ./Sources/FTM.o
                0x00000940                FTM0_ISR
 .text.LEDs_Init
                0x000009c8       0xc0 ./Sources/LEDs.o
                0x000009c8                LEDs_Init
 .text.LEDs_On  0x00000a88       0x1c ./Sources/LEDs.o
                0x00000a88                LEDs_On
 .text.LEDs_Off
                0x00000aa4       0x1c ./Sources/LEDs.o
                0x00000aa4                LEDs_Off
 .text.LEDs_Toggle
                0x00000ac0       0x1c ./Sources/LEDs.o
                0x00000ac0                LEDs_Toggle
 .text.PIT_Init
                0x00000adc       0x94 ./Sources/PIT.o
                0x00000adc                PIT_Init
 .text.PIT_Set  0x00000b70       0xac ./Sources/PIT.o
                0x00000b70                PIT_Set
 .text.PIT_Enable
                0x00000c1c       0x38 ./Sources/PIT.o
                0x00000c1c                PIT_Enable
 .text.PIT_ISR  0x00000c54       0x48 ./Sources/PIT.o
                0x00000c54                PIT_ISR
 .text.Packet_Init
                0x00000c9c       0x1c ./Sources/Packet.o
                0x00000c9c                Packet_Init
 .text.Packet_Get
                0x00000cb8      0x128 ./Sources/Packet.o
                0x00000cb8                Packet_Get
 .text.Packet_Put
                0x00000de0       0xc4 ./Sources/Packet.o
                0x00000de0                Packet_Put
 .text.CalculateChecksum
                0x00000ea4       0x30 ./Sources/Packet.o
 .text.RTC_Init
                0x00000ed4      0x148 ./Sources/RTC.o
                0x00000ed4                RTC_Init
 .text.RTC_Set  0x0000101c       0x74 ./Sources/RTC.o
                0x0000101c                RTC_Set
 .text.RTC_Get  0x00001090       0xa0 ./Sources/RTC.o
                0x00001090                RTC_Get
 .text.RTC_ISR  0x00001130       0x34 ./Sources/RTC.o
                0x00001130                RTC_ISR
 .text.CalculateDelay
                0x00001164      0x124 ./Sources/SPI.o
                0x00001164                CalculateDelay
 .text.CalculateBaud
                0x00001288      0x124 ./Sources/SPI.o
                0x00001288                CalculateBaud
 .text.SPI_Init
                0x000013ac      0x208 ./Sources/SPI.o
                0x000013ac                SPI_Init
 .text.SPI_SelectSlaveDevice
                0x000015b4       0xa8 ./Sources/SPI.o
                0x000015b4                SPI_SelectSlaveDevice
 .text.SPI_Exchange
                0x0000165c       0x6c ./Sources/SPI.o
                0x0000165c                SPI_Exchange
 .text.UART_Init
                0x000016c8      0x170 ./Sources/UART.o
                0x000016c8                UART_Init
 .text.UART_InChar
                0x00001838       0x20 ./Sources/UART.o
                0x00001838                UART_InChar
 .text.UART_OutChar
                0x00001858       0x40 ./Sources/UART.o
                0x00001858                UART_OutChar
 .text.UART_ISR
                0x00001898       0x84 ./Sources/UART.o
                0x00001898                UART_ISR
 .text.Analog_Init
                0x0000191c       0xc0 ./Sources/analog.o
                0x0000191c                Analog_Init
 .text.getMedian
                0x000019dc       0x60 ./Sources/analog.o
                0x000019dc                getMedian
 .text.Analog_Get
                0x00001a3c      0x12c ./Sources/analog.o
                0x00001a3c                Analog_Get
 .text.Flash_Init
                0x00001b68       0x10 ./Sources/flash.o
                0x00001b68                Flash_Init
 .text.Flash_AllocateVar
                0x00001b78      0x164 ./Sources/flash.o
                0x00001b78                Flash_AllocateVar
 .text.Flash_Write32
                0x00001cdc       0x6c ./Sources/flash.o
                0x00001cdc                Flash_Write32
 .text.Flash_Write16
                0x00001d48       0x6c ./Sources/flash.o
                0x00001d48                Flash_Write16
 .text.Flash_Write8
                0x00001db4       0x60 ./Sources/flash.o
                0x00001db4                Flash_Write8
 .text.Flash_Erase
                0x00001e14       0x10 ./Sources/flash.o
                0x00001e14                Flash_Erase
 .text.ModifyPhrase
                0x00001e24       0x30 ./Sources/flash.o
 .text.EraseSector
                0x00001e54       0x2c ./Sources/flash.o
 .text.LaunchCommand
                0x00001e80       0xd4 ./Sources/flash.o
 .text.WritePhrase
                0x00001f54       0x40 ./Sources/flash.o
 .text.LoadAddress
                0x00001f94       0x34 ./Sources/flash.o
 .text.LoadData
                0x00001fc8       0x5c ./Sources/flash.o
 .text.HandleProgramPacket
                0x00002024       0x58 ./Sources/main.o
 .text.HandleReadPacket
                0x0000207c       0x54 ./Sources/main.o
 .text.HandleVersionPacket
                0x000020d0       0x48 ./Sources/main.o
 .text.HandleNumberPacket
                0x00002118       0x7c ./Sources/main.o
 .text.HandleModePacket
                0x00002194       0x7c ./Sources/main.o
 .text.HandleTimePacket
                0x00002210       0x40 ./Sources/main.o
 .text.HandleProtocolPacket
                0x00002250       0xb8 ./Sources/main.o
 .text.HandleSpecialPacket
                0x00002308       0xf0 ./Sources/main.o
 .text.HandlePacket
                0x000023f8      0x108 ./Sources/main.o
 .text.TowerNumberModeInit
                0x00002500       0x78 ./Sources/main.o
 .text.PITCallback
                0x00002578       0xe0 ./Sources/main.o
 .text.RTCCallback
                0x00002658       0x44 ./Sources/main.o
 .text.FTM0CH0Callback
                0x0000269c       0x18 ./Sources/main.o
 .text.CH01SecondTimerInit
                0x000026b4       0x3c ./Sources/main.o
 .text.main     0x000026f0       0xa0 ./Sources/main.o
                0x000026f0                main
 .text.Median_Filter
                0x00002790      0x124 ./Sources/median.o
                0x00002790                Median_Filter
 .text.__copy_rom_section
                0x000028b4       0xe4 ./Project_Settings/Startup_Code/startup.o
                0x000028b4                __copy_rom_section
 .text.__copy_rom_sections_to_ram
                0x00002998       0x9c ./Project_Settings/Startup_Code/startup.o
                0x00002998                __copy_rom_sections_to_ram
 .text.__init_registers
                0x00002a34       0x20 ./Project_Settings/Startup_Code/startup.o
                0x00002a34                __init_registers
 .text.__init_user
                0x00002a54        0xc ./Project_Settings/Startup_Code/startup.o
                0x00002a54                __init_user
 .text.__thumb_startup
                0x00002a60       0x34 ./Project_Settings/Startup_Code/startup.o
                0x00002a60                __thumb_startup
 .text.Cpu_Interrupt
                0x00002a94       0x18 ./Generated_Code/Cpu.o
                0x00002a94                Cpu_Interrupt
 .text.__init_hardware
                0x00002aac      0x1cc ./Generated_Code/Cpu.o
                0x00002aac                __init_hardware
 .text.Cpu_SetBASEPRI
                0x00002c78       0x18 ./Generated_Code/Cpu.o
                0x00002c78                Cpu_SetBASEPRI
 .text.PE_low_level_init
                0x00002c90       0xe4 ./Generated_Code/Cpu.o
                0x00002c90                PE_low_level_init
 .text.exit     0x00002d74       0x28 c:/freescale/kds_3.0.0/toolchain/bin/../lib/gcc/arm-none-eabi/4.8.4/../../../../arm-none-eabi/lib/armv7e-m/fpu\libg_s.a(lib_a-exit.o)
                0x00002d74                exit
 .text.__libc_init_array
                0x00002d9c       0x4c c:/freescale/kds_3.0.0/toolchain/bin/../lib/gcc/arm-none-eabi/4.8.4/../../../../arm-none-eabi/lib/armv7e-m/fpu\libg_s.a(lib_a-init.o)
                0x00002d9c                __libc_init_array
 .text.memset   0x00002de8       0x10 c:/freescale/kds_3.0.0/toolchain/bin/../lib/gcc/arm-none-eabi/4.8.4/../../../../arm-none-eabi/lib/armv7e-m/fpu\libg_s.a(lib_a-memset.o)
                0x00002de8                memset
 .text._exit    0x00002df8        0x4 c:/freescale/kds_3.0.0/toolchain/bin/../lib/gcc/arm-none-eabi/4.8.4/../../../../arm-none-eabi/lib/armv7e-m/fpu\libnosys.a(_exit.o)
                0x00002df8                _exit
 *(.rodata)
 .rodata        0x00002dfc       0x68 ./Sources/SPI.o
 *(.rodata*)
 .rodata.PACKET_ACK_MASK
                0x00002e64        0x1 ./Sources/Packet.o
                0x00002e64                PACKET_ACK_MASK
 .rodata.str1.1
                0x00002e65        0x2 c:/freescale/kds_3.0.0/toolchain/bin/../lib/gcc/arm-none-eabi/4.8.4/../../../../arm-none-eabi/lib/armv7e-m/fpu\libg_s.a(lib_a-impure.o)
 *fill*         0x00002e67        0x1 
 .rodata._global_impure_ptr
                0x00002e68        0x4 c:/freescale/kds_3.0.0/toolchain/bin/../lib/gcc/arm-none-eabi/4.8.4/../../../../arm-none-eabi/lib/armv7e-m/fpu\libg_s.a(lib_a-impure.o)
                0x00002e68                _global_impure_ptr
 *(.glue_7)
 .glue_7        0x00000000        0x0 linker stubs
 *(.glue_7t)
 .glue_7t       0x00000000        0x0 linker stubs
 *(.eh_frame)
 .eh_frame      0x00002e6c        0x0 c:/freescale/kds_3.0.0/toolchain/bin/../lib/gcc/arm-none-eabi/4.8.4/armv7e-m/fpu/crtbegin.o
 *(.init)
 .init          0x00002e6c        0x4 c:/freescale/kds_3.0.0/toolchain/bin/../lib/gcc/arm-none-eabi/4.8.4/armv7e-m/fpu/crti.o
                0x00002e6c                _init
 .init          0x00002e70        0x8 c:/freescale/kds_3.0.0/toolchain/bin/../lib/gcc/arm-none-eabi/4.8.4/armv7e-m/fpu/crtn.o
 *(.fini)
 .fini          0x00002e78        0x4 c:/freescale/kds_3.0.0/toolchain/bin/../lib/gcc/arm-none-eabi/4.8.4/armv7e-m/fpu/crti.o
                0x00002e78                _fini
 .fini          0x00002e7c        0x8 c:/freescale/kds_3.0.0/toolchain/bin/../lib/gcc/arm-none-eabi/4.8.4/armv7e-m/fpu/crtn.o
                0x00002e84                . = ALIGN (0x4)
                0x00002e84                _etext = .

.vfp11_veneer   0x00002e84        0x0
 .vfp11_veneer  0x00000000        0x0 linker stubs

.v4_bx          0x00002e84        0x0
 .v4_bx         0x00000000        0x0 linker stubs

.iplt           0x00002e84        0x0
 .iplt          0x00000000        0x0 c:/freescale/kds_3.0.0/toolchain/bin/../lib/gcc/arm-none-eabi/4.8.4/armv7e-m/fpu/crtbegin.o

.ARM.extab
 *(.ARM.extab* .gnu.linkonce.armextab.*)

.ARM            0x00002e84        0x8
                0x00002e84                __exidx_start = .
 *(.ARM.exidx*)
 .ARM.exidx     0x00002e84        0x8 c:/freescale/kds_3.0.0/toolchain/bin/../lib/gcc/arm-none-eabi/4.8.4/../../../../arm-none-eabi/lib/armv7e-m/fpu/crt0.o
                0x00002e8c                __exidx_end = .

.rel.dyn        0x00002e8c        0x0
 .rel.iplt      0x00000000        0x0 c:/freescale/kds_3.0.0/toolchain/bin/../lib/gcc/arm-none-eabi/4.8.4/armv7e-m/fpu/crtbegin.o

.ctors          0x00002e8c        0x0
                0x00002e8c                __CTOR_LIST__ = .
 *crtbegin.o(.ctors)
 *(EXCLUDE_FILE(*crtend.o) .ctors)
 *(SORT(.ctors.*))
 *(.ctors)
                0x00002e8c                __CTOR_END__ = .

.dtors          0x00002e8c        0x0
                0x00002e8c                __DTOR_LIST__ = .
 *crtbegin.o(.dtors)
 *(EXCLUDE_FILE(*crtend.o) .dtors)
 *(SORT(.dtors.*))
 *(.dtors)
                0x00002e8c                __DTOR_END__ = .

.preinit_array  0x00002e8c        0x0
                0x00002e8c                PROVIDE (__preinit_array_start, .)
 *(.preinit_array*)
                0x00002e8c                PROVIDE (__preinit_array_end, .)

.init_array     0x00002e8c        0x4
                0x00002e8c                PROVIDE (__init_array_start, .)
 *(SORT(.init_array.*))
 *(.init_array*)
 .init_array    0x00002e8c        0x4 c:/freescale/kds_3.0.0/toolchain/bin/../lib/gcc/arm-none-eabi/4.8.4/armv7e-m/fpu/crtbegin.o
                0x00002e90                PROVIDE (__init_array_end, .)

.fini_array     0x00002e90        0x4
                0x00002e90                PROVIDE (__fini_array_start, .)
 *(SORT(.fini_array.*))
 *(.fini_array*)
 .fini_array    0x00002e90        0x4 c:/freescale/kds_3.0.0/toolchain/bin/../lib/gcc/arm-none-eabi/4.8.4/armv7e-m/fpu/crtbegin.o
                0x00002e94                PROVIDE (__fini_array_end, .)
                0x00002e94                ___ROM_AT = .

.data           0x1fff0000       0x60 load address 0x00002e94
                0x1fff0000                . = ALIGN (0x4)
                0x1fff0000                _sdata = .
 *(.data)
 *(.data*)
 .data.impure_data
                0x1fff0000       0x60 c:/freescale/kds_3.0.0/toolchain/bin/../lib/gcc/arm-none-eabi/4.8.4/../../../../arm-none-eabi/lib/armv7e-m/fpu\libg_s.a(lib_a-impure.o)
                0x1fff0060                . = ALIGN (0x4)
                0x1fff0060                _edata = .
                0x00000060                ___data_size = (_edata - _sdata)
                0x00002ef4                ___m_data_20000000_ROMStart = (___ROM_AT + SIZEOF (.data))

.jcr            0x1fff0060        0x0 load address 0x00002ef4
 .jcr           0x1fff0060        0x0 c:/freescale/kds_3.0.0/toolchain/bin/../lib/gcc/arm-none-eabi/4.8.4/armv7e-m/fpu/crtbegin.o

.igot.plt       0x1fff0060        0x0 load address 0x00002ef4
 .igot.plt      0x00000000        0x0 c:/freescale/kds_3.0.0/toolchain/bin/../lib/gcc/arm-none-eabi/4.8.4/armv7e-m/fpu/crtbegin.o

.m_data_20000000
                0x20000000        0x0 load address 0x00002ef4
                0x20000000                . = ALIGN (0x4)
                0x20000000                ___m_data_20000000_RAMStart = .
 *(.m_data_20000000)
                0x20000000                ___m_data_20000000_RAMEnd = .
                0x20000000                . = ALIGN (0x4)
                0x00000000                ___m_data_20000000_ROMSize = (___m_data_20000000_RAMEnd - ___m_data_20000000_RAMStart)
                0x20000000                . = ALIGN (0x4)

.bss            0x1fff0060      0x2d8 load address 0x00002ef4
                0x1fff0060                __START_BSS = .
                0x1fff0060                PROVIDE (__bss_start__, __START_BSS)
 *(.bss)
 .bss           0x1fff0060       0x1c c:/freescale/kds_3.0.0/toolchain/bin/../lib/gcc/arm-none-eabi/4.8.4/armv7e-m/fpu/crtbegin.o
 *(.bss*)
 .bss.CallBackFunctions
                0x1fff007c       0x20 ./Sources/FTM.o
 .bss.CallBackArgument
                0x1fff009c       0x20 ./Sources/FTM.o
 .bss.ModuleClk
                0x1fff00bc        0x4 ./Sources/PIT.o
 .bss.CallBack  0x1fff00c0        0x4 ./Sources/PIT.o
 .bss.CallBackArgument
                0x1fff00c4        0x4 ./Sources/PIT.o
 .bss.state.6577
                0x1fff00c8        0x1 ./Sources/Packet.o
 *fill*         0x1fff00c9        0x3 
 .bss.CallBack  0x1fff00cc        0x4 ./Sources/RTC.o
 .bss.CallBackArgument
                0x1fff00d0        0x4 ./Sources/RTC.o
 .bss.TxFIFO    0x1fff00d4      0x108 ./Sources/UART.o
 .bss.RxFIFO    0x1fff01dc      0x108 ./Sources/UART.o
 .bss.position1.6569
                0x1fff02e4        0x1 ./Sources/analog.o
 .bss.position0.6568
                0x1fff02e5        0x1 ./Sources/analog.o
 .bss.addressAllocationStorage.6565
                0x1fff02e6        0x1 ./Sources/flash.o
 *fill*         0x1fff02e7        0x1 
 .bss.Ch0       0x1fff02e8       0x10 ./Sources/main.o
 .bss.synchronous
                0x1fff02f8        0x1 ./Sources/main.o
 .bss.ledToggleCount.6720
                0x1fff02f9        0x1 ./Sources/main.o
 .bss.SR_lock   0x1fff02fa        0x1 ./Generated_Code/Cpu.o
                0x1fff02fa                SR_lock
 *(COMMON)
 *fill*         0x1fff02fb        0x1 
 COMMON         0x1fff02fc        0x5 ./Sources/Packet.o
                0x1fff02fc                Packet
 *fill*         0x1fff0301        0x3 
 COMMON         0x1fff0304        0x4 ./Sources/SPI.o
                0x1fff0304                PUSHR_DATA
 COMMON         0x1fff0308       0x24 ./Sources/analog.o
                0x1fff0308                Analog_Input
 COMMON         0x1fff032c        0x8 ./Sources/main.o
                0x1fff032c                NvTowerMd
                0x1fff0330                NvTowerNb
 COMMON         0x1fff0334        0x1 ./Generated_Code/Cpu.o
                0x1fff0334                SR_reg
                0x1fff0338                . = ALIGN (0x4)
 *fill*         0x1fff0335        0x3 
                0x1fff0338                __END_BSS = .
                0x1fff0338                PROVIDE (__bss_end__, __END_BSS)
                0x00002ef4                _romp_at = ((___ROM_AT + SIZEOF (.data)) + SIZEOF (.m_data_20000000))

.romp           0x1fff0338       0x24 load address 0x00002ef4
                0x00002ef4                __S_romp = _romp_at
                0x1fff0338        0x4 LONG 0x2e94 ___ROM_AT
                0x1fff033c        0x4 LONG 0x1fff0000 _sdata
                0x1fff0340        0x4 LONG 0x60 ___data_size
                0x1fff0344        0x4 LONG 0x2ef4 ___m_data_20000000_ROMStart
                0x1fff0348        0x4 LONG 0x20000000 ___m_data_20000000_RAMStart
                0x1fff034c        0x4 LONG 0x0 ___m_data_20000000_ROMSize
                0x1fff0350        0x4 LONG 0x0
                0x1fff0354        0x4 LONG 0x0
                0x1fff0358        0x4 LONG 0x0

._user_heap_stack
                0x1fff035c      0x400 load address 0x00002f18
                0x1fff035c                . = ALIGN (0x4)
                0x1fff035c                PROVIDE (end, .)
                0x1fff035c                PROVIDE (_end, .)
                0x1fff035c                __heap_addr = .
                0x1fff035c                __HeapBase = .
                0x1fff035c                . = (. + __heap_size)
                0x1fff035c                __HeapLimit = .
                0x1fff075c                . = (. + __stack_size)
 *fill*         0x1fff035c      0x400 
                0x1fff075c                . = ALIGN (0x4)

.ARM.attributes
                0x00000000       0x30
 *(.ARM.attributes)
 .ARM.attributes
                0x00000000       0x22 c:/freescale/kds_3.0.0/toolchain/bin/../lib/gcc/arm-none-eabi/4.8.4/armv7e-m/fpu/crti.o
 .ARM.attributes
                0x00000022       0x34 c:/freescale/kds_3.0.0/toolchain/bin/../lib/gcc/arm-none-eabi/4.8.4/armv7e-m/fpu/crtbegin.o
 .ARM.attributes
                0x00000056       0x20 c:/freescale/kds_3.0.0/toolchain/bin/../lib/gcc/arm-none-eabi/4.8.4/../../../../arm-none-eabi/lib/armv7e-m/fpu/crt0.o
 .ARM.attributes
                0x00000076       0x39 ./Sources/FIFO.o
 .ARM.attributes
                0x000000af       0x39 ./Sources/FTM.o
 .ARM.attributes
                0x000000e8       0x39 ./Sources/LEDs.o
 .ARM.attributes
                0x00000121       0x39 ./Sources/PIT.o
 .ARM.attributes
                0x0000015a       0x39 ./Sources/Packet.o
 .ARM.attributes
                0x00000193       0x39 ./Sources/RTC.o
 .ARM.attributes
                0x000001cc       0x39 ./Sources/SPI.o
 .ARM.attributes
                0x00000205       0x39 ./Sources/UART.o
 .ARM.attributes
                0x0000023e       0x39 ./Sources/analog.o
 .ARM.attributes
                0x00000277       0x39 ./Sources/flash.o
 .ARM.attributes
                0x000002b0       0x39 ./Sources/main.o
 .ARM.attributes
                0x000002e9       0x39 ./Sources/median.o
 .ARM.attributes
                0x00000322       0x39 ./Project_Settings/Startup_Code/startup.o
 .ARM.attributes
                0x0000035b       0x39 ./Generated_Code/Cpu.o
 .ARM.attributes
                0x00000394       0x39 ./Generated_Code/Vectors.o
 .ARM.attributes
                0x000003cd       0x34 c:/freescale/kds_3.0.0/toolchain/bin/../lib/gcc/arm-none-eabi/4.8.4/../../../../arm-none-eabi/lib/armv7e-m/fpu\libg_s.a(lib_a-exit.o)
 .ARM.attributes
                0x00000401       0x34 c:/freescale/kds_3.0.0/toolchain/bin/../lib/gcc/arm-none-eabi/4.8.4/../../../../arm-none-eabi/lib/armv7e-m/fpu\libg_s.a(lib_a-impure.o)
 .ARM.attributes
                0x00000435       0x34 c:/freescale/kds_3.0.0/toolchain/bin/../lib/gcc/arm-none-eabi/4.8.4/../../../../arm-none-eabi/lib/armv7e-m/fpu\libg_s.a(lib_a-init.o)
 .ARM.attributes
                0x00000469       0x34 c:/freescale/kds_3.0.0/toolchain/bin/../lib/gcc/arm-none-eabi/4.8.4/../../../../arm-none-eabi/lib/armv7e-m/fpu\libg_s.a(lib_a-memset.o)
 .ARM.attributes
                0x0000049d       0x34 c:/freescale/kds_3.0.0/toolchain/bin/../lib/gcc/arm-none-eabi/4.8.4/../../../../arm-none-eabi/lib/armv7e-m/fpu\libnosys.a(_exit.o)
 .ARM.attributes
                0x000004d1       0x22 c:/freescale/kds_3.0.0/toolchain/bin/../lib/gcc/arm-none-eabi/4.8.4/armv7e-m/fpu/crtn.o
OUTPUT(Project.elf elf32-littlearm)

.debug_info     0x00000000     0x537c
 .debug_info    0x00000000      0x20c ./Sources/FIFO.o
 .debug_info    0x0000020c      0x79c ./Sources/FTM.o
 .debug_info    0x000009a8      0x497 ./Sources/LEDs.o
 .debug_info    0x00000e3f      0x5c2 ./Sources/PIT.o
 .debug_info    0x00001401      0x340 ./Sources/Packet.o
 .debug_info    0x00001741      0x652 ./Sources/RTC.o
 .debug_info    0x00001d93      0x890 ./Sources/SPI.o
 .debug_info    0x00002623      0x8ff ./Sources/UART.o
 .debug_info    0x00002f22      0x325 ./Sources/analog.o
 .debug_info    0x00003247      0x744 ./Sources/flash.o
 .debug_info    0x0000398b      0x74a ./Sources/main.o
 .debug_info    0x000040d5      0x166 ./Sources/median.o
 .debug_info    0x0000423b      0x3b0 ./Project_Settings/Startup_Code/startup.o
 .debug_info    0x000045eb      0xc82 ./Generated_Code/Cpu.o
 .debug_info    0x0000526d      0x10f ./Generated_Code/Vectors.o

.debug_abbrev   0x00000000     0x14ce
 .debug_abbrev  0x00000000       0xe2 ./Sources/FIFO.o
 .debug_abbrev  0x000000e2      0x1d8 ./Sources/FTM.o
 .debug_abbrev  0x000002ba      0x144 ./Sources/LEDs.o
 .debug_abbrev  0x000003fe      0x16e ./Sources/PIT.o
 .debug_abbrev  0x0000056c      0x10f ./Sources/Packet.o
 .debug_abbrev  0x0000067b      0x17b ./Sources/RTC.o
 .debug_abbrev  0x000007f6      0x1b8 ./Sources/SPI.o
 .debug_abbrev  0x000009ae      0x184 ./Sources/UART.o
 .debug_abbrev  0x00000b32      0x11e ./Sources/analog.o
 .debug_abbrev  0x00000c50      0x232 ./Sources/flash.o
 .debug_abbrev  0x00000e82      0x1e1 ./Sources/main.o
 .debug_abbrev  0x00001063       0xb9 ./Sources/median.o
 .debug_abbrev  0x0000111c      0x189 ./Project_Settings/Startup_Code/startup.o
 .debug_abbrev  0x000012a5      0x185 ./Generated_Code/Cpu.o
 .debug_abbrev  0x0000142a       0xa4 ./Generated_Code/Vectors.o

.debug_aranges  0x00000000      0x3c0
 .debug_aranges
                0x00000000       0x30 ./Sources/FIFO.o
 .debug_aranges
                0x00000030       0x38 ./Sources/FTM.o
 .debug_aranges
                0x00000068       0x38 ./Sources/LEDs.o
 .debug_aranges
                0x000000a0       0x38 ./Sources/PIT.o
 .debug_aranges
                0x000000d8       0x38 ./Sources/Packet.o
 .debug_aranges
                0x00000110       0x38 ./Sources/RTC.o
 .debug_aranges
                0x00000148       0x40 ./Sources/SPI.o
 .debug_aranges
                0x00000188       0x40 ./Sources/UART.o
 .debug_aranges
                0x000001c8       0x30 ./Sources/analog.o
 .debug_aranges
                0x000001f8       0x78 ./Sources/flash.o
 .debug_aranges
                0x00000270       0x90 ./Sources/main.o
 .debug_aranges
                0x00000300       0x20 ./Sources/median.o
 .debug_aranges
                0x00000320       0x50 ./Project_Settings/Startup_Code/startup.o
 .debug_aranges
                0x00000370       0x38 ./Generated_Code/Cpu.o
 .debug_aranges
                0x000003a8       0x18 ./Generated_Code/Vectors.o

.debug_ranges   0x00000000      0x2c8
 .debug_ranges  0x00000000       0x20 ./Sources/FIFO.o
 .debug_ranges  0x00000020       0x28 ./Sources/FTM.o
 .debug_ranges  0x00000048       0x28 ./Sources/LEDs.o
 .debug_ranges  0x00000070       0x28 ./Sources/PIT.o
 .debug_ranges  0x00000098       0x28 ./Sources/Packet.o
 .debug_ranges  0x000000c0       0x28 ./Sources/RTC.o
 .debug_ranges  0x000000e8       0x30 ./Sources/SPI.o
 .debug_ranges  0x00000118       0x30 ./Sources/UART.o
 .debug_ranges  0x00000148       0x20 ./Sources/analog.o
 .debug_ranges  0x00000168       0x68 ./Sources/flash.o
 .debug_ranges  0x000001d0       0x80 ./Sources/main.o
 .debug_ranges  0x00000250       0x10 ./Sources/median.o
 .debug_ranges  0x00000260       0x40 ./Project_Settings/Startup_Code/startup.o
 .debug_ranges  0x000002a0       0x28 ./Generated_Code/Cpu.o

.debug_macro    0x00000000    0x1bd6b
 .debug_macro   0x00000000       0xac ./Sources/FIFO.o
 .debug_macro   0x000000ac       0x22 ./Sources/FIFO.o
 .debug_macro   0x000000ce       0xb0 ./Sources/FTM.o
 .debug_macro   0x0000017e       0xaa ./Sources/LEDs.o
 .debug_macro   0x00000228     0x17fa ./Sources/LEDs.o
 .debug_macro   0x00001a22       0xb4 ./Sources/PIT.o
 .debug_macro   0x00001ad6       0xb5 ./Sources/Packet.o
 .debug_macro   0x00001b8b       0x34 ./Sources/Packet.o
 .debug_macro   0x00001bbf       0xaa ./Sources/RTC.o
 .debug_macro   0x00001c69      0x141 ./Sources/SPI.o
 .debug_macro   0x00001daa       0x58 ./Sources/SPI.o
 .debug_macro   0x00001e02       0x35 ./Sources/SPI.o
 .debug_macro   0x00001e37       0xa3 ./Sources/SPI.o
 .debug_macro   0x00001eda       0x16 ./Sources/SPI.o
 .debug_macro   0x00001ef0      0x10e ./Sources/SPI.o
 .debug_macro   0x00001ffe       0x7f ./Sources/SPI.o
 .debug_macro   0x0000207d       0x4a ./Sources/SPI.o
 .debug_macro   0x000020c7       0x52 ./Sources/SPI.o
 .debug_macro   0x00002119       0x16 ./Sources/SPI.o
 .debug_macro   0x0000212f       0x43 ./Sources/SPI.o
 .debug_macro   0x00002172      0x180 ./Sources/SPI.o
 .debug_macro   0x000022f2       0x22 ./Sources/SPI.o
 .debug_macro   0x00002314      0x20f ./Sources/SPI.o
 .debug_macro   0x00002523     0x17f4 ./Sources/SPI.o
 .debug_macro   0x00003d17       0xb8 ./Sources/UART.o
 .debug_macro   0x00003dcf       0x16 ./Sources/UART.o
 .debug_macro   0x00003de5    0x174af ./Sources/UART.o
 .debug_macro   0x0001b294       0x10 ./Sources/UART.o
 .debug_macro   0x0001b2a4       0xe9 ./Sources/analog.o
 .debug_macro   0x0001b38d       0x16 ./Sources/analog.o
 .debug_macro   0x0001b3a3       0xb5 ./Sources/flash.o
 .debug_macro   0x0001b458       0x28 ./Sources/flash.o
 .debug_macro   0x0001b480      0x139 ./Sources/main.o
 .debug_macro   0x0001b5b9       0x3a ./Sources/main.o
 .debug_macro   0x0001b5f3       0x2e ./Sources/main.o
 .debug_macro   0x0001b621       0x55 ./Sources/median.o
 .debug_macro   0x0001b676      0x121 ./Project_Settings/Startup_Code/startup.o
 .debug_macro   0x0001b797      0x166 ./Project_Settings/Startup_Code/startup.o
 .debug_macro   0x0001b8fd      0x2a6 ./Project_Settings/Startup_Code/startup.o
 .debug_macro   0x0001bba3       0x10 ./Project_Settings/Startup_Code/startup.o
 .debug_macro   0x0001bbb3       0x35 ./Project_Settings/Startup_Code/startup.o
 .debug_macro   0x0001bbe8       0xa5 ./Generated_Code/Cpu.o
 .debug_macro   0x0001bc8d       0xde ./Generated_Code/Vectors.o

.debug_line     0x00000000     0x2b87
 .debug_line    0x00000000      0x28b ./Sources/FIFO.o
 .debug_line    0x0000028b      0x2af ./Sources/FTM.o
 .debug_line    0x0000053a      0x272 ./Sources/LEDs.o
 .debug_line    0x000007ac      0x283 ./Sources/PIT.o
 .debug_line    0x00000a2f      0x2b2 ./Sources/Packet.o
 .debug_line    0x00000ce1      0x29a ./Sources/RTC.o
 .debug_line    0x00000f7b      0x37d ./Sources/SPI.o
 .debug_line    0x000012f8      0x2b5 ./Sources/UART.o
 .debug_line    0x000015ad      0x2a3 ./Sources/analog.o
 .debug_line    0x00001850      0x3bd ./Sources/flash.o
 .debug_line    0x00001c0d      0x490 ./Sources/main.o
 .debug_line    0x0000209d      0x1be ./Sources/median.o
 .debug_line    0x0000225b      0x3a2 ./Project_Settings/Startup_Code/startup.o
 .debug_line    0x000025fd      0x2dd ./Generated_Code/Cpu.o
 .debug_line    0x000028da      0x2ad ./Generated_Code/Vectors.o

.debug_str      0x00000000    0x8e084
 .debug_str     0x00000000    0x8a55d ./Sources/FIFO.o
                              0x8a6c7 (size before relaxing)
 .debug_str     0x0008a55d      0x3d9 ./Sources/FTM.o
                              0x8aa3d (size before relaxing)
 .debug_str     0x0008a936       0xe9 ./Sources/LEDs.o
                              0x8a7fb (size before relaxing)
 .debug_str     0x0008aa1f       0xc7 ./Sources/PIT.o
                              0x8a86e (size before relaxing)
 .debug_str     0x0008aae6      0x29c ./Sources/Packet.o
                              0x8a961 (size before relaxing)
 .debug_str     0x0008ad82       0x83 ./Sources/RTC.o
                              0x8a840 (size before relaxing)
 .debug_str     0x0008ae05     0x1793 ./Sources/SPI.o
                              0x8bfc3 (size before relaxing)
 .debug_str     0x0008c598      0x113 ./Sources/UART.o
                              0x8a92d (size before relaxing)
 .debug_str     0x0008c6ab      0x144 ./Sources/analog.o
                              0x8a832 (size before relaxing)
 .debug_str     0x0008c7ef      0x349 ./Sources/flash.o
                              0x8a9cc (size before relaxing)
 .debug_str     0x0008cb38      0x279 ./Sources/main.o
                              0x8af02 (size before relaxing)
 .debug_str     0x0008cdb1       0x34 ./Sources/median.o
                               0x2f99 (size before relaxing)
 .debug_str     0x0008cde5     0x109a ./Project_Settings/Startup_Code/startup.o
                              0x853d7 (size before relaxing)
 .debug_str     0x0008de7f      0x1e9 ./Generated_Code/Cpu.o
                              0x8aa14 (size before relaxing)
 .debug_str     0x0008e068       0x1c ./Generated_Code/Vectors.o
                              0x8a6a0 (size before relaxing)

.comment        0x00000000       0x70
 .comment       0x00000000       0x70 ./Sources/FIFO.o
                                 0x71 (size before relaxing)
 .comment       0x00000000       0x71 ./Sources/FTM.o
 .comment       0x00000000       0x71 ./Sources/LEDs.o
 .comment       0x00000000       0x71 ./Sources/PIT.o
 .comment       0x00000000       0x71 ./Sources/Packet.o
 .comment       0x00000000       0x71 ./Sources/RTC.o
 .comment       0x00000000       0x71 ./Sources/SPI.o
 .comment       0x00000000       0x71 ./Sources/UART.o
 .comment       0x00000000       0x71 ./Sources/analog.o
 .comment       0x00000000       0x71 ./Sources/flash.o
 .comment       0x00000000       0x71 ./Sources/main.o
 .comment       0x00000000       0x71 ./Sources/median.o
 .comment       0x00000000       0x71 ./Project_Settings/Startup_Code/startup.o
 .comment       0x00000000       0x71 ./Generated_Code/Cpu.o
 .comment       0x00000000       0x71 ./Generated_Code/Vectors.o

.debug_frame    0x00000000      0xa34
 .debug_frame   0x00000000       0x64 ./Sources/FIFO.o
 .debug_frame   0x00000064       0x84 ./Sources/FTM.o
 .debug_frame   0x000000e8       0x7c ./Sources/LEDs.o
 .debug_frame   0x00000164       0x8c ./Sources/PIT.o
 .debug_frame   0x000001f0       0x88 ./Sources/Packet.o
 .debug_frame   0x00000278       0x88 ./Sources/RTC.o
 .debug_frame   0x00000300       0xa8 ./Sources/SPI.o
 .debug_frame   0x000003a8       0xb4 ./Sources/UART.o
 .debug_frame   0x0000045c       0x70 ./Sources/analog.o
 .debug_frame   0x000004cc      0x17c ./Sources/flash.o
 .debug_frame   0x00000648      0x1e4 ./Sources/main.o
 .debug_frame   0x0000082c       0x34 ./Sources/median.o
 .debug_frame   0x00000860       0xc0 ./Project_Settings/Startup_Code/startup.o
 .debug_frame   0x00000920       0x80 ./Generated_Code/Cpu.o
 .debug_frame   0x000009a0       0x28 c:/freescale/kds_3.0.0/toolchain/bin/../lib/gcc/arm-none-eabi/4.8.4/../../../../arm-none-eabi/lib/armv7e-m/fpu\libg_s.a(lib_a-exit.o)
 .debug_frame   0x000009c8       0x2c c:/freescale/kds_3.0.0/toolchain/bin/../lib/gcc/arm-none-eabi/4.8.4/../../../../arm-none-eabi/lib/armv7e-m/fpu\libg_s.a(lib_a-init.o)
 .debug_frame   0x000009f4       0x20 c:/freescale/kds_3.0.0/toolchain/bin/../lib/gcc/arm-none-eabi/4.8.4/../../../../arm-none-eabi/lib/armv7e-m/fpu\libg_s.a(lib_a-memset.o)
 .debug_frame   0x00000a14       0x20 c:/freescale/kds_3.0.0/toolchain/bin/../lib/gcc/arm-none-eabi/4.8.4/../../../../arm-none-eabi/lib/armv7e-m/fpu\libnosys.a(_exit.o)
