Archive member included because of file (symbol)

D:\Embedded\Assessment_fixed\Library\libOS.a(OS.o)
                              ./Sources/main.o (OS_Init)
D:\Embedded\Assessment_fixed\Library\libPMcL.a(SPI_Adv.o)
                              ./Sources/analog.o (PMcL_SPI_Adv_Init)
c:/freescale/kds_3.0.0/toolchain/bin/../lib/gcc/arm-none-eabi/4.8.4/armv7e-m/fpu\libgcc.a(_aeabi_uldivmod.o)
                              ./Sources/AWG.o (__aeabi_uldivmod)
c:/freescale/kds_3.0.0/toolchain/bin/../lib/gcc/arm-none-eabi/4.8.4/armv7e-m/fpu\libgcc.a(bpabi.o)
                              c:/freescale/kds_3.0.0/toolchain/bin/../lib/gcc/arm-none-eabi/4.8.4/armv7e-m/fpu\libgcc.a(_aeabi_uldivmod.o) (__gnu_uldivmod_helper)
c:/freescale/kds_3.0.0/toolchain/bin/../lib/gcc/arm-none-eabi/4.8.4/armv7e-m/fpu\libgcc.a(_dvmd_tls.o)
                              c:/freescale/kds_3.0.0/toolchain/bin/../lib/gcc/arm-none-eabi/4.8.4/armv7e-m/fpu\libgcc.a(_aeabi_uldivmod.o) (__aeabi_ldiv0)
c:/freescale/kds_3.0.0/toolchain/bin/../lib/gcc/arm-none-eabi/4.8.4/armv7e-m/fpu\libgcc.a(_divdi3.o)
                              c:/freescale/kds_3.0.0/toolchain/bin/../lib/gcc/arm-none-eabi/4.8.4/armv7e-m/fpu\libgcc.a(bpabi.o) (__divdi3)
c:/freescale/kds_3.0.0/toolchain/bin/../lib/gcc/arm-none-eabi/4.8.4/armv7e-m/fpu\libgcc.a(_udivdi3.o)
                              c:/freescale/kds_3.0.0/toolchain/bin/../lib/gcc/arm-none-eabi/4.8.4/armv7e-m/fpu\libgcc.a(bpabi.o) (__udivdi3)
c:/freescale/kds_3.0.0/toolchain/bin/../lib/gcc/arm-none-eabi/4.8.4/../../../../arm-none-eabi/lib/armv7e-m/fpu\libg_s.a(lib_a-exit.o)
                              c:/freescale/kds_3.0.0/toolchain/bin/../lib/gcc/arm-none-eabi/4.8.4/../../../../arm-none-eabi/lib/armv7e-m/fpu/crt0.o (exit)
c:/freescale/kds_3.0.0/toolchain/bin/../lib/gcc/arm-none-eabi/4.8.4/../../../../arm-none-eabi/lib/armv7e-m/fpu\libg_s.a(lib_a-impure.o)
                              c:/freescale/kds_3.0.0/toolchain/bin/../lib/gcc/arm-none-eabi/4.8.4/../../../../arm-none-eabi/lib/armv7e-m/fpu\libg_s.a(lib_a-exit.o) (_global_impure_ptr)
c:/freescale/kds_3.0.0/toolchain/bin/../lib/gcc/arm-none-eabi/4.8.4/../../../../arm-none-eabi/lib/armv7e-m/fpu\libg_s.a(lib_a-init.o)
                              c:/freescale/kds_3.0.0/toolchain/bin/../lib/gcc/arm-none-eabi/4.8.4/../../../../arm-none-eabi/lib/armv7e-m/fpu/crt0.o (__libc_init_array)
c:/freescale/kds_3.0.0/toolchain/bin/../lib/gcc/arm-none-eabi/4.8.4/../../../../arm-none-eabi/lib/armv7e-m/fpu\libg_s.a(lib_a-memset.o)
                              c:/freescale/kds_3.0.0/toolchain/bin/../lib/gcc/arm-none-eabi/4.8.4/../../../../arm-none-eabi/lib/armv7e-m/fpu/crt0.o (memset)
c:/freescale/kds_3.0.0/toolchain/bin/../lib/gcc/arm-none-eabi/4.8.4/../../../../arm-none-eabi/lib/armv7e-m/fpu\libnosys.a(_exit.o)
                              c:/freescale/kds_3.0.0/toolchain/bin/../lib/gcc/arm-none-eabi/4.8.4/../../../../arm-none-eabi/lib/armv7e-m/fpu\libg_s.a(lib_a-exit.o) (_exit)

Allocating common symbols
Common symbol       size              file

DACChannelOne       0x4               ./Sources/PIT.o
DACChannelZero      0x4               ./Sources/PIT.o
Packet              0x5               ./Sources/Packet.o
Analog_Input        0x24              ./Sources/analog.o
AWG_DAC_Channels    0xfe0             ./Sources/AWG.o
SR_reg              0x1               ./Generated_Code/Cpu.o
PUSHR_DATA          0x4               ./Sources/SPI.o

Discarded input sections

 .text          0x00000000        0x0 c:/freescale/kds_3.0.0/toolchain/bin/../lib/gcc/arm-none-eabi/4.8.4/armv7e-m/fpu/crti.o
 .data          0x00000000        0x0 c:/freescale/kds_3.0.0/toolchain/bin/../lib/gcc/arm-none-eabi/4.8.4/armv7e-m/fpu/crti.o
 .bss           0x00000000        0x0 c:/freescale/kds_3.0.0/toolchain/bin/../lib/gcc/arm-none-eabi/4.8.4/armv7e-m/fpu/crti.o
 .data          0x00000000        0x4 c:/freescale/kds_3.0.0/toolchain/bin/../lib/gcc/arm-none-eabi/4.8.4/armv7e-m/fpu/crtbegin.o
 .data          0x00000000        0x0 c:/freescale/kds_3.0.0/toolchain/bin/../lib/gcc/arm-none-eabi/4.8.4/../../../../arm-none-eabi/lib/armv7e-m/fpu/crt0.o
 .bss           0x00000000        0x0 c:/freescale/kds_3.0.0/toolchain/bin/../lib/gcc/arm-none-eabi/4.8.4/../../../../arm-none-eabi/lib/armv7e-m/fpu/crt0.o
 .ARM.extab     0x00000000        0x0 c:/freescale/kds_3.0.0/toolchain/bin/../lib/gcc/arm-none-eabi/4.8.4/../../../../arm-none-eabi/lib/armv7e-m/fpu/crt0.o
 .group         0x00000000        0x8 ./Sources/AWG.o
 .group         0x00000000        0x8 ./Sources/AWG.o
 .group         0x00000000        0x8 ./Sources/AWG.o
 .group         0x00000000        0x8 ./Sources/AWG.o
 .group         0x00000000        0x8 ./Sources/AWG.o
 .group         0x00000000        0x8 ./Sources/AWG.o
 .group         0x00000000        0x8 ./Sources/AWG.o
 .group         0x00000000        0x8 ./Sources/AWG.o
 .group         0x00000000        0x8 ./Sources/AWG.o
[...]
Memory Configuration

Name             Origin             Length             Attributes
m_interrupts     0x00000000         0x000001e8         xr
m_text           0x00000410         0x0007fbf0         xr
m_data           0x1fff0000         0x00010000         rw
m_data_20000000  0x20000000         0x00010000         rw
m_cfmprotrom     0x00000400         0x00000010         xr
*default*        0x00000000         0xffffffff

Linker script and memory map

LOAD c:/freescale/kds_3.0.0/toolchain/bin/../lib/gcc/arm-none-eabi/4.8.4/armv7e-m/fpu/crti.o
LOAD c:/freescale/kds_3.0.0/toolchain/bin/../lib/gcc/arm-none-eabi/4.8.4/armv7e-m/fpu/crtbegin.o
LOAD c:/freescale/kds_3.0.0/toolchain/bin/../lib/gcc/arm-none-eabi/4.8.4/../../../../arm-none-eabi/lib/armv7e-m/fpu/crt0.o
LOAD ./Sources/AWG.o
LOAD ./Sources/Digital.o
LOAD ./Sources/Events.o
LOAD ./Sources/FIFO.o
LOAD ./Sources/FTM.o
LOAD ./Sources/LEDs.o
LOAD ./Sources/PIT.o
LOAD ./Sources/Packet.o
LOAD ./Sources/RTC.o
LOAD ./Sources/SPI.o
LOAD ./Sources/UART.o
LOAD ./Sources/analog.o
LOAD ./Sources/flash.o
LOAD ./Sources/functions.o
LOAD ./Sources/main.o
LOAD ./Sources/median.o
LOAD ./Project_Settings/Startup_Code/startup.o
LOAD ./Generated_Code/Cpu.o
LOAD ./Generated_Code/PE_LDD.o
LOAD ./Generated_Code/Vectors.o
LOAD D:\Embedded\Assessment_fixed\Library\libLab3.a
LOAD D:\Embedded\Assessment_fixed\Library\libOS.a
LOAD D:\Embedded\Assessment_fixed\Library\libPMcL.a
LOAD c:/freescale/kds_3.0.0/toolchain/bin/../lib/gcc/arm-none-eabi/4.8.4/../../../../arm-none-eabi/lib/armv7e-m/fpu\libstdc++_s.a
LOAD c:/freescale/kds_3.0.0/toolchain/bin/../lib/gcc/arm-none-eabi/4.8.4/../../../../arm-none-eabi/lib/armv7e-m/fpu\libm.a
START GROUP
LOAD c:/freescale/kds_3.0.0/toolchain/bin/../lib/gcc/arm-none-eabi/4.8.4/armv7e-m/fpu\libgcc.a
LOAD c:/freescale/kds_3.0.0/toolchain/bin/../lib/gcc/arm-none-eabi/4.8.4/../../../../arm-none-eabi/lib/armv7e-m/fpu\libg_s.a
LOAD c:/freescale/kds_3.0.0/toolchain/bin/../lib/gcc/arm-none-eabi/4.8.4/../../../../arm-none-eabi/lib/armv7e-m/fpu\libc_s.a
END GROUP
START GROUP
LOAD c:/freescale/kds_3.0.0/toolchain/bin/../lib/gcc/arm-none-eabi/4.8.4/armv7e-m/fpu\libgcc.a
LOAD c:/freescale/kds_3.0.0/toolchain/bin/../lib/gcc/arm-none-eabi/4.8.4/../../../../arm-none-eabi/lib/armv7e-m/fpu\libc_s.a
LOAD c:/freescale/kds_3.0.0/toolchain/bin/../lib/gcc/arm-none-eabi/4.8.4/../../../../arm-none-eabi/lib/armv7e-m/fpu\libnosys.a
END GROUP
START GROUP
LOAD c:/freescale/kds_3.0.0/toolchain/bin/../lib/gcc/arm-none-eabi/4.8.4/armv7e-m/fpu\libgcc.a
LOAD c:/freescale/kds_3.0.0/toolchain/bin/../lib/gcc/arm-none-eabi/4.8.4/../../../../arm-none-eabi/lib/armv7e-m/fpu\libc_s.a
LOAD c:/freescale/kds_3.0.0/toolchain/bin/../lib/gcc/arm-none-eabi/4.8.4/../../../../arm-none-eabi/lib/armv7e-m/fpu\libnosys.a
END GROUP
LOAD c:/freescale/kds_3.0.0/toolchain/bin/../lib/gcc/arm-none-eabi/4.8.4/armv7e-m/fpu/crtend.o
LOAD c:/freescale/kds_3.0.0/toolchain/bin/../lib/gcc/arm-none-eabi/4.8.4/armv7e-m/fpu/crtn.o
                0x20000000                _estack = 0x20000000
                0x20000000                __SP_INIT = _estack
                0x20000000                __stack = _estack
                0x00000000                __heap_size = 0x0
                0x00000400                __stack_size = 0x400

.interrupts     0x00000000      0x1e8
                0x00000000                __vector_table = .
                0x00000000                . = ALIGN (0x4)
 *(.vectortable)
 .vectortable   0x00000000      0x1e8 ./Generated_Code/Vectors.o
                0x00000000                __vect_table
                0x000001e8                . = ALIGN (0x4)

.cfmprotect     0x00000400       0x10
                0x00000400                . = ALIGN (0x4)
 *(.cfmconfig)
 .cfmconfig     0x00000400       0x10 ./Generated_Code/Cpu.o
                0x00000400                _cfm
                0x00000410                . = ALIGN (0x4)

.text           0x00000410    0x18798
                0x00000410                . = ALIGN (0x4)
 *(.text)
 .text          0x00000410       0x54 c:/freescale/kds_3.0.0/toolchain/bin/../lib/gcc/arm-none-eabi/4.8.4/armv7e-m/fpu/crtbegin.o
 .text          0x00000464       0x74 c:/freescale/kds_3.0.0/toolchain/bin/../lib/gcc/arm-none-eabi/4.8.4/../../../../arm-none-eabi/lib/armv7e-m/fpu/crt0.o
                0x00000464                _start
                0x00000464                _mainCRTStartup
 .text          0x000004d8       0x2c c:/freescale/kds_3.0.0/toolchain/bin/../lib/gcc/arm-none-eabi/4.8.4/armv7e-m/fpu\libgcc.a(_aeabi_uldivmod.o)
                0x000004d8                __aeabi_uldivmod
 .text          0x00000504       0x60 c:/freescale/kds_3.0.0/toolchain/bin/../lib/gcc/arm-none-eabi/4.8.4/armv7e-m/fpu\libgcc.a(bpabi.o)
                0x00000504                __gnu_ldivmod_helper
                0x00000534                __gnu_uldivmod_helper
 .text          0x00000564        0x4 c:/freescale/kds_3.0.0/toolchain/bin/../lib/gcc/arm-none-eabi/4.8.4/armv7e-m/fpu\libgcc.a(_dvmd_tls.o)
                0x00000564                __aeabi_idiv0
                0x00000564                __aeabi_ldiv0
 .text          0x00000568      0x298 c:/freescale/kds_3.0.0/toolchain/bin/../lib/gcc/arm-none-eabi/4.8.4/armv7e-m/fpu\libgcc.a(_divdi3.o)
                0x00000568                __divdi3
 .text          0x00000800      0x284 c:/freescale/kds_3.0.0/toolchain/bin/../lib/gcc/arm-none-eabi/4.8.4/armv7e-m/fpu\libgcc.a(_udivdi3.o)
                0x00000800                __udivdi3
 *(.text*)
 .text.AWG_Init
                0x00000a84      0x104 ./Sources/AWG.o
                0x00000a84                AWG_Init
 .text.AWG_ResetAbitraryWaveSize
                0x00000b88       0x30 ./Sources/AWG.o
                0x00000b88                AWG_ResetAbitraryWaveSize
 .text.AWG_UploadAbitraryWave
                0x00000bb8       0x84 ./Sources/AWG.o
                0x00000bb8                AWG_UploadAbitraryWave
 .text.AWG_UpdateArbitraryIndexAdder
                0x00000c3c      0x10c ./Sources/AWG.o
                0x00000c3c                AWG_UpdateArbitraryIndexAdder
 .text.ApplyAmplitude
                0x00000d48       0xa0 ./Sources/AWG.o
                0x00000d48                ApplyAmplitude
 .text.ApplyOffset
                0x00000de8       0x6c ./Sources/AWG.o
                0x00000de8                ApplyOffset
 .text.HarmonicArbitrary
                0x00000e54      0x274 ./Sources/AWG.o
 .text.intRand  0x000010c8       0x28 ./Sources/AWG.o
 .text.ProcessSample
                0x000010f0       0xac ./Sources/AWG.o
                0x000010f0                ProcessSample
 .text.ProcessAbitrarySample
                0x0000119c      0x2b0 ./Sources/AWG.o
                0x0000119c                ProcessAbitrarySample
 .text.GetNoiseSample
                0x0000144c       0x64 ./Sources/AWG.o
                0x0000144c                GetNoiseSample
 .text.AWG_SampleGet
                0x000014b0       0xf0 ./Sources/AWG.o
                0x000014b0                AWG_SampleGet
 .text.AWG_UpdateFrequency
                0x000015a0       0xc0 ./Sources/AWG.o
                0x000015a0                AWG_UpdateFrequency
 .text.AWG_UpdateAmplitude
                0x00001660       0xb8 ./Sources/AWG.o
                0x00001660                AWG_UpdateAmplitude
 .text.AWG_UpdateOffset
                0x00001718       0x44 ./Sources/AWG.o
                0x00001718                AWG_UpdateOffset
 .text.AWG_UploadHarmonicAmplitude
                0x0000175c       0xd8 ./Sources/AWG.o
                0x0000175c                AWG_UploadHarmonicAmplitude
 .text.AWG_UploadHarmonicPhase
                0x00001834       0x64 ./Sources/AWG.o
                0x00001834                AWG_UploadHarmonicPhase
 .text.AWG_UpdateArbitraryStatus
                0x00001898       0x40 ./Sources/AWG.o
                0x00001898                AWG_UpdateArbitraryStatus
 .text.FIFO_Init
                0x000018d8       0x50 ./Sources/FIFO.o
                0x000018d8                FIFO_Init
 .text.FIFO_Put
                0x00001928       0x68 ./Sources/FIFO.o
                0x00001928                FIFO_Put
 .text.FIFO_Get
                0x00001990       0x68 ./Sources/FIFO.o
                0x00001990                FIFO_Get
 .text.FTM_Init
                0x000019f8       0xa0 ./Sources/FTM.o
                0x000019f8                FTM_Init
 .text.FTM_Set  0x00001a98      0x110 ./Sources/FTM.o
                0x00001a98                FTM_Set
 .text.FTM_StartTimer
                0x00001ba8       0xac ./Sources/FTM.o
                0x00001ba8                FTM_StartTimer
 .text.FTM0_ISR
                0x00001c54       0x94 ./Sources/FTM.o
                0x00001c54                FTM0_ISR
 .text.FTMThread
                0x00001ce8       0x8c ./Sources/FTM.o
 .text.LEDs_Init
                0x00001d74       0xc0 ./Sources/LEDs.o
                0x00001d74                LEDs_Init
 .text.LEDs_On  0x00001e34       0x1c ./Sources/LEDs.o
                0x00001e34                LEDs_On
 .text.LEDs_Off
                0x00001e50       0x1c ./Sources/LEDs.o
                0x00001e50                LEDs_Off
 .text.LEDs_Toggle
                0x00001e6c       0x1c ./Sources/LEDs.o
                0x00001e6c                LEDs_Toggle
 .text.PIT_Init
                0x00001e88       0xb4 ./Sources/PIT.o
                0x00001e88                PIT_Init
 .text.PIT_Set  0x00001f3c       0x64 ./Sources/PIT.o
                0x00001f3c                PIT_Set
 .text.PIT_Enable
                0x00001fa0       0x38 ./Sources/PIT.o
                0x00001fa0                PIT_Enable
 .text.PIT_ISR  0x00001fd8       0x8c ./Sources/PIT.o
                0x00001fd8                PIT_ISR
 .text.Packet_Init
                0x00002064       0x2c ./Sources/Packet.o
                0x00002064                Packet_Init
 .text.Packet_Get
                0x00002090       0xfc ./Sources/Packet.o
                0x00002090                Packet_Get
 .text.Packet_Put
                0x0000218c       0x68 ./Sources/Packet.o
                0x0000218c                Packet_Put
 .text.CalculateChecksum
                0x000021f4       0x30 ./Sources/Packet.o
 .text.RTC_Init
                0x00002224      0x124 ./Sources/RTC.o
                0x00002224                RTC_Init
 .text.RTC_Set  0x00002348       0x74 ./Sources/RTC.o
                0x00002348                RTC_Set
 .text.RTC_Get  0x000023bc       0xa0 ./Sources/RTC.o
                0x000023bc                RTC_Get
 .text.RTC_ISR  0x0000245c       0x2c ./Sources/RTC.o
                0x0000245c                RTC_ISR
 .text.RTCThread
                0x00002488       0x38 ./Sources/RTC.o
 .text.UART_Init
                0x000024c0      0x1b8 ./Sources/UART.o
                0x000024c0                UART_Init
 .text.UART_InChar
                0x00002678       0x20 ./Sources/UART.o
                0x00002678                UART_InChar
 .text.UART_OutChar
                0x00002698       0x38 ./Sources/UART.o
                0x00002698                UART_OutChar
 .text.UART_ISR
                0x000026d0       0x8c ./Sources/UART.o
                0x000026d0                UART_ISR
 .text.UARTRxThread
                0x0000275c       0x30 ./Sources/UART.o
 .text.UARTTxThread
                0x0000278c       0x50 ./Sources/UART.o
 .text.Analog_Init
                0x000027dc      0x190 ./Sources/analog.o
                0x000027dc                Analog_Init
 .text.Analog_Put
                0x0000296c       0x58 ./Sources/analog.o
                0x0000296c                Analog_Put
 .text.Flash_Init
                0x000029c4       0x10 ./Sources/flash.o
                0x000029c4                Flash_Init
 .text.Flash_AllocateVar
                0x000029d4      0x164 ./Sources/flash.o
                0x000029d4                Flash_AllocateVar
 .text.Flash_Write32
                0x00002b38       0x6c ./Sources/flash.o
                0x00002b38                Flash_Write32
 .text.Flash_Write16
                0x00002ba4       0x6c ./Sources/flash.o
                0x00002ba4                Flash_Write16
 .text.Flash_Write8
                0x00002c10       0x60 ./Sources/flash.o
                0x00002c10                Flash_Write8
 .text.Flash_Erase
                0x00002c70       0x10 ./Sources/flash.o
                0x00002c70                Flash_Erase
 .text.ModifyPhrase
                0x00002c80       0x30 ./Sources/flash.o
 .text.EraseSector
                0x00002cb0       0x2c ./Sources/flash.o
 .text.LaunchCommand
                0x00002cdc       0xd4 ./Sources/flash.o
 .text.WritePhrase
                0x00002db0       0x40 ./Sources/flash.o
 .text.LoadAddress
                0x00002df0       0x34 ./Sources/flash.o
 .text.LoadData
                0x00002e24       0x5c ./Sources/flash.o
 .text.HandleProgramPacket
                0x00002e80       0x58 ./Sources/main.o
 .text.HandleReadPacket
                0x00002ed8       0x54 ./Sources/main.o
 .text.HandleVersionPacket
                0x00002f2c       0x48 ./Sources/main.o
 .text.HandleNumberPacket
                0x00002f74       0x7c ./Sources/main.o
 .text.HandleModePacket
                0x00002ff0       0x7c ./Sources/main.o
 .text.HandleTimePacket
                0x0000306c       0x40 ./Sources/main.o
 .text.HandleProtocolPacket
                0x000030ac       0xb8 ./Sources/main.o
 .text.HandleSpecialPacket
                0x00003164       0xf0 ./Sources/main.o
 .text.HandleStatus
                0x00003254       0x5c ./Sources/main.o
 .text.HandleWaveForm
                0x000032b0       0x50 ./Sources/main.o
 .text.HandleFrequency
                0x00003300       0x68 ./Sources/main.o
 .text.HandleAmplitude
                0x00003368       0x60 ./Sources/main.o
 .text.HandleOffset
                0x000033c8       0x68 ./Sources/main.o
 .text.HandleAllWaveFormsOn
                0x00003430       0x3c ./Sources/main.o
 .text.HandleAllWaveFormsOff
                0x0000346c       0x3c ./Sources/main.o
 .text.HandleSetActiveChannel
                0x000034a8       0x48 ./Sources/main.o
 .text.HandleArbPacket
                0x000034f0       0xb0 ./Sources/main.o
 .text.HandleHarmonicAmplitude
                0x000035a0       0x6c ./Sources/main.o
 .text.HandleHarmonicPhase
                0x0000360c       0x50 ./Sources/main.o
 .text.HandleArbitraryStatus
                0x0000365c       0x20 ./Sources/main.o
 .text.HandleAWGPacket
                0x0000367c       0x80 ./Sources/main.o
 .text.HandlePacket
                0x000036fc      0x298 ./Sources/main.o
 .text.TowerNumberModeInit
                0x00003994       0x78 ./Sources/main.o
 .text.PITCallback
                0x00003a0c       0x60 ./Sources/main.o
 .text.RTCCallback
                0x00003a6c       0x40 ./Sources/main.o
 .text.FTM0CH0Callback
                0x00003aac       0x18 ./Sources/main.o
 .text.CH01SecondTimerInit
                0x00003ac4       0x3c ./Sources/main.o
 .text.DACChannelZeroThread
                0x00003b00       0x3c ./Sources/main.o
 .text.DACChannelOneThread
                0x00003b3c       0x3c ./Sources/main.o
 .text.PacketThread
                0x00003b78       0x14 ./Sources/main.o
 .text.InitThread
                0x00003b8c       0xa0 ./Sources/main.o
 .text.main     0x00003c2c       0x6c ./Sources/main.o
                0x00003c2c                main
 .text.__copy_rom_section
                0x00003c98       0xe4 ./Project_Settings/Startup_Code/startup.o
                0x00003c98                __copy_rom_section
 .text.__copy_rom_sections_to_ram
                0x00003d7c       0x9c ./Project_Settings/Startup_Code/startup.o
                0x00003d7c                __copy_rom_sections_to_ram
 .text.__init_registers
                0x00003e18       0x20 ./Project_Settings/Startup_Code/startup.o
                0x00003e18                __init_registers
 .text.__init_user
                0x00003e38        0xc ./Project_Settings/Startup_Code/startup.o
                0x00003e38                __init_user
 .text.__thumb_startup
                0x00003e44       0x34 ./Project_Settings/Startup_Code/startup.o
                0x00003e44                __thumb_startup
 .text.Cpu_Interrupt
                0x00003e78       0x18 ./Generated_Code/Cpu.o
                0x00003e78                Cpu_Interrupt
 .text.__init_hardware
                0x00003e90      0x1cc ./Generated_Code/Cpu.o
                0x00003e90                __init_hardware
 .text.Cpu_SetBASEPRI
                0x0000405c       0x18 ./Generated_Code/Cpu.o
                0x0000405c                Cpu_SetBASEPRI
 .text.PE_low_level_init
                0x00004074       0xe4 ./Generated_Code/Cpu.o
                0x00004074                PE_low_level_init
 .text.OS_Init  0x00004158      0x110 D:\Embedded\Assessment_fixed\Library\libOS.a(OS.o)
                0x00004158                OS_Init
 .text.OS_ISREnter
                0x00004268       0x20 D:\Embedded\Assessment_fixed\Library\libOS.a(OS.o)
                0x00004268                OS_ISREnter
 .text.OS_ISRExit
                0x00004288       0x1c D:\Embedded\Assessment_fixed\Library\libOS.a(OS.o)
                0x00004288                OS_ISRExit
 .text.OS_SemaphoreCreate
                0x000042a4       0x90 D:\Embedded\Assessment_fixed\Library\libOS.a(OS.o)
                0x000042a4                OS_SemaphoreCreate
 .text.OS_SemaphoreSignal
                0x00004334       0x44 D:\Embedded\Assessment_fixed\Library\libOS.a(OS.o)
                0x00004334                OS_SemaphoreSignal
 .text.OS_SemaphoreWait
                0x00004378       0x58 D:\Embedded\Assessment_fixed\Library\libOS.a(OS.o)
                0x00004378                OS_SemaphoreWait
 .text.OS_Start
                0x000043d0       0x10 D:\Embedded\Assessment_fixed\Library\libOS.a(OS.o)
                0x000043d0                OS_Start
 .text.OS_ThreadCreate
                0x000043e0      0x160 D:\Embedded\Assessment_fixed\Library\libOS.a(OS.o)
                0x000043e0                OS_ThreadCreate
 .text.OS_ThreadDelete
                0x00004540      0x18c D:\Embedded\Assessment_fixed\Library\libOS.a(OS.o)
                0x00004540                OS_ThreadDelete
 .text.EventThreadReady
                0x000046cc       0x68 D:\Embedded\Assessment_fixed\Library\libOS.a(OS.o)
 .text.EventThreadWait
                0x00004734       0x64 D:\Embedded\Assessment_fixed\Library\libOS.a(OS.o)
 .text.EventTimeout
                0x00004798       0x40 D:\Embedded\Assessment_fixed\Library\libOS.a(OS.o)
 .text.Idle     0x000047d8       0x18 D:\Embedded\Assessment_fixed\Library\libOS.a(OS.o)
 .text.FindFirstSet
                0x000047f0       0x44 D:\Embedded\Assessment_fixed\Library\libOS.a(OS.o)
 .text.Schedule
                0x00004834       0x64 D:\Embedded\Assessment_fixed\Library\libOS.a(OS.o)
 .text.TCBInit  0x00004898       0xcc D:\Embedded\Assessment_fixed\Library\libOS.a(OS.o)
 .text.TimeTick
                0x00004964       0x74 D:\Embedded\Assessment_fixed\Library\libOS.a(OS.o)
 *fill*         0x000049d8        0x8 
 .text.OS_ContextSwitchISR
                0x000049e0       0x70 D:\Embedded\Assessment_fixed\Library\libOS.a(OS.o)
                0x000049e0                OS_ContextSwitchISR
 .text.OS_SysTickISR
                0x00004a50       0x5c D:\Embedded\Assessment_fixed\Library\libOS.a(OS.o)
                0x00004a50                OS_SysTickISR
 .text.InitChipSelectPins
                0x00004aac       0x6c D:\Embedded\Assessment_fixed\Library\libPMcL.a(SPI_Adv.o)
 .text.SetupModuleConfigurationRegister
                0x00004b18      0x104 D:\Embedded\Assessment_fixed\Library\libPMcL.a(SPI_Adv.o)
 .text.SetBaudRate
                0x00004c1c      0x15c D:\Embedded\Assessment_fixed\Library\libPMcL.a(SPI_Adv.o)
 .text.SetDelayAfterTransfer
                0x00004d78      0x168 D:\Embedded\Assessment_fixed\Library\libPMcL.a(SPI_Adv.o)
 .text.SetupClockAndTransferAttributesRegister
                0x00004ee0      0x16c D:\Embedded\Assessment_fixed\Library\libPMcL.a(SPI_Adv.o)
 .text.PMcL_SPI_Adv_Init
                0x0000504c       0x90 D:\Embedded\Assessment_fixed\Library\libPMcL.a(SPI_Adv.o)
                0x0000504c                PMcL_SPI_Adv_Init
 .text.PMcL_SPI_Adv_SelectSlaveDevice
                0x000050dc       0x6c D:\Embedded\Assessment_fixed\Library\libPMcL.a(SPI_Adv.o)
                0x000050dc                PMcL_SPI_Adv_SelectSlaveDevice
 .text.PMcL_SPI_Adv_Exchange
                0x00005148       0x94 D:\Embedded\Assessment_fixed\Library\libPMcL.a(SPI_Adv.o)
                0x00005148                PMcL_SPI_Adv_Exchange
 .text.exit     0x000051dc       0x28 c:/freescale/kds_3.0.0/toolchain/bin/../lib/gcc/arm-none-eabi/4.8.4/../../../../arm-none-eabi/lib/armv7e-m/fpu\libg_s.a(lib_a-exit.o)
                0x000051dc                exit
 .text.__libc_init_array
                0x00005204       0x4c c:/freescale/kds_3.0.0/toolchain/bin/../lib/gcc/arm-none-eabi/4.8.4/../../../../arm-none-eabi/lib/armv7e-m/fpu\libg_s.a(lib_a-init.o)
                0x00005204                __libc_init_array
 .text.memset   0x00005250       0x10 c:/freescale/kds_3.0.0/toolchain/bin/../lib/gcc/arm-none-eabi/4.8.4/../../../../arm-none-eabi/lib/armv7e-m/fpu\libg_s.a(lib_a-memset.o)
                0x00005250                memset
 .text._exit    0x00005260        0x4 c:/freescale/kds_3.0.0/toolchain/bin/../lib/gcc/arm-none-eabi/4.8.4/../../../../arm-none-eabi/lib/armv7e-m/fpu\libnosys.a(_exit.o)
                0x00005260                _exit
 *(.rodata)
 .rodata        0x00005264       0xa0 D:\Embedded\Assessment_fixed\Library\libPMcL.a(SPI_Adv.o)
 *(.rodata*)
 .rodata.PACKET_ACK_MASK
                0x00005304        0x1 ./Sources/Packet.o
                0x00005304                PACKET_ACK_MASK
 *fill*         0x00005305        0x3 
 .rodata.FUNCTIONS_SINEWAVE
                0x00005308     0x4e20 ./Sources/functions.o
                0x00005308                FUNCTIONS_SINEWAVE
 .rodata.FUNCTIONS_TRIANGLEWAVE
                0x0000a128     0x4e20 ./Sources/functions.o
                0x0000a128                FUNCTIONS_TRIANGLEWAVE
 .rodata.FUNCTIONS_SQUAREWAVE
                0x0000ef48     0x4e20 ./Sources/functions.o
                0x0000ef48                FUNCTIONS_SQUAREWAVE
 .rodata.FUNCTIONS_SAWTOOTHWAVE
                0x00013d68     0x4e20 ./Sources/functions.o
                0x00013d68                FUNCTIONS_SAWTOOTHWAVE
 .rodata.str1.1
                0x00018b88        0x2 c:/freescale/kds_3.0.0/toolchain/bin/../lib/gcc/arm-none-eabi/4.8.4/../../../../arm-none-eabi/lib/armv7e-m/fpu\libg_s.a(lib_a-impure.o)
 *fill*         0x00018b8a        0x2 
 .rodata._global_impure_ptr
                0x00018b8c        0x4 c:/freescale/kds_3.0.0/toolchain/bin/../lib/gcc/arm-none-eabi/4.8.4/../../../../arm-none-eabi/lib/armv7e-m/fpu\libg_s.a(lib_a-impure.o)
                0x00018b8c                _global_impure_ptr
 *(.glue_7)
 .glue_7        0x00000000        0x0 linker stubs
 *(.glue_7t)
 .glue_7t       0x00000000        0x0 linker stubs
 *(.eh_frame)
 .eh_frame      0x00018b90        0x0 c:/freescale/kds_3.0.0/toolchain/bin/../lib/gcc/arm-none-eabi/4.8.4/armv7e-m/fpu/crtbegin.o
 *(.init)
 .init          0x00018b90        0x4 c:/freescale/kds_3.0.0/toolchain/bin/../lib/gcc/arm-none-eabi/4.8.4/armv7e-m/fpu/crti.o
                0x00018b90                _init
 .init          0x00018b94        0x8 c:/freescale/kds_3.0.0/toolchain/bin/../lib/gcc/arm-none-eabi/4.8.4/armv7e-m/fpu/crtn.o
 *(.fini)
 .fini          0x00018b9c        0x4 c:/freescale/kds_3.0.0/toolchain/bin/../lib/gcc/arm-none-eabi/4.8.4/armv7e-m/fpu/crti.o
                0x00018b9c                _fini
 .fini          0x00018ba0        0x8 c:/freescale/kds_3.0.0/toolchain/bin/../lib/gcc/arm-none-eabi/4.8.4/armv7e-m/fpu/crtn.o
                0x00018ba8                . = ALIGN (0x4)
                0x00018ba8                _etext = .

.vfp11_veneer   0x00018ba8        0x0
 .vfp11_veneer  0x00000000        0x0 linker stubs

.v4_bx          0x00018ba8        0x0
 .v4_bx         0x00000000        0x0 linker stubs

.iplt           0x00018ba8        0x0
 .iplt          0x00000000        0x0 c:/freescale/kds_3.0.0/toolchain/bin/../lib/gcc/arm-none-eabi/4.8.4/armv7e-m/fpu/crtbegin.o

.ARM.extab
 *(.ARM.extab* .gnu.linkonce.armextab.*)

.ARM            0x00018ba8        0x8
                0x00018ba8                __exidx_start = .
 *(.ARM.exidx*)
 .ARM.exidx     0x00018ba8        0x8 c:/freescale/kds_3.0.0/toolchain/bin/../lib/gcc/arm-none-eabi/4.8.4/../../../../arm-none-eabi/lib/armv7e-m/fpu/crt0.o
 .ARM.exidx     0x00018bb0        0x0 c:/freescale/kds_3.0.0/toolchain/bin/../lib/gcc/arm-none-eabi/4.8.4/armv7e-m/fpu\libgcc.a(_divdi3.o)
                                  0x8 (size before relaxing)
 .ARM.exidx     0x00018bb0        0x0 c:/freescale/kds_3.0.0/toolchain/bin/../lib/gcc/arm-none-eabi/4.8.4/armv7e-m/fpu\libgcc.a(_udivdi3.o)
                                  0x8 (size before relaxing)
                0x00018bb0                __exidx_end = .

.rel.dyn        0x00018bb0        0x0
 .rel.iplt      0x00000000        0x0 c:/freescale/kds_3.0.0/toolchain/bin/../lib/gcc/arm-none-eabi/4.8.4/armv7e-m/fpu/crtbegin.o

.ctors          0x00018bb0        0x0
                0x00018bb0                __CTOR_LIST__ = .
 *crtbegin.o(.ctors)
 *(EXCLUDE_FILE(*crtend.o) .ctors)
 *(SORT(.ctors.*))
 *(.ctors)
                0x00018bb0                __CTOR_END__ = .

.dtors          0x00018bb0        0x0
                0x00018bb0                __DTOR_LIST__ = .
 *crtbegin.o(.dtors)
 *(EXCLUDE_FILE(*crtend.o) .dtors)
 *(SORT(.dtors.*))
 *(.dtors)
                0x00018bb0                __DTOR_END__ = .

.preinit_array  0x00018bb0        0x0
                0x00018bb0                PROVIDE (__preinit_array_start, .)
 *(.preinit_array*)
                0x00018bb0                PROVIDE (__preinit_array_end, .)

.init_array     0x00018bb0        0x4
                0x00018bb0                PROVIDE (__init_array_start, .)
 *(SORT(.init_array.*))
 *(.init_array*)
 .init_array    0x00018bb0        0x4 c:/freescale/kds_3.0.0/toolchain/bin/../lib/gcc/arm-none-eabi/4.8.4/armv7e-m/fpu/crtbegin.o
                0x00018bb4                PROVIDE (__init_array_end, .)

.fini_array     0x00018bb4        0x4
                0x00018bb4                PROVIDE (__fini_array_start, .)
 *(SORT(.fini_array.*))
 *(.fini_array*)
 .fini_array    0x00018bb4        0x4 c:/freescale/kds_3.0.0/toolchain/bin/../lib/gcc/arm-none-eabi/4.8.4/armv7e-m/fpu/crtbegin.o
                0x00018bb8                PROVIDE (__fini_array_end, .)
                0x00018bb8                ___ROM_AT = .

.data           0x1fff0000       0x70 load address 0x00018bb8
                0x1fff0000                . = ALIGN (0x4)
                0x1fff0000                _sdata = .
 *(.data)
 *(.data*)
 .data.channelZero.6623
                0x1fff0000        0x1 ./Sources/PIT.o
 *fill*         0x1fff0001        0x3 
 .data.DAC_Command
                0x1fff0004        0x4 ./Sources/analog.o
 .data.DACChanelZeroSample
                0x1fff0008        0x2 ./Sources/main.o
 .data.DACChanelOneSample
                0x1fff000a        0x2 ./Sources/main.o
 .data.ChannelZeroEdit
                0x1fff000c        0x1 ./Sources/main.o
 *fill*         0x1fff000d        0x3 
 .data.impure_data
                0x1fff0010       0x60 c:/freescale/kds_3.0.0/toolchain/bin/../lib/gcc/arm-none-eabi/4.8.4/../../../../arm-none-eabi/lib/armv7e-m/fpu\libg_s.a(lib_a-impure.o)
                0x1fff0070                . = ALIGN (0x4)
                0x1fff0070                _edata = .
                0x00000070                ___data_size = (_edata - _sdata)
                0x00018c28                ___m_data_20000000_ROMStart = (___ROM_AT + SIZEOF (.data))

.jcr            0x1fff0070        0x0 load address 0x00018c28
 .jcr           0x1fff0070        0x0 c:/freescale/kds_3.0.0/toolchain/bin/../lib/gcc/arm-none-eabi/4.8.4/armv7e-m/fpu/crtbegin.o

.igot.plt       0x1fff0070        0x0 load address 0x00018c28
 .igot.plt      0x00000000        0x0 c:/freescale/kds_3.0.0/toolchain/bin/../lib/gcc/arm-none-eabi/4.8.4/armv7e-m/fpu/crtbegin.o

.m_data_20000000
                0x20000000        0x0 load address 0x00018c28
                0x20000000                . = ALIGN (0x4)
                0x20000000                ___m_data_20000000_RAMStart = .
 *(.m_data_20000000)
                0x20000000                ___m_data_20000000_RAMEnd = .
                0x20000000                . = ALIGN (0x4)
                0x00000000                ___m_data_20000000_ROMSize = (___m_data_20000000_RAMEnd - ___m_data_20000000_RAMStart)
                0x20000000                . = ALIGN (0x4)

.bss            0x1fff0070     0x2844 load address 0x00018c28
                0x1fff0070                __START_BSS = .
                0x1fff0070                PROVIDE (__bss_start__, __START_BSS)
 *(.bss)
 .bss           0x1fff0070       0x1c c:/freescale/kds_3.0.0/toolchain/bin/../lib/gcc/arm-none-eabi/4.8.4/armv7e-m/fpu/crtbegin.o
 *(.bss*)
 .bss.CallBackFunctions
                0x1fff008c       0x20 ./Sources/FTM.o
 .bss.CallBackArgument
                0x1fff00ac       0x20 ./Sources/FTM.o
 .bss.ChannelInterrupt
                0x1fff00cc        0x1 ./Sources/FTM.o
 *fill*         0x1fff00cd        0x3 
 .bss.FTMStack  0x1fff00d0      0x190 ./Sources/FTM.o
 .bss.CntDone   0x1fff0260        0x4 ./Sources/FTM.o
 .bss.ModuleClk
                0x1fff0264        0x4 ./Sources/PIT.o
 .bss.CallBack  0x1fff0268        0x4 ./Sources/PIT.o
 .bss.CallBackArgument
                0x1fff026c        0x4 ./Sources/PIT.o
 .bss.PacketMutex
                0x1fff0270        0x4 ./Sources/Packet.o
 .bss.state.6633
                0x1fff0274        0x1 ./Sources/Packet.o
 *fill*         0x1fff0275        0x3 
 .bss.CallBack  0x1fff0278        0x4 ./Sources/RTC.o
 .bss.CallBackArgument
                0x1fff027c        0x4 ./Sources/RTC.o
 .bss.RTCStack  0x1fff0280      0x190 ./Sources/RTC.o
 .bss.SecondPassed
                0x1fff0410        0x4 ./Sources/RTC.o
 .bss.TxFIFO    0x1fff0414      0x114 ./Sources/UART.o
 .bss.RxFIFO    0x1fff0528      0x114 ./Sources/UART.o
 *fill*         0x1fff063c        0x4 
 .bss.UARTRxStack
                0x1fff0640      0x190 ./Sources/UART.o
 .bss.UARTTxStack
                0x1fff07d0      0x190 ./Sources/UART.o
 .bss.RxTrue    0x1fff0960        0x4 ./Sources/UART.o
 .bss.TxTrue    0x1fff0964        0x4 ./Sources/UART.o
 .bss.DataReceive
                0x1fff0968        0x1 ./Sources/UART.o
 *fill*         0x1fff0969        0x3 
 .bss.DACSetupCommand
                0x1fff096c        0x4 ./Sources/analog.o
 .bss.addressAllocationStorage.6565
                0x1fff0970        0x1 ./Sources/flash.o
 *fill*         0x1fff0971        0x3 
 .bss.NvTowerNb
                0x1fff0974        0x4 ./Sources/main.o
 .bss.NvTowerMd
                0x1fff0978        0x4 ./Sources/main.o
 .bss.Ch0       0x1fff097c       0x10 ./Sources/main.o
 .bss.Synchronous
                0x1fff098c        0x1 ./Sources/main.o
 .bss.Hours     0x1fff098d        0x1 ./Sources/main.o
 .bss.Minutes   0x1fff098e        0x1 ./Sources/main.o
 .bss.Seconds   0x1fff098f        0x1 ./Sources/main.o
 .bss.PacketStack
                0x1fff0990      0x190 ./Sources/main.o
 .bss.InitStack
                0x1fff0b20      0x190 ./Sources/main.o
 .bss.DACZeroStack
                0x1fff0cb0      0x190 ./Sources/main.o
 .bss.DACOneStack
                0x1fff0e40      0x190 ./Sources/main.o
 .bss.channel.6861
                0x1fff0fd0        0x2 ./Sources/main.o
 .bss.ledToggleCount.6911
                0x1fff0fd2        0x2 ./Sources/main.o
 .bss.SR_lock   0x1fff0fd4        0x1 ./Generated_Code/Cpu.o
                0x1fff0fd4                SR_lock
 *fill*         0x1fff0fd5        0x3 
 .bss.TCBUnusedMain
                0x1fff0fd8       0x18 D:\Embedded\Assessment_fixed\Library\libOS.a(OS.o)
 .bss.TCBTable  0x1fff0ff0      0x300 D:\Embedded\Assessment_fixed\Library\libOS.a(OS.o)
 .bss.pTCBFreeList
                0x1fff12f0        0x4 D:\Embedded\Assessment_fixed\Library\libOS.a(OS.o)
 .bss.pTCBAllocatedList
                0x1fff12f4        0x4 D:\Embedded\Assessment_fixed\Library\libOS.a(OS.o)
 .bss.pTCBPriorityTable
                0x1fff12f8       0x80 D:\Embedded\Assessment_fixed\Library\libOS.a(OS.o)
 .bss.pTCBRunning
                0x1fff1378        0x4 D:\Embedded\Assessment_fixed\Library\libOS.a(OS.o)
 .bss.pTCBHighestReady
                0x1fff137c        0x4 D:\Embedded\Assessment_fixed\Library\libOS.a(OS.o)
 .bss.ReadyList
                0x1fff1380        0x4 D:\Embedded\Assessment_fixed\Library\libOS.a(OS.o)
 .bss.ECBTable  0x1fff1384      0x100 D:\Embedded\Assessment_fixed\Library\libOS.a(OS.o)
 .bss.NextECBFree
                0x1fff1484        0x1 D:\Embedded\Assessment_fixed\Library\libOS.a(OS.o)
 *fill*         0x1fff1485        0x3 
 .bss.IdleCounter
                0x1fff1488        0x4 D:\Embedded\Assessment_fixed\Library\libOS.a(OS.o)
 *fill*         0x1fff148c        0x4 
 .bss.IdleStack
                0x1fff1490      0x400 D:\Embedded\Assessment_fixed\Library\libOS.a(OS.o)
 .bss.Ticks     0x1fff1890        0x4 D:\Embedded\Assessment_fixed\Library\libOS.a(OS.o)
 .bss.ToggleCntr
                0x1fff1894        0x4 D:\Embedded\Assessment_fixed\Library\libOS.a(OS.o)
 .bss.ToggleLED
                0x1fff1898        0x1 D:\Embedded\Assessment_fixed\Library\libOS.a(OS.o)
 .bss.ISRNestLevel
                0x1fff1899        0x1 D:\Embedded\Assessment_fixed\Library\libOS.a(OS.o)
 *(COMMON)
 *fill*         0x1fff189a        0x2 
 COMMON         0x1fff189c      0xfe0 ./Sources/AWG.o
                0x1fff189c                AWG_DAC_Channels
 COMMON         0x1fff287c        0x8 ./Sources/PIT.o
                0x1fff287c                DACChannelOne
                0x1fff2880                DACChannelZero
 COMMON         0x1fff2884        0x5 ./Sources/Packet.o
                0x1fff2884                Packet
 *fill*         0x1fff2889        0x3 
 COMMON         0x1fff288c       0x24 ./Sources/analog.o
                0x1fff288c                Analog_Input
 COMMON         0x1fff28b0        0x1 ./Generated_Code/Cpu.o
                0x1fff28b0                SR_reg
                0x1fff28b4                . = ALIGN (0x4)
 *fill*         0x1fff28b1        0x3 
                0x1fff28b4                __END_BSS = .
                0x1fff28b4                PROVIDE (__bss_end__, __END_BSS)
                0x00018c28                _romp_at = ((___ROM_AT + SIZEOF (.data)) + SIZEOF (.m_data_20000000))

.romp           0x1fff28b4       0x24 load address 0x00018c28
                0x00018c28                __S_romp = _romp_at
                0x1fff28b4        0x4 LONG 0x18bb8 ___ROM_AT
                0x1fff28b8        0x4 LONG 0x1fff0000 _sdata
                0x1fff28bc        0x4 LONG 0x70 ___data_size
                0x1fff28c0        0x4 LONG 0x18c28 ___m_data_20000000_ROMStart
                0x1fff28c4        0x4 LONG 0x20000000 ___m_data_20000000_RAMStart
                0x1fff28c8        0x4 LONG 0x0 ___m_data_20000000_ROMSize
                0x1fff28cc        0x4 LONG 0x0
                0x1fff28d0        0x4 LONG 0x0
                0x1fff28d4        0x4 LONG 0x0

._user_heap_stack
                0x1fff28d8      0x400 load address 0x00018c4c
                0x1fff28d8                . = ALIGN (0x4)
                0x1fff28d8                PROVIDE (end, .)
                0x1fff28d8                PROVIDE (_end, .)
                0x1fff28d8                __heap_addr = .
                0x1fff28d8                __HeapBase = .
                0x1fff28d8                . = (. + __heap_size)
                0x1fff28d8                __HeapLimit = .
                0x1fff2cd8                . = (. + __stack_size)
 *fill*         0x1fff28d8      0x400 
                0x1fff2cd8                . = ALIGN (0x4)

.ARM.attributes
                0x00000000       0x30
 *(.ARM.attributes)
 .ARM.attributes
                0x00000000       0x22 c:/freescale/kds_3.0.0/toolchain/bin/../lib/gcc/arm-none-eabi/4.8.4/armv7e-m/fpu/crti.o
 .ARM.attributes
                0x00000022       0x34 c:/freescale/kds_3.0.0/toolchain/bin/../lib/gcc/arm-none-eabi/4.8.4/armv7e-m/fpu/crtbegin.o
 .ARM.attributes
                0x00000056       0x20 c:/freescale/kds_3.0.0/toolchain/bin/../lib/gcc/arm-none-eabi/4.8.4/../../../../arm-none-eabi/lib/armv7e-m/fpu/crt0.o
 .ARM.attributes
                0x00000076       0x39 ./Sources/AWG.o
 .ARM.attributes
                0x000000af       0x39 ./Sources/FIFO.o
 .ARM.attributes
                0x000000e8       0x39 ./Sources/FTM.o
 .ARM.attributes
                0x00000121       0x39 ./Sources/LEDs.o
 .ARM.attributes
                0x0000015a       0x39 ./Sources/PIT.o
 .ARM.attributes
                0x00000193       0x39 ./Sources/Packet.o
 .ARM.attributes
                0x000001cc       0x39 ./Sources/RTC.o
 .ARM.attributes
                0x00000205       0x39 ./Sources/UART.o
 .ARM.attributes
                0x0000023e       0x39 ./Sources/analog.o
 .ARM.attributes
                0x00000277       0x39 ./Sources/flash.o
 .ARM.attributes
                0x000002b0       0x39 ./Sources/functions.o
 .ARM.attributes
                0x000002e9       0x39 ./Sources/main.o
 .ARM.attributes
                0x00000322       0x39 ./Project_Settings/Startup_Code/startup.o
 .ARM.attributes
                0x0000035b       0x39 ./Generated_Code/Cpu.o
 .ARM.attributes
                0x00000394       0x39 ./Generated_Code/Vectors.o
 .ARM.attributes
                0x000003cd       0x39 D:\Embedded\Assessment_fixed\Library\libOS.a(OS.o)
 .ARM.attributes
                0x00000406       0x39 D:\Embedded\Assessment_fixed\Library\libPMcL.a(SPI_Adv.o)
 .ARM.attributes
                0x0000043f       0x22 c:/freescale/kds_3.0.0/toolchain/bin/../lib/gcc/arm-none-eabi/4.8.4/armv7e-m/fpu\libgcc.a(_aeabi_uldivmod.o)
 .ARM.attributes
                0x00000461       0x34 c:/freescale/kds_3.0.0/toolchain/bin/../lib/gcc/arm-none-eabi/4.8.4/armv7e-m/fpu\libgcc.a(bpabi.o)
 .ARM.attributes
                0x00000495       0x22 c:/freescale/kds_3.0.0/toolchain/bin/../lib/gcc/arm-none-eabi/4.8.4/armv7e-m/fpu\libgcc.a(_dvmd_tls.o)
 .ARM.attributes
                0x000004b7       0x34 c:/freescale/kds_3.0.0/toolchain/bin/../lib/gcc/arm-none-eabi/4.8.4/armv7e-m/fpu\libgcc.a(_divdi3.o)
 .ARM.attributes
                0x000004eb       0x34 c:/freescale/kds_3.0.0/toolchain/bin/../lib/gcc/arm-none-eabi/4.8.4/armv7e-m/fpu\libgcc.a(_udivdi3.o)
 .ARM.attributes
                0x0000051f       0x34 c:/freescale/kds_3.0.0/toolchain/bin/../lib/gcc/arm-none-eabi/4.8.4/../../../../arm-none-eabi/lib/armv7e-m/fpu\libg_s.a(lib_a-exit.o)
 .ARM.attributes
                0x00000553       0x34 c:/freescale/kds_3.0.0/toolchain/bin/../lib/gcc/arm-none-eabi/4.8.4/../../../../arm-none-eabi/lib/armv7e-m/fpu\libg_s.a(lib_a-impure.o)
 .ARM.attributes
                0x00000587       0x34 c:/freescale/kds_3.0.0/toolchain/bin/../lib/gcc/arm-none-eabi/4.8.4/../../../../arm-none-eabi/lib/armv7e-m/fpu\libg_s.a(lib_a-init.o)
 .ARM.attributes
                0x000005bb       0x34 c:/freescale/kds_3.0.0/toolchain/bin/../lib/gcc/arm-none-eabi/4.8.4/../../../../arm-none-eabi/lib/armv7e-m/fpu\libg_s.a(lib_a-memset.o)
 .ARM.attributes
                0x000005ef       0x34 c:/freescale/kds_3.0.0/toolchain/bin/../lib/gcc/arm-none-eabi/4.8.4/../../../../arm-none-eabi/lib/armv7e-m/fpu\libnosys.a(_exit.o)
 .ARM.attributes
                0x00000623       0x22 c:/freescale/kds_3.0.0/toolchain/bin/../lib/gcc/arm-none-eabi/4.8.4/armv7e-m/fpu/crtn.o
OUTPUT(Project.elf elf32-littlearm)

.debug_info     0x00000000     0x7369
 .debug_info    0x00000000      0xa01 ./Sources/AWG.o
 .debug_info    0x00000a01      0x22d ./Sources/FIFO.o
 .debug_info    0x00000c2e      0x81c ./Sources/FTM.o
 .debug_info    0x0000144a      0x497 ./Sources/LEDs.o
 .debug_info    0x000018e1      0x5fd ./Sources/PIT.o
 .debug_info    0x00001ede      0x346 ./Sources/Packet.o
 .debug_info    0x00002224      0x6a7 ./Sources/RTC.o
 .debug_info    0x000028cb      0x9f1 ./Sources/UART.o
 .debug_info    0x000032bc      0x494 ./Sources/analog.o
 .debug_info    0x00003750      0x744 ./Sources/flash.o
 .debug_info    0x00003e94       0xf8 ./Sources/functions.o
 .debug_info    0x00003f8c      0xb3a ./Sources/main.o
 .debug_info    0x00004ac6      0x3b0 ./Project_Settings/Startup_Code/startup.o
 .debug_info    0x00004e76      0xc82 ./Generated_Code/Cpu.o
 .debug_info    0x00005af8      0x10f ./Generated_Code/Vectors.o
 .debug_info    0x00005c07      0xd02 D:\Embedded\Assessment_fixed\Library\libOS.a(OS.o)
 .debug_info    0x00006909      0xa60 D:\Embedded\Assessment_fixed\Library\libPMcL.a(SPI_Adv.o)

.debug_abbrev   0x00000000     0x1b4a
 .debug_abbrev  0x00000000      0x2a3 ./Sources/AWG.o
 .debug_abbrev  0x000002a3       0xd0 ./Sources/FIFO.o
 .debug_abbrev  0x00000373      0x1fd ./Sources/FTM.o
 .debug_abbrev  0x00000570      0x144 ./Sources/LEDs.o
 .debug_abbrev  0x000006b4      0x185 ./Sources/PIT.o
 .debug_abbrev  0x00000839      0x106 ./Sources/Packet.o
 .debug_abbrev  0x0000093f      0x1a4 ./Sources/RTC.o
 .debug_abbrev  0x00000ae3      0x1d0 ./Sources/UART.o
 .debug_abbrev  0x00000cb3      0x13f ./Sources/analog.o
 .debug_abbrev  0x00000df2      0x232 ./Sources/flash.o
 .debug_abbrev  0x00001024       0x71 ./Sources/functions.o
 .debug_abbrev  0x00001095      0x236 ./Sources/main.o
 .debug_abbrev  0x000012cb      0x189 ./Project_Settings/Startup_Code/startup.o
 .debug_abbrev  0x00001454      0x185 ./Generated_Code/Cpu.o
 .debug_abbrev  0x000015d9       0xa4 ./Generated_Code/Vectors.o
 .debug_abbrev  0x0000167d      0x2f8 D:\Embedded\Assessment_fixed\Library\libOS.a(OS.o)
 .debug_abbrev  0x00001975      0x1d5 D:\Embedded\Assessment_fixed\Library\libPMcL.a(SPI_Adv.o)

.debug_aranges  0x00000000      0x5e8
 .debug_aranges
                0x00000000       0xa8 ./Sources/AWG.o
 .debug_aranges
                0x000000a8       0x30 ./Sources/FIFO.o
 .debug_aranges
                0x000000d8       0x40 ./Sources/FTM.o
 .debug_aranges
                0x00000118       0x38 ./Sources/LEDs.o
 .debug_aranges
                0x00000150       0x38 ./Sources/PIT.o
 .debug_aranges
                0x00000188       0x38 ./Sources/Packet.o
 .debug_aranges
                0x000001c0       0x40 ./Sources/RTC.o
 .debug_aranges
                0x00000200       0x48 ./Sources/UART.o
 .debug_aranges
                0x00000248       0x38 ./Sources/analog.o
 .debug_aranges
                0x00000280       0x78 ./Sources/flash.o
 .debug_aranges
                0x000002f8       0x18 ./Sources/functions.o
 .debug_aranges
                0x00000310      0x118 ./Sources/main.o
 .debug_aranges
                0x00000428       0x50 ./Project_Settings/Startup_Code/startup.o
 .debug_aranges
                0x00000478       0x38 ./Generated_Code/Cpu.o
 .debug_aranges
                0x000004b0       0x18 ./Generated_Code/Vectors.o
 .debug_aranges
                0x000004c8       0xc8 D:\Embedded\Assessment_fixed\Library\libOS.a(OS.o)
 .debug_aranges
                0x00000590       0x58 D:\Embedded\Assessment_fixed\Library\libPMcL.a(SPI_Adv.o)

.debug_ranges   0x00000000      0x4c8
 .debug_ranges  0x00000000       0x98 ./Sources/AWG.o
 .debug_ranges  0x00000098       0x20 ./Sources/FIFO.o
 .debug_ranges  0x000000b8       0x30 ./Sources/FTM.o
 .debug_ranges  0x000000e8       0x28 ./Sources/LEDs.o
 .debug_ranges  0x00000110       0x28 ./Sources/PIT.o
 .debug_ranges  0x00000138       0x28 ./Sources/Packet.o
 .debug_ranges  0x00000160       0x30 ./Sources/RTC.o
 .debug_ranges  0x00000190       0x38 ./Sources/UART.o
 .debug_ranges  0x000001c8       0x28 ./Sources/analog.o
 .debug_ranges  0x000001f0       0x68 ./Sources/flash.o
 .debug_ranges  0x00000258      0x108 ./Sources/main.o
 .debug_ranges  0x00000360       0x40 ./Project_Settings/Startup_Code/startup.o
 .debug_ranges  0x000003a0       0x28 ./Generated_Code/Cpu.o
 .debug_ranges  0x000003c8       0xb8 D:\Embedded\Assessment_fixed\Library\libOS.a(OS.o)
 .debug_ranges  0x00000480       0x48 D:\Embedded\Assessment_fixed\Library\libPMcL.a(SPI_Adv.o)

.debug_macro    0x00000000    0x35824
 .debug_macro   0x00000000       0xb8 ./Sources/AWG.o
 .debug_macro   0x000000b8      0x850 ./Sources/AWG.o
 .debug_macro   0x00000908       0x16 ./Sources/AWG.o
 .debug_macro   0x0000091e       0x44 ./Sources/AWG.o
 .debug_macro   0x00000962      0x209 ./Sources/AWG.o
 .debug_macro   0x00000b6b       0x22 ./Sources/AWG.o
 .debug_macro   0x00000b8d       0x28 ./Sources/AWG.o
 .debug_macro   0x00000bb5      0x14e ./Sources/AWG.o
 .debug_macro   0x00000d03       0x64 ./Sources/AWG.o
 .debug_macro   0x00000d67    0x174c1 ./Sources/AWG.o
 .debug_macro   0x00018228       0x9a ./Sources/AWG.o
 .debug_macro   0x000182c2     0x17fa ./Sources/AWG.o
 .debug_macro   0x00019abc       0x10 ./Sources/AWG.o
 .debug_macro   0x00019acc       0xbe ./Sources/FIFO.o
 .debug_macro   0x00019b8a       0x36 ./Sources/FIFO.o
 .debug_macro   0x00019bc0       0x3a ./Sources/FIFO.o
 .debug_macro   0x00019bfa       0xc2 ./Sources/FTM.o
 .debug_macro   0x00019cbc       0xaa ./Sources/LEDs.o
 .debug_macro   0x00019d66     0x17fa ./Sources/LEDs.o
 .debug_macro   0x0001b560       0xc6 ./Sources/PIT.o
 .debug_macro   0x0001b626       0xc7 ./Sources/Packet.o
 .debug_macro   0x0001b6ed       0x34 ./Sources/Packet.o
 .debug_macro   0x0001b721       0xbc ./Sources/RTC.o
 .debug_macro   0x0001b7dd       0xd1 ./Sources/UART.o
 .debug_macro   0x0001b8ae       0x16 ./Sources/UART.o
 .debug_macro   0x0001b8c4    0x174af ./Sources/UART.o
 .debug_macro   0x00032d73       0xc9 ./Sources/analog.o
 .debug_macro   0x00032e3c       0x16 ./Sources/analog.o
 .debug_macro   0x00032e52       0xb5 ./Sources/flash.o
 .debug_macro   0x00032f07       0x28 ./Sources/flash.o
 .debug_macro   0x00032f2f       0x65 ./Sources/functions.o
 .debug_macro   0x00032f94      0x181 ./Sources/main.o
 .debug_macro   0x00033115       0x2e ./Sources/main.o
 .debug_macro   0x00033143       0x2e ./Sources/main.o
 .debug_macro   0x00033171      0x121 ./Project_Settings/Startup_Code/startup.o
 .debug_macro   0x00033292       0x58 ./Project_Settings/Startup_Code/startup.o
 .debug_macro   0x000332ea       0x35 ./Project_Settings/Startup_Code/startup.o
 .debug_macro   0x0003331f       0xa3 ./Project_Settings/Startup_Code/startup.o
 .debug_macro   0x000333c2      0x166 ./Project_Settings/Startup_Code/startup.o
 .debug_macro   0x00033528       0x4a ./Project_Settings/Startup_Code/startup.o
 .debug_macro   0x00033572       0x52 ./Project_Settings/Startup_Code/startup.o
 .debug_macro   0x000335c4       0x16 ./Project_Settings/Startup_Code/startup.o
 .debug_macro   0x000335da       0x43 ./Project_Settings/Startup_Code/startup.o
 .debug_macro   0x0003361d      0x180 ./Project_Settings/Startup_Code/startup.o
 .debug_macro   0x0003379d      0x2a6 ./Project_Settings/Startup_Code/startup.o
 .debug_macro   0x00033a43       0x10 ./Project_Settings/Startup_Code/startup.o
 .debug_macro   0x00033a53       0x35 ./Project_Settings/Startup_Code/startup.o
 .debug_macro   0x00033a88       0x16 ./Project_Settings/Startup_Code/startup.o
 .debug_macro   0x00033a9e       0x22 ./Project_Settings/Startup_Code/startup.o
 .debug_macro   0x00033ac0      0x20f ./Project_Settings/Startup_Code/startup.o
 .debug_macro   0x00033ccf       0xa5 ./Generated_Code/Cpu.o
 .debug_macro   0x00033d74       0xe7 ./Generated_Code/Vectors.o
 .debug_macro   0x00033e5b       0xa3 D:\Embedded\Assessment_fixed\Library\libOS.a(OS.o)
 .debug_macro   0x00033efe     0x17fa D:\Embedded\Assessment_fixed\Library\libOS.a(OS.o)
 .debug_macro   0x000356f8       0x94 D:\Embedded\Assessment_fixed\Library\libOS.a(OS.o)
 .debug_macro   0x0003578c       0x30 D:\Embedded\Assessment_fixed\Library\libOS.a(OS.o)
 .debug_macro   0x000357bc       0x68 D:\Embedded\Assessment_fixed\Library\libPMcL.a(SPI_Adv.o)

.debug_line     0x00000000     0x3961
 .debug_line    0x00000000      0x4a0 ./Sources/AWG.o
 .debug_line    0x000004a0      0x2b5 ./Sources/FIFO.o
 .debug_line    0x00000755      0x313 ./Sources/FTM.o
 .debug_line    0x00000a68      0x28a ./Sources/LEDs.o
 .debug_line    0x00000cf2      0x2d5 ./Sources/PIT.o
 .debug_line    0x00000fc7      0x2ea ./Sources/Packet.o
 .debug_line    0x000012b1      0x2f8 ./Sources/RTC.o
 .debug_line    0x000015a9      0x335 ./Sources/UART.o
 .debug_line    0x000018de      0x331 ./Sources/analog.o
 .debug_line    0x00001c0f      0x3d5 ./Sources/flash.o
 .debug_line    0x00001fe4      0x18e ./Sources/functions.o
 .debug_line    0x00002172      0x6e5 ./Sources/main.o
 .debug_line    0x00002857      0x3ba ./Project_Settings/Startup_Code/startup.o
 .debug_line    0x00002c11      0x301 ./Generated_Code/Cpu.o
 .debug_line    0x00002f12      0x2e5 ./Generated_Code/Vectors.o
 .debug_line    0x000031f7      0x496 D:\Embedded\Assessment_fixed\Library\libOS.a(OS.o)
 .debug_line    0x0000368d      0x2d4 D:\Embedded\Assessment_fixed\Library\libPMcL.a(SPI_Adv.o)

.debug_str      0x00000000    0x8f0dd
 .debug_str     0x00000000    0x8aa2f ./Sources/AWG.o
                              0x8abc3 (size before relaxing)
 .debug_str     0x0008aa2f      0x225 ./Sources/FIFO.o
                              0x8a88b (size before relaxing)
 .debug_str     0x0008ac54      0x318 ./Sources/FTM.o
                              0x8abf7 (size before relaxing)
 .debug_str     0x0008af6c       0xe9 ./Sources/LEDs.o
                              0x8a807 (size before relaxing)
 .debug_str     0x0008b055       0xe8 ./Sources/PIT.o
                              0x8aa25 (size before relaxing)
 .debug_str     0x0008b13d      0x2a0 ./Sources/Packet.o
                              0x8aaf3 (size before relaxing)
 .debug_str     0x0008b3dd       0xa3 ./Sources/RTC.o
                              0x8a9ee (size before relaxing)
 .debug_str     0x0008b480      0x15c ./Sources/UART.o
                              0x8ab42 (size before relaxing)
 .debug_str     0x0008b5dc      0x28b ./Sources/analog.o
                              0x8a929 (size before relaxing)
 .debug_str     0x0008b867      0x33e ./Sources/flash.o
                              0x8a9d8 (size before relaxing)
 .debug_str     0x0008bba5       0x17 ./Sources/functions.o
                               0x2fe5 (size before relaxing)
 .debug_str     0x0008bbbc      0x4b0 ./Sources/main.o
                              0x8b49b (size before relaxing)
 .debug_str     0x0008c06c     0x2658 ./Project_Settings/Startup_Code/startup.o
                              0x853e3 (size before relaxing)
 .debug_str     0x0008e6c4      0x1f2 ./Generated_Code/Cpu.o
                              0x8aa20 (size before relaxing)
 .debug_str     0x0008e8b6       0x1c ./Generated_Code/Vectors.o
                              0x8a79f (size before relaxing)
 .debug_str     0x0008e8d2      0x461 D:\Embedded\Assessment_fixed\Library\libOS.a(OS.o)
                              0x8ad2a (size before relaxing)
 .debug_str     0x0008ed33      0x3aa D:\Embedded\Assessment_fixed\Library\libPMcL.a(SPI_Adv.o)
                              0x83392 (size before relaxing)

.comment        0x00000000       0x70
 .comment       0x00000000       0x70 ./Sources/AWG.o
                                 0x71 (size before relaxing)
 .comment       0x00000000       0x71 ./Sources/FIFO.o
 .comment       0x00000000       0x71 ./Sources/FTM.o
 .comment       0x00000000       0x71 ./Sources/LEDs.o
 .comment       0x00000000       0x71 ./Sources/PIT.o
 .comment       0x00000000       0x71 ./Sources/Packet.o
 .comment       0x00000000       0x71 ./Sources/RTC.o
 .comment       0x00000000       0x71 ./Sources/UART.o
 .comment       0x00000000       0x71 ./Sources/analog.o
 .comment       0x00000000       0x71 ./Sources/flash.o
 .comment       0x00000000       0x71 ./Sources/functions.o
 .comment       0x00000000       0x71 ./Sources/main.o
 .comment       0x00000000       0x71 ./Project_Settings/Startup_Code/startup.o
 .comment       0x00000000       0x71 ./Generated_Code/Cpu.o
 .comment       0x00000000       0x71 ./Generated_Code/Vectors.o
 .comment       0x00000000       0x71 D:\Embedded\Assessment_fixed\Library\libOS.a(OS.o)
 .comment       0x00000000       0x71 D:\Embedded\Assessment_fixed\Library\libPMcL.a(SPI_Adv.o)

.debug_frame    0x00000000     0x126c
 .debug_frame   0x00000000      0x230 ./Sources/AWG.o
 .debug_frame   0x00000230       0x70 ./Sources/FIFO.o
 .debug_frame   0x000002a0       0xa8 ./Sources/FTM.o
 .debug_frame   0x00000348       0x7c ./Sources/LEDs.o
 .debug_frame   0x000003c4       0x8c ./Sources/PIT.o
 .debug_frame   0x00000450       0x88 ./Sources/Packet.o
 .debug_frame   0x000004d8       0xac ./Sources/RTC.o
 .debug_frame   0x00000584       0xd4 ./Sources/UART.o
 .debug_frame   0x00000658       0x90 ./Sources/analog.o
 .debug_frame   0x000006e8      0x17c ./Sources/flash.o
 .debug_frame   0x00000864      0x3dc ./Sources/main.o
 .debug_frame   0x00000c40       0xc0 ./Project_Settings/Startup_Code/startup.o
 .debug_frame   0x00000d00       0x80 ./Generated_Code/Cpu.o
 .debug_frame   0x00000d80      0x2a0 D:\Embedded\Assessment_fixed\Library\libOS.a(OS.o)
 .debug_frame   0x00001020      0x100 D:\Embedded\Assessment_fixed\Library\libPMcL.a(SPI_Adv.o)
 .debug_frame   0x00001120       0x50 c:/freescale/kds_3.0.0/toolchain/bin/../lib/gcc/arm-none-eabi/4.8.4/armv7e-m/fpu\libgcc.a(bpabi.o)
 .debug_frame   0x00001170       0x34 c:/freescale/kds_3.0.0/toolchain/bin/../lib/gcc/arm-none-eabi/4.8.4/armv7e-m/fpu\libgcc.a(_divdi3.o)
 .debug_frame   0x000011a4       0x34 c:/freescale/kds_3.0.0/toolchain/bin/../lib/gcc/arm-none-eabi/4.8.4/armv7e-m/fpu\libgcc.a(_udivdi3.o)
 .debug_frame   0x000011d8       0x28 c:/freescale/kds_3.0.0/toolchain/bin/../lib/gcc/arm-none-eabi/4.8.4/../../../../arm-none-eabi/lib/armv7e-m/fpu\libg_s.a(lib_a-exit.o)
 .debug_frame   0x00001200       0x2c c:/freescale/kds_3.0.0/toolchain/bin/../lib/gcc/arm-none-eabi/4.8.4/../../../../arm-none-eabi/lib/armv7e-m/fpu\libg_s.a(lib_a-init.o)
 .debug_frame   0x0000122c       0x20 c:/freescale/kds_3.0.0/toolchain/bin/../lib/gcc/arm-none-eabi/4.8.4/../../../../arm-none-eabi/lib/armv7e-m/fpu\libg_s.a(lib_a-memset.o)
 .debug_frame   0x0000124c       0x20 c:/freescale/kds_3.0.0/toolchain/bin/../lib/gcc/arm-none-eabi/4.8.4/../../../../arm-none-eabi/lib/armv7e-m/fpu\libnosys.a(_exit.o)
